probe A done; sleeping 60s...
{
  "heads_agree": true,
  "head": "0x1093916",
  "probeA": [
    [
      "MOONRIVER_RPC_URL (keyed env, redacted)",
      null
    ],
    [
      "https://moonriver.api.onfinality.io/public",
      "0x1093916"
    ],
    [
      "https://moonriver.drpc.org",
      "0x1093916"
    ]
  ],
  "probeB": [
    [
      "MOONRIVER_RPC_URL (keyed env, redacted)",
      null
    ],
    [
      "https://moonriver.api.onfinality.io/public",
      "0x1093916"
    ],
    [
      "https://moonriver.drpc.org",
      "0x1093916"
    ]
  ],
  "moonswap_pairs": 816,
  "huck_amm_pairs": 113,
  "lending_markets": 11
}
moonswap: stable tokens total (nominal units) = 364,269.58
huckleberry_amm: stable tokens total (nominal units) = 5,250.26
wrote ci-out/moonriver_verify.json
