  [base/ma_0x8ab178c07184ffd44f0adff4ea2ce6cfc33f3b86_DepositForAccount] DONE(rpc): 11841 logs saved
  [base/ma_0x8ab178c07184ffd44f0adff4ea2ce6cfc33f3b86_WithdrawFromAccount] DONE(rpc): 4441 logs saved
  [base/ma_0x8ab178c07184ffd44f0adff4ea2ce6cfc33f3b86_AddAccount] DONE(rpc): 10394 logs saved
  [base/ma_0x8ab178c07184ffd44f0adff4ea2ce6cfc33f3b86_DeployContract] DONE(rpc): 10394 logs saved
[base] aggregation written: {"partyB_registered": 14, "partyB_deregistered": 0, "deposit_accounts": 4441, "withdraw_accounts": 2726, "accounts": 10394, "deployed": 10394, "role_grant_events": 61, "role_revoke_events": 15}
   TOP 0xb11a3561682e3cc7dbde4049a504f8005a5b3aa4 deposit=1,926,804.4910 n=27 user=0x905c1ca2ac32ee0799e4aa31927f1166a93f3b17
   TOP 0x496c9b1946d76a3aad3ffe9844428b5593ff0b8e deposit=1,475,346.8702 n=14 user=0x905c1ca2ac32ee0799e4aa31927f1166a93f3b17
   TOP 0xdae99615f5e651e7c8fa71e7e849b5094f74a6b0 deposit=1,076,496.3180 n=30 user=0x990baf508dc157272e5133e5be8c2d0dce511576
   TOP 0x6fa2954070d5f8adfc87db11fb4a3171d86eafa2 deposit=645,000.0000 n=11 user=0x990baf508dc157272e5133e5be8c2d0dce511576
   TOP 0xcea666c38e6c2f1fefe5b9763422c694c264d991 deposit=511,002.9580 n=12 user=0x990baf508dc157272e5133e5be8c2d0dce511576
   TOP 0xe504a5650e9ec56e974adc6404bd9c8abf525fb7 deposit=445,005.1630 n=11 user=0x990baf508dc157272e5133e5be8c2d0dce511576
   TOP 0x36f7b369ba11228d1770f27bc2825e3f4096d640 deposit=407,592.3354 n=28 user=0xacb17fc73cf202ebe532e107cec195d50dee61dd
   TOP 0x9b6b6c8e2344304799f4e2468b5b87b7a8631b49 deposit=397,430.8406 n=22 user=0x25ca93c584756d674d6fe6d1e241a89791b18df3
   TOP 0x7d7980b9220070be7fe9bedc7564de24cc0a4182 deposit=380,164.5000 n=11 user=0x7d4c4d5380ca2f9c7a091bb622b80613da7eae8c
   TOP 0x2806e9689920de7a230c115e6fe401af929b5d6c deposit=354,828.6000 n=12 user=0xad63e4d4be2229b080d20311c1402a2e45cf7e75
   TOP 0xf36638c8260d26ffabcaf9f7cd126c23d5634506 deposit=332,125.4990 n=40 user=0x5a7a2543896080e517e2233fd2295448d016ed14
   TOP 0xe54925638f4523706e8c38505e8280954b01e1aa deposit=324,074.6070 n=6 user=0x990baf508dc157272e5133e5be8c2d0dce511576
   TOP 0xcda169ab93faab61c1206160df3cfced34dcd90a deposit=268,085.5550 n=7 user=0x990baf508dc157272e5133e5be8c2d0dce511576
   TOP 0x0346cac34626dc2bbe1f5bb53deb5d90d15488b7 deposit=240,204.8130 n=15 user=0xab61660f93dffca32e3f526b20dad35332080a12
   TOP 0x89d2fc7d72879c09d1618ee67fa0ee9150ff84a6 deposit=237,039.6200 n=26 user=0xa070c820cc88017985782ce13a152a6974418d31
[base] aggregation written: {"partyB_registered": 14, "partyB_deregistered": 0, "deposit_accounts": 4441, "withdraw_accounts": 2726, "accounts": 10394, "deployed": 10394, "role_grant_events": 61, "role_revoke_events": 15}
   TOP 0xb11a3561682e3cc7dbde4049a504f8005a5b3aa4 deposit=1,926,804.4910 n=27 user=0x905c1ca2ac32ee0799e4aa31927f1166a93f3b17
   TOP 0x496c9b1946d76a3aad3ffe9844428b5593ff0b8e deposit=1,475,346.8702 n=14 user=0x905c1ca2ac32ee0799e4aa31927f1166a93f3b17
   TOP 0xdae99615f5e651e7c8fa71e7e849b5094f74a6b0 deposit=1,076,496.3180 n=30 user=0x990baf508dc157272e5133e5be8c2d0dce511576
   TOP 0x6fa2954070d5f8adfc87db11fb4a3171d86eafa2 deposit=645,000.0000 n=11 user=0x990baf508dc157272e5133e5be8c2d0dce511576
   TOP 0xcea666c38e6c2f1fefe5b9763422c694c264d991 deposit=511,002.9580 n=12 user=0x990baf508dc157272e5133e5be8c2d0dce511576
   TOP 0xe504a5650e9ec56e974adc6404bd9c8abf525fb7 deposit=445,005.1630 n=11 user=0x990baf508dc157272e5133e5be8c2d0dce511576
   TOP 0x36f7b369ba11228d1770f27bc2825e3f4096d640 deposit=407,592.3354 n=28 user=0xacb17fc73cf202ebe532e107cec195d50dee61dd
   TOP 0x9b6b6c8e2344304799f4e2468b5b87b7a8631b49 deposit=397,430.8406 n=22 user=0x25ca93c584756d674d6fe6d1e241a89791b18df3
   TOP 0x7d7980b9220070be7fe9bedc7564de24cc0a4182 deposit=380,164.5000 n=11 user=0x7d4c4d5380ca2f9c7a091bb622b80613da7eae8c
   TOP 0x2806e9689920de7a230c115e6fe401af929b5d6c deposit=354,828.6000 n=12 user=0xad63e4d4be2229b080d20311c1402a2e45cf7e75
   TOP 0xf36638c8260d26ffabcaf9f7cd126c23d5634506 deposit=332,125.4990 n=40 user=0x5a7a2543896080e517e2233fd2295448d016ed14
   TOP 0xe54925638f4523706e8c38505e8280954b01e1aa deposit=324,074.6070 n=6 user=0x990baf508dc157272e5133e5be8c2d0dce511576
   TOP 0xcda169ab93faab61c1206160df3cfced34dcd90a deposit=268,085.5550 n=7 user=0x990baf508dc157272e5133e5be8c2d0dce511576
   TOP 0x0346cac34626dc2bbe1f5bb53deb5d90d15488b7 deposit=240,204.8130 n=15 user=0xab61660f93dffca32e3f526b20dad35332080a12
   TOP 0x89d2fc7d72879c09d1618ee67fa0ee9150ff84a6 deposit=237,039.6200 n=26 user=0xa070c820cc88017985782ce13a152a6974418d31
