  [base/ma_0x0b4779a37c5e6cd7060cc265105ff44a03b47b26_DepositForAccount] DONE(rpc): 318 logs saved
  [base/ma_0x0b4779a37c5e6cd7060cc265105ff44a03b47b26_WithdrawFromAccount] DONE(rpc): 81 logs saved
  [base/ma_0x0b4779a37c5e6cd7060cc265105ff44a03b47b26_AddAccount] DONE(rpc): 437 logs saved
  [base/ma_0x0b4779a37c5e6cd7060cc265105ff44a03b47b26_DeployContract] DONE(rpc): 437 logs saved
  [base/ma_0x1c03b6480a4efc2d4123ba90d7857f0e1878b780_DepositForAccount] DONE(rpc): 1064 logs saved
  [base/ma_0x1c03b6480a4efc2d4123ba90d7857f0e1878b780_WithdrawFromAccount] DONE(rpc): 219 logs saved
  [base/ma_0x1c03b6480a4efc2d4123ba90d7857f0e1878b780_AddAccount] DONE(rpc): 687 logs saved
  [base/ma_0x1c03b6480a4efc2d4123ba90d7857f0e1878b780_DeployContract] DONE(rpc): 687 logs saved
  [base/ma_0x1ebcf9f1ce9ef526361b8cf01d185f4022e8934d_DepositForAccount] DONE(rpc): 2 logs saved
  [base/ma_0x1ebcf9f1ce9ef526361b8cf01d185f4022e8934d_WithdrawFromAccount] DONE(rpc): 2 logs saved
  [base/ma_0x1ebcf9f1ce9ef526361b8cf01d185f4022e8934d_AddAccount] DONE(rpc): 2 logs saved
  [base/ma_0x1ebcf9f1ce9ef526361b8cf01d185f4022e8934d_DeployContract] DONE(rpc): 2 logs saved
  [base/ma_0x39ecc772f6073242d6fd1646d81fa2d87fe95314_DepositForAccount] DONE(rpc): 1642 logs saved
  [base/ma_0x39ecc772f6073242d6fd1646d81fa2d87fe95314_WithdrawFromAccount] DONE(rpc): 132 logs saved
  [base/ma_0x39ecc772f6073242d6fd1646d81fa2d87fe95314_AddAccount] DONE(rpc): 4467 logs saved
  [base/ma_0x39ecc772f6073242d6fd1646d81fa2d87fe95314_DeployContract] DONE(rpc): 4467 logs saved
  [base/ma_0x41a496361df4554bbbb03450506010e5ef4a7a9d_DepositForAccount] DONE(rpc): 2 logs saved
  [base/ma_0x41a496361df4554bbbb03450506010e5ef4a7a9d_WithdrawFromAccount] DONE(rpc): 0 logs saved
  [base/ma_0x41a496361df4554bbbb03450506010e5ef4a7a9d_AddAccount] DONE(rpc): 6 logs saved
  [base/ma_0x41a496361df4554bbbb03450506010e5ef4a7a9d_DeployContract] DONE(rpc): 6 logs saved
  [base/ma_0x4ad336cab736bc7d437d0b70b76d6aae370f26fc_DepositForAccount] DONE(rpc): 2 logs saved
  [base/ma_0x4ad336cab736bc7d437d0b70b76d6aae370f26fc_WithdrawFromAccount] DONE(rpc): 1 logs saved
  [base/ma_0x4ad336cab736bc7d437d0b70b76d6aae370f26fc_AddAccount] DONE(rpc): 1 logs saved
  [base/ma_0x4ad336cab736bc7d437d0b70b76d6aae370f26fc_DeployContract] DONE(rpc): 1 logs saved
  [base/ma_0x6d63921d8203044f6abad8f346d3aea9a2719ddd_DepositForAccount] DONE(rpc): 1254 logs saved
  [base/ma_0x6d63921d8203044f6abad8f346d3aea9a2719ddd_WithdrawFromAccount] DONE(rpc): 338 logs saved
  [base/ma_0x6d63921d8203044f6abad8f346d3aea9a2719ddd_AddAccount] DONE(rpc): 470 logs saved
  [base/ma_0x6d63921d8203044f6abad8f346d3aea9a2719ddd_DeployContract] DONE(rpc): 470 logs saved
  [base/ma_0x72b03e85b40a745b07f3a15e7a02e66f7f8352f3_DepositForAccount] DONE(rpc): 684 logs saved
  [base/ma_0x72b03e85b40a745b07f3a15e7a02e66f7f8352f3_WithdrawFromAccount] DONE(rpc): 111 logs saved
  [base/ma_0x72b03e85b40a745b07f3a15e7a02e66f7f8352f3_AddAccount] DONE(rpc): 315 logs saved
  [base/ma_0x72b03e85b40a745b07f3a15e7a02e66f7f8352f3_DeployContract] DONE(rpc): 315 logs saved
  [base/ma_0x86a34ba4586142c26c7c594f8bafc9c25decc94a_DepositForAccount] DONE(rpc): 42 logs saved
  [base/ma_0x86a34ba4586142c26c7c594f8bafc9c25decc94a_WithdrawFromAccount] DONE(rpc): 1 logs saved
  [base/ma_0x86a34ba4586142c26c7c594f8bafc9c25decc94a_AddAccount] DONE(rpc): 42 logs saved
  [base/ma_0x86a34ba4586142c26c7c594f8bafc9c25decc94a_DeployContract] DONE(rpc): 42 logs saved
  [base/ma_0x8a98f69139534ef85775b473082ce4af1373cd63_DepositForAccount] DONE(rpc): 545 logs saved
  [base/ma_0x8a98f69139534ef85775b473082ce4af1373cd63_WithdrawFromAccount] DONE(rpc): 53 logs saved
  [base/ma_0x8a98f69139534ef85775b473082ce4af1373cd63_AddAccount] DONE(rpc): 362 logs saved
  [base/ma_0x8a98f69139534ef85775b473082ce4af1373cd63_DeployContract] DONE(rpc): 362 logs saved
  [base/ma_0x8b0119e6d18f1fba3497bc7cd6faba470bce29e7_DepositForAccount] DONE(rpc): 2 logs saved
  [base/ma_0x8b0119e6d18f1fba3497bc7cd6faba470bce29e7_WithdrawFromAccount] DONE(rpc): 0 logs saved
  [base/ma_0x8b0119e6d18f1fba3497bc7cd6faba470bce29e7_AddAccount] DONE(rpc): 3 logs saved
  [base/ma_0x8b0119e6d18f1fba3497bc7cd6faba470bce29e7_DeployContract] DONE(rpc): 3 logs saved
  [base/ma_0x921dd892d67aed3d492f9ad77b30b60160b53fe1_DepositForAccount] DONE(rpc): 627 logs saved
  [base/ma_0x921dd892d67aed3d492f9ad77b30b60160b53fe1_WithdrawFromAccount] DONE(rpc): 162 logs saved
  [base/ma_0x921dd892d67aed3d492f9ad77b30b60160b53fe1_AddAccount] DONE(rpc): 656 logs saved
  [base/ma_0x921dd892d67aed3d492f9ad77b30b60160b53fe1_DeployContract] DONE(rpc): 656 logs saved
  [base/ma_0x95605c64356572eb5c076cb9c027c88b527a2059_DepositForAccount] DONE(rpc): 3349 logs saved
  [base/ma_0x95605c64356572eb5c076cb9c027c88b527a2059_WithdrawFromAccount] DONE(rpc): 260 logs saved
  [base/ma_0x95605c64356572eb5c076cb9c027c88b527a2059_AddAccount] DONE(rpc): 1473 logs saved
  [base/ma_0x95605c64356572eb5c076cb9c027c88b527a2059_DeployContract] DONE(rpc): 1473 logs saved
  [base/ma_0xa503eb7714d4328f3d425f24954c6f5f00115e09_DepositForAccount] DONE(rpc): 4 logs saved
  [base/ma_0xa503eb7714d4328f3d425f24954c6f5f00115e09_WithdrawFromAccount] DONE(rpc): 2 logs saved
  [base/ma_0xa503eb7714d4328f3d425f24954c6f5f00115e09_AddAccount] DONE(rpc): 12 logs saved
  [base/ma_0xa503eb7714d4328f3d425f24954c6f5f00115e09_DeployContract] DONE(rpc): 12 logs saved
  [base/ma_0xbc029264eb164f36d7dfefc46a607b66c2b4f379_DepositForAccount] DONE(rpc): 6 logs saved
  [base/ma_0xbc029264eb164f36d7dfefc46a607b66c2b4f379_WithdrawFromAccount] DONE(rpc): 5 logs saved
  [base/ma_0xbc029264eb164f36d7dfefc46a607b66c2b4f379_AddAccount] DONE(rpc): 6 logs saved
  [base/ma_0xbc029264eb164f36d7dfefc46a607b66c2b4f379_DeployContract] DONE(rpc): 6 logs saved
  [base/ma_0xc6ecf3ab3d09ba6f1565ad6e139b5d3ba30bb774_DepositForAccount] DONE(rpc): 1076 logs saved
  [base/ma_0xc6ecf3ab3d09ba6f1565ad6e139b5d3ba30bb774_WithdrawFromAccount] DONE(rpc): 1036 logs saved
  [base/ma_0xc6ecf3ab3d09ba6f1565ad6e139b5d3ba30bb774_AddAccount] DONE(rpc): 1010 logs saved
  [base/ma_0xc6ecf3ab3d09ba6f1565ad6e139b5d3ba30bb774_DeployContract] DONE(rpc): 1010 logs saved
  [base/ma_0xde6446197cd1ae02e1c5b7191a626fb0c1757377_DepositForAccount] DONE(rpc): 44 logs saved
  [base/ma_0xde6446197cd1ae02e1c5b7191a626fb0c1757377_WithdrawFromAccount] DONE(rpc): 14 logs saved
  [base/ma_0xde6446197cd1ae02e1c5b7191a626fb0c1757377_AddAccount] DONE(rpc): 47 logs saved
  [base/ma_0xde6446197cd1ae02e1c5b7191a626fb0c1757377_DeployContract] DONE(rpc): 47 logs saved
  [base/ma_0xdfc2a55a44ad3d3aabfe8d1c498ea923c6d39526_DepositForAccount] DONE(rpc): 28 logs saved
  [base/ma_0xdfc2a55a44ad3d3aabfe8d1c498ea923c6d39526_WithdrawFromAccount] DONE(rpc): 7 logs saved
  [base/ma_0xdfc2a55a44ad3d3aabfe8d1c498ea923c6d39526_AddAccount] DONE(rpc): 13 logs saved
  [base/ma_0xdfc2a55a44ad3d3aabfe8d1c498ea923c6d39526_DeployContract] DONE(rpc): 13 logs saved
  [base/ma_0xe43166ce17d3511b09438a359daa53513225101d_DepositForAccount] DONE(rpc): 160 logs saved
  [base/ma_0xe43166ce17d3511b09438a359daa53513225101d_WithdrawFromAccount] DONE(rpc): 63 logs saved
  [base/ma_0xe43166ce17d3511b09438a359daa53513225101d_AddAccount] DONE(rpc): 153 logs saved
  [base/ma_0xe43166ce17d3511b09438a359daa53513225101d_DeployContract] DONE(rpc): 153 logs saved
  [base/ma_0xf2215724516a564efc5b3f1f77a7d5f8770a58ef_DepositForAccount] DONE(rpc): 6 logs saved
  [base/ma_0xf2215724516a564efc5b3f1f77a7d5f8770a58ef_WithdrawFromAccount] DONE(rpc): 0 logs saved
  [base/ma_0xf2215724516a564efc5b3f1f77a7d5f8770a58ef_AddAccount] DONE(rpc): 5 logs saved
  [base/ma_0xf2215724516a564efc5b3f1f77a7d5f8770a58ef_DeployContract] DONE(rpc): 5 logs saved
  [base/ma_0xf7f56d7e02d5c7bf33525ae2eecb049a17ef4580_DepositForAccount] DONE(rpc): 7 logs saved
  [base/ma_0xf7f56d7e02d5c7bf33525ae2eecb049a17ef4580_WithdrawFromAccount] DONE(rpc): 3 logs saved
  [base/ma_0xf7f56d7e02d5c7bf33525ae2eecb049a17ef4580_AddAccount] DONE(rpc): 19 logs saved
  [base/ma_0xf7f56d7e02d5c7bf33525ae2eecb049a17ef4580_DeployContract] DONE(rpc): 19 logs saved
[base] aggregation written: {"partyB_registered": 14, "partyB_deregistered": 0, "deposit_accounts": 7562, "withdraw_accounts": 4247, "accounts": 20580, "deployed": 20580, "role_grant_events": 61, "role_revoke_events": 15}
   TOP 0xb62956927224e560ad61c29b48f6d6f4f64faaa5 deposit=105,800,000,000,000,000.0000 n=10 user=0x9992aa752995b1288940ab11833e859bb77e0efd
   TOP 0x6412d7e23b9211bf654f2f56a7b2936fe8de6190 deposit=2,150,000,000,000,000.0000 n=6 user=0xfba4b5c1cd79c577a2b887515cc0329026e6f777
   TOP 0xd18b8c5e2ba5b6675ed0104df952b4c254c1519d deposit=2,100,000,000,000,000.0000 n=3 user=0x9992aa752995b1288940ab11833e859bb77e0efd
   TOP 0xdcda24e5a19ac225995c0f87e7f04644774974df deposit=2,000,000,000,000,000.0000 n=3 user=0x5d680ad66a9504b0b207ce0b066a924af653f4e3
   TOP 0x464fb43076db89e940f4ef30bf5ad8abbd237408 deposit=2,000,000,000,000,000.0000 n=4 user=0x5d680ad66a9504b0b207ce0b066a924af653f4e3
   TOP 0x48e0f3c22361c5f2ca8e75b9d63ba9904592680e deposit=1,500,000,000,000,000.0000 n=1 user=0x1f7f097707140cd4036b05689c94ab2fff0a0807
   TOP 0xe2ef3c620a93cf1aeb2c39c14835e87f03920c27 deposit=1,000,000,000,000,000.0000 n=1 user=0xd357cc7303fabaeb6943d80959f0371dd8acbe07
   TOP 0x91e0e3accf9cf3f6610d8b344b6d746be1de1b21 deposit=1,000,000,000,000,000.0000 n=1 user=0x5d680ad66a9504b0b207ce0b066a924af653f4e3
   TOP 0x2e3313b1ab9d750a1031ae6f32acb4a6ef03e674 deposit=1,000,000,000,000,000.0000 n=1 user=0x5d680ad66a9504b0b207ce0b066a924af653f4e3
   TOP 0x3adf0bac9d351d13c981fffbc397a7568d659700 deposit=1,000,000,000,000,000.0000 n=1 user=0xd357cc7303fabaeb6943d80959f0371dd8acbe07
   TOP 0xf0eb3fccaa7a7c00e390648548a4950fe62742f2 deposit=1,000,000,000,000,000.0000 n=2 user=0x5d680ad66a9504b0b207ce0b066a924af653f4e3
   TOP 0xaeb7cf54f49cdb131377fe8abac4a219d6fb8f58 deposit=229,000,000,000,000.0000 n=2 user=0xaebf6e9408587216d344896b62ec27e1d7ee72d7
   TOP 0x3629d7fcc014e5b375cd04c0bb86b384e03c2bd4 deposit=200,000,000,000,000.0000 n=1 user=0xaebf6e9408587216d344896b62ec27e1d7ee72d7
   TOP 0xbd7b8454dd245e15b073757201eaf961261a521c deposit=110,000,000,000,000.0000 n=2 user=0xf4002bcac1becf311d42f3725fd96f1f2d71816a
   TOP 0xdc19a96a8ce3cfcc3154bc3d9d6fcdcf00d40c43 deposit=100,000,000,000,000.0000 n=1 user=0x1a42a00a512e1ece3101177cb97b8a144cb0c55d
