  [arb/ma_0x141269e29a770644c34e05b127ab621511f20109_AddAccount] DONE: 2864 logs saved
  [arb/ma_0x141269e29a770644c34e05b127ab621511f20109_DeployContract] DONE: 2864 logs saved
[arb] aggregation written: {"partyB_registered": 6, "partyB_deregistered": 0, "deposit_accounts": 236, "withdraw_accounts": 132, "accounts": 2864, "deployed": 2864, "role_grant_events": 59, "role_revoke_events": 25}
   TOP 0xa998aed4275beb4238d5f844bc4974ee33422675 deposit=570,781.5428 n=55 user=0x29998ebd5be758fdaa06f0ef48d6c890978b65de
   TOP 0xd628f316bf1d324e1bc22ab5021233fb8bc39d0a deposit=298,465.8900 n=25 user=0x9ae493c7b89311960363aab319943f012a10efec
   TOP 0x9ae4f4fd55f793bed09851c753a9c1d3b195845d deposit=98,500.5488 n=12 user=0x8f25818ff64be1abee91abca70c306b33b602062
   TOP 0xaeb71b0b35e5a9dde83d0594779c8d0e2a369fb4 deposit=49,500.1830 n=5 user=0xdbf7241810d4860dae9bfbea488683bfa787944c
   TOP 0xaefac00aaac8a011d38be322d62bb697e9961d79 deposit=41,020.6490 n=5 user=0xaeec5f7e8f4743a0ac2424362bc0e1577f2584e3
   TOP 0xd71658da63bf849d0b5c997d388bd809ea22d452 deposit=28,645.4700 n=3 user=0xc97cfd2c3a3e61316e931b784bde21e61ce15b82
   TOP 0x2112c97abf318ab4020efc9f0191a73fe90b04a2 deposit=27,427.1950 n=3 user=0x1418eb962263c8ecfa205e3431db617cf6e8364d
   TOP 0x09ff65d5d1cbe2e4d8dae7c366c6c048f69597ae deposit=24,615.1610 n=8 user=0x10b0a72ea6110a4b985e21f62c4e30d09ccec89c
   TOP 0xff8f5a348d5d582046f1c7105298f003001dffa2 deposit=23,405.6440 n=4 user=0x53d630f1c89d6ab1ba904a9de0dba21a11ae5bc0
   TOP 0x59b783b25ef33f2060898e2ac9b3f976e715c8b9 deposit=20,486.0930 n=3 user=0x6c8dead29a3ed840dac654e1a505045386bc528f
   TOP 0x52b4641a9c5a0cfb4a0f2a4c0d5c3cb7cf94acf1 deposit=20,338.3080 n=3 user=0xc1fb5319df05f2f814f251428fbf5258b2b00b5f
   TOP 0x5fa89e771f2901c4e694b64b185e62e43de5ea9a deposit=20,300.0000 n=3 user=0xdfa27d9981ed8f88a8f9310f6d575a3df0051005
   TOP 0x0be638758a843120f2b7b5274ce0f53b8b0ddc66 deposit=20,000.0000 n=2 user=0x7cab04c9ffa76ba94448476cdad4ee4e6151eeb0
   TOP 0x56f2671295a5c0b199d57e7c1f5ea541ceb86f50 deposit=19,415.4650 n=4 user=0x09196503f205916d86c8b9d5cc6da9e20ba2c7d8
   TOP 0xcc9eae45132d970562a32b14fdad417318e2e765 deposit=17,398.7327 n=3 user=0xb39f5c87e06c201a03a8b1bf9641217c31d8de57
  [mantle/diamond_RegisterPartyB] DONE: 5 logs saved
  [mantle/diamond_DeregisterPartyB] DONE: 0 logs saved
  [mantle/diamond_RoleGranted] DONE: 83 logs saved
  [mantle/diamond_RoleRevoked] DONE: 20 logs saved
  [mantle/diamond_SetFeeCollector] DONE: 1 logs saved
  [mantle/ma_0xecbd0788bb5a72f9dfdac1ffeaaf9b7c2b26e456_DepositForAccount] page 10: 4000 logs, at block 64492587
  [mantle/ma_0xecbd0788bb5a72f9dfdac1ffeaaf9b7c2b26e456_DepositForAccount] page 20: 5000 logs, at block 64996053
  [mantle/ma_0xecbd0788bb5a72f9dfdac1ffeaaf9b7c2b26e456_DepositForAccount] page 30: 7000 logs, at block 63824396
  [mantle/ma_0xecbd0788bb5a72f9dfdac1ffeaaf9b7c2b26e456_DepositForAccount] page 40: 8000 logs, at block 64492587
  [mantle/ma_0xecbd0788bb5a72f9dfdac1ffeaaf9b7c2b26e456_DepositForAccount] page 50: 9000 logs, at block 64996053
  [mantle/ma_0xecbd0788bb5a72f9dfdac1ffeaaf9b7c2b26e456_DepositForAccount] page 60: 10000 logs, at block 64996053
  [mantle/ma_0xecbd0788bb5a72f9dfdac1ffeaaf9b7c2b26e456_DepositForAccount] page 70: 10000 logs, at block 64996053
  [mantle/ma_0xecbd0788bb5a72f9dfdac1ffeaaf9b7c2b26e456_DepositForAccount] page 80: 10000 logs, at block 64996053
  [mantle/ma_0xecbd0788bb5a72f9dfdac1ffeaaf9b7c2b26e456_DepositForAccount] page 90: 10000 logs, at block 64996053
  [mantle/ma_0xecbd0788bb5a72f9dfdac1ffeaaf9b7c2b26e456_DepositForAccount] page 100: 10000 logs, at block 64996053
  [mantle/ma_0xecbd0788bb5a72f9dfdac1ffeaaf9b7c2b26e456_DepositForAccount] page 110: 10000 logs, at block 64996053
  [mantle/ma_0xecbd0788bb5a72f9dfdac1ffeaaf9b7c2b26e456_DepositForAccount] page 120: 10000 logs, at block 64996053
  [mantle/ma_0xecbd0788bb5a72f9dfdac1ffeaaf9b7c2b26e456_DepositForAccount] page 130: 10000 logs, at block 64996053
  [mantle/ma_0xecbd0788bb5a72f9dfdac1ffeaaf9b7c2b26e456_DepositForAccount] page 140: 10000 logs, at block 64996053
