  [base/Deposit] 0-4999999: 0 logs, users=0
  [base/Deposit] 5000000-9999999: 2666 logs, users=1498
  [base/Deposit] 10000000-14999999: 6482 logs, users=4043
  [base/Deposit] 15000000-19999999: 2388 logs, users=4865
  [base/Deposit] 20000000-24999999: 2140 logs, users=5372
  [base/Deposit] 25000000-29999999: 1660 logs, users=5625
  [base/Deposit] 30000000-34999999: 1528 logs, users=5924
  [base/Deposit] 35000000-39999999: 3317 logs, users=6759
  [base/Deposit] 40000000-44999999: 2217 logs, users=7144
  [base/Deposit] 45000000-49999999: 313 logs, users=7234
  [base/Deposit] 50000000-52129665: 62 logs, users=7248
  [base/Withdraw] 0-4999999: 0 logs, users=0
  [base/Withdraw] 5000000-9999999: 516 logs, users=394
  [base/Withdraw] 10000000-14999999: 2760 logs, users=2088
  [base/Withdraw] 15000000-19999999: 1457 logs, users=2864
  [base/Withdraw] 20000000-24999999: 1607 logs, users=3335
  [base/Withdraw] 25000000-29999999: 768 logs, users=3549
  [base/Withdraw] 30000000-34999999: 381 logs, users=3681
  [base/Withdraw] 35000000-39999999: 818 logs, users=3977
  [base/Withdraw] 40000000-44999999: 627 logs, users=4089
  [base/Withdraw] 45000000-49999999: 501 logs, users=4156
  [base/Withdraw] 50000000-52129665: 369 logs, users=4182
[base] deposit count=22773 total=40,714,176.64; withdraw count=9804 total=41,359,611.02; universe=11227
  [arb/Deposit] 0-4999999: total logs=0, users=0
  [arb/Deposit] 5000000-9999999: total logs=0, users=0
  [arb/Deposit] 10000000-14999999: total logs=0, users=0
  [arb/Deposit] 15000000-19999999: total logs=0, users=0
  [arb/Deposit] 20000000-24999999: total logs=0, users=0
  [arb/Deposit] 25000000-29999999: total logs=0, users=0
  [arb/Deposit] 30000000-34999999: total logs=0, users=0
  [arb/Deposit] 35000000-39999999: total logs=0, users=0
  [arb/Deposit] 40000000-44999999: total logs=0, users=0
  [arb/Deposit] 45000000-49999999: total logs=0, users=0
  [arb/Deposit] 50000000-54999999: total logs=0, users=0
  [arb/Deposit] 55000000-59999999: total logs=0, users=0
  [arb/Deposit] 60000000-64999999: total logs=0, users=0
  [arb/Deposit] 65000000-69999999: total logs=0, users=0
  [arb/Deposit] 70000000-74999999: total logs=0, users=0
  [arb/Deposit] 75000000-79999999: total logs=0, users=0
  [arb/Deposit] 80000000-84999999: total logs=0, users=0
  [arb/Deposit] 85000000-89999999: total logs=0, users=0
  [arb/Deposit] 90000000-94999999: total logs=0, users=0
  [arb/Deposit] 95000000-99999999: total logs=0, users=0
  [arb/Deposit] 100000000-104999999: total logs=0, users=0
  [arb/Deposit] 105000000-109999999: total logs=0, users=0
  [arb/Deposit] 110000000-114999999: total logs=0, users=0
  [arb/Deposit] 115000000-119999999: total logs=0, users=0
  [arb/Deposit] 120000000-124999999: total logs=0, users=0
  [arb/Deposit] 125000000-129999999: total logs=0, users=0
  [arb/Deposit] 130000000-134999999: total logs=0, users=0
  [arb/Deposit] 135000000-139999999: total logs=0, users=0
  [arb/Deposit] 140000000-144999999: total logs=0, users=0
  [arb/Deposit] 145000000-149999999: total logs=0, users=0
  [arb/Deposit] 150000000-154999999: total logs=0, users=0
  [arb/Deposit] 155000000-159999999: total logs=0, users=0
  [arb/Deposit] 160000000-164999999: total logs=0, users=0
  [arb/Deposit] 165000000-169999999: total logs=0, users=0
  [arb/Deposit] 170000000-174999999: total logs=0, users=0
  [arb/Deposit] 175000000-179999999: total logs=0, users=0
  [arb/Deposit] 180000000-184999999: total logs=0, users=0
  [arb/Deposit] 185000000-189999999: total logs=0, users=0
  [arb/Deposit] 190000000-194999999: total logs=0, users=0
  [arb/Deposit] 195000000-199999999: total logs=0, users=0
  [arb/Deposit] 200000000-204999999: total logs=0, users=0
  [arb/Deposit] 205000000-209999999: total logs=0, users=0
  [arb/Deposit] 210000000-214999999: total logs=5, users=5
  [arb/Deposit] 215000000-219999999: total logs=7, users=7
  [arb/Deposit] 220000000-224999999: total logs=10, users=8
  [arb/Deposit] 225000000-229999999: total logs=18, users=12
  [arb/Deposit] 230000000-234999999: total logs=45, users=28
  [arb/Deposit] 235000000-239999999: total logs=67, users=37
  [arb/Deposit] 240000000-244999999: total logs=99, users=49
  [arb/Deposit] 245000000-249999999: total logs=178, users=92
  [arb/Deposit] 250000000-254999999: total logs=383, users=188
  [arb/Deposit] 255000000-259999999: total logs=530, users=250
  [arb/Deposit] 260000000-264999999: total logs=635, users=290
  [arb/Deposit] 265000000-269999999: total logs=867, users=424
  [arb/Deposit] 270000000-274999999: total logs=1184, users=578
  [arb/Deposit] 275000000-279999999: total logs=1321, users=638
  [arb/Deposit] 280000000-284999999: total logs=1641, users=826
  [arb/Deposit] 285000000-289999999: total logs=1828, users=924
  [arb/Deposit] 290000000-294999999: total logs=2006, users=1001
  [arb/Deposit] 295000000-299999999: total logs=2198, users=1063
  [arb/Deposit] 300000000-304999999: total logs=2350, users=1111
  [arb/Deposit] 305000000-309999999: total logs=2454, users=1152
  [arb/Deposit] 310000000-314999999: total logs=2672, users=1279
  [arb/Deposit] 315000000-319999999: total logs=2807, users=1352
  [arb/Deposit] 320000000-324999999: total logs=2918, users=1401
  [arb/Deposit] 325000000-329999999: total logs=3028, users=1436
  [arb/Deposit] 330000000-334999999: total logs=3110, users=1474
  [arb/Deposit] 335000000-339999999: total logs=3179, users=1488
  [arb/Deposit] 340000000-344999999: total logs=3243, users=1507
  [arb/Deposit] 345000000-349999999: total logs=3356, users=1531
  [arb/Deposit] 350000000-354999999: total logs=3414, users=1542
  [arb/Deposit] 355000000-359999999: total logs=3466, users=1557
  [arb/Deposit] 360000000-364999999: total logs=3502, users=1571
  [arb/Deposit] 365000000-369999999: total logs=3524, users=1577
  [arb/Deposit] 370000000-374999999: total logs=3542, users=1581
  [arb/Deposit] 375000000-379999999: total logs=3608, users=1599
  [arb/Deposit] 380000000-384999999: total logs=3628, users=1609
  [arb/Deposit] 385000000-389999999: total logs=3703, users=1650
  [arb/Deposit] 390000000-394999999: total logs=3757, users=1681
  [arb/Deposit] 395000000-399999999: total logs=3783, users=1688
  [arb/Deposit] 400000000-404999999: total logs=3801, users=1694
  [arb/Deposit] 405000000-409999999: total logs=3820, users=1699
  [arb/Deposit] 410000000-414999999: total logs=3833, users=1705
  [arb/Deposit] 415000000-419999999: total logs=3849, users=1713
  [arb/Deposit] 420000000-424999999: total logs=3873, users=1725
  [arb/Deposit] 425000000-429999999: total logs=3893, users=1732
  [arb/Deposit] 430000000-434999999: total logs=3975, users=1790
  [arb/Deposit] 435000000-439999999: total logs=4256, users=1938
  [arb/Deposit] 440000000-444999999: total logs=4450, users=2013
  [arb/Deposit] 445000000-449999999: total logs=4556, users=2033
  [arb/Deposit] 450000000-454999999: total logs=4641, users=2056
  [arb/Deposit] 455000000-459999999: total logs=4719, users=2074
  [arb/Deposit] 460000000-464999999: total logs=4818, users=2103
  [arb/Deposit] 465000000-469999999: total logs=5123, users=2127
  [arb/Deposit] 470000000-474999999: total logs=5385, users=2148
  [arb/Deposit] 475000000-479999999: total logs=5614, users=2175
  [arb/Deposit] 480000000-484999999: total logs=7439, users=2215
  [arb/Deposit] 485000000-489999999: total logs=12251, users=2232
  [arb/Deposit] 490000000-494999999: total logs=14128, users=2270
  [arb/Deposit] 495000000-499999999: total logs=14430, users=2295
  [arb/Deposit] 500000000-504999999: total logs=14867, users=2326
  [arb/Deposit] 505000000-509999999: total logs=15179, users=2347
  [arb/Deposit] 510000000-511367896: total logs=15268, users=2352
  [arb/Withdraw] 0-4999999: total logs=0, users=0
  [arb/Withdraw] 5000000-9999999: total logs=0, users=0
  [arb/Withdraw] 10000000-14999999: total logs=0, users=0
  [arb/Withdraw] 15000000-19999999: total logs=0, users=0
  [arb/Withdraw] 20000000-24999999: total logs=0, users=0
  [arb/Withdraw] 25000000-29999999: total logs=0, users=0
  [arb/Withdraw] 30000000-34999999: total logs=0, users=0
  [arb/Withdraw] 35000000-39999999: total logs=0, users=0
  [arb/Withdraw] 40000000-44999999: total logs=0, users=0
  [arb/Withdraw] 45000000-49999999: total logs=0, users=0
  [arb/Withdraw] 50000000-54999999: total logs=0, users=0
  [arb/Withdraw] 55000000-59999999: total logs=0, users=0
  [arb/Withdraw] 60000000-64999999: total logs=0, users=0
  [arb/Withdraw] 65000000-69999999: total logs=0, users=0
  [arb/Withdraw] 70000000-74999999: total logs=0, users=0
  [arb/Withdraw] 75000000-79999999: total logs=0, users=0
  [arb/Withdraw] 80000000-84999999: total logs=0, users=0
  [arb/Withdraw] 85000000-89999999: total logs=0, users=0
  [arb/Withdraw] 90000000-94999999: total logs=0, users=0
  [arb/Withdraw] 95000000-99999999: total logs=0, users=0
  [arb/Withdraw] 100000000-104999999: total logs=0, users=0
  [arb/Withdraw] 105000000-109999999: total logs=0, users=0
  [arb/Withdraw] 110000000-114999999: total logs=0, users=0
  [arb/Withdraw] 115000000-119999999: total logs=0, users=0
  [arb/Withdraw] 120000000-124999999: total logs=0, users=0
  [arb/Withdraw] 125000000-129999999: total logs=0, users=0
  [arb/Withdraw] 130000000-134999999: total logs=0, users=0
  [arb/Withdraw] 135000000-139999999: total logs=0, users=0
  [arb/Withdraw] 140000000-144999999: total logs=0, users=0
  [arb/Withdraw] 145000000-149999999: total logs=0, users=0
  [arb/Withdraw] 150000000-154999999: total logs=0, users=0
  [arb/Withdraw] 155000000-159999999: total logs=0, users=0
  [arb/Withdraw] 160000000-164999999: total logs=0, users=0
  [arb/Withdraw] 165000000-169999999: total logs=0, users=0
  [arb/Withdraw] 170000000-174999999: total logs=0, users=0
  [arb/Withdraw] 175000000-179999999: total logs=0, users=0
  [arb/Withdraw] 180000000-184999999: total logs=0, users=0
  [arb/Withdraw] 185000000-189999999: total logs=0, users=0
  [arb/Withdraw] 190000000-194999999: total logs=0, users=0
  [arb/Withdraw] 195000000-199999999: total logs=0, users=0
  [arb/Withdraw] 200000000-204999999: total logs=0, users=0
  [arb/Withdraw] 205000000-209999999: total logs=0, users=0
  [arb/Withdraw] 210000000-214999999: total logs=0, users=0
