  [base/DepositForAccount] 0-10000000: 7652 logs
  [base/DepositForAccount] 10000000-20000000: 8843 logs
  [base/DepositForAccount] 20000000-30000000: 3707 logs
  [base/DepositForAccount] 30000000-40000000: 5109 logs
  [base/DepositForAccount] 40000000-50000000: 2565 logs
  [base/DepositForAccount] 50000000-52129249: 57 logs
  [base/WithdrawFromAccount] 0-10000000: 2901 logs
  [base/WithdrawFromAccount] 10000000-20000000: 4096 logs
  [base/WithdrawFromAccount] 20000000-30000000: 1240 logs
  [base/WithdrawFromAccount] 30000000-40000000: 791 logs
  [base/WithdrawFromAccount] 40000000-50000000: 314 logs
  [base/WithdrawFromAccount] 50000000-52129249: 24 logs
[base] emitters:
   DepositForAccount 0x8ab178c07184ffd44f0adff4ea2ce6cfc33f3b86 11841
   DepositForAccount 0x724796d2e9143920b1b58651b04e1ed201b8cc98 4460
   DepositForAccount 0x95605c64356572eb5c076cb9c027c88b527a2059 3349
   DepositForAccount 0x39ecc772f6073242d6fd1646d81fa2d87fe95314 1642
   DepositForAccount 0x6d63921d8203044f6abad8f346d3aea9a2719ddd 1254
   DepositForAccount 0xc6ecf3ab3d09ba6f1565ad6e139b5d3ba30bb774 1076
   DepositForAccount 0x1c03b6480a4efc2d4123ba90d7857f0e1878b780 1064
   DepositForAccount 0x72b03e85b40a745b07f3a15e7a02e66f7f8352f3 684
   DepositForAccount 0x921dd892d67aed3d492f9ad77b30b60160b53fe1 627
   DepositForAccount 0x8a98f69139534ef85775b473082ce4af1373cd63 545
   DepositForAccount 0x5de6949717f3aa8e0fbed5ce8b611ebcf1e44ae9 542
   DepositForAccount 0x0b4779a37c5e6cd7060cc265105ff44a03b47b26 318
   DepositForAccount 0x96cb0251d67ea2a3e6a1e5b7b41f7cd63d6c530f 223
   DepositForAccount 0xe43166ce17d3511b09438a359daa53513225101d 160
   DepositForAccount 0xde6446197cd1ae02e1c5b7191a626fb0c1757377 44
   DepositForAccount 0x86a34ba4586142c26c7c594f8bafc9c25decc94a 42
   DepositForAccount 0xdfc2a55a44ad3d3aabfe8d1c498ea923c6d39526 28
   DepositForAccount 0xf7f56d7e02d5c7bf33525ae2eecb049a17ef4580 7
   DepositForAccount 0xbc029264eb164f36d7dfefc46a607b66c2b4f379 6
   DepositForAccount 0xf2215724516a564efc5b3f1f77a7d5f8770a58ef 6
   DepositForAccount 0xa503eb7714d4328f3d425f24954c6f5f00115e09 4
   DepositForAccount 0xb95d177398916b2b1fc1e648717e85115c5be7a2 3
   DepositForAccount 0x1ebcf9f1ce9ef526361b8cf01d185f4022e8934d 2
   DepositForAccount 0x8b0119e6d18f1fba3497bc7cd6faba470bce29e7 2
   DepositForAccount 0x4ad336cab736bc7d437d0b70b76d6aae370f26fc 2
   DepositForAccount 0x41a496361df4554bbbb03450506010e5ef4a7a9d 2
   WithdrawFromAccount 0x8ab178c07184ffd44f0adff4ea2ce6cfc33f3b86 4441
   WithdrawFromAccount 0x724796d2e9143920b1b58651b04e1ed201b8cc98 2211
   WithdrawFromAccount 0xc6ecf3ab3d09ba6f1565ad6e139b5d3ba30bb774 1036
   WithdrawFromAccount 0x6d63921d8203044f6abad8f346d3aea9a2719ddd 338
   WithdrawFromAccount 0x95605c64356572eb5c076cb9c027c88b527a2059 260
   WithdrawFromAccount 0x5de6949717f3aa8e0fbed5ce8b611ebcf1e44ae9 224
   WithdrawFromAccount 0x1c03b6480a4efc2d4123ba90d7857f0e1878b780 219
   WithdrawFromAccount 0x921dd892d67aed3d492f9ad77b30b60160b53fe1 162
   WithdrawFromAccount 0x39ecc772f6073242d6fd1646d81fa2d87fe95314 132
   WithdrawFromAccount 0x72b03e85b40a745b07f3a15e7a02e66f7f8352f3 111
   WithdrawFromAccount 0x0b4779a37c5e6cd7060cc265105ff44a03b47b26 81
   WithdrawFromAccount 0xe43166ce17d3511b09438a359daa53513225101d 63
   WithdrawFromAccount 0x8a98f69139534ef85775b473082ce4af1373cd63 53
   WithdrawFromAccount 0xde6446197cd1ae02e1c5b7191a626fb0c1757377 14
   WithdrawFromAccount 0xdfc2a55a44ad3d3aabfe8d1c498ea923c6d39526 7
   WithdrawFromAccount 0xbc029264eb164f36d7dfefc46a607b66c2b4f379 5
   WithdrawFromAccount 0xf7f56d7e02d5c7bf33525ae2eecb049a17ef4580 3
   WithdrawFromAccount 0x1ebcf9f1ce9ef526361b8cf01d185f4022e8934d 2
   WithdrawFromAccount 0xa503eb7714d4328f3d425f24954c6f5f00115e09 2
   WithdrawFromAccount 0x4ad336cab736bc7d437d0b70b76d6aae370f26fc 1
   WithdrawFromAccount 0x86a34ba4586142c26c7c594f8bafc9c25decc94a 1
Traceback (most recent call last):
  File "/tmp/opencode/ca-zombie-ci-intentx/intentx/analysis/state/ma_emitters.py", line 79, in <module>
    run(c)
  File "/tmp/opencode/ca-zombie-ci-intentx/intentx/analysis/state/ma_emitters.py", line 52, in run
    d = rpc(url, "eth_getLogs", [{"topics": [topic], "fromBlock": hex(lo), "toBlock": hex(hi)}])
  File "/tmp/opencode/ca-zombie-ci-intentx/intentx/analysis/state/ma_emitters.py", line 32, in rpc
    raise RuntimeError(json.dumps(d["error"])[:200])
RuntimeError: {"code": -32602, "message": "Archive requests require a personal token. Get one at: https://www.allnodes.com/publicnode"}
