[base] block 52127922
  diamond.getCollateral = ('0x833589fcd6edb6e08f4c7c32d4f71b54bda02913',)
  diamond.pauseState = (False, False, False, False, False, False)
  diamond.liquidationTimeout = (1800,)
  diamond.liquidatorShare = (500000000000000000,)
  diamond.getMuonConfig = None
  diamond.getMuonIds = None
  diamond.getFeeCollector = None
  diamond.getBalanceLimitPerUser = (100000000000000000000000000,)
  diamond.pendingQuotesValidLength = (25,)
  diamond.coolDownsOfMA = (43200, 150, 150, 90)
  diamond.isCrossPartyBModeActivated = (False,)
  diamond.isLegacyDeallocateDeprecated = (False,)
  diamond.owner = ('0x92e89bb3ce2cea34df6168010bbefce2997b014d',)
  diamond.pendingOwner = ('0x0000000000000000000000000000000000000000',)
  diamond.forceCloseGapRatio = None
  diamond.withdrawCooldownPeriod = None
  diamond.getLiquidatorFee = None
  ROLE PAUSER_ROLE -> 0x9BC9CA7e6A8F013f40617c4585508A988DB7C1c7
  ROLE LIQUIDATOR_ROLE -> 0x9BC9CA7e6A8F013f40617c4585508A988DB7C1c7
  diamond collateral raw = 1018722777883, native = 1000002000000001
  MA 0x8Ab178C07184ffD44F0ADfF4eA2ce6cFc33F3b86: paused=False impl=0x54a870306b2ed367d135c43f2c2dafa9061bb887 admin=0x942dd39a05efee912b08c1b1486490a02e26d89f coll=1000000
[base] static written
[arb] block 511354559
  diamond.getCollateral = ('0xaf88d065e77c8cc2239327c5edb3a432268e5831',)
  diamond.pauseState = (False, False, False, False, False, False)
  diamond.liquidationTimeout = (1800,)
  diamond.liquidatorShare = (500000000000000000,)
  diamond.getMuonConfig = None
  diamond.getMuonIds = None
  diamond.getFeeCollector = None
  diamond.getBalanceLimitPerUser = (100000000000000000000000000,)
  diamond.pendingQuotesValidLength = (25,)
  diamond.coolDownsOfMA = (43200, 150, 150, 90)
  diamond.isCrossPartyBModeActivated = (False,)
  diamond.isLegacyDeallocateDeprecated = (False,)
  diamond.owner = ('0x0cbf07176e67671c99222bebdb166efc58dacd95',)
  diamond.pendingOwner = ('0x0000000000000000000000000000000000000000',)
  diamond.forceCloseGapRatio = None
  diamond.withdrawCooldownPeriod = None
  diamond.getLiquidatorFee = None
  diamond collateral raw = 591107969626, native = 0
  MA 0x141269E29a770644C34e05B127AB621511f20109: paused=False impl=0x1cb4b1dcee1ebde41c272c7c14bf55d565e2830c admin=0x433be520b115d771d6da17a573fdcb01d69d579d coll=0
[arb] static written
[mantle] block 101457450
  diamond.getCollateral = ('0x5d3a1ff2b6bab83b63cd9ad0787074081a52ef34',)
  diamond.pauseState = (False, False, False, False, False, False)
  diamond.liquidationTimeout = (1800,)
  diamond.liquidatorShare = (500000000000000000,)
  diamond.getMuonConfig = None
  diamond.getMuonIds = None
  diamond.getFeeCollector = None
  diamond.getBalanceLimitPerUser = None
  diamond.pendingQuotesValidLength = None
  diamond.coolDownsOfMA = None
  diamond.isCrossPartyBModeActivated = None
  diamond.isLegacyDeallocateDeprecated = None
  diamond.owner = None
  diamond.pendingOwner = None
  diamond.forceCloseGapRatio = None
  diamond.withdrawCooldownPeriod = None
  diamond.getLiquidatorFee = None
  diamond collateral raw = 61658902999059175503421, native = 0
  MA 0xECbd0788bB5a72f9dFDAc1FFeAAF9B7c2B26E456: paused=False impl=0x829af7dda2538b78acf64babe683a7eb34ad8373 admin=0x3adc81cc43d9e1636de9cbac764afcb1f3ae6cde coll=0
[mantle] static written
[blast] block 41117707
  diamond.getCollateral = ('0x4300000000000000000000000000000000000003',)
  diamond.pauseState = (False, False, True, False, False, False)
  diamond.liquidationTimeout = (1800,)
  diamond.liquidatorShare = (500000000000000000,)
  diamond.getMuonConfig = None
  diamond.getMuonIds = (67095677696457568621176602095256212877581942797155816526660337292193161013107, (28816647750548585451357630311330111079635661660584752231799347508659086631222, 0), '0xf621f85f20bbe733699306d336230184621dbe60')
  diamond.getFeeCollector = None
  diamond.getBalanceLimitPerUser = (1000000000000000000000000,)
  diamond.pendingQuotesValidLength = (10,)
  diamond.coolDownsOfMA = (0, 150, 150, 90)
  diamond.isCrossPartyBModeActivated = None
  diamond.isLegacyDeallocateDeprecated = None
  diamond.owner = None
  diamond.pendingOwner = None
  diamond.forceCloseGapRatio = None
  diamond.withdrawCooldownPeriod = None
  diamond.getLiquidatorFee = None
  ROLE PAUSER_ROLE -> 0x9BC9CA7e6A8F013f40617c4585508A988DB7C1c7
  diamond collateral raw = 40517538433893414600, native = 0
  MA 0x083267D20Dbe6C2b0A83Bd0E601dC2299eD99015: paused=False impl=0xf39352ec34a007b2726e2c4610a13f7aea86684e admin=0x8f06459f184553e5d04f07f868720bdacab39395 coll=0
  MA 0xd6ee1fd75d11989e57B57AA6Fd75f558fBf02a5e: paused=False impl=0xf39352ec34a007b2726e2c4610a13f7aea86684e admin=0x8f06459f184553e5d04f07f868720bdacab39395 coll=0
[blast] static written
[base] block 52128368
  diamond.getCollateral = ('0x833589fcd6edb6e08f4c7c32d4f71b54bda02913',)
  diamond.pauseState = (False, False, False, False, False, False)
  diamond.pauseState9 = None
  diamond.liquidationTimeout = (1800,)
  diamond.liquidatorShare = (500000000000000000,)
  diamond.getMuonConfig = None
  diamond.getMuonIds = None
  diamond.getFeeCollector = None
  diamond.getBalanceLimitPerUser = (100000000000000000000000000,)
  diamond.pendingQuotesValidLength = (25,)
  diamond.coolDownsOfMA = (43200, 150, 150, 90)
  diamond.isCrossPartyBModeActivated = (False,)
  diamond.isLegacyDeallocateDeprecated = (False,)
  diamond.owner = ('0x92e89bb3ce2cea34df6168010bbefce2997b014d',)
  diamond.pendingOwner = ('0x0000000000000000000000000000000000000000',)
  diamond.forceCloseGapRatio = None
  diamond.withdrawCooldownPeriod = None
  diamond.getLiquidatorFee = None
  ROLE PAUSER_ROLE -> 0x9BC9CA7e6A8F013f40617c4585508A988DB7C1c7
  ROLE LIQUIDATOR_ROLE -> 0x9BC9CA7e6A8F013f40617c4585508A988DB7C1c7
  diamond collateral raw = 1018722777883, native = 1000002000000001
  MA 0x8Ab178C07184ffD44F0ADfF4eA2ce6cFc33F3b86: paused=False impl=0x54a870306b2ed367d135c43f2c2dafa9061bb887 admin=0x942dd39a05efee912b08c1b1486490a02e26d89f coll=1000000
[base] static written
[arb] block 511357927
  diamond.getCollateral = ('0xaf88d065e77c8cc2239327c5edb3a432268e5831',)
  diamond.pauseState = (False, False, False, False, False, False)
  diamond.pauseState9 = None
  diamond.liquidationTimeout = (1800,)
  diamond.liquidatorShare = (500000000000000000,)
  diamond.getMuonConfig = None
  diamond.getMuonIds = None
  diamond.getFeeCollector = None
  diamond.getBalanceLimitPerUser = (100000000000000000000000000,)
  diamond.pendingQuotesValidLength = (25,)
  diamond.coolDownsOfMA = (43200, 150, 150, 90)
  diamond.isCrossPartyBModeActivated = (False,)
  diamond.isLegacyDeallocateDeprecated = (False,)
  diamond.owner = ('0x0cbf07176e67671c99222bebdb166efc58dacd95',)
  diamond.pendingOwner = ('0x0000000000000000000000000000000000000000',)
  diamond.forceCloseGapRatio = None
  diamond.withdrawCooldownPeriod = None
  diamond.getLiquidatorFee = None
  diamond collateral raw = 591107969626, native = 0
  MA 0x141269E29a770644C34e05B127AB621511f20109: paused=False impl=0x1cb4b1dcee1ebde41c272c7c14bf55d565e2830c admin=0x433be520b115d771d6da17a573fdcb01d69d579d coll=0
[arb] static written
[mantle] block 101457894
  diamond.getCollateral = ('0x5d3a1ff2b6bab83b63cd9ad0787074081a52ef34',)
  diamond.pauseState = (False, False, False, False, False, False)
  diamond.pauseState9 = None
  diamond.liquidationTimeout = (1800,)
  diamond.liquidatorShare = (500000000000000000,)
  diamond.getMuonConfig = None
  diamond.getMuonIds = None
  diamond.getFeeCollector = None
  diamond.getBalanceLimitPerUser = None
  diamond.pendingQuotesValidLength = None
  diamond.coolDownsOfMA = None
  diamond.isCrossPartyBModeActivated = None
  diamond.isLegacyDeallocateDeprecated = None
  diamond.owner = None
  diamond.pendingOwner = None
  diamond.forceCloseGapRatio = None
  diamond.withdrawCooldownPeriod = None
  diamond.getLiquidatorFee = None
  diamond collateral raw = 61658902999059175503421, native = 0
  MA 0xECbd0788bB5a72f9dFDAc1FFeAAF9B7c2B26E456: paused=False impl=0x829af7dda2538b78acf64babe683a7eb34ad8373 admin=0x3adc81cc43d9e1636de9cbac764afcb1f3ae6cde coll=0
[mantle] static written
[blast] block 41118149
  diamond.getCollateral = ('0x4300000000000000000000000000000000000003',)
  diamond.pauseState = (False, False, True, False, False, False)
  diamond.pauseState9 = None
  diamond.liquidationTimeout = (1800,)
  diamond.liquidatorShare = (500000000000000000,)
  diamond.getMuonConfig = None
  diamond.getMuonIds = (67095677696457568621176602095256212877581942797155816526660337292193161013107, (28816647750548585451357630311330111079635661660584752231799347508659086631222, 0), '0xf621f85f20bbe733699306d336230184621dbe60')
  diamond.getFeeCollector = None
  diamond.getBalanceLimitPerUser = (1000000000000000000000000,)
  diamond.pendingQuotesValidLength = (10,)
  diamond.coolDownsOfMA = (0, 150, 150, 90)
  diamond.isCrossPartyBModeActivated = None
  diamond.isLegacyDeallocateDeprecated = None
  diamond.owner = None
  diamond.pendingOwner = None
  diamond.forceCloseGapRatio = None
  diamond.withdrawCooldownPeriod = None
  diamond.getLiquidatorFee = None
  ROLE PAUSER_ROLE -> 0x9BC9CA7e6A8F013f40617c4585508A988DB7C1c7
  diamond collateral raw = 40517538433893414600, native = 0
  MA 0x083267D20Dbe6C2b0A83Bd0E601dC2299eD99015: paused=False impl=0xf39352ec34a007b2726e2c4610a13f7aea86684e admin=0x8f06459f184553e5d04f07f868720bdacab39395 coll=0
  MA 0xd6ee1fd75d11989e57B57AA6Fd75f558fBf02a5e: paused=False impl=0xf39352ec34a007b2726e2c4610a13f7aea86684e admin=0x8f06459f184553e5d04f07f868720bdacab39395 coll=0
[blast] static written
[base] block 52128398
  diamond.getCollateral = ('0x833589fcd6edb6e08f4c7c32d4f71b54bda02913',)
  diamond.pauseState = (False, False, False, False, False, False)
  diamond.pauseState_9 = (False, False, False, False, False, False, False, False, False)
  diamond.liquidationTimeout = (1800,)
  diamond.liquidatorShare = (500000000000000000,)
  diamond.getMuonConfig = None
  diamond.getMuonIds = None
  diamond.getFeeCollector = None
  diamond.getBalanceLimitPerUser = (100000000000000000000000000,)
  diamond.pendingQuotesValidLength = (25,)
  diamond.coolDownsOfMA = (43200, 150, 150, 90)
  diamond.isCrossPartyBModeActivated = (False,)
  diamond.isLegacyDeallocateDeprecated = (False,)
  diamond.owner = ('0x92e89bb3ce2cea34df6168010bbefce2997b014d',)
  diamond.pendingOwner = ('0x0000000000000000000000000000000000000000',)
  diamond.forceCloseGapRatio = None
  diamond.withdrawCooldownPeriod = None
  diamond.getLiquidatorFee = None
  ROLE PAUSER_ROLE -> 0x9BC9CA7e6A8F013f40617c4585508A988DB7C1c7
  ROLE LIQUIDATOR_ROLE -> 0x9BC9CA7e6A8F013f40617c4585508A988DB7C1c7
  diamond collateral raw = 1018722777883, native = 1000002000000001
  MA 0x8Ab178C07184ffD44F0ADfF4eA2ce6cFc33F3b86: paused=False impl=0x54a870306b2ed367d135c43f2c2dafa9061bb887 admin=0x942dd39a05efee912b08c1b1486490a02e26d89f coll=1000000
[base] static written
[arb] block 511358170
  diamond.getCollateral = ('0xaf88d065e77c8cc2239327c5edb3a432268e5831',)
  diamond.pauseState = (False, False, False, False, False, False)
  diamond.pauseState_9 = (False, False, False, False, False, False, False, False, False)
  diamond.liquidationTimeout = (1800,)
  diamond.liquidatorShare = (500000000000000000,)
  diamond.getMuonConfig = None
  diamond.getMuonIds = None
  diamond.getFeeCollector = None
  diamond.getBalanceLimitPerUser = (100000000000000000000000000,)
  diamond.pendingQuotesValidLength = (25,)
  diamond.coolDownsOfMA = (43200, 150, 150, 90)
  diamond.isCrossPartyBModeActivated = (False,)
  diamond.isLegacyDeallocateDeprecated = (False,)
  diamond.owner = ('0x0cbf07176e67671c99222bebdb166efc58dacd95',)
  diamond.pendingOwner = ('0x0000000000000000000000000000000000000000',)
  diamond.forceCloseGapRatio = None
  diamond.withdrawCooldownPeriod = None
  diamond.getLiquidatorFee = None
  diamond collateral raw = 591107969626, native = 0
  MA 0x141269E29a770644C34e05B127AB621511f20109: paused=False impl=0x1cb4b1dcee1ebde41c272c7c14bf55d565e2830c admin=0x433be520b115d771d6da17a573fdcb01d69d579d coll=0
[arb] static written
[mantle] block 101457923
  diamond.getCollateral = ('0x5d3a1ff2b6bab83b63cd9ad0787074081a52ef34',)
  diamond.pauseState = (False, False, False, False, False, False)
  diamond.pauseState_9 = (False, False, False, False, False, False, False, False, False)
  diamond.liquidationTimeout = (1800,)
  diamond.liquidatorShare = (500000000000000000,)
  diamond.getMuonConfig = None
  diamond.getMuonIds = None
  diamond.getFeeCollector = None
  diamond.getBalanceLimitPerUser = None
  diamond.pendingQuotesValidLength = None
  diamond.coolDownsOfMA = None
  diamond.isCrossPartyBModeActivated = None
  diamond.isLegacyDeallocateDeprecated = None
  diamond.owner = None
  diamond.pendingOwner = None
  diamond.forceCloseGapRatio = None
  diamond.withdrawCooldownPeriod = None
  diamond.getLiquidatorFee = None
  diamond collateral raw = 61658902999059175503421, native = 0
  MA 0xECbd0788bB5a72f9dFDAc1FFeAAF9B7c2B26E456: paused=False impl=0x829af7dda2538b78acf64babe683a7eb34ad8373 admin=0x3adc81cc43d9e1636de9cbac764afcb1f3ae6cde coll=0
[mantle] static written
[blast] block 41118180
  diamond.getCollateral = ('0x4300000000000000000000000000000000000003',)
  diamond.pauseState = (False, False, True, False, False, False)
  diamond.pauseState_9 = None
  diamond.liquidationTimeout = (1800,)
  diamond.liquidatorShare = (500000000000000000,)
  diamond.getMuonConfig = None
  diamond.getMuonIds = (67095677696457568621176602095256212877581942797155816526660337292193161013107, (28816647750548585451357630311330111079635661660584752231799347508659086631222, 0), '0xf621f85f20bbe733699306d336230184621dbe60')
  diamond.getFeeCollector = None
  diamond.getBalanceLimitPerUser = (1000000000000000000000000,)
  diamond.pendingQuotesValidLength = (10,)
  diamond.coolDownsOfMA = (0, 150, 150, 90)
  diamond.isCrossPartyBModeActivated = None
  diamond.isLegacyDeallocateDeprecated = None
  diamond.owner = None
  diamond.pendingOwner = None
  diamond.forceCloseGapRatio = None
  diamond.withdrawCooldownPeriod = None
  diamond.getLiquidatorFee = None
  ROLE PAUSER_ROLE -> 0x9BC9CA7e6A8F013f40617c4585508A988DB7C1c7
  diamond collateral raw = 40517538433893414600, native = 0
  MA 0x083267D20Dbe6C2b0A83Bd0E601dC2299eD99015: paused=False impl=0xf39352ec34a007b2726e2c4610a13f7aea86684e admin=0x8f06459f184553e5d04f07f868720bdacab39395 coll=0
  MA 0xd6ee1fd75d11989e57B57AA6Fd75f558fBf02a5e: paused=False impl=0xf39352ec34a007b2726e2c4610a13f7aea86684e admin=0x8f06459f184553e5d04f07f868720bdacab39395 coll=0
[blast] static written
