[mantle] block 101458416: 36 live role grants
   DEFAULT_ADMIN_ROLE               0x0c83ff10e8255df41e71006ee6523a23024aafc4 grant=62526962 revoke_seen=None
   BALANCE_SETTLER_ROLE             0xba3d3982dc12acd61fe11ff08ba2164cd1c12c78 grant=93845088 revoke_seen=None
   PARTY_B_MANAGER_ROLE             0x0c83ff10e8255df41e71006ee6523a23024aafc4 grant=62527054 revoke_seen=None
   INTEGRATION_ADMIN_ROLE           0x0c83ff10e8255df41e71006ee6523a23024aafc4 grant=93845088 revoke_seen=None
   FEE_ADMIN_ROLE                   0x0c83ff10e8255df41e71006ee6523a23024aafc4 grant=93845088 revoke_seen=None
   INSTANT_LAYER_ROLE               0xbf40beca9fb74fb67df4a5c9c99ebad35e616ffd grant=93845088 revoke_seen=None
   UNPAUSER_ROLE                    0x0c83ff10e8255df41e71006ee6523a23024aafc4 grant=93844949 revoke_seen=None
   EMERGENCY_ADMIN_ROLE             0x0c83ff10e8255df41e71006ee6523a23024aafc4 grant=98249156 revoke_seen=None
   LIQUIDATOR_ROLE                  0x801b2f9e59040bd86bb7eac4b17d1f985774c150 grant=64859857 revoke_seen=None
   LIQUIDATOR_ROLE                  0x82261fcb908989dd418cedca35359b284d7d86d6 grant=68330639 revoke_seen=None
   LIQUIDATOR_ROLE                  0x9bc9ca7e6a8f013f40617c4585508a988db7c1c7 grant=62059623 revoke_seen=None
   LIQUIDATOR_ROLE                  0x9c2de6272de9ab37ae4b7c5ed2819cb80c23f0e8 grant=64859857 revoke_seen=None
   LIQUIDATOR_ROLE                  0xa967618730fb6ff67427a32e5cec2e3b23f1f9ef grant=64859857 revoke_seen=None
   LIQUIDATOR_ROLE                  0xacd9623cd291ee157db752a2f599ca7a0e3604e2 grant=62434794 revoke_seen=None
   LIQUIDATOR_ROLE                  0xbed72b856f56533e3e9a483535a7f46bf62855a1 grant=64859857 revoke_seen=None
   LIQUIDATOR_ROLE                  0xcfc8a928bec0950f0c56c6ff0b186d0d8afcf89b grant=62434798 revoke_seen=None
   LIQUIDATOR_ROLE                  0xe795a9fca009272ae5115b335f3eac5d50f7a80f grant=62434800 revoke_seen=None
   LIQUIDATOR_ROLE                  0xefaf1f4e73c1a0ce62892eeeb75e553a185f5a6d grant=64859857 revoke_seen=None
   SETTER_ROLE                      0x0c83ff10e8255df41e71006ee6523a23024aafc4 grant=62527010 revoke_seen=None
   SETTER_ROLE                      0x2deaf8e04c59a0ec5ac9685999826f320e98a778 grant=68116410 revoke_seen=None
   SETTER_ROLE                      0x608735e8a42425743048ca0014567bf999b955a5 grant=63220369 revoke_seen=None
   PAUSER_ROLE                      0x0c83ff10e8255df41e71006ee6523a23024aafc4 grant=93844949 revoke_seen=None
   PAUSER_ROLE                      0x9bc9ca7e6a8f013f40617c4585508a988db7c1c7 grant=62059614 revoke_seen=None
   PAUSER_ROLE                      0xc2c2c65dd21f2ff3a5eb19811f1019847c417ab5 grant=74663551 revoke_seen=None
   SIGNER_ADMIN_ROLE                0xba3d3982dc12acd61fe11ff08ba2164cd1c12c78 grant=93845088 revoke_seen=None
   FORCE_CLOSE_GAP_RATIO_ADMIN_ROLE 0x1a58b46a7857ac0f3f2421fceb8c1bcacaa905b0 grant=94409916 revoke_seen=None
   SUSPENDER_ROLE                   0x9bc9ca7e6a8f013f40617c4585508a988db7c1c7 grant=62059626 revoke_seen=None
   SUSPENDER_ROLE                   0xc2c2c65dd21f2ff3a5eb19811f1019847c417ab5 grant=74663551 revoke_seen=None
   AFFILIATE_MANAGER_ROLE           0x0c83ff10e8255df41e71006ee6523a23024aafc4 grant=68788650 revoke_seen=None
   AFFILIATE_MANAGER_ROLE           0xba3d3982dc12acd61fe11ff08ba2164cd1c12c78 grant=93845088 revoke_seen=None
   COOLDOWN_ADMIN_ROLE              0x0c83ff10e8255df41e71006ee6523a23024aafc4 grant=93845088 revoke_seen=None
   MUON_SETTER_ROLE                 0x0c83ff10e8255df41e71006ee6523a23024aafc4 grant=62526989 revoke_seen=None
   DISPUTE_ROLE                     0x0c83ff10e8255df41e71006ee6523a23024aafc4 grant=62527066 revoke_seen=None
   PROTOCOL_CONFIG_ROLE             0x0c83ff10e8255df41e71006ee6523a23024aafc4 grant=93845088 revoke_seen=None
   SYMBOL_MANAGER_ROLE              0x0c83ff10e8255df41e71006ee6523a23024aafc4 grant=62526999 revoke_seen=None
   SYMBOL_MANAGER_ROLE              0x1a58b46a7857ac0f3f2421fceb8c1bcacaa905b0 grant=94409916 revoke_seen=None
   CAND 0x9BC9CA7e6A8F013f40617c4585508A988DB7C1c7: ['PAUSER_ROLE', 'LIQUIDATOR_ROLE', 'SUSPENDER_ROLE']
[blast] block 41118674: 18 live role grants
   DEFAULT_ADMIN_ROLE               0x629bcef8659a11f576ec0aad0a8fb35a8356ffcf grant=287203 revoke_seen=None
   PARTY_B_MANAGER_ROLE             0x629bcef8659a11f576ec0aad0a8fb35a8356ffcf grant=2697170 revoke_seen=None
   UNPAUSER_ROLE                    0x629bcef8659a11f576ec0aad0a8fb35a8356ffcf grant=2697160 revoke_seen=None
   LIQUIDATOR_ROLE                  0x03b263078a47cb20beb46e2db41e3bc639d71e4f grant=285114 revoke_seen=None
   LIQUIDATOR_ROLE                  0x88815411144855049dfd3fb3be88290576d5ad88 grant=285112 revoke_seen=None
   LIQUIDATOR_ROLE                  0xa4f4687b6375d34990a31ba0fa2e57e0e9966462 grant=285110 revoke_seen=None
   LIQUIDATOR_ROLE                  0xd5f626ca164d248b3320ab98db0df8e1882f21ee grant=285116 revoke_seen=None
   SETTER_ROLE                      0x4025102b72291254d35159bef44f64f40e12eab0 grant=8456246 revoke_seen=None
   SETTER_ROLE                      0x629bcef8659a11f576ec0aad0a8fb35a8356ffcf grant=2697137 revoke_seen=None
   SETTER_ROLE                      0x7da6f2a5e32ed8a43cf439e71dd485c2b223dd92 grant=2881549 revoke_seen=None
   PAUSER_ROLE                      0x629bcef8659a11f576ec0aad0a8fb35a8356ffcf grant=2697148 revoke_seen=None
   PAUSER_ROLE                      0x9bc9ca7e6a8f013f40617c4585508a988db7c1c7 grant=284680 revoke_seen=None
   SUSPENDER_ROLE                   0x9bc9ca7e6a8f013f40617c4585508a988db7c1c7 grant=284687 revoke_seen=None
   AFFILIATE_MANAGER_ROLE           0x629bcef8659a11f576ec0aad0a8fb35a8356ffcf grant=8146899 revoke_seen=None
   MUON_SETTER_ROLE                 0x629bcef8659a11f576ec0aad0a8fb35a8356ffcf grant=2697116 revoke_seen=None
   DISPUTE_ROLE                     0x629bcef8659a11f576ec0aad0a8fb35a8356ffcf grant=2697180 revoke_seen=None
   SYMBOL_MANAGER_ROLE              0x629bcef8659a11f576ec0aad0a8fb35a8356ffcf grant=2697128 revoke_seen=None
   SYMBOL_MANAGER_ROLE              0x9bc9ca7e6a8f013f40617c4585508a988db7c1c7 grant=286869 revoke_seen=286833
   CAND 0x9BC9CA7e6A8F013f40617c4585508A988DB7C1c7: ['PAUSER_ROLE', 'SUSPENDER_ROLE', 'SYMBOL_MANAGER_ROLE']
