block: 47618736
slots: {
 "VotingEscrow_proxy": {
  "impl": "0xf70526a0089fdc334814c3498ca1ba30c25aba91",
  "admin": "0xb688d5e73777dfaadbd7c5fe98aee6f35cf20124"
 },
 "Voter_proxy": {
  "impl": "0x2d70695c2f32c6b692370318436ef18d5c4677c1",
  "admin": "0xb688d5e73777dfaadbd7c5fe98aee6f35cf20124"
 },
 "Minter_proxy": {
  "impl": "0x13369f61c13bd809984855ad26b1bf7780da8fb8",
  "admin": "0xb688d5e73777dfaadbd7c5fe98aee6f35cf20124"
 },
 "PairFactory_proxy": {
  "impl": "0xba717129344552d510b392e947c45915807301ac",
  "admin": "0xb688d5e73777dfaadbd7c5fe98aee6f35cf20124"
 },
 "GaugeFactoryV2_proxy": {
  "impl": "0x9eb42a8596836a68f47c014b74e5239d5bdb55df",
  "admin": "0xb688d5e73777dfaadbd7c5fe98aee6f35cf20124"
 },
 "GaugeFactoryV3_proxy": {
  "impl": "0x9eb42a8596836a68f47c014b74e5239d5bdb55df",
  "admin": "0xb688d5e73777dfaadbd7c5fe98aee6f35cf20124"
 },
 "GaugeRewader_proxy": {
  "impl": "0x992df0c4831c7e84db7c942528270d83b0737081",
  "admin": "0xb688d5e73777dfaadbd7c5fe98aee6f35cf20124"
 },
 "FeesVaultFactory_proxy": {
  "impl": "0x798561d239a46991377b934da48dda0cf985abbf",
  "admin": "0xb688d5e73777dfaadbd7c5fe98aee6f35cf20124"
 },
 "BribeFactory_proxy": {
  "impl": "0xb63363e5c71148f4f6cc75d4ee1b7dcfc997a1cb",
  "admin": "0xb688d5e73777dfaadbd7c5fe98aee6f35cf20124"
 },
 "ManagedNFTManager_proxy": {
  "impl": "0x481f9d30a70a90f6b50e4d1052323a8e79802972",
  "admin": "0xb688d5e73777dfaadbd7c5fe98aee6f35cf20124"
 },
 "CompoundVeNESTStrategyFactory_proxy": {
  "impl": "0xc3ff1e8e73559f07c269031dc239f6ee42b6bbe4",
  "admin": "0xb688d5e73777dfaadbd7c5fe98aee6f35cf20124"
 },
 "CompoundEmissionExtension_proxy": {
  "impl": "0x8b3f6eb2c9bfbee74cfc5372eb88a6353ea0a887",
  "admin": "0xb688d5e73777dfaadbd7c5fe98aee6f35cf20124"
 },
 "VeNestDistributor_proxy": {
  "impl": "0x6d87bad7b75499b84e3e28e618b43840f56acd9a",
  "admin": "0xb688d5e73777dfaadbd7c5fe98aee6f35cf20124"
 },
 "NestRaise_proxy": {
  "impl": "0x891acb9f28985a40687d12d24f711824d00e98a5",
  "admin": "0xb688d5e73777dfaadbd7c5fe98aee6f35cf20124"
 },
 "VeNestSplitMerklAirdrop_proxy": {
  "impl": "0x84daba9c04733da41b9ff3b44f14cfa9c18d567d",
  "admin": "0xb688d5e73777dfaadbd7c5fe98aee6f35cf20124"
 },
 "RouterV2PathProvider_proxy": {
  "impl": "0x6d3cd36518c6800f6aa9d1fd54276b5dd0fee1c0",
  "admin": "0xb688d5e73777dfaadbd7c5fe98aee6f35cf20124"
 },
 "PairAPI_proxy": {
  "impl": "0x4f0ec8880749f6f080515f1907964312220d97e3",
  "admin": "0xb688d5e73777dfaadbd7c5fe98aee6f35cf20124"
 },
 "RewardAPI_proxy": {
  "impl": "0xbfa705dbf2a72077f6c66230c901f54a3788bc7d",
  "admin": "0xb688d5e73777dfaadbd7c5fe98aee6f35cf20124"
 },
 "VeNFTAPI_proxy": {
  "impl": "0x862b14c353fe6789492de96ee2c42c31bf92a774",
  "admin": "0xb688d5e73777dfaadbd7c5fe98aee6f35cf20124"
 },
 "BribeVeNESTRewardToken_proxy": {
  "impl": "0x19534e5eeec9e60be9b954b1179cc0c6870a2785",
  "admin": "0xb688d5e73777dfaadbd7c5fe98aee6f35cf20124"
 },
 "CustomBribeRewardRouter_proxy": {
  "impl": "0xe4a0c5bdde5097b7f06bf2b3ed4e91c5ce136dfe",
  "admin": "0xb688d5e73777dfaadbd7c5fe98aee6f35cf20124"
 },
 "GetInformationAggregator_proxy": {
  "impl": "0x39b16a40263c68bd25401281e8e9fe9e1d68e12a",
  "admin": "0xb688d5e73777dfaadbd7c5fe98aee6f35cf20124"
 },
 "Utils_proxy": {
  "impl": "0x29290c57c883156f972f35d8b110613680a27d60",
  "admin": "0xb688d5e73777dfaadbd7c5fe98aee6f35cf20124"
 },
 "AlgebraFactory_proxy": {
  "impl": "0xd99930fae54b3fbc237eb330527501237bb1b59e",
  "admin": "0x45727c03b46970c64e4039b546e6bd1f9c9d92ab"
 }
}
NEST_token                                 0x07c57E32a3C29D5659bda1d3EFC2E7BF004E3035 status=1 name=Nest verified=True src_len=25211
VotingEscrow_proxy                         0x2f2Ae07e3cc3391A2E27825652BA8DcdD5412074 status=1 name=TransparentUpgradeableProxy verified=True src_len=36662
VotingEscrow_impl                          0xAB7517EEd99B3e4Ae640FFe997236A92ca18D968 status=1 name=VotingEscrowUpgradeableV2 verified=True src_len=205048
Voter_proxy                                0x566bdc5444fd5fe5d93ec379Bd66eC861ddbA901 status=1 name=TransparentUpgradeableProxy verified=True src_len=36662
Voter_impl                                 0xc5A2F1A950dD3E383132fc89a4EBD3CFe66c2799 status=1 name=VoterUpgradeableV2 verified=True src_len=227840
Minter_proxy                               0x574f6865140e6929bDed24596D78a8D9c07E356d status=1 name=TransparentUpgradeableProxy verified=True src_len=36662
Minter_impl                                0xEaAA90ba5A9229F7dB273abb3CcaE33a50eC5FFC status=1 name=MinterUpgradeable verified=True src_len=117896
PairFactory_proxy                          0x889Fd0aDA8453C7619cD7f11E9029a1f0848Fdf5 status=1 name=TransparentUpgradeableProxy verified=True src_len=36662
PairFactory_impl                           0xBa717129344552D510B392E947c45915807301aC status=1 name=PairFactoryUpgradeable verified=True src_len=84935
Pair_impl                                  0xc8e091a600Da73E27B1101F319A760e2C0740082 status=1 name=Pair verified=True src_len=52871
GaugeFactoryV2_proxy                       0x15eb3987A7edC464e5A4d3bC3A9b8E84b8ceE2C7 status=1 name=TransparentUpgradeableProxy verified=True src_len=36662
GaugeFactory_impl                          0x9Eb42a8596836A68F47c014B74e5239d5BdB55Df status=1 name=GaugeFactoryUpgradeable verified=True src_len=33963
GaugeFactoryV3_proxy                       0x09D1A533032319557196F87dFf831FF46204c49d status=1 name=TransparentUpgradeableProxy verified=True src_len=36662
GaugeV2_impl                               0x90ec77Ad5cC0E723ee502c9cb54C3652D9d7636E status=1 name=GaugeUpgradeable verified=True src_len=90932
GaugeV3_impl                               0x0EF3aa4F8E509d580ee0A1fd0E14c4B66A72655F status=1 name=GaugeUpgradeable verified=True src_len=90932
GaugeRewader_proxy                         0xfF0124cf664240e5573282511042d7033C3f22eA status=1 name=TransparentUpgradeableProxy verified=True src_len=36662
GaugeRewader_impl                          0x4158958Bf30C818491b36020f4b709404ce645Ee status=1 name=GaugeRewarder verified=True src_len=146619
GaugeRewader_impl_live                     0x992df0C4831c7e84dB7c942528270d83b0737081 status=1 name=GaugeRewarder verified=True src_len=150388
CompoundEmissionExtension_impl_live        0x8b3f6eb2C9bFBEE74CFC5372eb88a6353EA0a887 status=1 name=CompoundEmissionExtensionUpgradeable verified=True src_len=128076
BribeVeNESTRewardToken_impl_live           0x19534E5eeEc9E60Be9b954B1179CC0c6870A2785 status=1 name=BribeVeNESTRewardToken verified=True src_len=115458
CustomBribeRewardRouter_impl_live          0xE4a0c5BDDe5097b7F06Bf2b3ed4E91C5ce136dFE status=1 name=CustomBribeRewardRouter verified=True src_len=150625
FeesVaultFactory_proxy                     0x705C76e29977Ed52cd93d390A7BBcC61189724C0 status=1 name=TransparentUpgradeableProxy verified=True src_len=36662
FeesVaultFactory_impl                      0x798561d239A46991377b934da48DDA0cF985aBbF status=1 name=FeesVaultFactoryUpgradeable verified=True src_len=86840
FeesVault_impl                             0x7B12E8Ed9740d9d190b498A9AAc3584D81C7cf03 status=1 name=FeesVaultUpgradeable verified=True src_len=90762
BribeFactory_proxy                         0x638e382300Ee2ece790164DAfAF7a9f16045621b status=1 name=TransparentUpgradeableProxy verified=True src_len=36662
BribeFactory_impl                          0xb63363E5C71148f4f6cc75d4EE1b7dcfc997a1CB status=1 name=BribeFactoryUpgradeable verified=True src_len=38642
Bribe_impl                                 0xd073c875AC73C5b93ec142675bB6A40134C3Cc64 status=1 name=BribeUpgradeable verified=True src_len=112278
ManagedNFTManager_proxy                    0x843d31e601b38F7207864457f0fB38E14441E792 status=1 name=TransparentUpgradeableProxy verified=True src_len=36662
ManagedNFTManager_impl                     0x481f9d30a70A90F6b50E4D1052323A8e79802972 status=1 name=ManagedNFTManagerUpgradeable verified=True src_len=108893
CompoundVeNESTStrategy_impl                0xb3B7F4f4B380ce53259170654Eed32c89B3BF5B5 status=1 name=CompoundVeNESTManagedNFTStrategyUpgradeable verified=True src_len=171874
CompoundVeNESTStrategyFactory_proxy        0x98fe2510DFcAdb52431C2A651E1ecfC46196fa87 status=1 name=TransparentUpgradeableProxy verified=True src_len=36662
CompoundVeNESTStrategyFactory_impl         0xC3fF1e8E73559f07C269031DC239f6eE42b6bBe4 status=1 name=CompoundVeNESTManagedNFTStrategyFactoryUpgradeable verified=True src_len=95831
CompoundEmissionExtension_proxy            0x1c925056A1a657a4cb70D677D8C21028233cA05D status=1 name=TransparentUpgradeableProxy verified=True src_len=36662
CompoundEmissionExtension_impl             0x550040864D272392D7c14Ab9bCFF4159952F881a status=1 name=CompoundEmissionExtensionUpgradeable verified=True src_len=131745
VeNestDistributor_proxy                    0x22350F14c6ee70992f1bbc7498e4C291B8B7682f status=1 name=TransparentUpgradeableProxy verified=True src_len=36662
VeNestDistributor_impl                     0x6D87bAD7b75499b84e3e28E618B43840F56ACd9A status=1 name=VeNestDistributorUpgradeable verified=True src_len=121964
NestRaise_proxy                            0xcd78D1A27320FeE9A03860172649b92A10aA3867 status=1 name=TransparentUpgradeableProxy verified=True src_len=36662
NestRaise_impl                             0x891ACb9f28985a40687d12d24F711824D00E98A5 status=1 name=NestRaiseUpgradeable verified=True src_len=106131
VeNestSplitMerklAirdrop_proxy              0xB97B9217B55F322F7105f34777Af9F63B3b720A6 status=1 name=TransparentUpgradeableProxy verified=True src_len=36662
VeNestSplitMerklAirdrop_impl               0x84daBa9c04733da41b9ff3b44F14CFa9C18d567D status=1 name=VeNestSplitMerklAidropUpgradeable verified=True src_len=98321
SingelTokenVirtualRewarder_impl            0xAF24Cf0Dd121B89DF98b9FAD2E05821bd08069DF status=1 name=SingelTokenVirtualRewarderUpgradeable verified=True src_len=43266
RouterV2                                   0xfDb34624506e9A0624AF60F85ebd9E44A0FD2a17 status=1 name=RouterV2 verified=True src_len=29979
UniswapV2PartialRouter                     0x3aED39FcD5742c3044faE2fdf0C307D2F205636F status=1 name= verified=False src_len=0
RouterV2PathProvider_proxy                 0xFF5a9613C6bcfF56da96d068326A9Bb998A67c9B status=1 name=TransparentUpgradeableProxy verified=True src_len=36662
RouterV2PathProvider_impl                  0x6d3cD36518c6800F6aa9d1Fd54276b5dd0Fee1c0 status=1 name=RouterV2PathProviderUpgradeable verified=True src_len=66191
PairAPI_proxy                              0x7D01900dE6101F842b01F5301910Dc401FbDcb79 status=1 name=TransparentUpgradeableProxy verified=True src_len=36662
PairAPI_impl                               0x4f0EC8880749F6F080515F1907964312220D97E3 status=1 name=PairAPIUpgradeable verified=True src_len=102399
RewardAPI_proxy                            0xf822375D86F74a147a3a4b2661E68376cD1EC677 status=1 name=TransparentUpgradeableProxy verified=True src_len=36662
RewardAPI_impl                             0xbfa705DbF2a72077F6C66230C901f54A3788BC7D status=1 name=RewardAPIUpgradeable verified=True src_len=106823
VeNFTAPI_proxy                             0x0cCbeFa11FfF9A37c8a14914F548B0664dD22b19 status=1 name=TransparentUpgradeableProxy verified=True src_len=36662
VeNFTAPI_impl                              0x862B14C353fE6789492de96ee2c42c31BF92a774 status=1 name=VeNFTAPIUpgradeable verified=True src_len=131184
BribeVeNESTRewardToken_proxy               0x224240310337462bdE7fEE244A6e07E35a231f47 status=1 name=TransparentUpgradeableProxy verified=True src_len=36662
BribeVeNESTRewardToken_impl                0xa2E33F280d93621d967d273e33998Da4935104BC status=1 name=BribeVeNESTRewardToken verified=True src_len=116673
CustomBribeRewardRouter_proxy              0x1Eb78Fb533e480436a2e10CA01F5e828A28b3DFb status=1 name=TransparentUpgradeableProxy verified=True src_len=36662
CustomBribeRewardRouter_impl               0x6e18a9B2fDB7915eCE11ef61aB59D43E611E7Eb5 status=1 name=CustomBribeRewardRouter verified=True src_len=153321
GetInformationAggregator_proxy             0xa6857656500eEf32D434F1a6c11C08B290672b98 status=1 name=TransparentUpgradeableProxy verified=True src_len=36662
GetInformationAggregator_impl              0x39B16A40263c68Bd25401281E8e9FE9e1D68e12A status=1 name=GetInformationAggregatorUpgradeable verified=True src_len=88256
Utils_proxy                                0xf9159f2e75163436e52986878B65a16b3eA8Cf81 status=1 name=TransparentUpgradeableProxy verified=True src_len=36662
Utils_impl                                 0x29290C57C883156f972f35D8b110613680a27D60 status=1 name=UtilsUpgradeable verified=True src_len=18042
ProxyAdmin                                 0xb688d5e73777DfaaDbD7c5Fe98Aee6F35CF20124 status=1 name=ProxyAdmin verified=True src_len=43569
VeArtProxyStatic                           0xBB3EB334412a8a7e8336cCBA98bdce5694708cE0 status=1 name=VeArtProxyStatic verified=True src_len=2335
VeArtProxy                                 0xF00037084e1C359f2Be067016C5E00CB945C494d status=1 name= verified=False src_len=0
AlgebraFactory_proxy                       0xF77Bd082c627aA54591cF2f2EaA811fd1AB3b1F3 status=1 name=TransparentUpgradeableProxy verified=True src_len=36641
AlgebraFactory_impl                        0xd99930FAE54B3Fbc237eB330527501237bB1B59E status=1 name=AlgebraFactoryUpgradeable verified=True src_len=124252
CLPoolDeployer                             0x3842CE04380B8655A3A47Ed87eA0D311ADCa161F status=1 name=AlgebraPoolDeployer verified=True src_len=175830
CLVault                                    0x15E408A37cE4D13218202C0054B0f485E38F5768 status=1 name=AlgebraCommunityVault verified=True src_len=35716
CLVaultFactory                             0x0136B1cde62210EA99a7c0482B9b6626809cc964 status=1 name= verified=False src_len=0
AlgebraBasePluginV1                        0x974f1Be2b28c455ee29af20152C112fEeE85e3C1 status=1 name=AlgebraBasePluginV1 verified=True src_len=142989
BasePluginV1Factory                        0x9F0B3984cE2496bDf9DB89701dF6BAc425FaAdD8 status=1 name=BasePluginV1Factory verified=True src_len=68963
SwapRouter                                 0xaA26B8e5Cadd04430c32787eCC3AA325e99681e9 status=1 name=SwapRouter verified=True src_len=104419
NonfungiblePositionManager                 0xEAF58788a405F3253814b4559391a22bE8616250 status=1 name=NonfungiblePositionManager verified=True src_len=215882
CLProxyAdmin                               0x45727c03B46970C64E4039B546E6bd1F9c9d92ab status=1 name=ProxyAdmin verified=True src_len=43426
TickLens                                   0x44f1292f550e33b2ecd346ac8746E405a351c2C5 status=1 name=TickLens verified=True src_len=67192
Quoter                                     0x89C3aB4F5342498e9EdAC5C43C07e9Bd9AE4DB78 status=1 name=Quoter verified=True src_len=77185
QuoterV2                                   0xBea20609A4772311c5b81F814Cd4f9ECaEF5DFAd status=1 name=QuoterV2 verified=True src_len=83818
done
