=== C2-30 humans verification 2026-10-09T14:47:10Z ===
C2-30 Humans CI evidence @ height 18477663 (2026-10-09T14:47:11.138390189Z)
bonded=1390479061.722524605337100705 HEART ($489369.3507328207140392956707509534832232725)
community_pool=0.000122418867333193452768453933973171 HEART ($4.30844615165065125875860019848902309816288898895E-8)
solo_quorum=697327337.26024507234623368689189189189189189189189 HEART ($245419.46418132450223592305410032802311797750000000)
top2=0.51113770257886814527559868166633879035166649576624 top4=0.72266894818034077734147119254804746268903728479391
onchain_float=75075909.994203898072099547 HEART cover=0.10766236454915476549148707775122267638803336874634
exit_liquidity_usd=24697.5248443425561862388319692256544
corpus_artifact_6dec_oct5_usd=50769.1844553611333687035894910622380795333716054 true_cp_usd=4.30844615165065125875860019848902309816288898895E-8
latent_upgrade_reachable_heart=1583666618.090884970475918158 ($557360.3558706676199564345834439703333004710)
VERDICT: capture uneconomic; CP = dust (corpus $50.7k was a 6-decimal misread)
exit 0
=== evidence.py exit: 0 ===
total 84
drwxr-xr-x 2 heisenberg heisenberg  4096 Oct  9 15:48 .
drwxr-xr-x 5 heisenberg heisenberg  4096 Oct  9 07:35 ..
-rw-r--r-- 1 heisenberg heisenberg 59346 Oct  9 15:48 evidence.json
-rw-r--r-- 1 heisenberg heisenberg  1021 Oct  9 15:48 evidence.log
-rw-r--r-- 1 heisenberg heisenberg  2223 Oct  9 15:48 model.json
-rw-r--r-- 1 heisenberg heisenberg  1066 Oct  9 15:48 model.md
-rw-r--r-- 1 heisenberg heisenberg  1111 Oct  9 15:48 runner.log
