[ci] pushed branch c-24
[ci] dispatching workflow...
[ci] run: https://github.com/kingmariano/ca-zombie-ci/actions/runs/37107857325
[ci] conclusion: failure
=== artifact contents ===
/home/heisenberg/CA/c-24/ci-artifacts/result-c-24/ci-out/gnosis_0x554d.json
/home/heisenberg/CA/c-24/ci-artifacts/result-c-24/ci-out/eth_0xe740.json
/home/heisenberg/CA/c-24/ci-artifacts/result-c-24/ci-out/poly_0x0360.json
/home/heisenberg/CA/c-24/ci-artifacts/result-c-24/ci-out/poly_v1_0xEb3a.json
/home/heisenberg/CA/c-24/ci-artifacts/result-c-24/ci-out/bsc_0x2D04.json
/home/heisenberg/CA/c-24/ci-artifacts/result-c-24/ci-out/03_postprocess.log
/home/heisenberg/CA/c-24/ci-artifacts/result-c-24/ci-out/gnosis_0x832C.json
/home/heisenberg/CA/c-24/ci-artifacts/result-c-24/ci-out/arb_0xdf17.json
/home/heisenberg/CA/c-24/ci-artifacts/result-c-24/ci-out/eth_0xBae2.json
/home/heisenberg/CA/c-24/ci-artifacts/result-c-24/ci-out/final_categories.json
/home/heisenberg/CA/c-24/ci-artifacts/result-c-24/ci-out/avax_0x10f4.json
/home/heisenberg/CA/c-24/ci-artifacts/result-c-24/ci-out/00_enumerate.log
/home/heisenberg/CA/c-24/ci-artifacts/result-c-24/ci-out/variant_probe.json
/home/heisenberg/CA/c-24/ci-artifacts/result-c-24/ci-out/v3_bsc.json
/home/heisenberg/CA/c-24/ci-artifacts/result-c-24/ci-out/01_value.log
/home/heisenberg/CA/c-24/ci-artifacts/result-c-24/ci-out/arb_0x51f4.json
/home/heisenberg/CA/c-24/ci-artifacts/result-c-24/ci-out/bsc_0x81E0.json
/home/heisenberg/CA/c-24/ci-artifacts/result-c-24/ci-out/eth_0x916a.json
/home/heisenberg/CA/c-24/ci-artifacts/result-c-24/ci-out/eth_0xc68C.json
/home/heisenberg/CA/c-24/ci-artifacts/result-c-24/ci-out/bsc_0x8655.json
/home/heisenberg/CA/c-24/ci-artifacts/result-c-24/ci-out/valuation_v3.json
/home/heisenberg/CA/c-24/ci-artifacts/result-c-24/ci-out/02_variant_probe.log
/home/heisenberg/CA/c-24/ci-artifacts/result-c-24/ci-out/valuation.json
/home/heisenberg/CA/c-24/ci-artifacts/result-c-24/ci-out/poly_0xb556.json
/home/heisenberg/CA/c-24/ci-artifacts/result-c-24/ci-out/poly_0x6FCC.json
/home/heisenberg/CA/c-24/ci-artifacts/result-c-24/ci-out/eth_v1_0x1Ba0.json
/home/heisenberg/CA/c-24/ci-artifacts/result-c-24/ci-out/bsc_0x5b5e.json
/home/heisenberg/CA/c-24/ci-artifacts/result-c-24/ci-out/bsc_v1_0xEb3a.json
/home/heisenberg/CA/c-24/ci-artifacts/result-c-24/ci-out/harmony_0x1345.json
/home/heisenberg/CA/c-24/ci-artifacts/result-c-24/ci-out/avax_0x77D0.json
/home/heisenberg/CA/c-24/ci-artifacts/result-c-24/ci-dispatch.log
/home/heisenberg/CA/c-24/ci-artifacts/result-c-24/analysis/sample_8655.log
/home/heisenberg/CA/c-24/ci-artifacts/result-c-24/analysis/v3_enum.log
/home/heisenberg/CA/c-24/ci-artifacts/result-c-24/analysis/sample_5b5e_c.log
/home/heisenberg/CA/c-24/ci-artifacts/result-c-24/analysis/sample_5b5e_b.log
/home/heisenberg/CA/c-24/ci-artifacts/result-c-24/analysis/sample_5b5e.log
/home/heisenberg/CA/c-24/ci-artifacts/result-c-24/analysis/probe_2D0454b.log
/home/heisenberg/CA/c-24/ci-artifacts/result-c-24/analysis/probe_2D0454.log
/home/heisenberg/CA/c-24/ci-artifacts/result-c-24/analysis/probe_81E0b.log
/home/heisenberg/CA/c-24/ci-artifacts/result-c-24/analysis/probe_81E0.log
=== tail of full log (/home/heisenberg/CA/c-24/ci-log.txt) ===
60.json
run	custom CI script	2026-10-03T07:53:47.3826825Z -rw-r--r-- 1 runner runner   32347 Oct  3 07:53 ci-out/poly_0x6FCC.json
run	custom CI script	2026-10-03T07:53:47.3827350Z -rw-r--r-- 1 runner runner     243 Oct  3 07:53 ci-out/poly_0xb556.json
run	custom CI script	2026-10-03T07:53:47.3827898Z -rw-r--r-- 1 runner runner   37762 Oct  3 07:53 ci-out/poly_v1_0xEb3a.json
run	custom CI script	2026-10-03T07:53:47.3828438Z -rw-r--r-- 1 runner runner 1208088 Oct  3 07:53 ci-out/v3_bsc.json
run	custom CI script	2026-10-03T07:53:47.3828980Z -rw-r--r-- 1 runner runner 3103473 Oct  3 07:53 ci-out/valuation.json
run	custom CI script	2026-10-03T07:53:47.3829517Z -rw-r--r-- 1 runner runner  160479 Oct  3 07:53 ci-out/valuation_v3.json
run	custom CI script	2026-10-03T07:53:47.3830071Z -rw-r--r-- 1 runner runner     250 Oct  3 07:53 ci-out/variant_probe.json
run	custom CI script	2026-10-03T07:53:47.3830744Z === C-24 post-process ===
run	custom CI script	2026-10-03T07:53:52.5794432Z {
run	custom CI script	2026-10-03T07:53:52.5795195Z  "E-U_theft": 0.0,
run	custom CI script	2026-10-03T07:53:52.5795722Z  "P": 745.27,
run	custom CI script	2026-10-03T07:53:52.5796154Z  "H-O": 7762158.29,
run	custom CI script	2026-10-03T07:53:52.5796598Z  "S": 3727220.51,
run	custom CI script	2026-10-03T07:53:52.5797066Z  "total_measured": 11490124.07
run	custom CI script	2026-10-03T07:53:52.5797554Z }
run	custom CI script	2026-10-03T07:53:52.5798292Z   bsc_v1_0xEb3a        buggy    custody=$  399,913.33 eu_theft=$      0.00 ho=$  394,136.12 p=$   745.27 s=$    5,777.21
run	custom CI script	2026-10-03T07:53:52.5799473Z   bsc_0x8655           fixed    custody=$3,647,505.75 eu_theft=$      0.00 ho=$1,869,373.01 p=$     0.00 s=$1,778,132.74
run	custom CI script	2026-10-03T07:53:52.5800810Z   bsc_0x5b5e           fixed    custody=$3,098,941.95 eu_theft=$      0.00 ho=$2,123,755.30 p=$     0.00 s=$  975,186.65
run	custom CI script	2026-10-03T07:53:52.5802149Z   bsc_0x2D04           variant  custody=$        0.00 eu_theft=$      0.00 ho=$        0.00 p=$     0.00 s=$        0.00
run	custom CI script	2026-10-03T07:53:52.5803369Z   bsc_0x81E0           variant  custody=$        0.00 eu_theft=$      0.00 ho=$        0.00 p=$     0.00 s=$        0.00
run	custom CI script	2026-10-03T07:53:52.5804771Z   eth_v1_0x1Ba0        buggy    custody=$        0.00 eu_theft=$      0.00 ho=$        0.00 p=$     0.00 s=$        0.00
run	custom CI script	2026-10-03T07:53:52.5806083Z   eth_0xc68C           fixed    custody=$        0.00 eu_theft=$      0.00 ho=$        0.00 p=$     0.00 s=$        0.00
run	custom CI script	2026-10-03T07:53:52.5807362Z   eth_0xe740           fixed    custody=$        0.00 eu_theft=$      0.00 ho=$        0.00 p=$     0.00 s=$        0.00
run	custom CI script	2026-10-03T07:53:52.5808662Z   eth_0x916a           variant  custody=$        0.00 eu_theft=$      0.00 ho=$        0.00 p=$     0.00 s=$        0.00
run	custom CI script	2026-10-03T07:53:52.5809966Z   eth_0xBae2           variant  custody=$        0.00 eu_theft=$      0.00 ho=$        0.00 p=$     0.00 s=$        0.00
run	custom CI script	2026-10-03T07:53:52.5811263Z   poly_v1_0xEb3a       buggy    custody=$    5,274.17 eu_theft=$      0.00 ho=$    5,274.17 p=$     0.00 s=$        0.00
run	custom CI script	2026-10-03T07:53:52.5812468Z   poly_0x6FCC          fixed    custody=$    2,961.03 eu_theft=$      0.00 ho=$    2,481.01 p=$     0.00 s=$      480.02
run	custom CI script	2026-10-03T07:53:52.5813738Z   poly_0x0360          fixed    custody=$    5,312.13 eu_theft=$      0.00 ho=$    4,144.23 p=$     0.00 s=$    1,167.90
run	custom CI script	2026-10-03T07:53:52.5815360Z   poly_0xb556          variant  custody=$        0.00 eu_theft=$      0.00 ho=$        0.00 p=$     0.00 s=$        0.00
run	custom CI script	2026-10-03T07:53:52.5816616Z   arb_0x51f4           fixed    custody=$    3,839.03 eu_theft=$      0.00 ho=$    3,839.03 p=$     0.00 s=$        0.00
run	custom CI script	2026-10-03T07:53:52.5817844Z   avax_0x77D0          fixed    custody=$    8,178.25 eu_theft=$      0.00 ho=$    7,871.59 p=$     0.00 s=$      306.66
run	custom CI script	2026-10-03T07:53:52.5819396Z   avax_0x10f4          variant  custody=$        0.00 eu_theft=$      0.00 ho=$        0.00 p=$     0.00 s=$        0.00
run	custom CI script	2026-10-03T07:53:52.5820722Z   gnosis_0x832C        fixed    custody=$        0.00 eu_theft=$      0.00 ho=$        0.00 p=$     0.00 s=$        0.00
run	custom CI script	2026-10-03T07:53:52.5822009Z   gnosis_0x554d        variant  custody=$        0.00 eu_theft=$      0.00 ho=$        0.00 p=$     0.00 s=$        0.00
run	custom CI script	2026-10-03T07:53:52.5823231Z   v3: {'custody_usd': 4317453.16, 'ho_usd': 3351283.83, 'future_usd': 966169.33}
run	custom CI script	2026-10-03T07:53:52.5824025Z   theft candidates >$100: 0
run	custom CI script	2026-10-03T07:53:52.5853389Z === ci-out ===
run	custom CI script	2026-10-03T07:53:52.5871835Z total 13524
run	custom CI script	2026-10-03T07:53:52.5872407Z drwxr-xr-x 2 runner runner    4096 Oct  3 07:53 .
run	custom CI script	2026-10-03T07:53:52.5872900Z drwxr-xr-x 6 runner runner    4096 Oct  3 07:53 ..
run	custom CI script	2026-10-03T07:53:52.5873717Z -rw-r--r-- 1 runner runner    1616 Oct  3 07:53 00_enumerate.log
run	custom CI script	2026-10-03T07:53:52.5874846Z -rw-r--r-- 1 runner runner    1561 Oct  3 07:53 01_value.log
run	custom CI script	2026-10-03T07:53:52.5875774Z -rw-r--r-- 1 runner runner     151 Oct  3 07:53 02_variant_probe.log
run	custom CI script	2026-10-03T07:53:52.5876461Z -rw-r--r-- 1 runner runner    2514 Oct  3 07:53 03_postprocess.log
run	custom CI script	2026-10-03T07:53:52.5876975Z -rw-r--r-- 1 runner runner    7717 Oct  3 07:53 arb_0x51f4.json
run	custom CI script	2026-10-03T07:53:52.5877699Z -rw-r--r-- 1 runner runner     207 Oct  3 07:53 arb_0xdf17.json
run	custom CI script	2026-10-03T07:53:52.5878178Z -rw-r--r-- 1 runner runner     224 Oct  3 07:53 avax_0x10f4.json
run	custom CI script	2026-10-03T07:53:52.5878904Z -rw-r--r-- 1 runner runner  217439 Oct  3 07:53 avax_0x77D0.json
run	custom CI script	2026-10-03T07:53:52.5879742Z -rw-r--r-- 1 runner runner     240 Oct  3 07:53 bsc_0x2D04.json
run	custom CI script	2026-10-03T07:53:52.5880572Z -rw-r--r-- 1 runner runner 4709960 Oct  3 07:53 bsc_0x5b5e.json
run	custom CI script	2026-10-03T07:53:52.5881061Z -rw-r--r-- 1 runner runner     247 Oct  3 07:53 bsc_0x81E0.json
run	custom CI script	2026-10-03T07:53:52.5881531Z -rw-r--r-- 1 runner runner 1111686 Oct  3 07:53 bsc_0x8655.json
run	custom CI script	2026-10-03T07:53:52.5882017Z -rw-r--r-- 1 runner runner 3126953 Oct  3 07:53 bsc_v1_0xEb3a.json
run	custom CI script	2026-10-03T07:53:52.5882518Z -rw-r--r-- 1 runner runner     167 Oct  3 07:53 eth_0x916a.json
run	custom CI script	2026-10-03T07:53:52.5882978Z -rw-r--r-- 1 runner runner     167 Oct  3 07:53 eth_0xBae2.json
run	custom CI script	2026-10-03T07:53:52.5883440Z -rw-r--r-- 1 runner runner     167 Oct  3 07:53 eth_0xc68C.json
run	custom CI script	2026-10-03T07:53:52.5883901Z -rw-r--r-- 1 runner runner     167 Oct  3 07:53 eth_0xe740.json
run	custom CI script	2026-10-03T07:53:52.5884371Z -rw-r--r-- 1 runner runner     167 Oct  3 07:53 eth_v1_0x1Ba0.json
run	custom CI script	2026-10-03T07:53:52.5885153Z -rw-r--r-- 1 runner runner    3859 Oct  3 07:53 final_categories.json
run	custom CI script	2026-10-03T07:53:52.5885688Z -rw-r--r-- 1 runner runner     207 Oct  3 07:53 gnosis_0x554d.json
run	custom CI script	2026-10-03T07:53:52.5886190Z -rw-r--r-- 1 runner runner     226 Oct  3 07:53 gnosis_0x832C.json
run	custom CI script	2026-10-03T07:53:52.5886685Z -rw-r--r-- 1 runner runner     227 Oct  3 07:53 harmony_0x1345.json
run	custom CI script	2026-10-03T07:53:52.5887181Z -rw-r--r-- 1 runner runner   26131 Oct  3 07:53 poly_0x0360.json
run	custom CI script	2026-10-03T07:53:52.5887684Z -rw-r--r-- 1 runner runner   32347 Oct  3 07:53 poly_0x6FCC.json
run	custom CI script	2026-10-03T07:53:52.5888157Z -rw-r--r-- 1 runner runner     243 Oct  3 07:53 poly_0xb556.json
run	custom CI script	2026-10-03T07:53:52.5888682Z -rw-r--r-- 1 runner runner   37762 Oct  3 07:53 poly_v1_0xEb3a.json
run	custom CI script	2026-10-03T07:53:52.5889203Z -rw-r--r-- 1 runner runner 1208088 Oct  3 07:53 v3_bsc.json
run	custom CI script	2026-10-03T07:53:52.5889690Z -rw-r--r-- 1 runner runner 3103473 Oct  3 07:53 valuation.json
run	custom CI script	2026-10-03T07:53:52.5890187Z -rw-r--r-- 1 runner runner  160479 Oct  3 07:53 valuation_v3.json
run	custom CI script	2026-10-03T07:53:52.5890698Z -rw-r--r-- 1 runner runner     250 Oct  3 07:53 variant_probe.json
run	foundry tests	﻿2026-10-03T07:53:52.6468252Z ##[group]Run forge test -vvv
run	foundry tests	2026-10-03T07:53:52.6468665Z [36;1mforge test -vvv[0m
run	foundry tests	2026-10-03T07:53:52.6534028Z shell: /usr/bin/bash -e {0}
run	foundry tests	2026-10-03T07:53:52.6534382Z env:
run	foundry tests	2026-10-03T07:53:52.6535402Z   RPC_URL: ***
run	foundry tests	2026-10-03T07:53:52.6536017Z   BLOCKPI_RPC_URL: ***
run	foundry tests	2026-10-03T07:53:52.6536578Z   NODEREAL_ETH_RPC_URL: ***
run	foundry tests	2026-10-03T07:53:52.6537020Z   ETHERSCANV2_API_KEY: ***
run	foundry tests	2026-10-03T07:53:52.6537639Z   GOLD_RUSH_API_KEY: ***
run	foundry tests	2026-10-03T07:53:52.6538024Z   ALCHEMY_API_KEY: ***
run	foundry tests	2026-10-03T07:53:52.6538504Z   ANKR_API_KEY: ***
run	foundry tests	2026-10-03T07:53:52.6538907Z   DRPC_API_KEY: ***
run	foundry tests	2026-10-03T07:53:52.6539273Z   INFURA_API_KEY: ***
run	foundry tests	2026-10-03T07:53:52.6539664Z   DUNE_API_KEY: ***
run	foundry tests	2026-10-03T07:53:52.6540022Z   ARB_RPC_URL: ***
run	foundry tests	2026-10-03T07:53:52.6540384Z   BSC_RPC_URL: ***
run	foundry tests	2026-10-03T07:53:52.6540747Z   BASE_RPC_URL: ***
run	foundry tests	2026-10-03T07:53:52.6541117Z   OP_RPC_URL: ***
run	foundry tests	2026-10-03T07:53:52.6541509Z   POLYGON_RPC_URL: ***
run	foundry tests	2026-10-03T07:53:52.6541901Z   FANTOM_RPC_URL: ***
run	foundry tests	2026-10-03T07:53:52.6542292Z   CRONOS_RPC_URL: ***
run	foundry tests	2026-10-03T07:53:52.6542727Z   MOONRIVER_RPC_URL: ***
run	foundry tests	2026-10-03T07:53:52.6543104Z   GNOSIS_RPC_URL: ***
run	foundry tests	2026-10-03T07:53:52.6543481Z   SONIC_RPC_URL: ***
run	foundry tests	2026-10-03T07:53:52.6543788Z   FOUNDRY_FUZZ_RUNS: 256
run	foundry tests	2026-10-03T07:53:52.6544162Z   FORK_RPC_URL: https://ethereum-rpc.publicnode.com
run	foundry tests	2026-10-03T07:53:52.6544800Z ##[endgroup]
run	foundry tests	2026-10-03T07:53:53.0369919Z Compiling 19 files with Solc 0.8.24
run	foundry tests	2026-10-03T07:53:54.3673386Z Solc 0.8.24 finished in 1.33s
run	foundry tests	2026-10-03T07:53:54.3741642Z Compiler run successful!
run	foundry tests	2026-10-03T07:53:54.5523927Z [2m2026-10-03T07:53:54.551862Z[0m [31mERROR[0m [2msharedbackend[0m[2m:[0m Failed to send/recv `basic` [3merr[0m[2m=[0mfailed to get account for 0x8C528eE20C1879db58BB48BaDc1e9d194C7C0fa6: server returned an error response: error code -32001: block not found: hash 0x753d770e744b6338f2d6660979aaa656acd77a761b2a1c6e88a2fab6c71bc8aa [3maddress[0m[2m=[0m0x8C528eE20C1879db58BB48BaDc1e9d194C7C0fa6
run	foundry tests	2026-10-03T07:53:54.5706226Z [2m2026-10-03T07:53:54.570216Z[0m [31mERROR[0m [2msharedbackend[0m[2m:[0m Failed to send/recv `basic` [3merr[0m[2m=[0mfailed to get account for 0xF8de5e61322302b2c6e0a525cC842F10332811bf: server returned an error response: error code -32001: block not found: hash 0x753d770e744b6338f2d6660979aaa656acd77a761b2a1c6e88a2fab6c71bc8aa [3maddress[0m[2m=[0m0xF8de5e61322302b2c6e0a525cC842F10332811bf
run	foundry tests	2026-10-03T07:53:55.1272542Z [2m2026-10-03T07:53:55.126942Z[0m [31mERROR[0m [2msharedbackend[0m[2m:[0m Failed to send/recv `basic` [3merr[0m[2m=[0mfailed to get account for 0x56C979C653Fc1a01aA8EE7913613FA9Cdb831936: server returned an error response: error code -32001: block not found: hash 0x3f8d40df9301b82e5beeada786e15517c8d4e7b6c9762d5272da0361780ced58 [3maddress[0m[2m=[0m0x56C979C653Fc1a01aA8EE7913613FA9Cdb831936
run	foundry tests	2026-10-03T07:53:56.7235231Z 
run	foundry tests	2026-10-03T07:53:56.7235738Z Ran 12 tests for test/DxSaleC24.t.sol:DxSaleC24Test
run	foundry tests	2026-10-03T07:53:56.7236294Z [PASS] test_fixed_5b5e_expired_single_claim() (gas: 128850)
run	foundry tests	2026-10-03T07:53:56.7236835Z [PASS] test_fixed_5b5e_future_lock_reverts() (gas: 48820)
run	foundry tests	2026-10-03T07:53:56.7237373Z [PASS] test_fixed_5b5e_platformRelease_nonowner_reverts() (gas: 32507)
run	foundry tests	2026-10-03T07:53:56.7238796Z [FAIL: EVM error; database error: failed to get account for 0xF8de5e61322302b2c6e0a525cC842F10332811bf: server returned an error response: error code -32001: block not found: hash 0x753d770e744b6338f2d6660979aaa656acd77a761b2a1c6e88a2fab6c71bc8aa] test_fixed_5b5e_platformRelease_pays_user_not_owner() (gas: 0)
run	foundry tests	2026-10-03T07:53:56.7240200Z [PASS] test_fixed_8655_future_lock_reverts() (gas: 48853)
run	foundry tests	2026-10-03T07:53:56.7240657Z [PASS] test_live_state_bsc_lockers() (gas: 177213)
run	foundry tests	2026-10-03T07:53:56.7241028Z Logs:
run	foundry tests	2026-10-03T07:53:56.7241298Z   block: 125447781
run	foundry tests	2026-10-03T07:53:56.7241664Z   locker: 0xEb3a9C56d963b971d320f889bE2fb8B59853e449
run	foundry tests	2026-10-03T07:53:56.7242121Z     owner: 0xC4574DDEF299e7E563971e200433e592EeaaFA69
run	foundry tests	2026-10-03T07:53:56.7242541Z     lockFees: 1000000000000000000000000000000000
run	foundry tests	2026-10-03T07:53:56.7250812Z     lockerNumberOpen: 9749
run	foundry tests	2026-10-03T07:53:56.7251516Z   locker: 0x8655E5c4D701186D16765d1CDcef6D5287E4679a
run	foundry tests	2026-10-03T07:53:56.7252284Z     owner: 0xC4574DDEF299e7E563971e200433e592EeaaFA69
run	foundry tests	2026-10-03T07:53:56.7252779Z     lockFees: 10000000000000000000000000000000000000000000000
run	foundry tests	2026-10-03T07:53:56.7253217Z     lockerNumberOpen: 3363
run	foundry tests	2026-10-03T07:53:56.7253842Z   locker: 0x5b5e94485c9628793B01A38762921Dc37B6829b6
run	foundry tests	2026-10-03T07:53:56.7254300Z     owner: 0xC4574DDEF299e7E563971e200433e592EeaaFA69
run	foundry tests	2026-10-03T07:53:56.7255075Z     lockFees: 100000000000000000000000000000000000000
run	foundry tests	2026-10-03T07:53:56.7255478Z     lockerNumberOpen: 14223
run	foundry tests	2026-10-03T07:53:56.7255871Z   locker: 0x2D045410f002A95EFcEE67759A92518fA3FcE677
run	foundry tests	2026-10-03T07:53:56.7256305Z     owner: 0xC4574DDEF299e7E563971e200433e592EeaaFA69
run	foundry tests	2026-10-03T07:53:56.7256724Z     lockFees: 10000000000000000000000000000000
run	foundry tests	2026-10-03T07:53:56.7257104Z     lockerNumberOpen: 4938
run	foundry tests	2026-10-03T07:53:56.7257487Z   locker: 0x81E0eF68e103Ee65002d3Cf766240eD1c070334d
run	foundry tests	2026-10-03T07:53:56.7257925Z     owner: 0xC4574DDEF299e7E563971e200433e592EeaaFA69
run	foundry tests	2026-10-03T07:53:56.7258399Z     lockFees: 100000000000000000000000000000000000000
run	foundry tests	2026-10-03T07:53:56.7258877Z     lockerNumberOpen: 3970
run	foundry tests	2026-10-03T07:53:56.7259085Z 
run	foundry tests	2026-10-03T07:53:56.7259289Z [PASS] test_v1_current_fee_blocks_creation() (gas: 60569)
run	foundry tests	2026-10-03T07:53:56.7259695Z Logs:
run	foundry tests	2026-10-03T07:53:56.7260022Z   v1 lockFees: 1000000000000000000000000000000000
run	foundry tests	2026-10-03T07:53:56.7263774Z 
run	foundry tests	2026-10-03T07:53:56.7264383Z [PASS] test_v1_historical_unprivileged_replay() (gas: 5062)
run	foundry tests	2026-10-03T07:53:56.7265218Z Logs:
run	foundry tests	2026-10-03T07:53:56.7265593Z   skipped: set ARCHIVE_FORK_BLOCK (archive RPC) to run
run	foundry tests	2026-10-03T07:53:56.7266042Z 
run	foundry tests	2026-10-03T07:53:56.7266408Z [PASS] test_v1_owner_rearm_replay_drains() (gas: 1601638)
run	foundry tests	2026-10-03T07:53:56.7267180Z Logs:
run	foundry tests	2026-10-03T07:53:56.7267691Z   v1 replay calls: 10
run	foundry tests	2026-10-03T07:53:56.7268339Z   v1 replay gained (MSVP wei): 10000000000000000
run	foundry tests	2026-10-03T07:53:56.7269069Z   v1 locker remaining: 788271767346241944
run	foundry tests	2026-10-03T07:53:56.7269492Z 
run	foundry tests	2026-10-03T07:53:56.7269867Z [PASS] test_v1_real_record_replay_is_self_funds() (gas: 198289)
run	foundry tests	2026-10-03T07:53:56.7270598Z Logs:
run	foundry tests	2026-10-03T07:53:56.7271137Z   real-record replay gained: 89442719099989586
run	foundry tests	2026-10-03T07:53:56.7271837Z   locker balance before: 152203354178845283
run	foundry tests	2026-10-03T07:53:56.7272378Z   record0+record1: 152203354178845283
run	foundry tests	2026-10-03T07:53:56.7272609Z 
run	foundry tests	2026-10-03T07:53:56.7273679Z [FAIL: vm.prank: failed to get account for 0x56C979C653Fc1a01aA8EE7913613FA9Cdb831936: server returned an error response: error code -32001: block not found: hash 0x3f8d40df9301b82e5beeada786e15517c8d4e7b6c9762d5272da0361780ced58] test_variant_2d04_unlockable_record_replay() (block: 125447781) (gas: 96576)
run	foundry tests	2026-10-03T07:53:56.7275794Z Traces:
run	foundry tests	2026-10-03T07:53:56.7279084Z   [96576] DxSaleC24Test::test_variant_2d04_unlockable_record_replay()
run	foundry tests	2026-10-03T07:53:56.7281063Z     ├─ [0] VM::envOr("BSC_RPC_URL", "***") [staticcall]
run	foundry tests	2026-10-03T07:53:56.7282005Z     │   └─ ← [Return] <env var value>
run	foundry tests	2026-10-03T07:53:56.7283065Z     ├─ [0] VM::createSelectFork("<rpc url>")
run	foundry tests	2026-10-03T07:53:56.7283671Z     │   └─ ← [Return] 0
run	foundry tests	2026-10-03T07:53:56.7285227Z     ├─ [2469] 0x2D045410f002A95EFcEE67759A92518fA3FcE677::LockerRecord(0) [staticcall]
run	foundry tests	2026-10-03T07:53:56.7286381Z     │   └─ ← [Return] 0x3Cb0E326Ef080C65658DF2486bf336bd4AbD1eE3
run	foundry tests	2026-10-03T07:53:56.7287049Z     ├─ [0] VM::prank(0x3Cb0E326Ef080C65658DF2486bf336bd4AbD1eE3)
run	foundry tests	2026-10-03T07:53:56.7287511Z     │   └─ ← [Return]
run	foundry tests	2026-10-03T07:53:56.7288052Z     ├─ [24066] 0x2D045410f002A95EFcEE67759A92518fA3FcE677::unlockToken(0)
run	foundry tests	2026-10-03T07:53:56.7288662Z     │   └─ ← [Revert] err: LockDep - user's tokens are not locked!
run	foundry tests	2026-10-03T07:53:56.7289269Z     ├─ [0] VM::prank(0x3Cb0E326Ef080C65658DF2486bf336bd4AbD1eE3)
run	foundry tests	2026-10-03T07:53:56.7289712Z     │   └─ ← [Return]
run	foundry tests	2026-10-03T07:53:56.7290231Z     ├─ [23804] 0x2D045410f002A95EFcEE67759A92518fA3FcE677::unlockToken(1)
run	foundry tests	2026-10-03T07:53:56.7290815Z     │   └─ ← [Revert] err: LockDep - user doesnt have a locker!
run	foundry tests	2026-10-03T07:53:56.7291636Z     ├─ [0] VM::prank(0x3Cb0E326Ef080C65658DF2486bf336bd4AbD1eE3)
run	foundry tests	2026-10-03T07:53:56.7292077Z     │   └─ ← [Return]
run	foundry tests	2026-10-03T07:53:56.7292588Z     ├─ [23804] 0x2D045410f002A95EFcEE67759A92518fA3FcE677::unlockToken(2)
run	foundry tests	2026-10-03T07:53:56.7293161Z     │   └─ ← [Revert] err: LockDep - user doesnt have a locker!
run	foundry tests	2026-10-03T07:53:56.7293981Z     ├─ [2469] 0x2D045410f002A95EFcEE67759A92518fA3FcE677::LockerRecord(1) [staticcall]
run	foundry tests	2026-10-03T07:53:56.7294951Z     │   └─ ← [Return] 0x56C979C653Fc1a01aA8EE7913613FA9Cdb831936
run	foundry tests	2026-10-03T07:53:56.7296009Z     ├─ [0] VM::prank(0x56C979C653Fc1a01aA8EE7913613FA9Cdb831936)
run	foundry tests	2026-10-03T07:53:56.7299519Z     │   └─ ← [Revert] vm.prank: failed to get account for 0x56C979C653Fc1a01aA8EE7913613FA9Cdb831936: server returned an error response: error code -32001: block not found: hash 0x3f8d40df9301b82e5beeada786e15517c8d4e7b6c9762d5272da0361780ced58
run	foundry tests	2026-10-03T07:53:56.7304181Z     └─ ← [Revert] vm.prank: failed to get account for 0x56C979C653Fc1a01aA8EE7913613FA9Cdb831936: server returned an error response: error code -32001: block not found: hash 0x3f8d40df9301b82e5beeada786e15517c8d4e7b6c9762d5272da0361780ced58
run	foundry tests	2026-10-03T07:53:56.7310043Z 
run	foundry tests	2026-10-03T07:53:56.7310195Z Backtrace:
run	foundry tests	2026-10-03T07:53:56.7310509Z   at VM.prank
run	foundry tests	2026-10-03T07:53:56.7310908Z   at DxSaleC24Test.test_variant_2d04_unlockable_record_replay
run	foundry tests	2026-10-03T07:53:56.7311252Z 
run	foundry tests	2026-10-03T07:53:56.7311487Z [PASS] test_variant_81e0_unlockable_record_replay() (gas: 313574)
run	foundry tests	2026-10-03T07:53:56.7311951Z Logs:
run	foundry tests	2026-10-03T07:53:56.7312360Z   variant 81E0 unlockable wallet: 0xc329f8fFA94590128135b85C8b68E0D7AdFf906D
run	foundry tests	2026-10-03T07:53:56.7312943Z   index: 0
run	foundry tests	2026-10-03T07:53:56.7313396Z   transfer events call1: 1
run	foundry tests	2026-10-03T07:53:56.7313803Z     token: 0xd3D3968D30A74B85f53FD704Fc2A8D02b24AAaFc
run	foundry tests	2026-10-03T07:53:56.7314241Z   call1 transfer amount: 684552570000000000000
run	foundry tests	2026-10-03T07:53:56.7314867Z   transfer events call2: 0
run	foundry tests	2026-10-03T07:53:56.7315220Z   second call result: revert (consumed)
run	foundry tests	2026-10-03T07:53:56.7315659Z   third-party caller result: revert (caller-scoped)
run	foundry tests	2026-10-03T07:53:56.7315937Z 
run	foundry tests	2026-10-03T07:53:56.7316229Z Suite result: FAILED. 10 passed; 2 failed; 0 skipped; finished in 2.34s (5.18s CPU time)
run	foundry tests	2026-10-03T07:53:56.7316631Z 
run	foundry tests	2026-10-03T07:53:56.7316931Z Ran 1 test suite in 2.34s (2.34s CPU time): 10 tests passed, 2 failed, 0 skipped (12 total tests)
run	foundry tests	2026-10-03T07:53:56.7326845Z 
run	foundry tests	2026-10-03T07:53:56.7327200Z Failing tests:
run	foundry tests	2026-10-03T07:53:56.7327938Z Encountered 2 failing tests in test/DxSaleC24.t.sol:DxSaleC24Test
run	foundry tests	2026-10-03T07:53:56.7330480Z [FAIL: EVM error; database error: failed to get account for 0xF8de5e61322302b2c6e0a525cC842F10332811bf: server returned an error response: error code -32001: block not found: hash 0x753d770e744b6338f2d6660979aaa656acd77a761b2a1c6e88a2fab6c71bc8aa] test_fixed_5b5e_platformRelease_pays_user_not_owner() (gas: 0)
run	foundry tests	2026-10-03T07:53:56.7333160Z [FAIL: vm.prank: failed to get account for 0x56C979C653Fc1a01aA8EE7913613FA9Cdb831936: server returned an error response: error code -32001: block not found: hash 0x3f8d40df9301b82e5beeada786e15517c8d4e7b6c9762d5272da0361780ced58] test_variant_2d04_unlockable_record_replay() (block: 125447781) (gas: 96576)
run	foundry tests	2026-10-03T07:53:56.7334911Z 
run	foundry tests	2026-10-03T07:53:56.7335135Z Encountered a total of 2 failing tests, 10 tests succeeded
run	foundry tests	2026-10-03T07:53:56.7335449Z 
run	foundry tests	2026-10-03T07:53:56.7335664Z Tip: Run `forge test --rerun` to retry only the 2 failed tests
run	foundry tests	2026-10-03T07:53:56.7336658Z Tip: Run `forge test --debug --match-test <TEST_NAME>` to inspect one failing test in the debugger
run	foundry tests	2026-10-03T07:53:56.7370983Z ##[error]Process completed with exit code 1.
run	upload results	﻿2026-10-03T07:53:56.7457745Z ##[group]Run actions/upload-artifact@v4
run	upload results	2026-10-03T07:53:56.7458149Z with:
run	upload results	2026-10-03T07:53:56.7458450Z   name: result-c-24
run	upload results	2026-10-03T07:53:56.7458782Z   path: c-24/ci-out/**
run	upload results	c-24/**/*.log
run	upload results	
run	upload results	2026-10-03T07:53:56.7459151Z   if-no-files-found: ignore
run	upload results	2026-10-03T07:53:56.7459485Z   retention-days: 7
run	upload results	2026-10-03T07:53:56.7459796Z   compression-level: 6
run	upload results	2026-10-03T07:53:56.7460116Z   overwrite: false
run	upload results	2026-10-03T07:53:56.7460431Z   include-hidden-files: false
run	upload results	2026-10-03T07:53:56.7460771Z env:
run	upload results	2026-10-03T07:53:56.7461144Z   RPC_URL: ***
run	upload results	2026-10-03T07:53:56.7461697Z   BLOCKPI_RPC_URL: ***
run	upload results	2026-10-03T07:53:56.7462223Z   NODEREAL_ETH_RPC_URL: ***
run	upload results	2026-10-03T07:53:56.7462647Z   ETHERSCANV2_API_KEY: ***
run	upload results	2026-10-03T07:53:56.7463236Z   GOLD_RUSH_API_KEY: ***
run	upload results	2026-10-03T07:53:56.7463627Z   ALCHEMY_API_KEY: ***
run	upload results	2026-10-03T07:53:56.7464113Z   ANKR_API_KEY: ***
run	upload results	2026-10-03T07:53:56.7464857Z   DRPC_API_KEY: ***
run	upload results	2026-10-03T07:53:56.7465285Z   INFURA_API_KEY: ***
run	upload results	2026-10-03T07:53:56.7465676Z   DUNE_API_KEY: ***
run	upload results	2026-10-03T07:53:56.7466060Z   ARB_RPC_URL: ***
run	upload results	2026-10-03T07:53:56.7466422Z   BSC_RPC_URL: ***
run	upload results	2026-10-03T07:53:56.7466782Z   BASE_RPC_URL: ***
run	upload results	2026-10-03T07:53:56.7467155Z   OP_RPC_URL: ***
run	upload results	2026-10-03T07:53:56.7467549Z   POLYGON_RPC_URL: ***
run	upload results	2026-10-03T07:53:56.7467938Z   FANTOM_RPC_URL: ***
run	upload results	2026-10-03T07:53:56.7468325Z   CRONOS_RPC_URL: ***
run	upload results	2026-10-03T07:53:56.7468715Z   MOONRIVER_RPC_URL: ***
run	upload results	2026-10-03T07:53:56.7469103Z   GNOSIS_RPC_URL: ***
run	upload results	2026-10-03T07:53:56.7469474Z   SONIC_RPC_URL: ***
run	upload results	2026-10-03T07:53:56.7469782Z   FOUNDRY_FUZZ_RUNS: 256
run	upload results	2026-10-03T07:53:56.7470161Z   FORK_RPC_URL: https://ethereum-rpc.publicnode.com
run	upload results	2026-10-03T07:53:56.7470574Z ##[endgroup]
run	upload results	2026-10-03T07:53:56.9108150Z (node:2492) [DEP0040] DeprecationWarning: The `punycode` module is deprecated. Please use a userland alternative instead.
run	upload results	2026-10-03T07:53:56.9109138Z (Use `node --trace-deprecation ...` to show where the warning was created)
run	upload results	2026-10-03T07:53:56.9509401Z With the provided path, there will be 42 files uploaded
run	upload results	2026-10-03T07:53:56.9515629Z Artifact name is valid!
run	upload results	2026-10-03T07:53:56.9516566Z Root directory input is valid!
run	upload results	2026-10-03T07:53:57.1478842Z Beginning upload of artifact content to blob storage
run	upload results	2026-10-03T07:53:57.4475165Z (node:2492) [DEP0169] DeprecationWarning: `url.parse()` behavior is not standardized and prone to errors that have security implications. Use the WHATWG URL API instead. CVEs are not issued for `url.parse()` vulnerabilities.
run	upload results	2026-10-03T07:53:57.6109257Z Uploaded bytes 3121060
run	upload results	2026-10-03T07:53:57.6304293Z Finished uploading artifact content to blob storage!
run	upload results	2026-10-03T07:53:57.6306157Z SHA256 digest of uploaded artifact zip is 4fae8e9e549b1f9c3b71751fa24255fbed68723b39d5e910760c1e959470dffa
run	upload results	2026-10-03T07:53:57.6308192Z Finalizing artifact upload
run	upload results	2026-10-03T07:53:57.8177377Z Artifact result-c-24.zip successfully finalized. Artifact ID 11268367524
run	upload results	2026-10-03T07:53:57.8178782Z Artifact result-c-24 has been successfully uploaded! Final size is 3121060 bytes. Artifact ID is 11268367524
run	upload results	2026-10-03T07:53:57.8185100Z Artifact download URL: https://github.com/kingmariano/ca-zombie-ci/actions/runs/37107857325/artifacts/11268367524
run	Post Run actions/checkout@v4	﻿2026-10-03T07:53:57.8391272Z Post job cleanup.
run	Post Run actions/checkout@v4	2026-10-03T07:53:57.9241793Z [command]/usr/bin/git version
run	Post Run actions/checkout@v4	2026-10-03T07:53:57.9286016Z git version 2.55.0
run	Post Run actions/checkout@v4	2026-10-03T07:53:57.9324021Z Temporarily overriding HOME='/home/runner/work/_temp/60056db1-014e-4675-b1cc-33f7c1ed9ff2' before making global git config changes
run	Post Run actions/checkout@v4	2026-10-03T07:53:57.9325724Z Adding repository directory to the temporary git global config as a safe directory
run	Post Run actions/checkout@v4	2026-10-03T07:53:57.9330706Z [command]/usr/bin/git config --global --add safe.directory /home/runner/work/ca-zombie-ci/ca-zombie-ci
run	Post Run actions/checkout@v4	2026-10-03T07:53:57.9369746Z [command]/usr/bin/git config --local --name-only --get-regexp core\.sshCommand
run	Post Run actions/checkout@v4	2026-10-03T07:53:57.9405496Z [command]/usr/bin/git submodule foreach --recursive sh -c "git config --local --name-only --get-regexp 'core\.sshCommand' && git config --local --unset-all 'core.sshCommand' || :"
run	Post Run actions/checkout@v4	2026-10-03T07:53:57.9650997Z [command]/usr/bin/git config --local --name-only --get-regexp http\.https\:\/\/github\.com\/\.extraheader
run	Post Run actions/checkout@v4	2026-10-03T07:53:57.9683824Z http.https://github.com/.extraheader
run	Post Run actions/checkout@v4	2026-10-03T07:53:57.9695791Z [command]/usr/bin/git config --local --unset-all http.https://github.com/.extraheader
run	Post Run actions/checkout@v4	2026-10-03T07:53:57.9750027Z [command]/usr/bin/git submodule foreach --recursive sh -c "git config --local --name-only --get-regexp 'http\.https\:\/\/github\.com\/\.extraheader' && git config --local --unset-all 'http.https://github.com/.extraheader' || :"
run	Post Run actions/checkout@v4	2026-10-03T07:53:58.0003221Z [command]/usr/bin/git config --local --name-only --get-regexp ^includeIf\.gitdir:
run	Post Run actions/checkout@v4	2026-10-03T07:53:58.0043656Z [command]/usr/bin/git submodule foreach --recursive git config --local --show-origin --name-only --get-regexp remote.origin.url
run	Complete job	﻿2026-10-03T07:53:58.0428536Z Cleaning up orphan processes
run	Complete job	2026-10-03T07:53:58.0743468Z ##[warning]Node.js 20 is deprecated. The following actions target Node.js 20 but are being forced to run on Node.js 24: actions/checkout@v4, actions/upload-artifact@v4. For more information see: https://github.blog/changelog/2025-09-19-deprecation-of-node-20-on-github-actions-runners/
CI_EXIT=1
