remote: 
remote: Create a pull request for 'c-24' on GitHub by visiting:        
remote:      https://github.com/kingmariano/ca-zombie-ci/pull/new/c-24        
remote: 
[ci] pushed branch c-24
[ci] dispatching workflow...
[ci] run: https://github.com/kingmariano/ca-zombie-ci/actions/runs/37094137505
[ci] conclusion: success
=== artifact contents ===
/home/heisenberg/CA/c-24/ci-artifacts/result-c-24/ci-out/gnosis_0x554d.json
/home/heisenberg/CA/c-24/ci-artifacts/result-c-24/ci-out/eth_0xe740.json
/home/heisenberg/CA/c-24/ci-artifacts/result-c-24/ci-out/poly_0x0360.json
/home/heisenberg/CA/c-24/ci-artifacts/result-c-24/ci-out/poly_v1_0xEb3a.json
/home/heisenberg/CA/c-24/ci-artifacts/result-c-24/ci-out/bsc_0x2D04.json
/home/heisenberg/CA/c-24/ci-artifacts/result-c-24/ci-out/gnosis_0x832C.json
/home/heisenberg/CA/c-24/ci-artifacts/result-c-24/ci-out/arb_0xdf17.json
/home/heisenberg/CA/c-24/ci-artifacts/result-c-24/ci-out/eth_0xBae2.json
/home/heisenberg/CA/c-24/ci-artifacts/result-c-24/ci-out/avax_0x10f4.json
/home/heisenberg/CA/c-24/ci-artifacts/result-c-24/ci-out/00_enumerate.log
/home/heisenberg/CA/c-24/ci-artifacts/result-c-24/ci-out/variant_probe.json
/home/heisenberg/CA/c-24/ci-artifacts/result-c-24/ci-out/v3_bsc.json
/home/heisenberg/CA/c-24/ci-artifacts/result-c-24/ci-out/01_value.log
/home/heisenberg/CA/c-24/ci-artifacts/result-c-24/ci-out/arb_0x51f4.json
/home/heisenberg/CA/c-24/ci-artifacts/result-c-24/ci-out/bsc_0x81E0.json
/home/heisenberg/CA/c-24/ci-artifacts/result-c-24/ci-out/eth_0x916a.json
/home/heisenberg/CA/c-24/ci-artifacts/result-c-24/ci-out/eth_0xc68C.json
/home/heisenberg/CA/c-24/ci-artifacts/result-c-24/ci-out/bsc_0x8655.json
/home/heisenberg/CA/c-24/ci-artifacts/result-c-24/ci-out/valuation_v3.json
/home/heisenberg/CA/c-24/ci-artifacts/result-c-24/ci-out/02_variant_probe.log
/home/heisenberg/CA/c-24/ci-artifacts/result-c-24/ci-out/valuation.json
/home/heisenberg/CA/c-24/ci-artifacts/result-c-24/ci-out/poly_0xb556.json
/home/heisenberg/CA/c-24/ci-artifacts/result-c-24/ci-out/poly_0x6FCC.json
/home/heisenberg/CA/c-24/ci-artifacts/result-c-24/ci-out/eth_v1_0x1Ba0.json
/home/heisenberg/CA/c-24/ci-artifacts/result-c-24/ci-out/bsc_0x5b5e.json
/home/heisenberg/CA/c-24/ci-artifacts/result-c-24/ci-out/bsc_v1_0xEb3a.json
/home/heisenberg/CA/c-24/ci-artifacts/result-c-24/ci-out/harmony_0x1345.json
/home/heisenberg/CA/c-24/ci-artifacts/result-c-24/ci-out/avax_0x77D0.json
/home/heisenberg/CA/c-24/ci-artifacts/result-c-24/ci-dispatch.log
/home/heisenberg/CA/c-24/ci-artifacts/result-c-24/analysis/sample_8655.log
/home/heisenberg/CA/c-24/ci-artifacts/result-c-24/analysis/v3_enum.log
/home/heisenberg/CA/c-24/ci-artifacts/result-c-24/analysis/sample_5b5e_c.log
/home/heisenberg/CA/c-24/ci-artifacts/result-c-24/analysis/sample_5b5e_b.log
/home/heisenberg/CA/c-24/ci-artifacts/result-c-24/analysis/sample_5b5e.log
/home/heisenberg/CA/c-24/ci-artifacts/result-c-24/analysis/probe_2D0454b.log
/home/heisenberg/CA/c-24/ci-artifacts/result-c-24/analysis/probe_2D0454.log
/home/heisenberg/CA/c-24/ci-artifacts/result-c-24/analysis/probe_81E0b.log
/home/heisenberg/CA/c-24/ci-artifacts/result-c-24/analysis/probe_81E0.log
=== tail of full log (/home/heisenberg/CA/c-24/ci-log.txt) ===
-03T03:43:16.3602127Z   DRPC_API_KEY: ***
run	select ETH fork RPC	2026-10-03T03:43:16.3602343Z   INFURA_API_KEY: ***
run	select ETH fork RPC	2026-10-03T03:43:16.3602739Z   DUNE_API_KEY: ***
run	select ETH fork RPC	2026-10-03T03:43:16.3602945Z   ARB_RPC_URL: ***
run	select ETH fork RPC	2026-10-03T03:43:16.3603157Z   BSC_RPC_URL: ***
run	select ETH fork RPC	2026-10-03T03:43:16.3603366Z   BASE_RPC_URL: ***
run	select ETH fork RPC	2026-10-03T03:43:16.3603584Z   OP_RPC_URL: ***
run	select ETH fork RPC	2026-10-03T03:43:16.3603813Z   POLYGON_RPC_URL: ***
run	select ETH fork RPC	2026-10-03T03:43:16.3604033Z   FANTOM_RPC_URL: ***
run	select ETH fork RPC	2026-10-03T03:43:16.3604257Z   CRONOS_RPC_URL: ***
run	select ETH fork RPC	2026-10-03T03:43:16.3604482Z   MOONRIVER_RPC_URL: ***
run	select ETH fork RPC	2026-10-03T03:43:16.3604705Z   GNOSIS_RPC_URL: ***
run	select ETH fork RPC	2026-10-03T03:43:16.3604921Z   SONIC_RPC_URL: ***
run	select ETH fork RPC	2026-10-03T03:43:16.3605121Z   FOUNDRY_FUZZ_RUNS: 256
run	select ETH fork RPC	2026-10-03T03:43:16.3605316Z ##[endgroup]
run	select ETH fork RPC	2026-10-03T03:43:16.4761936Z ETH fork RPC selected
run	custom CI script	﻿2026-10-03T03:43:16.5219865Z ##[group]Run bash ci/run.sh
run	custom CI script	2026-10-03T03:43:16.5220134Z [36;1mbash ci/run.sh[0m
run	custom CI script	2026-10-03T03:43:16.5277897Z shell: /usr/bin/bash -e {0}
run	custom CI script	2026-10-03T03:43:16.5278099Z env:
run	custom CI script	2026-10-03T03:43:16.5278544Z   RPC_URL: ***
run	custom CI script	2026-10-03T03:43:16.5278897Z   BLOCKPI_RPC_URL: ***
run	custom CI script	2026-10-03T03:43:16.5279241Z   NODEREAL_ETH_RPC_URL: ***
run	custom CI script	2026-10-03T03:43:16.5279488Z   ETHERSCANV2_API_KEY: ***
run	custom CI script	2026-10-03T03:43:16.5279721Z   GOLD_RUSH_API_KEY: ***
run	custom CI script	2026-10-03T03:43:16.5279940Z   ALCHEMY_API_KEY: ***
run	custom CI script	2026-10-03T03:43:16.5280210Z   ANKR_API_KEY: ***
run	custom CI script	2026-10-03T03:43:16.5280441Z   DRPC_API_KEY: ***
run	custom CI script	2026-10-03T03:43:16.5280656Z   INFURA_API_KEY: ***
run	custom CI script	2026-10-03T03:43:16.5280877Z   DUNE_API_KEY: ***
run	custom CI script	2026-10-03T03:43:16.5281082Z   ARB_RPC_URL: ***
run	custom CI script	2026-10-03T03:43:16.5281293Z   BSC_RPC_URL: ***
run	custom CI script	2026-10-03T03:43:16.5281503Z   BASE_RPC_URL: ***
run	custom CI script	2026-10-03T03:43:16.5281715Z   OP_RPC_URL: ***
run	custom CI script	2026-10-03T03:43:16.5281941Z   POLYGON_RPC_URL: ***
run	custom CI script	2026-10-03T03:43:16.5282159Z   FANTOM_RPC_URL: ***
run	custom CI script	2026-10-03T03:43:16.5282384Z   CRONOS_RPC_URL: ***
run	custom CI script	2026-10-03T03:43:16.5282639Z   MOONRIVER_RPC_URL: ***
run	custom CI script	2026-10-03T03:43:16.5282862Z   GNOSIS_RPC_URL: ***
run	custom CI script	2026-10-03T03:43:16.5283074Z   SONIC_RPC_URL: ***
run	custom CI script	2026-10-03T03:43:16.5283252Z   FOUNDRY_FUZZ_RUNS: 256
run	custom CI script	2026-10-03T03:43:16.5283468Z   FORK_RPC_URL: https://ethereum-rpc.publicnode.com
run	custom CI script	2026-10-03T03:43:16.5283705Z ##[endgroup]
run	custom CI script	2026-10-03T03:43:16.5374082Z === C-24 enumerate ===
run	custom CI script	2026-10-03T03:43:16.5692608Z [bsc_v1_0xEb3a] enumerating ...
run	custom CI script	2026-10-03T04:10:33.5151255Z [saved] bsc_v1_0xEb3a: 9749 records, 8064 tokens
run	custom CI script	2026-10-03T04:10:33.5160608Z [bsc_0x8655] enumerating ...
run	custom CI script	2026-10-03T04:21:10.1359594Z [saved] bsc_0x8655: 3363 records, 3145 tokens
run	custom CI script	2026-10-03T04:21:10.1361055Z [bsc_0x5b5e] enumerating ...
run	custom CI script	2026-10-03T05:04:56.9617608Z [saved] bsc_0x5b5e: 14223 records, 12855 tokens
run	custom CI script	2026-10-03T05:04:56.9626695Z [bsc_0x2D04] enumerating ...
run	custom CI script	2026-10-03T05:16:05.0520747Z [saved] bsc_0x2D04: 0 records, 0 tokens
run	custom CI script	2026-10-03T05:16:05.0521168Z [bsc_0x81E0] enumerating ...
run	custom CI script	2026-10-03T05:25:08.4244835Z [saved] bsc_0x81E0: 0 records, 0 tokens
run	custom CI script	2026-10-03T05:25:08.4245304Z [v3_bsc] enumerating registry ...
run	custom CI script	2026-10-03T05:29:23.8909429Z [saved] v3_bsc: 2558 records, 0 tokens
run	custom CI script	2026-10-03T05:29:23.8910880Z [eth_v1_0x1Ba0] enumerating ...
run	custom CI script	2026-10-03T05:29:56.4925419Z [saved] eth_v1_0x1Ba0: 0 records, 0 tokens
run	custom CI script	2026-10-03T05:29:56.4925769Z [eth_0xc68C] enumerating ...
run	custom CI script	2026-10-03T05:30:29.0939605Z [saved] eth_0xc68C: 0 records, 0 tokens
run	custom CI script	2026-10-03T05:30:29.0939930Z [eth_0xe740] enumerating ...
run	custom CI script	2026-10-03T05:31:01.6952611Z [saved] eth_0xe740: 0 records, 0 tokens
run	custom CI script	2026-10-03T05:31:01.6952912Z [eth_0x916a] enumerating ...
run	custom CI script	2026-10-03T05:31:34.2965556Z [saved] eth_0x916a: 0 records, 0 tokens
run	custom CI script	2026-10-03T05:31:34.2965883Z [eth_0xBae2] enumerating ...
run	custom CI script	2026-10-03T05:32:06.8979510Z [saved] eth_0xBae2: 0 records, 0 tokens
run	custom CI script	2026-10-03T05:32:06.8979973Z [poly_v1_0xEb3a] enumerating ...
run	custom CI script	2026-10-03T05:32:11.7201944Z [saved] poly_v1_0xEb3a: 112 records, 108 tokens
run	custom CI script	2026-10-03T05:32:11.7202287Z [poly_0x6FCC] enumerating ...
run	custom CI script	2026-10-03T05:32:15.6530999Z [saved] poly_0x6FCC: 95 records, 94 tokens
run	custom CI script	2026-10-03T05:32:15.6531437Z [poly_0x0360] enumerating ...
run	custom CI script	2026-10-03T05:32:18.7760259Z [saved] poly_0x0360: 77 records, 71 tokens
run	custom CI script	2026-10-03T05:32:18.7760702Z [poly_0xb556] enumerating ...
run	custom CI script	2026-10-03T05:32:21.1061537Z [saved] poly_0xb556: 0 records, 0 tokens
run	custom CI script	2026-10-03T05:32:21.1062383Z [arb_0x51f4] enumerating ...
run	custom CI script	2026-10-03T05:32:23.1502615Z [saved] arb_0x51f4: 23 records, 21 tokens
run	custom CI script	2026-10-03T05:32:23.1503065Z [arb_0xdf17] enumerating ...
run	custom CI script	2026-10-03T05:32:23.3144956Z [saved] arb_0xdf17: 0 records, 0 tokens
run	custom CI script	2026-10-03T05:32:23.3145397Z [avax_0x77D0] enumerating ...
run	custom CI script	2026-10-03T05:32:46.4182409Z [saved] avax_0x77D0: 660 records, 608 tokens
run	custom CI script	2026-10-03T05:32:46.4183960Z [avax_0x10f4] enumerating ...
run	custom CI script	2026-10-03T05:32:47.8542579Z [saved] avax_0x10f4: 0 records, 0 tokens
run	custom CI script	2026-10-03T05:32:47.8543004Z [gnosis_0x832C] enumerating ...
run	custom CI script	2026-10-03T05:32:48.0923747Z [saved] gnosis_0x832C: 0 records, 0 tokens
run	custom CI script	2026-10-03T05:32:48.0924123Z [gnosis_0x554d] enumerating ...
run	custom CI script	2026-10-03T05:32:48.2655981Z [saved] gnosis_0x554d: 0 records, 0 tokens
run	custom CI script	2026-10-03T05:32:48.2656434Z [harmony_0x1345] enumerating ...
run	custom CI script	2026-10-03T05:32:49.5245434Z [saved] harmony_0x1345: 0 records, 0 tokens
run	custom CI script	2026-10-03T05:32:49.5245899Z ENUM DONE
run	custom CI script	2026-10-03T05:32:49.5323829Z === C-24 value ===
run	custom CI script	2026-10-03T05:32:49.5648172Z [arb_0x51f4.json] nonzero tokens: 4
run	custom CI script	2026-10-03T05:32:51.5074576Z [arb_0x51f4.json] custody_usd=3,839.03
run	custom CI script	2026-10-03T05:32:51.5079128Z [arb_0xdf17.json] nonzero tokens: 0
run	custom CI script	2026-10-03T05:32:51.5079493Z [arb_0xdf17.json] custody_usd=0.00
run	custom CI script	2026-10-03T05:32:51.5079831Z [avax_0x10f4.json] nonzero tokens: 0
run	custom CI script	2026-10-03T05:32:51.5080171Z [avax_0x10f4.json] custody_usd=0.00
run	custom CI script	2026-10-03T05:32:51.5087131Z [avax_0x77D0.json] nonzero tokens: 94
run	custom CI script	2026-10-03T05:32:57.3267599Z [avax_0x77D0.json] custody_usd=8,178.27
run	custom CI script	2026-10-03T05:32:57.3268589Z [bsc_0x2D04.json] nonzero tokens: 0
run	custom CI script	2026-10-03T05:32:57.3268882Z [bsc_0x2D04.json] custody_usd=0.00
run	custom CI script	2026-10-03T05:32:57.3440744Z [bsc_0x5b5e.json] nonzero tokens: 5540
run	custom CI script	2026-10-03T05:52:08.0685283Z [bsc_0x5b5e.json] custody_usd=3,098,942.20
run	custom CI script	2026-10-03T05:52:08.0698783Z [bsc_0x81E0.json] nonzero tokens: 0
run	custom CI script	2026-10-03T05:52:08.0710600Z [bsc_0x81E0.json] custody_usd=0.00
run	custom CI script	2026-10-03T05:52:08.0744616Z [bsc_0x8655.json] nonzero tokens: 591
run	custom CI script	2026-10-03T05:53:21.9596924Z [bsc_0x8655.json] custody_usd=3,647,505.77
run	custom CI script	2026-10-03T05:53:21.9687994Z [bsc_v1_0xEb3a.json] nonzero tokens: 1707
run	custom CI script	2026-10-03T05:59:16.9309276Z [bsc_v1_0xEb3a.json] custody_usd=399,913.33
run	custom CI script	2026-10-03T05:59:16.9316231Z [eth_0x916a.json] nonzero tokens: 0
run	custom CI script	2026-10-03T05:59:16.9320729Z [eth_0x916a.json] custody_usd=0.00
run	custom CI script	2026-10-03T05:59:16.9321147Z [eth_0xBae2.json] nonzero tokens: 0
run	custom CI script	2026-10-03T05:59:16.9321497Z [eth_0xBae2.json] custody_usd=0.00
run	custom CI script	2026-10-03T05:59:16.9321835Z [eth_0xc68C.json] nonzero tokens: 0
run	custom CI script	2026-10-03T05:59:16.9328857Z [eth_0xc68C.json] custody_usd=0.00
run	custom CI script	2026-10-03T05:59:16.9329204Z [eth_0xe740.json] nonzero tokens: 0
run	custom CI script	2026-10-03T05:59:16.9329514Z [eth_0xe740.json] custody_usd=0.00
run	custom CI script	2026-10-03T05:59:16.9329830Z [eth_v1_0x1Ba0.json] nonzero tokens: 0
run	custom CI script	2026-10-03T05:59:16.9330181Z [eth_v1_0x1Ba0.json] custody_usd=0.00
run	custom CI script	2026-10-03T05:59:16.9330492Z [gnosis_0x554d.json] nonzero tokens: 0
run	custom CI script	2026-10-03T05:59:16.9330807Z [gnosis_0x554d.json] custody_usd=0.00
run	custom CI script	2026-10-03T05:59:16.9331042Z [gnosis_0x832C.json] nonzero tokens: 0
run	custom CI script	2026-10-03T05:59:16.9331263Z [gnosis_0x832C.json] custody_usd=0.00
run	custom CI script	2026-10-03T05:59:16.9331473Z [poly_0x0360.json] nonzero tokens: 50
run	custom CI script	2026-10-03T05:59:20.1803637Z [poly_0x0360.json] custody_usd=5,312.15
run	custom CI script	2026-10-03T05:59:20.1805350Z [poly_0x6FCC.json] nonzero tokens: 41
run	custom CI script	2026-10-03T05:59:23.0105807Z [poly_0x6FCC.json] custody_usd=2,961.04
run	custom CI script	2026-10-03T05:59:23.0106274Z [poly_0xb556.json] nonzero tokens: 0
run	custom CI script	2026-10-03T05:59:23.0106597Z [poly_0xb556.json] custody_usd=0.00
run	custom CI script	2026-10-03T05:59:23.0107813Z [poly_v1_0xEb3a.json] nonzero tokens: 33
run	custom CI script	2026-10-03T05:59:25.1498558Z [poly_v1_0xEb3a.json] custody_usd=5,274.21
run	custom CI script	2026-10-03T06:01:56.5551419Z [v3_bsc] custody_usd=4,317,453.20
run	custom CI script	2026-10-03T06:01:56.5559836Z VALUE DONE
run	custom CI script	2026-10-03T06:01:56.5634817Z === C-24 variant probes ===
run	custom CI script	2026-10-03T06:01:56.5922772Z [probe] 0x2D045410f002A95EFcEE67759A92518fA3FcE677
run	custom CI script	2026-10-03T06:03:10.0453377Z   successes: 0
run	custom CI script	2026-10-03T06:03:10.0453677Z [probe] 0x81E0eF68e103Ee65002d3Cf766240eD1c070334d
run	custom CI script	2026-10-03T06:04:16.6507395Z   successes: 0
run	custom CI script	2026-10-03T06:04:16.6508050Z VARIANT PROBE DONE
run	custom CI script	2026-10-03T06:04:16.6577605Z === ci-out ===
run	custom CI script	2026-10-03T06:04:16.6592528Z total 13516
run	custom CI script	2026-10-03T06:04:16.6592870Z drwxr-xr-x 2 runner runner    4096 Oct  3 06:04 .
run	custom CI script	2026-10-03T06:04:16.6593272Z drwxr-xr-x 6 runner runner    4096 Oct  3 03:43 ..
run	custom CI script	2026-10-03T06:04:16.6593708Z -rw-r--r-- 1 runner runner    1616 Oct  3 05:32 00_enumerate.log
run	custom CI script	2026-10-03T06:04:16.6594158Z -rw-r--r-- 1 runner runner    1561 Oct  3 06:01 01_value.log
run	custom CI script	2026-10-03T06:04:16.6594586Z -rw-r--r-- 1 runner runner     151 Oct  3 06:04 02_variant_probe.log
run	custom CI script	2026-10-03T06:04:16.6595027Z -rw-r--r-- 1 runner runner    7717 Oct  3 05:32 arb_0x51f4.json
run	custom CI script	2026-10-03T06:04:16.6595483Z -rw-r--r-- 1 runner runner     207 Oct  3 05:32 arb_0xdf17.json
run	custom CI script	2026-10-03T06:04:16.6596100Z -rw-r--r-- 1 runner runner     224 Oct  3 05:32 avax_0x10f4.json
run	custom CI script	2026-10-03T06:04:16.6596373Z -rw-r--r-- 1 runner runner  217439 Oct  3 05:32 avax_0x77D0.json
run	custom CI script	2026-10-03T06:04:16.6596655Z -rw-r--r-- 1 runner runner     240 Oct  3 05:16 bsc_0x2D04.json
run	custom CI script	2026-10-03T06:04:16.6596936Z -rw-r--r-- 1 runner runner 4709960 Oct  3 05:04 bsc_0x5b5e.json
run	custom CI script	2026-10-03T06:04:16.6597202Z -rw-r--r-- 1 runner runner     247 Oct  3 05:25 bsc_0x81E0.json
run	custom CI script	2026-10-03T06:04:16.6597467Z -rw-r--r-- 1 runner runner 1111686 Oct  3 04:21 bsc_0x8655.json
run	custom CI script	2026-10-03T06:04:16.6597743Z -rw-r--r-- 1 runner runner 3126953 Oct  3 04:10 bsc_v1_0xEb3a.json
run	custom CI script	2026-10-03T06:04:16.6598040Z -rw-r--r-- 1 runner runner     167 Oct  3 05:31 eth_0x916a.json
run	custom CI script	2026-10-03T06:04:16.6598422Z -rw-r--r-- 1 runner runner     167 Oct  3 05:32 eth_0xBae2.json
run	custom CI script	2026-10-03T06:04:16.6598856Z -rw-r--r-- 1 runner runner     167 Oct  3 05:30 eth_0xc68C.json
run	custom CI script	2026-10-03T06:04:16.6599282Z -rw-r--r-- 1 runner runner     167 Oct  3 05:31 eth_0xe740.json
run	custom CI script	2026-10-03T06:04:16.6599709Z -rw-r--r-- 1 runner runner     167 Oct  3 05:29 eth_v1_0x1Ba0.json
run	custom CI script	2026-10-03T06:04:16.6600162Z -rw-r--r-- 1 runner runner     207 Oct  3 05:32 gnosis_0x554d.json
run	custom CI script	2026-10-03T06:04:16.6600565Z -rw-r--r-- 1 runner runner     226 Oct  3 05:32 gnosis_0x832C.json
run	custom CI script	2026-10-03T06:04:16.6600994Z -rw-r--r-- 1 runner runner     227 Oct  3 05:32 harmony_0x1345.json
run	custom CI script	2026-10-03T06:04:16.6601338Z -rw-r--r-- 1 runner runner   26131 Oct  3 05:32 poly_0x0360.json
run	custom CI script	2026-10-03T06:04:16.6601611Z -rw-r--r-- 1 runner runner   32347 Oct  3 05:32 poly_0x6FCC.json
run	custom CI script	2026-10-03T06:04:16.6601886Z -rw-r--r-- 1 runner runner     243 Oct  3 05:32 poly_0xb556.json
run	custom CI script	2026-10-03T06:04:16.6602156Z -rw-r--r-- 1 runner runner   37762 Oct  3 05:32 poly_v1_0xEb3a.json
run	custom CI script	2026-10-03T06:04:16.6602428Z -rw-r--r-- 1 runner runner 1208088 Oct  3 05:29 v3_bsc.json
run	custom CI script	2026-10-03T06:04:16.6602689Z -rw-r--r-- 1 runner runner 3103473 Oct  3 05:59 valuation.json
run	custom CI script	2026-10-03T06:04:16.6602961Z -rw-r--r-- 1 runner runner  160479 Oct  3 06:01 valuation_v3.json
run	custom CI script	2026-10-03T06:04:16.6603241Z -rw-r--r-- 1 runner runner     250 Oct  3 06:04 variant_probe.json
run	foundry tests	﻿2026-10-03T06:04:16.6981974Z ##[group]Run forge test -vvv
run	foundry tests	2026-10-03T06:04:16.6982214Z [36;1mforge test -vvv[0m
run	foundry tests	2026-10-03T06:04:16.7032934Z shell: /usr/bin/bash -e {0}
run	foundry tests	2026-10-03T06:04:16.7033125Z env:
run	foundry tests	2026-10-03T06:04:16.7033359Z   RPC_URL: ***
run	foundry tests	2026-10-03T06:04:16.7033692Z   BLOCKPI_RPC_URL: ***
run	foundry tests	2026-10-03T06:04:16.7033987Z   NODEREAL_ETH_RPC_URL: ***
run	foundry tests	2026-10-03T06:04:16.7034250Z   ETHERSCANV2_API_KEY: ***
run	foundry tests	2026-10-03T06:04:16.7034475Z   GOLD_RUSH_API_KEY: ***
run	foundry tests	2026-10-03T06:04:16.7034687Z   ALCHEMY_API_KEY: ***
run	foundry tests	2026-10-03T06:04:16.7034947Z   ANKR_API_KEY: ***
run	foundry tests	2026-10-03T06:04:16.7035170Z   DRPC_API_KEY: ***
run	foundry tests	2026-10-03T06:04:16.7035377Z   INFURA_API_KEY: ***
run	foundry tests	2026-10-03T06:04:16.7035588Z   DUNE_API_KEY: ***
run	foundry tests	2026-10-03T06:04:16.7035785Z   ARB_RPC_URL: ***
run	foundry tests	2026-10-03T06:04:16.7035988Z   BSC_RPC_URL: ***
run	foundry tests	2026-10-03T06:04:16.7036188Z   BASE_RPC_URL: ***
run	foundry tests	2026-10-03T06:04:16.7036397Z   OP_RPC_URL: ***
run	foundry tests	2026-10-03T06:04:16.7036615Z   POLYGON_RPC_URL: ***
run	foundry tests	2026-10-03T06:04:16.7036827Z   FANTOM_RPC_URL: ***
run	foundry tests	2026-10-03T06:04:16.7037043Z   CRONOS_RPC_URL: ***
run	foundry tests	2026-10-03T06:04:16.7037287Z   MOONRIVER_RPC_URL: ***
run	foundry tests	2026-10-03T06:04:16.7037500Z   GNOSIS_RPC_URL: ***
run	foundry tests	2026-10-03T06:04:16.7037835Z   SONIC_RPC_URL: ***
run	foundry tests	2026-10-03T06:04:16.7038009Z   FOUNDRY_FUZZ_RUNS: 256
run	foundry tests	2026-10-03T06:04:16.7038227Z   FORK_RPC_URL: https://ethereum-rpc.publicnode.com
run	foundry tests	2026-10-03T06:04:16.7038608Z ##[endgroup]
run	foundry tests	2026-10-03T06:04:17.0279333Z Compiling 19 files with Solc 0.8.24
run	foundry tests	2026-10-03T06:04:17.8036556Z Solc 0.8.24 finished in 775.67ms
run	foundry tests	2026-10-03T06:04:17.8074674Z Compiler run successful!
run	foundry tests	2026-10-03T06:04:33.0948935Z 
run	foundry tests	2026-10-03T06:04:33.0949321Z Ran 11 tests for test/DxSaleC24.t.sol:DxSaleC24Test
run	foundry tests	2026-10-03T06:04:33.0949640Z [PASS] test_fixed_5b5e_expired_single_claim() (gas: 128850)
run	foundry tests	2026-10-03T06:04:33.0949907Z [PASS] test_fixed_5b5e_future_lock_reverts() (gas: 48820)
run	foundry tests	2026-10-03T06:04:33.0950182Z [PASS] test_fixed_5b5e_platformRelease_nonowner_reverts() (gas: 32507)
run	foundry tests	2026-10-03T06:04:33.0950487Z [PASS] test_fixed_5b5e_platformRelease_pays_user_not_owner() (gas: 109802)
run	foundry tests	2026-10-03T06:04:33.0950792Z [PASS] test_fixed_8655_future_lock_reverts() (gas: 48853)
run	foundry tests	2026-10-03T06:04:33.0951031Z [PASS] test_live_state_bsc_lockers() (gas: 177191)
run	foundry tests	2026-10-03T06:04:33.0951384Z Logs:
run	foundry tests	2026-10-03T06:04:33.0951671Z   block: 125433171
run	foundry tests	2026-10-03T06:04:33.0952030Z   locker: 0xEb3a9C56d963b971d320f889bE2fb8B59853e449
run	foundry tests	2026-10-03T06:04:33.0952429Z     owner: 0xC4574DDEF299e7E563971e200433e592EeaaFA69
run	foundry tests	2026-10-03T06:04:33.0952807Z     lockFees: 1000000000000000000000000000000000
run	foundry tests	2026-10-03T06:04:33.0953163Z     lockerNumberOpen: 9749
run	foundry tests	2026-10-03T06:04:33.0953534Z   locker: 0x8655E5c4D701186D16765d1CDcef6D5287E4679a
run	foundry tests	2026-10-03T06:04:33.0953931Z     owner: 0xC4574DDEF299e7E563971e200433e592EeaaFA69
run	foundry tests	2026-10-03T06:04:33.0954324Z     lockFees: 10000000000000000000000000000000000000000000000
run	foundry tests	2026-10-03T06:04:33.0954684Z     lockerNumberOpen: 3363
run	foundry tests	2026-10-03T06:04:33.0955064Z   locker: 0x5b5e94485c9628793B01A38762921Dc37B6829b6
run	foundry tests	2026-10-03T06:04:33.0955450Z     owner: 0xC4574DDEF299e7E563971e200433e592EeaaFA69
run	foundry tests	2026-10-03T06:04:33.0955826Z     lockFees: 100000000000000000000000000000000000000
run	foundry tests	2026-10-03T06:04:33.0956180Z     lockerNumberOpen: 14223
run	foundry tests	2026-10-03T06:04:33.0956550Z   locker: 0x2D045410f002A95EFcEE67759A92518fA3FcE677
run	foundry tests	2026-10-03T06:04:33.0956932Z     owner: 0xC4574DDEF299e7E563971e200433e592EeaaFA69
run	foundry tests	2026-10-03T06:04:33.0957304Z     lockFees: 10000000000000000000000000000000
run	foundry tests	2026-10-03T06:04:33.0957653Z     lockerNumberOpen: 4938
run	foundry tests	2026-10-03T06:04:33.0958025Z   locker: 0x81E0eF68e103Ee65002d3Cf766240eD1c070334d
run	foundry tests	2026-10-03T06:04:33.0958513Z     owner: 0xC4574DDEF299e7E563971e200433e592EeaaFA69
run	foundry tests	2026-10-03T06:04:33.0958876Z     lockFees: 100000000000000000000000000000000000000
run	foundry tests	2026-10-03T06:04:33.0959228Z     lockerNumberOpen: 3970
run	foundry tests	2026-10-03T06:04:33.0959445Z 
run	foundry tests	2026-10-03T06:04:33.0959711Z [PASS] test_v1_current_fee_blocks_creation() (gas: 60569)
run	foundry tests	2026-10-03T06:04:33.0960039Z Logs:
run	foundry tests	2026-10-03T06:04:33.0960212Z   v1 lockFees: 1000000000000000000000000000000000
run	foundry tests	2026-10-03T06:04:33.0960341Z 
run	foundry tests	2026-10-03T06:04:33.0960452Z [PASS] test_v1_historical_unprivileged_replay() (gas: 5062)
run	foundry tests	2026-10-03T06:04:33.0960876Z Logs:
run	foundry tests	2026-10-03T06:04:33.0961062Z   skipped: set ARCHIVE_FORK_BLOCK (archive RPC) to run
run	foundry tests	2026-10-03T06:04:33.0961207Z 
run	foundry tests	2026-10-03T06:04:33.0961310Z [PASS] test_v1_owner_rearm_replay_drains() (gas: 1601638)
run	foundry tests	2026-10-03T06:04:33.0961511Z Logs:
run	foundry tests	2026-10-03T06:04:33.0961655Z   v1 replay calls: 10
run	foundry tests	2026-10-03T06:04:33.0961845Z   v1 replay gained (MSVP wei): 10000000000000000
run	foundry tests	2026-10-03T06:04:33.0962058Z   v1 locker remaining: 788271767346241944
run	foundry tests	2026-10-03T06:04:33.0962183Z 
run	foundry tests	2026-10-03T06:04:33.0962299Z [PASS] test_variant_2d04_unlockable_record_replay() (gas: 548418)
run	foundry tests	2026-10-03T06:04:33.0962520Z Logs:
run	foundry tests	2026-10-03T06:04:33.0962732Z   variant 2D04 unlockable wallet: 0x265f6d014f2d47395014f0d0f3f2c7BDbea20d15
run	foundry tests	2026-10-03T06:04:33.0962976Z   index: 0
run	foundry tests	2026-10-03T06:04:33.0963131Z   transfer events call1: 1
run	foundry tests	2026-10-03T06:04:33.0963303Z   transfer events call2: 0
run	foundry tests	2026-10-03T06:04:33.0963488Z   second call result: revert (consumed)
run	foundry tests	2026-10-03T06:04:33.0963718Z   third-party caller result: revert (caller-scoped)
run	foundry tests	2026-10-03T06:04:33.0963861Z 
run	foundry tests	2026-10-03T06:04:33.0964103Z [PASS] test_variant_81e0_unlockable_record_replay() (gas: 308695)
run	foundry tests	2026-10-03T06:04:33.0964320Z Logs:
run	foundry tests	2026-10-03T06:04:33.0964527Z   variant 81E0 unlockable wallet: 0xc329f8fFA94590128135b85C8b68E0D7AdFf906D
run	foundry tests	2026-10-03T06:04:33.0964765Z   index: 0
run	foundry tests	2026-10-03T06:04:33.0964920Z   transfer events call1: 1
run	foundry tests	2026-10-03T06:04:33.0965095Z   transfer events call2: 0
run	foundry tests	2026-10-03T06:04:33.0965279Z   second call result: revert (consumed)
run	foundry tests	2026-10-03T06:04:33.0965499Z   third-party caller result: revert (caller-scoped)
run	foundry tests	2026-10-03T06:04:33.0965638Z 
run	foundry tests	2026-10-03T06:04:33.0965783Z Suite result: ok. 11 passed; 0 failed; 0 skipped; finished in 15.28s (44.51s CPU time)
run	foundry tests	2026-10-03T06:04:33.0982304Z 
run	foundry tests	2026-10-03T06:04:33.0982561Z Ran 1 test suite in 15.28s (15.28s CPU time): 11 tests passed, 0 failed, 0 skipped (11 total tests)
run	upload results	﻿2026-10-03T06:04:33.1082427Z ##[group]Run actions/upload-artifact@v4
run	upload results	2026-10-03T06:04:33.1082636Z with:
run	upload results	2026-10-03T06:04:33.1082790Z   name: result-c-24
run	upload results	2026-10-03T06:04:33.1082963Z   path: c-24/ci-out/**
run	upload results	c-24/**/*.log
run	upload results	
run	upload results	2026-10-03T06:04:33.1083166Z   if-no-files-found: ignore
run	upload results	2026-10-03T06:04:33.1083340Z   retention-days: 7
run	upload results	2026-10-03T06:04:33.1083500Z   compression-level: 6
run	upload results	2026-10-03T06:04:33.1083665Z   overwrite: false
run	upload results	2026-10-03T06:04:33.1083866Z   include-hidden-files: false
run	upload results	2026-10-03T06:04:33.1084041Z env:
run	upload results	2026-10-03T06:04:33.1084261Z   RPC_URL: ***
run	upload results	2026-10-03T06:04:33.1084558Z   BLOCKPI_RPC_URL: ***
run	upload results	2026-10-03T06:04:33.1084834Z   NODEREAL_ETH_RPC_URL: ***
run	upload results	2026-10-03T06:04:33.1085063Z   ETHERSCANV2_API_KEY: ***
run	upload results	2026-10-03T06:04:33.1085278Z   GOLD_RUSH_API_KEY: ***
run	upload results	2026-10-03T06:04:33.1085479Z   ALCHEMY_API_KEY: ***
run	upload results	2026-10-03T06:04:33.1085726Z   ANKR_API_KEY: ***
run	upload results	2026-10-03T06:04:33.1085937Z   DRPC_API_KEY: ***
run	upload results	2026-10-03T06:04:33.1086135Z   INFURA_API_KEY: ***
run	upload results	2026-10-03T06:04:33.1086336Z   DUNE_API_KEY: ***
run	upload results	2026-10-03T06:04:33.1086539Z   ARB_RPC_URL: ***
run	upload results	2026-10-03T06:04:33.1086732Z   BSC_RPC_URL: ***
run	upload results	2026-10-03T06:04:33.1086924Z   BASE_RPC_URL: ***
run	upload results	2026-10-03T06:04:33.1087120Z   OP_RPC_URL: ***
run	upload results	2026-10-03T06:04:33.1087329Z   POLYGON_RPC_URL: ***
run	upload results	2026-10-03T06:04:33.1087531Z   FANTOM_RPC_URL: ***
run	upload results	2026-10-03T06:04:33.1087737Z   CRONOS_RPC_URL: ***
run	upload results	2026-10-03T06:04:33.1087948Z   MOONRIVER_RPC_URL: ***
run	upload results	2026-10-03T06:04:33.1088150Z   GNOSIS_RPC_URL: ***
run	upload results	2026-10-03T06:04:33.1088516Z   SONIC_RPC_URL: ***
run	upload results	2026-10-03T06:04:33.1088682Z   FOUNDRY_FUZZ_RUNS: 256
run	upload results	2026-10-03T06:04:33.1088885Z   FORK_RPC_URL: https://ethereum-rpc.publicnode.com
run	upload results	2026-10-03T06:04:33.1089098Z ##[endgroup]
run	upload results	2026-10-03T06:04:33.2069939Z (node:3992) [DEP0040] DeprecationWarning: The `punycode` module is deprecated. Please use a userland alternative instead.
run	upload results	2026-10-03T06:04:33.2070425Z (Use `node --trace-deprecation ...` to show where the warning was created)
run	upload results	2026-10-03T06:04:33.2288801Z With the provided path, there will be 38 files uploaded
run	upload results	2026-10-03T06:04:33.2318803Z Artifact name is valid!
run	upload results	2026-10-03T06:04:33.2319140Z Root directory input is valid!
run	upload results	2026-10-03T06:04:33.4932314Z Beginning upload of artifact content to blob storage
run	upload results	2026-10-03T06:04:33.6656963Z (node:3992) [DEP0169] DeprecationWarning: `url.parse()` behavior is not standardized and prone to errors that have security implications. Use the WHATWG URL API instead. CVEs are not issued for `url.parse()` vulnerabilities.
run	upload results	2026-10-03T06:04:34.1001562Z Uploaded bytes 3112660
run	upload results	2026-10-03T06:04:34.1393986Z Finished uploading artifact content to blob storage!
run	upload results	2026-10-03T06:04:34.1394727Z SHA256 digest of uploaded artifact zip is f630434b1a0bdc5a22e62444da9c1aeb7d44f6aa74b84b0fef37bab9f2e5a377
run	upload results	2026-10-03T06:04:34.1396006Z Finalizing artifact upload
run	upload results	2026-10-03T06:04:34.3774352Z Artifact result-c-24.zip successfully finalized. Artifact ID 11266467219
run	upload results	2026-10-03T06:04:34.3774965Z Artifact result-c-24 has been successfully uploaded! Final size is 3112660 bytes. Artifact ID is 11266467219
run	upload results	2026-10-03T06:04:34.3778556Z Artifact download URL: https://github.com/kingmariano/ca-zombie-ci/actions/runs/37094137505/artifacts/11266467219
run	Post Run foundry-rs/foundry-toolchain@v1	﻿2026-10-03T06:04:34.3924743Z Post job cleanup.
run	Post Run foundry-rs/foundry-toolchain@v1	2026-10-03T06:04:34.4766621Z [command]/usr/bin/tar --posix -cf cache.tzst --exclude cache.tzst -P -C /home/runner/work/ca-zombie-ci/ca-zombie-ci --files-from manifest.txt --use-compress-program zstdmt
run	Post Run foundry-rs/foundry-toolchain@v1	2026-10-03T06:04:34.8547817Z Sent 105073 of 105073 (100.0%), 0.4 MBs/sec
run	Post Run foundry-rs/foundry-toolchain@v1	2026-10-03T06:04:35.0504109Z Cache saved with the key: linux-foundry-chain-fork-run-d2b355af4b43bfbc5c1952d07db6a93c0f9962ef
run	Post Run actions/checkout@v4	﻿2026-10-03T06:04:35.0600558Z Post job cleanup.
run	Post Run actions/checkout@v4	2026-10-03T06:04:35.1102461Z [command]/usr/bin/git version
run	Post Run actions/checkout@v4	2026-10-03T06:04:35.1135260Z git version 2.55.0
run	Post Run actions/checkout@v4	2026-10-03T06:04:35.1158650Z Temporarily overriding HOME='/home/runner/work/_temp/2d386b0c-2cc1-49c3-870b-4218c498f8f9' before making global git config changes
run	Post Run actions/checkout@v4	2026-10-03T06:04:35.1159398Z Adding repository directory to the temporary git global config as a safe directory
run	Post Run actions/checkout@v4	2026-10-03T06:04:35.1162486Z [command]/usr/bin/git config --global --add safe.directory /home/runner/work/ca-zombie-ci/ca-zombie-ci
run	Post Run actions/checkout@v4	2026-10-03T06:04:35.1189657Z [command]/usr/bin/git config --local --name-only --get-regexp core\.sshCommand
run	Post Run actions/checkout@v4	2026-10-03T06:04:35.1213704Z [command]/usr/bin/git submodule foreach --recursive sh -c "git config --local --name-only --get-regexp 'core\.sshCommand' && git config --local --unset-all 'core.sshCommand' || :"
run	Post Run actions/checkout@v4	2026-10-03T06:04:35.1404288Z [command]/usr/bin/git config --local --name-only --get-regexp http\.https\:\/\/github\.com\/\.extraheader
run	Post Run actions/checkout@v4	2026-10-03T06:04:35.1435376Z http.https://github.com/.extraheader
run	Post Run actions/checkout@v4	2026-10-03T06:04:35.1444075Z [command]/usr/bin/git config --local --unset-all http.https://github.com/.extraheader
run	Post Run actions/checkout@v4	2026-10-03T06:04:35.1475653Z [command]/usr/bin/git submodule foreach --recursive sh -c "git config --local --name-only --get-regexp 'http\.https\:\/\/github\.com\/\.extraheader' && git config --local --unset-all 'http.https://github.com/.extraheader' || :"
run	Post Run actions/checkout@v4	2026-10-03T06:04:35.1655509Z [command]/usr/bin/git config --local --name-only --get-regexp ^includeIf\.gitdir:
run	Post Run actions/checkout@v4	2026-10-03T06:04:35.1684314Z [command]/usr/bin/git submodule foreach --recursive git config --local --show-origin --name-only --get-regexp remote.origin.url
run	Complete job	﻿2026-10-03T06:04:35.1969757Z Cleaning up orphan processes
run	Complete job	2026-10-03T06:04:35.2186173Z ##[warning]Node.js 20 is deprecated. The following actions target Node.js 20 but are being forced to run on Node.js 24: actions/checkout@v4, actions/upload-artifact@v4. For more information see: https://github.blog/changelog/2025-09-19-deprecation-of-node-20-on-github-actions-runners/
CI_EXIT=0
