### base
collateral symbol/decimals: "USDC" / 6
diamond collateral balance: 1018722777883 [1.018e12]
diamond native balance: 1000002000000001
facetAddresses: [0x74aa0c998F83e6C164C6D2444b1C3cbc233EF2BC, 0x61139ecEa179682C494ed9e0b10d7E967440FEe6, 0x0774aC76179eB5bFac5DD76801a495Bc0Db33233, 0xD6d97b701b07df7f1567a6834D9a6A139a127b4a, 0x9A71fd5D452c72B07d317477Ce965671d50dE272, 0x30b05c5FDa94c45d4EB2b61854a6cBDAdf62c117, 0x61c1726B5517e3449ffeb6F50273F0F1aB3181f1, 0xc83377cF995907121D7F52c44485cdA151dd0F0b, 0xA10A8E3dCB69788564362f77b4fa2deB8DF29239, 0xd84D3af12A1aE5e86505ecCe61Cbd527B4D9E4bD, 0x617f9f1750d0b1eeAF473B99E7D5bA98869f4D33, 0x775Fa3b63154f7c4a9030C15B132C7a4d127C77b, 0x68D482AE815B262C2fBC7227c438a4Ca9cB91DF4, 0x3ef4037849a7C4151D90430c399A67A18290088b, 0x319B5379c45658EFCD2eBB3EFf43A1dA3497df09, 0x7538bA7dC3e8698Ee10d73C0Bd8AE88a2eA1CF19, 0x50A6f5268Be4BeADdd770951EAc1DBDabbAE235c, 0x626f770e7341a69b12455e1966a3f6Db07f0f2B2, 0xe31eCaBb603C658f28cB9C0c3Eff645aC6648ab5, 0x83A854c0661C0E13F581436Cb8921C7c4A17620f, 0x4D9bc750Da579770b5caDdE4fa25398bDAD85540, 0x34f95010CcDa517e407999C5D2Fc156a4cC3c171, 0xEC4f0532A37EC385ffEBe542C0cD8cD041283Ad5, 0x84dA2dA28eF37e07A2683Ed5850ab88C220dE020, 0x356eA4E3A4E7eFbb077ac6AB14bD8D5Dd3713092, 0x9DE224F678Bfa05366b4ab3fF358789b734b3DD2, 0x77aa4c9aBAfE2f3b58eF4FD16EB4c8121acc3B52, 0xEE572C02099A0BE4E194C5590604958423599B0B, 0x37c64DB434cE941C14145D867c1396223E96c4C9]
### mantle
collateral symbol/decimals: "USDe" / 18
diamond collateral balance: 61658902999059175503421 [6.165e22]
diamond native balance: 0
facetAddresses: [0x464873026877c9D947E2778a1B4cB4A3CbC688F0, 0x695284f22929BDcC0644b4F1E5507101420adBeA, 0xDbc5EbFb4E7cF72C15A4E35780d789b04eA52978, 0x99641E06d38F327166b3a48f86Ca2cbB3B4fB7EB, 0x1d821059D7EF2B12244866BB29d840B75DE27cFF, 0x6aA554A167864027A02051D3F5C553244439B7Fd, 0xb4627e881A476fa6036C14B6b9Fd26FdAC3F286D, 0x07A274cb35c67b941E5d1D254b30E50518347DC3, 0x626E834b1297b7481E42a0DF2b05ff6F812Bc7E4, 0x1E909012D7e4B07f310449964F02801DFd70117f, 0xa8b175204Db46Fb3cF5db4530724e28DF00b7CF3, 0xFC324022f2880087bd4a6D8f13e796Ea2AAF3750, 0xb970936fAA0d919DA11A9d0020875F3450b4b7FE, 0xc749da7b75F06f1f2b2fcAE0dE7a5A3bbc501F3E, 0x152ca4A0F9246387B184a60065DdA488e4Bd2E7b, 0x9eF1866E5B275D2f7c4e9780d7b6f719927329CB, 0xcb2c1b28b13f074A57bC8E628Bd0d9F054C2C5C9, 0x53Ec53afbD56dD6538a4dAcdD3c47B718E699556, 0xCB3F2E1f218A94dff5a9fEb3209d09CC9748Eb82, 0x68e321BBdc62d69346fAa093Be837912198635a1, 0x8E08e2A9Eb40Bd47AEEe5b8B35F2F2ca314fE7C6, 0xfE03689496ff33fF2a2c45E0C1A1817E4466c055, 0x91312F334a5988aEa2ddA3B9fc26Fc24Ec3A11AF, 0x5D8057A2ae47895A7Ab39A06cBD2F24438298355, 0x9bc1396224Cc602D6B0C92a64C4607cBd261984F, 0x63b844A36eB1060C4a11191EE3e94Bd717f652ac, 0x45CC5665d3E4eC960D0cb74535a478dbDE1F5159, 0x65f1D2482B54F9c1b87391CEfc489665D01Ef96e, 0xeF30891f4869d96D306397E88Ee3974eDC124073]
### arbitrum
collateral symbol/decimals: "USDC" / 6
diamond collateral balance: 591107969626 [5.911e11]
diamond native balance: 0
facetAddresses: [0xF39352ec34A007B2726e2c4610A13F7aEA86684E, 0x4Bf068778f51C1c470D6d228ef4003d36e0e326B, 0x4aD00Ade12949e7E791fb256645Faa95D0B743D0, 0x101Dc298A91D463eB5F772f4D78B0A156E9C1627, 0x293DD013FAb4c340c14366234Fb0D2606924fBed, 0xcF53496BB00D13C05E25446a40457e10fA3647c9, 0xb5C6e47Efa0715E10767A7D8E0a46D3ED6777b39, 0x812e98F31A4EfFC09dD82e6e87ff7456151a0dFB, 0x941655533F19fF686E05ffd842a3E11f94E72983, 0x2a63626CD2162446a403EAA61A45d0810b0FD649, 0x08124f008F38f41e69e9664abaF51953AdCF7Ab4, 0x3A81e001Fc4fc73146EB36D4c327CC6176F94137, 0x42b5612870671795Eff958eB761A9BEf1684664D, 0x1a58B46A7857AC0F3f2421FCEB8c1bcACaa905B0, 0xfa91dB12200F784b6e6382F99f7187Ce8ecd4035, 0x80707FDF1B3A5e0DD5Da295E428736bB1f728486, 0x87f0c18972e9B2a08290407516A88B92472cb9AA, 0x7404AcB6eB0097bd0111c37bd18AB4828A04BAD9, 0xDe09455699e82f3997c7f41986Ee81638F5116a0, 0x4fac9812cB2B95d8cF616f7cB471cEee97265734, 0x74415ec35d1279f56beEed99bD46292D9a471935, 0xbf40BECa9Fb74FB67dF4a5C9C99eBAD35e616fFd, 0xa8383d0C180f4FeA7590571848A58b717e57c4F9, 0x50c53C109572B77577d76aFf11601c3Ee47242A2, 0x7ee1c2788107A27E7795137892d6C6cf06144897, 0xa805FE5baA301D4e72C789694F3967452c77D6fD, 0xf62a670cda28FfAE65eE2a42D6cf6CF05EC5E775, 0x932f55Ad809feD0Ff417fDFEe7121480bD15f5C7, 0x43B61088E7f1de1b83edCb55B377752f1DFDe346]
### blast
collateral symbol/decimals: "USDB" / 18
diamond collateral balance: 40517538433893414600 [4.051e19]
diamond native balance: 0
facetAddresses: [0x7e6DC84041E33e20Ac4529a84C8e8201Db785237, 0x4d5BE5E9B8E0cd46BB34F79045Eeb9941FFD8be2, 0xd1559baB2423644ac489Ef52c76AB92B0F05fC01, 0xb74629900981F2977cd7a8E37052fee0D7a4C395, 0x9f8f9D8B8bfCcF3D782564e6D9cC09371792c2cb, 0xDEA50824a9e50bd1E9943155938f3b82854b2Eec, 0x6AE14800C45aE9383db2C3f2eE6019Ebe1E32403, 0x50154e11eDf5D7d528cBc7Ec0D507dDB70B8B1c6, 0x8F00a481C046e98FDEe4ea673dF2984376946953, 0xa46E5D77a18b93803fa0d3641d868DC9bdd381B4, 0x4D8e97f44cD90504E790827137334d9a42bbec55, 0xbeFd548F4038cb122745FA061bDD976958EB3e21, 0xcCCDA5C17dbdb6F786F432239887d6d51B4B9aD8, 0x0e35FA030fd3Bbed41993BC288B7378cC43F39Ac, 0xEF03B00Cb1D9df2a5b3f354d641e7140D4f31950]
