############ base (block 52124041) ############
-- symmio=0x91Cf2D8Ed503EC52768999aA6D8DBeA6e52dbe43 codesize=373
getCollateral: 0x833589fCD6eDb6E08f4c7C32D4f71b54bdA02913
pauseState: false
getFeeCollector: Error: server returned an error response: error code 3: execution reverted: Diamond: Function does not exist, data: "0x08c379a0000000000000000000000000000000000000000000000000000000000000002000000000000000000000000000000000000000000000000000000000000000204469616d6f6e643a2046756e6374696f6e20646f6573206e6f74206578697374"
getMuonConfig: Error: could not decode output; did you specify the wrong function return data type?
-- multiaccount=0x8Ab178C07184ffD44F0ADfF4eA2ce6cFc33F3b86 codesize=4457
  owner: Error: server returned an error response: error code 3: execution reverted
  paused: false
  symmioAddress: 0x91Cf2D8Ed503EC52768999aA6D8DBeA6e52dbe43
  accountsAdmin: 0x9BC9CA7e6A8F013f40617c4585508A988DB7C1c7
  apiExecutor: Error: server returned an error response: error code 3: execution reverted
############ mantle (block 101453569) ############
-- symmio=0x2Ecc7da3Cc98d341F987C85c3D9FC198570838B5 codesize=373
getCollateral: 0x5d3a1Ff2b6BAb83b63cd9AD0787074081a52ef34
pauseState: false
getFeeCollector: Error: server returned an error response: error code 3: execution reverted: Diamond: Function does not exist, data: "0x08c379a0000000000000000000000000000000000000000000000000000000000000002000000000000000000000000000000000000000000000000000000000000000204469616d6f6e643a2046756e6374696f6e20646f6573206e6f74206578697374"
getMuonConfig: Error: could not decode output; did you specify the wrong function return data type?
-- multiaccount=0xECbd0788bB5a72f9dFDAc1FFeAAF9B7c2B26E456 codesize=4457
  owner: Error: server returned an error response: error code 3: execution reverted, data: "0x"
  paused: false
  symmioAddress: 0x2Ecc7da3Cc98d341F987C85c3D9FC198570838B5
  accountsAdmin: 0x9BC9CA7e6A8F013f40617c4585508A988DB7C1c7
  apiExecutor: Error: server returned an error response: error code 3: execution reverted, data: "0x"
############ arbitrum (block 511326143) ############
-- symmio=0x8F06459f184553e5d04F07F868720BDaCAB39395 codesize=373
getCollateral: 0xaf88d065e77c8cC2239327C5EDb3A432268e5831
pauseState: false
getFeeCollector: Error: server returned an error response: error code 3: execution reverted: Diamond: Function does not exist, data: "0x08c379a0000000000000000000000000000000000000000000000000000000000000002000000000000000000000000000000000000000000000000000000000000000204469616d6f6e643a2046756e6374696f6e20646f6573206e6f74206578697374"
getMuonConfig: Error: could not decode output; did you specify the wrong function return data type?
-- multiaccount=0x141269E29a770644C34e05B127AB621511f20109 codesize=4457
  owner: Error: server returned an error response: error code 3: execution reverted, data: "0x"
  paused: false
  symmioAddress: 0x8F06459f184553e5d04F07F868720BDaCAB39395
  accountsAdmin: 0x67736569B61BdB7F1A756EF069aB5B9590668E4c
  apiExecutor: Error: server returned an error response: error code 3: execution reverted, data: "0x"
############ blast (block 41113850) ############
-- symmio=0x3d17f073cCb9c3764F105550B0BCF9550477D266 codesize=373
getCollateral: 0x4300000000000000000000000000000000000003
pauseState: false
getFeeCollector: Error: server returned an error response: error code 3: execution reverted: Diamond: Function does not exist, data: "0x08c379a0000000000000000000000000000000000000000000000000000000000000002000000000000000000000000000000000000000000000000000000000000000204469616d6f6e643a2046756e6374696f6e20646f6573206e6f74206578697374"
getMuonConfig: Error: could not decode output; did you specify the wrong function return data type?
-- multiaccount=0x083267D20Dbe6C2b0A83Bd0E601dC2299eD99015 codesize=4457
  owner: Error: server returned an error response: error code -32000: execution reverted
  paused: false
  symmioAddress: 0x3d17f073cCb9c3764F105550B0BCF9550477D266
  accountsAdmin: 0x9BC9CA7e6A8F013f40617c4585508A988DB7C1c7
  apiExecutor: Error: server returned an error response: error code -32000: execution reverted
