[1] SP2C2YFP12AJZB4MABJBAJ55XECVS7E4PMMZ89YZR.wrapped-stx-token / SP2C2YFP12AJZB4MABJBAJ55XECVS7E4PMMZ89YZR.usda-token
{
  "ok": [
    "some",
    {
      "balance-x": 645528981325,
      "balance-y": 163585935183,
      "enabled": true,
      "fee-balance-x": 11905206791,
      "fee-balance-y": 14204572093,
      "fee-to-address": [
        "some",
        "SP2C2YFP12AJZB4MABJBAJ55XECVS7E4PMMZ89YZR"
      ],
      "name": "wSTX-USDA",
      "shares-total": 239502581324,
      "swap-token": "SP2C2YFP12AJZB4MABJBAJ55XECVS7E4PMMZ89YZR.arkadiko-swap-token-wstx-usda"
    }
  ]
}
[2] SP2C2YFP12AJZB4MABJBAJ55XECVS7E4PMMZ89YZR.wrapped-stx-token / SP2C2YFP12AJZB4MABJBAJ55XECVS7E4PMMZ89YZR.arkadiko-token
{
  "ok": [
    "some",
    {
      "balance-x": 51320123004,
      "balance-y": 4624232930394,
      "enabled": true,
      "fee-balance-x": 2827210066,
      "fee-balance-y": 49132466358,
      "fee-to-address": [
        "some",
        "SP2C2YFP12AJZB4MABJBAJ55XECVS7E4PMMZ89YZR"
      ],
      "name": "wSTX-DIKO",
      "shares-total": 378825508662,
      "swap-token": "SP2C2YFP12AJZB4MABJBAJ55XECVS7E4PMMZ89YZR.arkadiko-swap-token-wstx-diko"
    }
  ]
}
[3] SP2C2YFP12AJZB4MABJBAJ55XECVS7E4PMMZ89YZR.arkadiko-token / SP2C2YFP12AJZB4MABJBAJ55XECVS7E4PMMZ89YZR.usda-token
{
  "ok": [
    "some",
    {
      "balance-x": 8942570832763,
      "balance-y": 25100822205,
      "enabled": true,
      "fee-balance-x": 30600105383,
      "fee-balance-y": 2544432196,
      "fee-to-address": [
        "some",
        "SP2C2YFP12AJZB4MABJBAJ55XECVS7E4PMMZ89YZR"
      ],
      "name": "DIKO-USDA",
      "shares-total": 414278941156,
      "swap-token": "SP2C2YFP12AJZB4MABJBAJ55XECVS7E4PMMZ89YZR.arkadiko-swap-token-diko-usda"
    }
  ]
}
[4] SP2C2YFP12AJZB4MABJBAJ55XECVS7E4PMMZ89YZR.wrapped-stx-token / SP3DX3H4FEYZJZ586MFBS25ZW3HZDMEW92260R2PR.Wrapped-Bitcoin
{
  "ok": [
    "some",
    {
      "balance-x": 2585181991,
      "balance-y": 901980,
      "enabled": true,
      "fee-balance-x": 414267317,
      "fee-balance-y": 1547928,
      "fee-to-address": [
        "some",
        "SP2C2YFP12AJZB4MABJBAJ55XECVS7E4PMMZ89YZR"
      ],
      "name": "wSTX-xBTC",
      "shares-total": 45951213,
      "swap-token": "SP2C2YFP12AJZB4MABJBAJ55XECVS7E4PMMZ89YZR.arkadiko-swap-token-wstx-xbtc"
    }
  ]
}
[5] SP3DX3H4FEYZJZ586MFBS25ZW3HZDMEW92260R2PR.Wrapped-Bitcoin / SP2C2YFP12AJZB4MABJBAJ55XECVS7E4PMMZ89YZR.usda-token
{
  "ok": [
    "some",
    {
      "balance-x": 35337963,
      "balance-y": 25640781943,
      "enabled": true,
      "fee-balance-x": 999501,
      "fee-balance-y": 484414669,
      "fee-to-address": [
        "some",
        "SP2C2YFP12AJZB4MABJBAJ55XECVS7E4PMMZ89YZR"
      ],
      "name": "xBTC-USDA",
      "shares-total": 852748895,
      "swap-token": "SP2C2YFP12AJZB4MABJBAJ55XECVS7E4PMMZ89YZR.arkadiko-swap-token-xbtc-usda"
    }
  ]
}
[6] SP2C2YFP12AJZB4MABJBAJ55XECVS7E4PMMZ89YZR.wrapped-stx-token / SP3NE50GEXFG9SZGTT51P40X2CKYSZ5CC4ZTZ7A2G.welshcorgicoin-token
{
  "ok": [
    "some",
    {
      "balance-x": 2782583455,
      "balance-y": 6169377303490,
      "enabled": true,
      "fee-balance-x": 566089582,
      "fee-balance-y": 4858359882290,
      "fee-to-address": [
        "some",
        "SP2C2YFP12AJZB4MABJBAJ55XECVS7E4PMMZ89YZR"
      ],
      "name": "wSTX-WELSH",
      "shares-total": 70750952443,
      "swap-token": "SP2C2YFP12AJZB4MABJBAJ55XECVS7E4PMMZ89YZR.arkadiko-swap-token-wstx-welsh"
    }
  ]
}
[7] SP3MBWGMCVC9KZ5DTAYFMG1D0AEJCR7NENTM3FTK5.wrapped-lydian-token / SP2C2YFP12AJZB4MABJBAJ55XECVS7E4PMMZ89YZR.usda-token
{
  "ok": [
    "some",
    {
      "balance-x": 1,
      "balance-y": 20001,
      "enabled": true,
      "fee-balance-x": 589651,
      "fee-balance-y": 41154746,
      "fee-to-address": [
        "some",
        "SP2C2YFP12AJZB4MABJBAJ55XECVS7E4PMMZ89YZR"
      ],
      "name": "wLDN-USDA",
      "shares-total": 5,
      "swap-token": "SP2C2YFP12AJZB4MABJBAJ55XECVS7E4PMMZ89YZR.arkadiko-swap-token-wldn-usda"
    }
  ]
}
[8] SP3MBWGMCVC9KZ5DTAYFMG1D0AEJCR7NENTM3FTK5.lydian-token / SP2C2YFP12AJZB4MABJBAJ55XECVS7E4PMMZ89YZR.usda-token
{
  "ok": [
    "some",
    {
      "balance-x": 23940613,
      "balance-y": 400643262,
      "enabled": true,
      "fee-balance-x": 7600600,
      "fee-balance-y": 117496014,
      "fee-to-address": [
        "some",
        "SP2C2YFP12AJZB4MABJBAJ55XECVS7E4PMMZ89YZR"
      ],
      "name": "LDN-USDA",
      "shares-total": 96261291,
      "swap-token": "SP2C2YFP12AJZB4MABJBAJ55XECVS7E4PMMZ89YZR.arkadiko-swap-token-ldn-usda"
    }
  ]
}
