VD tokens: {
 "0xa1077a294dde1b09bb078844df40758a5d0f9a27": "0xe69b2441cc445c9b9a81042d4c6503182b6033c7",
 "0x6b175474e89094c44da98b954eedeac495271d0f": "0x35d31d2f4b59141cf27cab25d473a26000c5d63d",
 "0x95b303987a60c71504d99aa1b13b4da07b0790ab": "0x039f40ff6e8744bdc42a4c86f788f5fa18c7cdef",
 "0xdca85efdce177b24de8b17811cec007fe5098586": "0x2764c8c6bd1520f7b81cf1d083f2da56f952e00c",
 "0xa0126ac1364606bafb150653c7bc9f1af4283dfa": "0x5f525dd8b5b8564a46080f9c258d16eee2c95d93",
 "0x24264d580711474526e8f2a8ccb184f6438bb95c": "0x2dc1d318420c7c121c30d56b5a44c97b05def233",
 "0xb75e32eb2994b9632d16d157c55731d2fc792b17": "0x61210a47916ba329a0ac20079239221a368bf97e",
 "0x6a7e018d334b8cc9116010d8779cb5b4b0143adc": "0x2bd7e42f715ddb66e3f8b5d3da8fbaa1b3307754",
 "0xa1cbdc3d9cab3d9259ed18993f3ce224e2f333c9": "0xc1f8547a91a3097a04611300b96cd5c31acda8f4",
 "0xefd766ccb38eaf1dfd701853bfce31359239f305": "0xc57b028a0c71ce40c058f56462292eba6d501e75",
 "0xedcb808ddc390844049b1af42c8163e0e5c54405": "0x1f840809a179cdef5720f402181fe2a59d3c86ba"
}
0xa1077a294dde1b09bb078844df40758a5d0f9a27 0xe69b2441cc445c9b9a81042d4c6503182b6033c7: 20903 logs, 294 borrowers
    0x83028d23e37386cfea8bf4e3e54a6dbce4923f54 2922249114990366567677677292
    0x160d8984a55d8f9a0835a918d5ce3b3cf9e79a69 1944928460274530436125337994
    0x6da27eaf92f8e7c4211ae5e664d15a896bd63701 1857361547871051488580342175
    0x29d2160cbefeb2736ea6cfe6a2c7a5556a432600 600830656207954011530754075
    0x861afd88b241a4f3ac6c99a944ccbada4fa94b23 560464464236466839020984202
    0x157c16a9063f998d0fca8982d0a94602bd0f4202 290183163022197561171494803
    0xaeee540030bd7bb80fef495a2dcec3624885966a 270421896240052883139082775
    0x94f53c112e57d74795b5770f6b488645e97a8047 193987100194160350641172671
    0xb957eac4d52b95c89ae4fe5752bb9d21fbdd7700 119390160027994561057383380
    0x2d7290b6ab2443f883db3d0de6785dc4b0397345 103189128620129552775748202
0x6b175474e89094c44da98b954eedeac495271d0f 0x35d31d2f4b59141cf27cab25d473a26000c5d63d: 18306 logs, 297 borrowers
    0x6da27eaf92f8e7c4211ae5e664d15a896bd63701 414024001161294195659890108
    0x7b68b85be8408b32552a78a05195ad4fa5d7d448 168484835366301375745858490
    0x72d24b01de3bc26210a2e72eb0db4dec3ac9c1f9 152781896221516847328103428
    0xe51f70780b01f56454a8fe324f3f419609e609eb 126666541573991720995656656
    0xb123a367e2c783a814719abbcddfd8016daa2bed 11973669035645503578344401
    0x08b043911cbfdc2d68fd938d081a1ba77757a2b4 5473709167889707071798851
    0x13dd019a47ec5086f2a1cbbc62fdecc0e7ddf8c4 3294539408445679437758349
    0x70c0ea6d3e0e483385000f86f0cc5350f09a0c59 3202092071165868187081562
    0xef2f95ffeecdcd29de24e61a930e13b7d3e5c4cb 1293343958695224406053916
    0x35dc85a9b1846ddcaca91bac7e71fdec085a98e2 1278615001468715796069621
0x95b303987a60c71504d99aa1b13b4da07b0790ab 0x039f40ff6e8744bdc42a4c86f788f5fa18c7cdef: 19855 logs, 279 borrowers
    0x9517c8c1159db9296dabe557d40b0b55eeae6c93 5589461754119349384768715029
    0x99a7b3cf802a461f62f9b41134dc093fa8ae402b 4432661615708100157329424284
    0x281c0f611ddaa6f5db41ad7a1026c2f452b90822 3962541594699582287825930036
    0x90fea6579653126d260ee1a20dfd8c2a140a1b79 2693457343697945226896881397
    0x4e289abd696fce0209a4aae148050c758443ed2f 2199871508736136924052220916
    0x6da27eaf92f8e7c4211ae5e664d15a896bd63701 1896304759579057752781715838
    0xafe35f4f79f316282ed30cd2696a97252f3fe39d 1685107931698750528081898978
    0x2af71b9196583d96939aec0ba58d1c2ab1a436eb 1539723412355281713556650673
    0x83028d23e37386cfea8bf4e3e54a6dbce4923f54 838050078551540208399616226
    0x701e3017cdad5865ca5d4db2b04d879d87a704f1 826946327544852862733920787
0xdca85efdce177b24de8b17811cec007fe5098586 0x2764c8c6bd1520f7b81cf1d083f2da56f952e00c: 0 logs, 0 borrowers
0xa0126ac1364606bafb150653c7bc9f1af4283dfa 0x5f525dd8b5b8564a46080f9c258d16eee2c95d93: 0 logs, 0 borrowers
0x24264d580711474526e8f2a8ccb184f6438bb95c 0x2dc1d318420c7c121c30d56b5a44c97b05def233: 0 logs, 0 borrowers
0xb75e32eb2994b9632d16d157c55731d2fc792b17 0x61210a47916ba329a0ac20079239221a368bf97e: 0 logs, 0 borrowers
0x6a7e018d334b8cc9116010d8779cb5b4b0143adc 0x2bd7e42f715ddb66e3f8b5d3da8fbaa1b3307754: 0 logs, 0 borrowers
0xa1cbdc3d9cab3d9259ed18993f3ce224e2f333c9 0xc1f8547a91a3097a04611300b96cd5c31acda8f4: 0 logs, 0 borrowers
0xefd766ccb38eaf1dfd701853bfce31359239f305 0xc57b028a0c71ce40c058f56462292eba6d501e75: 8235 logs, 76 borrowers
    0x609577e32a3e5bfcad646c84e69567df0fb9c9d3 51189505890201
    0x481b91c9acc8cca12c11a2457408594308f050a0 46664299881809
    0x3b749cd8d38541f58c24f48cdaeaa094a125cb1a 37893119740293
    0xaea0f272b24a3e72e1a8b7f5b4794ade2e8a7a1b 8098458139834
    0xaa72f7e44745e4b5ac5cd00f7c213b5886f8caf6 4957594230521
    0x51fc24cea14add2e41f5aeb5d9f11bffafb742d7 219618753290
    0xb08b3951c1e3be28defd8322141df45b51fe8731 9
    0x31b8f9a85fa9b9258b5b5f1875dbd863999dca76 9
    0x078cd0a04ba02b7f31a02641aa10c6143f526942 8
    0xb6166167315dee3fd5f043b48b1fc82d02844e75 8
0xedcb808ddc390844049b1af42c8163e0e5c54405 0x1f840809a179cdef5720f402181fe2a59d3c86ba: 0 logs, 0 borrowers
DONE
