0xE51C(PLSF/WPLS) 0xE51C682e2b6Bb3cDEFab9E809e9B52b306624C7c: 6402 logs, 36 holders
    0xad32418c01202798e6f2e3e25ee17e558bc641ad 20745462930968241862587625
    0xc243ea5e75b16f90f8662a33439950a6919471f8 2400293159118500983957442
    0x29194f94fbbcbefca77af950b86222e52981ccfd 1638925679640158966183816
    0x711a2651198133e2cd131a42396e0ca661b67740 1472765527581092857098759
    0x4859909ae21766a32840ed0409524be87bceba52 1438182915290295858037004
    0xc229ea6a3e7b2cd96691f00c84926c1dea36d189 1206786515563276490672406
0xeD6c(PDAIF/DAI) 0xeD6cfd41888475F373dFee53aEAD5F2123C76e0A: 3761 logs, 36 holders
    0x0b8fe2e240ee6b71b4fd74ef9d733b9a6bc8cc6d 6378352951405007640753171
    0x74487f0eba470527df29eaaeee95b4a4947e455d 5467173958347149406359860
    0x7a9255bac7daa0124118031bb1f1ff2a8f4b6c46 4557216066673584133254897
    0x7e8fe1c56843c28ddbb3961840faf158f3c6d4db 3644815972231432937573240
    0x044c1108516f0c47a085a498c1d3776e993a98cc 339631558579218132486530
    0xd8d1c2b34d2aa5e6e4f4c6a9d919d15dcf9797eb 329380389167559450917444
0xA756(PLSXF/PLSX) 0xA7561ac1c68d93b3143595028545A9575c01116c: 3031 logs, 31 holders
    0x6df6fc26146eead54dbef04a0524a85fd4a024ee 7526012290502059100705810
    0x1a0d5c3d7b5cb8c9c3b65a79de42b514f62244f0 4608327234142547238210600
    0x4859909ae21766a32840ed0409524be87bceba52 4422707356593107955861212
    0xefa4598d0e2ce3fdecfc126195f7db57ebc95871 2311156757222797394960147
    0x3aaa39627b2442c93f38879de9010b19a2f86ab6 1218933127386202219760914
    0x14e84419f15342a35e641108b37cdf112a16c704 1145065890868142552130797
0xb223(oldPLSF/WPLS) 0xb2235cE3B6D55E8bc089b799e4B8Db1A8A1659Ea: 17667 logs, 9 holders
    0x50b7792d9497319e2278964c63bcab07c7cfac42 51798100160218495208332653
    0x281c0f611ddaa6f5db41ad7a1026c2f452b90822 37212689369111235230324557
    0x4278e81b70d228017e2209f9dc6b0da1c84bef86 32162773020232403497565943
    0x73dac7c8ec06d52ff097da0e9a1880157db75417 30372409518473355099778990
    0x5dfa70ad27206774c8360a3ae504b17aa927f6b4 919670255717206653712300
    0xa03d2363f5761bb19e4fc13128f924377a471159 154134179569598430159095
0x2960(oldPDAIF/DAI) 0x29601fB5C87bE0fCE1A4438DF1d8992EC47c24d2: 33014 logs, 14 holders
    0xb123a367e2c783a814719abbcddfd8016daa2bed 62029664047953767403059783
    0x9517c8c1159db9296dabe557d40b0b55eeae6c93 1104916457988071252283953
    0x281c0f611ddaa6f5db41ad7a1026c2f452b90822 16593379065574047185518
    0x5dfa70ad27206774c8360a3ae504b17aa927f6b4 7729953173136495285555
    0xc454594bb1c4394f2fea554c8dd56318910ea156 1445707009505068550950
    0xe7fa322b0ced4e8851508153aa4f47124a88ee99 1373445051453842517240
0xca23(oldPLSXF/PLSX) 0xca23D03Fa0F62906e1079bfC641aB849391AF16E: 22279 logs, 8 holders
    0x281c0f611ddaa6f5db41ad7a1026c2f452b90822 35626990190592293482509238088
    0x9517c8c1159db9296dabe557d40b0b55eeae6c93 30666561596671677834905704488
    0x6ba90a023c57910c85953e66c4a03b447dcebc66 9752590330231206221751595
    0x5dfa70ad27206774c8360a3ae504b17aa927f6b4 1708336872710164409462534
    0x3e44ee980b55641626cb620f5166a834ffa91258 32823200323150523039898
    0x0e44c2ce5f927f161e1a68358e737e5017803f15 30214948020398069606786
0x9603(EDAIFLP) 0x9603E53129233d3767Af6C735c15166AD1aacc0d: 9353 logs, 4 holders
    0xabab6ca2271f7df5f26575a66a22999ed8f62749 70988533090203700
    0xfea0d3d202793ff0b23c3900ce2849b8c2b2968a 36647098093690015
    0x044462fb708aaea4008d637f866084e94bb5fa38 19156680414019480
    0x2f0e0ee4f04de22033b37832c70402007ef38074 14062745636775607
DONE
