pool 5438 fetched block=219332998
pool 5844 fetched block=219333007
pool 5516 fetched block=219333022
pool 5846 fetched block=219333032
pool 5906 fetched block=219333042
pool 5494 fetched block=219333051
pool 5650 fetched block=219333061
pool 5789 fetched block=219333070
pool 5583 fetched block=219333080
pool 5502 fetched block=219333090
pool 5845 fetched block=219333100
v2.ref-farming.near retry marmaj.tkn.near -> 70574183671338431651
v2.ref-farming.near retry meta-pool.near -> 5503506093088377963138691
v2.ref-farming.near retry usn -> 10774290287545446251289
v2.ref-farming.near retry utopia.secretskelliessociety.near -> 408728522741
v2.ref-farming.near retry wrap.near -> 4553253526706129374256153
boostfarm.ref-labs.near retry blackdragon.tkn.near -> 2164833044430015314399006173298385
boostfarm.ref-labs.near retry bullish-1254.meme-cooking.near -> 1548916149060273763766032
boostfarm.ref-labs.near retry ftv2.nekotoken.near -> 689947972905837788476185788996
boostfarm.ref-labs.near retry jambo-1679.meme-cooking.near -> 473648506275276128613
boostfarm.ref-labs.near retry linear-protocol.near -> 41644555246782885419177306
boostfarm.ref-labs.near retry lonkrewards.near -> 100000000000000000000000000
boostfarm.ref-labs.near retry lst.rhealab.near -> 2436957911681674395566041999
boostfarm.ref-labs.near retry marmaj.tkn.near -> 1081012350788096450065
boostfarm.ref-labs.near retry meta-pool.near -> 3185997869570594109287980
boostfarm.ref-labs.near retry meta-token.near -> 310376741727567162468796105490
boostfarm.ref-labs.near retry mineminemine.tkn.primitives.near -> 2518877262
boostfarm.ref-labs.near retry nearnvidia.near -> 116185168960295320
boostfarm.ref-labs.near retry nearrewards.near -> 10000000000000000000
boostfarm.ref-labs.near retry noear-324.meme-cooking.near -> 54521786685806945074497
boostfarm.ref-labs.near retry purge-558.meme-cooking.near -> 69398711516289904173
boostfarm.ref-labs.near retry rich.tkn.near -> 101012000000000000000000
boostfarm.ref-labs.near retry sin-339.meme-cooking.near -> 74820263653956232262383465
boostfarm.ref-labs.near retry token.burrow.near -> 77136942336984659826303
boostfarm.ref-labs.near retry token.lonkingnearbackto2024.near ERR HTTP Error 429: Too Many Requests
boostfarm.ref-labs.near retry token.paras.near ERR HTTP Error 429: Too Many Requests
boostfarm.ref-labs.near retry token.pembrock.near ERR HTTP Error 429: Too Many Requests
boostfarm.ref-labs.near retry token.skyward.near ERR HTTP Error 429: Too Many Requests
boostfarm.ref-labs.near retry token.stlb.near -> 9056544082
boostfarm.ref-labs.near retry token.sweat -> 329451446907843533363302
boostfarm.ref-labs.near retry token.v2.ref-finance.near -> 601650845852052458562971
{
 "v2_staked_lp_usd": 2809853.803392197,
 "v2_ft_usd": 92234.9166072421,
 "boost_staked_lp_usd": 1839448.9234820695,
 "boost_ft_usd": 141373.4711142714,
 "uncovered_v2": 0,
 "uncovered_boost": 14
}
  v2 token.v2.ref-finance.near                    {'raw': '649757651759647202121080', 'amount': 649757.6517596472, 'price': 0.09698142306835059, 'usd': 63014.421717200355}
  v2 meta-token.near                              {'raw': '2072730681129760479074224712965', 'amount': 2072730.6811297606, 'price': 0.012633990743, 'usd': 26186.86023812548}
  v2 usn                                          {'raw': '10774290287545446251289', 'amount': 10774.290287545446, 'price': 0.088375581372, 'usd': 952.1841680325217}
  v2 linear-protocol.near                         {'raw': '117130809789750704532939688', 'amount': 117.1308097897507, 'price': 7.339819420631921, 'usd': 859.7189924491557}
  v2 52a047ee205701895ee06a375492490ec9c597ce.factory.bridge.near {'raw': '40416573019151543243244', 'amount': 40416.57301915155, 'price': 0.011593066113, 'usd': 468.5520030719159}
  v2 celo.token.a11bd.near                        {'raw': '2621120267753552174756132839', 'amount': 2621.120267753552, 'price': 0.096913, 'usd': 254.0206285088}
  v2 3ea8ea4237344c9931214796d9417af1a1180770.factory.bridge.near {'raw': '28919538049013490458890', 'amount': 28919.538049013492, 'price': 0.004692381479, 'usd': 135.7015047224267}
  v2 token.paras.near                             {'raw': '194489493786613304486819', 'amount': 194489.4937866133, 'price': 0.000671813651, 'usd': 130.66069690192649}
  v2 token.skyward.near                           {'raw': '360617107535408405870', 'amount': 360.6171075354084, 'price': 0.218977239419, 'usd': 78.9669386953684}
  v2 aaaaaa20d9e0e2461697782ef11675f668207961.factory.bridge.near {'raw': '907753383895281195604', 'amount': 907.7533838952812, 'price': 0.05784625279450849, 'usd': 52.510131719876945}
  v2 meta-pool.near                               {'raw': '5503506093088377963138691', 'amount': 5.503506093088378, 'price': 7.750713887136, 'usd': 42.65610110363768}
  v2 abr.a11bd.near                               {'raw': '1160311354165294452008724267', 'amount': 1160.3113541652945, 'price': 0.02846056, 'usd': 33.02311091390261}
  bf wrap.near                                    {'raw': '12067222323824207750893202777', 'amount': 12067.222323824208, 'price': 5.15, 'usd': 62146.194967694675}
  bf token.v2.ref-finance.near                    {'raw': '601650845852052458562971', 'amount': 601650.8458520524, 'price': 0.09698142306835059, 'usd': 58348.95522100888}
  bf lst.rhealab.near                             {'raw': '2436957911681674395566041999', 'amount': 2436.9579116816744, 'price': 5.465438388757, 'usd': 13319.043322290114}
  bf meta-token.near                              {'raw': '310376741727567162468796105490', 'amount': 310376.74172756716, 'price': 0.012633990743, 'usd': 3921.2968818285854}
  bf usn                                          {'raw': '27398761673529149188350', 'amount': 27398.76167352915, 'price': 0.088375581372, 'usd': 2421.38149177101}
  bf arni.tknx.near                               {'raw': '5675692392992448918985720', 'amount': 5675692.392992449, 'price': 8.024578573151655e-05, 'usd': 455.4503956460705}
  bf linear-protocol.near                         {'raw': '41644555246782885419177306', 'amount': 41.644555246782886, 'price': 7.339819420631921, 'usd': 305.66351536391596}
  bf token.burrow.near                            {'raw': '77136942336984659826303', 'amount': 77136.94233698466, 'price': 0.001048561371, 'usd': 80.88281801161658}
  bf celo.token.a11bd.near                        {'raw': '743694169439408385690792382', 'amount': 743.6941694394084, 'price': 0.096913, 'usd': 72.07363304288138}
  bf token.sweat                                  {'raw': '329451446907843533363302', 'amount': 329451.4469078435, 'price': 0.00017633369947763262, 'usd': 58.093392431518915}
  bf aaaaaa20d9e0e2461697782ef11675f668207961.factory.bridge.near {'raw': '865001998222155820542', 'amount': 865.0019982221559, 'price': 0.05784625279450849, 'usd': 50.037124256913806}
  bf token.stlb.near                              {'raw': '9056544082', 'amount': 90565.44082, 'price': 0.000393140189, 'usd': 35.60491452084312}
