latest block: 97651394
markets: 18
oracle=0xd360d8cabc1b2e56ecf348bff00d2bd9f658754a closeFactor=500000000000000000 liqInc=1100000000000000000
pauseGuardian=0x351eca4cd87bc725989021630a0c7ec2272111cd admin=0x9e3f42052337e2cf0c3748bcc732430af3f53f72 transferPaused=0 seizePaused=0

0xb3bbf1be947b245aef26e3b6a9d777d7703f4c8e tUSDC dec=8 listed=True CF=800000000000000000
   cash=1866168699785 borrows=5591201312071 reserves=490929666524 supply=6413375434109983
   exRate=1086236166415660 accrualBlk=97641149 rf=100000000000000000 seizeShare=28000000000000000
   borrowCap=7299639081733 supplyCap=0 oraclePrice=1000086680000000000000000000000
   paused: mint=1 borrow=1
   gates: mint={'__error__': {'code': 3, 'message': 'execution reverted: mint is paused', 'data': '0x08c379a00000000000000000000000000000000000000000000000000000000000000020000000000000000000000000000000000000000000000000000000000000000e6d696e7420697320706175736564000000000000000000000000000000000000'}} borrow={'__error__': {'code': 3, 'message': 'execution reverted: borrow is paused', 'data': '0x08c379a000000000000000000000000000000000000000000000000000000000000000200000000000000000000000000000000000000000000000000000000000000010626f72726f772069732070617573656400000000000000000000000000000000'}} redeem=0 repay=0 liq=3 seize=0 transfer=0

0x67fd498e94d95972a4a2a44acce00a000af7fe00 tWBTC dec=8 listed=True CF=750000000000000000
   cash=9078152944 borrows=32069863 reserves=473979104 supply=85546030621
   exRate=100954347505165934 accrualBlk=97567959 rf=200000000000000000 seizeShare=28000000000000000
   borrowCap=954550778 supplyCap=0 oraclePrice=845836524008800000000000000000000
   paused: mint=1 borrow=1
   gates: mint={'__error__': {'code': 3, 'message': 'execution reverted: mint is paused', 'data': '0x08c379a00000000000000000000000000000000000000000000000000000000000000020000000000000000000000000000000000000000000000000000000000000000e6d696e7420697320706175736564000000000000000000000000000000000000'}} borrow={'__error__': {'code': 3, 'message': 'execution reverted: borrow is paused', 'data': '0x08c379a000000000000000000000000000000000000000000000000000000000000000200000000000000000000000000000000000000000000000000000000000000010626f72726f772069732070617573656400000000000000000000000000000000'}} redeem=0 repay=0 liq=3 seize=0 transfer=0

0x543f4db9bd26c9eb6ad4dd1c33522c966c625774 tWETH dec=8 listed=True CF=750000000000000000
   cash=1504265797565975690803 borrows=9525898933522070934 reserves=78906840578918160810 supply=1416158670005
   exRate=1013223225837761163300868817 accrualBlk=97555221 rf=200000000000000000 seizeShare=28000000000000000
   borrowCap=156198104168599159186 supplyCap=0 oraclePrice=2684743056520000000000
   paused: mint=1 borrow=1
   gates: mint={'__error__': {'code': 3, 'message': 'execution reverted: mint is paused', 'data': '0x08c379a00000000000000000000000000000000000000000000000000000000000000020000000000000000000000000000000000000000000000000000000000000000e6d696e7420697320706175736564000000000000000000000000000000000000'}} borrow={'__error__': {'code': 3, 'message': 'execution reverted: borrow is paused', 'data': '0x08c379a000000000000000000000000000000000000000000000000000000000000000200000000000000000000000000000000000000000000000000000000000000010626f72726f772069732070617573656400000000000000000000000000000000'}} redeem=0 repay=0 liq=3 seize=0 transfer=0

0xeadf7c01da7e93fdb5f16b0aa9ee85f978e89e95 tCRO dec=8 listed=True CF=700000000000000000
   cash=31589597627952724124936285 borrows=26713964934816394090128356 reserves=1976510802669446132155751 supply=51988234988049887
   exRate=1083457666394081538391031488 accrualBlk=97551492 rf=100000000000000000 seizeShare=28000000000000000
   borrowCap=34349165733987238235112763 supplyCap=0 oraclePrice=65801760000000000
   paused: mint=1 borrow=1
   gates: mint={'__error__': {'code': 3, 'message': 'execution reverted: mint is paused', 'data': '0x08c379a00000000000000000000000000000000000000000000000000000000000000020000000000000000000000000000000000000000000000000000000000000000e6d696e7420697320706175736564000000000000000000000000000000000000'}} borrow={'__error__': {'code': 3, 'message': 'execution reverted: borrow is paused', 'data': '0x08c379a000000000000000000000000000000000000000000000000000000000000000200000000000000000000000000000000000000000000000000000000000000010626f72726f772069732070617573656400000000000000000000000000000000'}} redeem=0 repay=0 liq=3 seize=0 transfer=0

0xe1c4c56f772686909c28c319079d41adfd6ec89b tDAI dec=8 listed=True CF=500000000000000000
   cash=73976874025597734688406 borrows=57076045250353535271840 reserves=74025329737613942225320 supply=52898044471557
   exRate=1078066119608651362810866679 accrualBlk=97444534 rf=100000000000000000 seizeShare=28000000000000000
   borrowCap=1 supplyCap=1 oraclePrice=1000000000000000000
   paused: mint=1 borrow=1
   gates: mint={'__error__': {'code': 3, 'message': 'execution reverted: mint is paused', 'data': '0x08c379a00000000000000000000000000000000000000000000000000000000000000020000000000000000000000000000000000000000000000000000000000000000e6d696e7420697320706175736564000000000000000000000000000000000000'}} borrow={'__error__': {'code': 3, 'message': 'execution reverted: borrow is paused', 'data': '0x08c379a000000000000000000000000000000000000000000000000000000000000000200000000000000000000000000000000000000000000000000000000000000010626f72726f772069732070617573656400000000000000000000000000000000'}} redeem=0 repay=0 liq=3 seize=0 transfer=0

0xa683fdfd9286eedfea81cf6da14703da683c44e5 tUSDT dec=8 listed=True CF=800000000000000000
   cash=840918435427 borrows=750729658291 reserves=505158166865 supply=997216333506436
   exRate=1089522794951280 accrualBlk=97325861 rf=100000000000000000 seizeShare=28000000000000000
   borrowCap=1049592679518 supplyCap=0 oraclePrice=999784430000000000000000000000
   paused: mint=1 borrow=1
   gates: mint={'__error__': {'code': 3, 'message': 'execution reverted: mint is paused', 'data': '0x08c379a00000000000000000000000000000000000000000000000000000000000000020000000000000000000000000000000000000000000000000000000000000000e6d696e7420697320706175736564000000000000000000000000000000000000'}} borrow={'__error__': {'code': 3, 'message': 'execution reverted: borrow is paused', 'data': '0x08c379a000000000000000000000000000000000000000000000000000000000000000200000000000000000000000000000000000000000000000000000000000000010626f72726f772069732070617573656400000000000000000000000000000000'}} redeem=0 repay=0 liq=3 seize=0 transfer=0

0xfe6934fdf050854749945921faa83191bccf20ad tTONIC dec=8 listed=True CF=50000000000000000
   cash=3960740366889226847251564123806 borrows=1602098650270049307355351859553 reserves=396367766665928167486368030309 supply=3794902319774721621751
   exRate=1361424040764255399104217226 accrualBlk=97568167 rf=150000000000000000 seizeShare=28000000000000000
   borrowCap=2445379875219966973603161247283 supplyCap=50000000000000000000000000000000 oraclePrice=19283000000
   paused: mint=1 borrow=1
   gates: mint={'__error__': {'code': 3, 'message': 'execution reverted: mint is paused', 'data': '0x08c379a00000000000000000000000000000000000000000000000000000000000000020000000000000000000000000000000000000000000000000000000000000000e6d696e7420697320706175736564000000000000000000000000000000000000'}} borrow={'__error__': {'code': 3, 'message': 'execution reverted: borrow is paused', 'data': '0x08c379a000000000000000000000000000000000000000000000000000000000000000200000000000000000000000000000000000000000000000000000000000000010626f72726f772069732070617573656400000000000000000000000000000000'}} redeem=0 repay=0 liq=3 seize=0 transfer=0

0x4bd41f188f6a05f02b46bb2a1f8ba776e528f9d2 tTUSD dec=8 listed=True CF=800000000000000000
   cash=10842877160480104143447 borrows=14914549307252962544859 reserves=9257189536106209008321 supply=14687789751195
   exRate=1123398224725023504740636480 accrualBlk=96418776 rf=100000000000000000 seizeShare=28000000000000000
   borrowCap=1000000000000000000 supplyCap=1000000000000000000 oraclePrice=1000000000000000000
   paused: mint=1 borrow=1
   gates: mint={'__error__': {'code': 3, 'message': 'execution reverted: mint is paused', 'data': '0x08c379a00000000000000000000000000000000000000000000000000000000000000020000000000000000000000000000000000000000000000000000000000000000e6d696e7420697320706175736564000000000000000000000000000000000000'}} borrow={'__error__': {'code': 3, 'message': 'execution reverted: borrow is paused', 'data': '0x08c379a000000000000000000000000000000000000000000000000000000000000000200000000000000000000000000000000000000000000000000000000000000010626f72726f772069732070617573656400000000000000000000000000000000'}} redeem=0 repay=0 liq=3 seize=0 transfer=0

0x0d9706531b517d24623118934de69108968ba266 tATOM dec=8 listed=True CF=700000000000000000
   cash=34118055039 borrows=13042380610 reserves=2367758765 supply=37310299667513
   exRate=1200544548909160 accrualBlk=97497137 rf=100000000000000000 seizeShare=28000000000000000
   borrowCap=16548485703 supplyCap=50000000000 oraclePrice=1662500000000000000000000000000
   paused: mint=1 borrow=1
   gates: mint={'__error__': {'code': 3, 'message': 'execution reverted: mint is paused', 'data': '0x08c379a00000000000000000000000000000000000000000000000000000000000000020000000000000000000000000000000000000000000000000000000000000000e6d696e7420697320706175736564000000000000000000000000000000000000'}} borrow={'__error__': {'code': 3, 'message': 'execution reverted: borrow is paused', 'data': '0x08c379a000000000000000000000000000000000000000000000000000000000000000200000000000000000000000000000000000000000000000000000000000000010626f72726f772069732070617573656400000000000000000000000000000000'}} redeem=0 repay=0 liq=3 seize=0 transfer=0

0x29984c47b0bac5a59290ef082e1f651a7019ec4a tADA dec=8 listed=True CF=700000000000000000
   cash=379540047013 borrows=4549462185 reserves=28426047665 supply=355295568476892
   exRate=1001035456360137 accrualBlk=96495900 rf=200000000000000000 seizeShare=28000000000000000
   borrowCap=41792244111 supplyCap=0 oraclePrice=243387030000000000000000000000
   paused: mint=1 borrow=1
   gates: mint={'__error__': {'code': 3, 'message': 'execution reverted: mint is paused', 'data': '0x08c379a00000000000000000000000000000000000000000000000000000000000000020000000000000000000000000000000000000000000000000000000000000000e6d696e7420697320706175736564000000000000000000000000000000000000'}} borrow={'__error__': {'code': 3, 'message': 'execution reverted: borrow is paused', 'data': '0x08c379a000000000000000000000000000000000000000000000000000000000000000200000000000000000000000000000000000000000000000000000000000000010626f72726f772069732070617573656400000000000000000000000000000000'}} redeem=0 repay=0 liq=3 seize=0 transfer=0

0xb075a3590c9ffc8332c47db49f5c6ee1dbcdf804 tVVS dec=8 listed=True CF=140000000000000000
   cash=31999246374210006868226921562 borrows=1289686434010139277427108542 reserves=7477997001521655534684000536 supply=20988300349048902172
   exRate=1229777322481862098533680655 accrualBlk=97615514 rf=150000000000000000 seizeShare=28000000000000000
   borrowCap=9442060419282936273929821464 supplyCap=0 oraclePrice=1077451000000
   paused: mint=1 borrow=1
   gates: mint={'__error__': {'code': 3, 'message': 'execution reverted: mint is paused', 'data': '0x08c379a00000000000000000000000000000000000000000000000000000000000000020000000000000000000000000000000000000000000000000000000000000000e6d696e7420697320706175736564000000000000000000000000000000000000'}} borrow={'__error__': {'code': 3, 'message': 'execution reverted: borrow is paused', 'data': '0x08c379a000000000000000000000000000000000000000000000000000000000000000200000000000000000000000000000000000000000000000000000000000000010626f72726f772069732070617573656400000000000000000000000000000000'}} redeem=0 repay=0 liq=3 seize=0 transfer=0

0x53b4112cba389302b065d2a92bb249d27f51c680 tXRP dec=8 listed=True CF=700000000000000000
   cash=272186642271 borrows=3308131142 reserves=8540411784 supply=266638482031794
   exRate=1001184673700506 accrualBlk=97398577 rf=200000000000000000 seizeShare=28000000000000000
   borrowCap=42538264070 supplyCap=300000000000 oraclePrice=1482489840000000000000000000000
   paused: mint=1 borrow=1
   gates: mint={'__error__': {'code': 3, 'message': 'execution reverted: mint is paused', 'data': '0x08c379a00000000000000000000000000000000000000000000000000000000000000020000000000000000000000000000000000000000000000000000000000000000e6d696e7420697320706175736564000000000000000000000000000000000000'}} borrow={'__error__': {'code': 3, 'message': 'execution reverted: borrow is paused', 'data': '0x08c379a000000000000000000000000000000000000000000000000000000000000000200000000000000000000000000000000000000000000000000000000000000010626f72726f772069732070617573656400000000000000000000000000000000'}} redeem=0 repay=0 liq=3 seize=0 transfer=0

0xe3e2cea8dffa592eadab7d9c7f1e0cc6700490aa tLTC dec=8 listed=True CF=700000000000000000
   cash=41933678916 borrows=154045880 reserves=1269735511 supply=405927762009
   exRate=100554810745107418 accrualBlk=97537350 rf=200000000000000000 seizeShare=28000000000000000
   borrowCap=4805215413 supplyCap=50000000000 oraclePrice=689624895500000000000000000000
   paused: mint=1 borrow=1
   gates: mint={'__error__': {'code': 3, 'message': 'execution reverted: mint is paused', 'data': '0x08c379a00000000000000000000000000000000000000000000000000000000000000020000000000000000000000000000000000000000000000000000000000000000e6d696e7420697320706175736564000000000000000000000000000000000000'}} borrow={'__error__': {'code': 3, 'message': 'execution reverted: borrow is paused', 'data': '0x08c379a000000000000000000000000000000000000000000000000000000000000000200000000000000000000000000000000000000000000000000000000000000010626f72726f772069732070617573656400000000000000000000000000000000'}} redeem=0 repay=0 liq=3 seize=0 transfer=0

0x6b986d5109cd065e4098664b3e2e34b4028967cd tLCROd dec=8 listed=True CF=0
   cash=100000000000000000 borrows=0 reserves=0 supply=100000000
   exRate=1000000000000000000000000000 accrualBlk=20264576 rf=150000000000000000 seizeShare=28000000000000000
   borrowCap=10000000000000000 supplyCap=0 oraclePrice=86227160000000000
   paused: mint=1 borrow=1
   gates: mint={'__error__': {'code': 3, 'message': 'execution reverted: mint is paused', 'data': '0x08c379a00000000000000000000000000000000000000000000000000000000000000020000000000000000000000000000000000000000000000000000000000000000e6d696e7420697320706175736564000000000000000000000000000000000000'}} borrow={'__error__': {'code': 3, 'message': 'execution reverted: borrow is paused', 'data': '0x08c379a000000000000000000000000000000000000000000000000000000000000000200000000000000000000000000000000000000000000000000000000000000010626f72726f772069732070617573656400000000000000000000000000000000'}} redeem=0 repay=0 liq=3 seize=0 transfer=0

0xf4f21a4990acd891d05dface12a2b8f57e61d1ee tLCRO dec=8 listed=True CF=700000000000000000
   cash=17868100631832438702120191 borrows=587733439586745931337137 reserves=424358879791067329552212 supply=17982065916602484
   exRate=1002747697358845442918104436 accrualBlk=97538012 rf=150000000000000000 seizeShare=28000000000000000
   borrowCap=2629289517489979801817003 supplyCap=0 oraclePrice=86227160000000000
   paused: mint=1 borrow=1
   gates: mint={'__error__': {'code': 3, 'message': 'execution reverted: mint is paused', 'data': '0x08c379a00000000000000000000000000000000000000000000000000000000000000020000000000000000000000000000000000000000000000000000000000000000e6d696e7420697320706175736564000000000000000000000000000000000000'}} borrow={'__error__': {'code': 3, 'message': 'execution reverted: borrow is paused', 'data': '0x08c379a000000000000000000000000000000000000000000000000000000000000000200000000000000000000000000000000000000000000000000000000000000010626f72726f772069732070617573656400000000000000000000000000000000'}} redeem=0 repay=0 liq=3 seize=0 transfer=0

0xecd4bea6ed20a4a820ae2c4900e5501a985a3fe3 tCDCBTC dec=8 listed=True CF=700000000000000000
   cash=2622958061 borrows=87120938 reserves=21831122 supply=26846841371
   exRate=100132743358920783 accrualBlk=97540648 rf=200000000000000000 seizeShare=28000000000000000
   borrowCap=276944776 supplyCap=14700000000 oraclePrice=845836524008800000000000000000000
   paused: mint=1 borrow=1
   gates: mint={'__error__': {'code': 3, 'message': 'execution reverted: mint is paused', 'data': '0x08c379a00000000000000000000000000000000000000000000000000000000000000020000000000000000000000000000000000000000000000000000000000000000e6d696e7420697320706175736564000000000000000000000000000000000000'}} borrow={'__error__': {'code': 3, 'message': 'execution reverted: borrow is paused', 'data': '0x08c379a000000000000000000000000000000000000000000000000000000000000000200000000000000000000000000000000000000000000000000000000000000010626f72726f772069732070617573656400000000000000000000000000000000'}} redeem=0 repay=0 liq=3 seize=0 transfer=0

0xbffcd14ed8cb224b26b692d7eb4118ffedfabdbd tCDCETH dec=8 listed=True CF=700000000000000000
   cash=349929286866304986647 borrows=8509632150059271756 reserves=502333725811455664 supply=356995128196
   exRate=1002637170706811206903823638 accrualBlk=97055062 rf=200000000000000000 seizeShare=28000000000000000
   borrowCap=36284864128977626718 supplyCap=400000000000000000000 oraclePrice=2888783528810000000000
   paused: mint=1 borrow=1
   gates: mint={'__error__': {'code': 3, 'message': 'execution reverted: mint is paused', 'data': '0x08c379a00000000000000000000000000000000000000000000000000000000000000020000000000000000000000000000000000000000000000000000000000000000e6d696e7420697320706175736564000000000000000000000000000000000000'}} borrow={'__error__': {'code': 3, 'message': 'execution reverted: borrow is paused', 'data': '0x08c379a000000000000000000000000000000000000000000000000000000000000000200000000000000000000000000000000000000000000000000000000000000010626f72726f772069732070617573656400000000000000000000000000000000'}} redeem=0 repay=0 liq=3 seize=0 transfer=0

0x6d1861c723f2ec35d5ae13f470bf197a8258de3e tUSC dec=8 listed=True CF=0
   cash=7064394181140120745002 borrows=840862696962457782263 reserves=4853701393498981941347 supply=2876907723887
   exRate=1060706764859537931549982444 accrualBlk=96976887 rf=150000000000000000 seizeShare=28000000000000000
   borrowCap=1 supplyCap=1 oraclePrice=1000000000000000000
   paused: mint=1 borrow=1
   gates: mint={'__error__': {'code': 3, 'message': 'execution reverted: mint is paused', 'data': '0x08c379a00000000000000000000000000000000000000000000000000000000000000020000000000000000000000000000000000000000000000000000000000000000e6d696e7420697320706175736564000000000000000000000000000000000000'}} borrow={'__error__': {'code': 3, 'message': 'execution reverted: borrow is paused', 'data': '0x08c379a000000000000000000000000000000000000000000000000000000000000000200000000000000000000000000000000000000000000000000000000000000010626f72726f772069732070617573656400000000000000000000000000000000'}} redeem=0 repay=0 liq=3 seize=0 transfer=0

saved state-97651394.json
