shortfall accounts: 2913
  chunk 0: rows=1000
  chunk 1: rows=1000
  chunk 2: rows=1000
  chunk 3: rows=1000
  chunk 4: rows=1000
  chunk 5: rows=1000

accounts with positive extractable profit: 1035
TOTAL extractable (best single pair per account): $5.16
  excluding TONIC-debt liquidations: $5.16

Top 40:
0x8e2c707786b55b2c25c9b834d5a2c1fb6d56d395 tUSDC->tVVS repayOracle=$13.42 seizeOracle=$14.76 profit=$0.99 (debt=$26.83 coll=$485.61)
0x644012810cddc370c7f165e9277f4aadf884ebc2 tTUSD->tVVS repayOracle=$1.29 seizeOracle=$1.42 profit=$0.10 (debt=$2.58 coll=$76.30)
0x57ffb07825f23829c9c7a5be1e294fd199151eff tUSC->tVVS repayOracle=$1.04 seizeOracle=$1.15 profit=$0.08 (debt=$2.09 coll=$8.19)
0x6a5ad002b696df5cee6b091f03497a9f1348e63d tCDCETH->tUSC repayOracle=$0.54 seizeOracle=$0.60 profit=$0.07 (debt=$1.08 coll=$2.36)
0xc4a0158930ed1d734b8fd311d7af14e089c1d94c tUSDC->tDAI repayOracle=$1.05 seizeOracle=$1.15 profit=$0.07 (debt=$2.09 coll=$3.78)
0xf969918563739762c78b496ee5647859459bb9ae tUSDT->tUSDC repayOracle=$1.01 seizeOracle=$1.11 profit=$0.07 (debt=$2.03 coll=$1.72)
0x0a3b36260bc41485996231ce8d026576162d9421 tUSDT->tWETH repayOracle=$0.87 seizeOracle=$0.95 profit=$0.07 (debt=$1.73 coll=$9.74)
0xf544076a809bf44283a18ae4e7c4d315388072d1 tUSDC->tTUSD repayOracle=$0.98 seizeOracle=$1.08 profit=$0.07 (debt=$7.60 coll=$1.08)
0xfa2e7e37a071d3cbcca1d9a2b33ce735cad445b6 tTUSD->tDAI repayOracle=$0.92 seizeOracle=$1.01 profit=$0.06 (debt=$1.84 coll=$2.94)
0xd3f925042d39c23e7126e140ad1423142721c97c tCDCETH->tUSC repayOracle=$0.38 seizeOracle=$0.42 profit=$0.05 (debt=$0.77 coll=$34.07)
0x7495c0fe44b630922a0b7a7162a8db765662c0fd tUSDC->tVVS repayOracle=$0.69 seizeOracle=$0.76 profit=$0.05 (debt=$1.38 coll=$3.09)
0xe260f52931bc0517883bcaaef3649a261cf725cc tUSDC->tCRO repayOracle=$0.64 seizeOracle=$0.71 profit=$0.05 (debt=$4.41 coll=$0.71)
0xbb9c76f70f976984d36cd8eaa43623ba214aa396 tDAI->tCRO repayOracle=$0.63 seizeOracle=$0.69 profit=$0.05 (debt=$1.96 coll=$0.69)
0xb5da4238af65d712aa15584f46a605bb7984f127 tTUSD->tCRO repayOracle=$0.57 seizeOracle=$0.63 profit=$0.05 (debt=$1.14 coll=$1.55)
0x21909d1e1c51d9c1f5bc66bc50e3bb914dc4a271 tUSDC->tWBTC repayOracle=$0.62 seizeOracle=$0.68 profit=$0.04 (debt=$2.26 coll=$0.68)
0x30c22480dc2853f66ef78fa5ad2001124ee050a9 tTUSD->tCRO repayOracle=$0.50 seizeOracle=$0.55 profit=$0.04 (debt=$1.01 coll=$0.97)
0xc580a18b3b7a84b5b8f7b2405951b000932cd657 tDAI->tWETH repayOracle=$0.51 seizeOracle=$0.56 profit=$0.04 (debt=$1.02 coll=$0.81)
0xc9d0fcb2d55274440dc48f8e4156733de6f0a36a tDAI->tWETH repayOracle=$0.50 seizeOracle=$0.55 profit=$0.04 (debt=$1.00 coll=$0.94)
0xe321c79ef4b840cdfc269ccfe85d50b55050c580 tUSDC->tCRO repayOracle=$0.49 seizeOracle=$0.54 profit=$0.04 (debt=$13.61 coll=$0.54)
0x5acb92d8572c66fe10f4ceb2fc456b7cccc0cc0a tDAI->tWETH repayOracle=$0.49 seizeOracle=$0.53 profit=$0.04 (debt=$0.97 coll=$0.95)
0x7efd8f03cd42d76d07dfcbdf17be2ace83422107 tUSDC->tVVS repayOracle=$0.50 seizeOracle=$0.56 profit=$0.04 (debt=$1.01 coll=$5.56)
0x85ddfde5bc9290579b18dc263f67c5beac9d2496 tDAI->tCRO repayOracle=$0.47 seizeOracle=$0.52 profit=$0.04 (debt=$9.41 coll=$0.52)
0x70b1a1a91858b1a212cb3ca5e5de0bebeba44107 tDAI->tLTC repayOracle=$0.44 seizeOracle=$0.49 profit=$0.04 (debt=$2.65 coll=$0.49)
0x5bd087b6eff6ab8585d3f85b08855ca12fa006bd tTUSD->tCRO repayOracle=$0.43 seizeOracle=$0.48 profit=$0.03 (debt=$0.87 coll=$1.16)
0x342c6f6cf5aad4fe88c7b6fc869e324d8c45d555 tUSDC->tXRP repayOracle=$0.58 seizeOracle=$0.64 profit=$0.03 (debt=$1.47 coll=$0.64)
0x765bd1393a46530dc4f7a384425d411af26adbd6 tCDCETH->tUSDC repayOracle=$0.25 seizeOracle=$0.28 profit=$0.03 (debt=$0.50 coll=$0.56)
0x2159be9d610ff5132576d8bc432b965819119b8b tUSDT->tDAI repayOracle=$0.50 seizeOracle=$0.55 profit=$0.03 (debt=$1.00 coll=$1.48)
0xe2c78902b1940d39cdcda444580219299cdef24e tDAI->tCRO repayOracle=$0.43 seizeOracle=$0.47 profit=$0.03 (debt=$2.75 coll=$0.47)
0x3d1a837494d34ed6ed51c749c1b83aadb47816df tUSDC->tDAI repayOracle=$0.48 seizeOracle=$0.53 profit=$0.03 (debt=$0.96 coll=$1.12)
0x2806eb69e86f3d7b89f706bee4e0edf25729fc57 tTUSD->tADA repayOracle=$1.12 seizeOracle=$1.23 profit=$0.03 (debt=$2.24 coll=$2.79)
0xb2e24a69e658bdaad3465ac2115083742c42c3ae tDAI->tCRO repayOracle=$0.41 seizeOracle=$0.45 profit=$0.03 (debt=$3.64 coll=$0.45)
0xb67501244bd4c1d573b00839e01521e28fc1cb3f tUSDC->tCRO repayOracle=$0.40 seizeOracle=$0.44 profit=$0.03 (debt=$1.33 coll=$0.44)
0x8d0c671d9c19b0d1a27fdc3a6548f45355cd2254 tDAI->tCRO repayOracle=$0.40 seizeOracle=$0.44 profit=$0.03 (debt=$0.80 coll=$1.05)
0x5a3ca2b205393cd855eeb8aac7fa43ddb9e3aa34 tUSDC->tCRO repayOracle=$0.39 seizeOracle=$0.43 profit=$0.03 (debt=$11.31 coll=$0.43)
0x5feeeacad8de778a891eef092e5a6defa7c93463 tUSDC->tWETH repayOracle=$0.39 seizeOracle=$0.43 profit=$0.03 (debt=$3.13 coll=$0.43)
0x2764a735b32b1df4287fb5d7b556f8004d82abb0 tUSDT->tDAI repayOracle=$0.44 seizeOracle=$0.48 profit=$0.03 (debt=$0.88 coll=$1.21)
0xe36892c2aa18f6801de585623a418c7bce94ffa3 tUSDC->tCRO repayOracle=$0.38 seizeOracle=$0.42 profit=$0.03 (debt=$2.78 coll=$0.42)
0x3674077357f80022a6fa7fc3d86d4a1d8364b04d tUSDC->tWBTC repayOracle=$0.42 seizeOracle=$0.46 profit=$0.03 (debt=$0.84 coll=$1.53)
0x9e96d9408b66bad54d1d91de1bc246598b1f8c9b tUSDC->tWETH repayOracle=$0.38 seizeOracle=$0.41 profit=$0.03 (debt=$1.58 coll=$0.41)
0xbcd6879796b95e5311c5d4542f3ed84a118ad0a1 tWBTC->tUSDC repayOracle=$0.43 seizeOracle=$0.47 profit=$0.03 (debt=$0.85 coll=$0.54)
