accounts: 6530
  50/653 batches
  100/653 batches
  150/653 batches
  200/653 batches
  250/653 batches
  300/653 batches
  350/653 batches
  400/653 batches
  450/653 batches
  500/653 batches
  550/653 batches
  600/653 batches
  650/653 batches
failed reads: 0; accounts with shortfall>0: 2913
total shortfall USD: 34,982.83
0xbeb083d0b3db1bb37e51fb0c9db3488df1f64380 shortfall=$23,890.44 liquidity=$0.00
0x272d63f6e2f6398f3724bf70541137d2e329b030 shortfall=$1,102.89 liquidity=$0.00
0x3770b2835a71b1e4e1a2c4b2aee5879915bec7ac shortfall=$446.90 liquidity=$0.00
0x71c29e33ae3703c286836ae03b84667c3d4a6d8f shortfall=$53.77 liquidity=$0.00
0xad62f32ef41d8bb425e4b2adbd7431c702195c3c shortfall=$51.18 liquidity=$0.00
0x51148c1ede11be34641fe427878b078ea8c1befb shortfall=$50.41 liquidity=$0.00
0xf4e56bf156f0f11e0070c47f8b8a3be10c29b704 shortfall=$49.48 liquidity=$0.00
0x07c3dea37fcecb7a93cb1fa1e15d3eb9864c4a46 shortfall=$49.18 liquidity=$0.00
0xc2e7ac994025cd843b74043e556563377eaf40aa shortfall=$47.91 liquidity=$0.00
0xf680dd6fffb6b354a9e56876957a59cbad417b76 shortfall=$47.64 liquidity=$0.00
0x3cfface5afbf6288c575dcaa630becbf79a68116 shortfall=$44.83 liquidity=$0.00
0x3ef4a18724a289fcdb9c15fdd4d6e56fd679e846 shortfall=$43.86 liquidity=$0.00
0xcd172923b656cceb7e48ab95ae05593010f17350 shortfall=$43.34 liquidity=$0.00
0xe36256f2e0cae6e083e307c5e23e5caa21a16adf shortfall=$42.94 liquidity=$0.00
0xc992f77b5ee2e87411a081f60c5b5caa69e58cd0 shortfall=$42.90 liquidity=$0.00
0x5329b5ed583666aeac80a6679a56c2e167fd59a3 shortfall=$42.73 liquidity=$0.00
0x5a8b69c53c2ff66776695f28cd6703fa937d671d shortfall=$41.69 liquidity=$0.00
0xf53b6519fde925d274b2b02b69c496ec765b650c shortfall=$41.14 liquidity=$0.00
0x0816176c239e66ddef4af24e82f143e2163980d8 shortfall=$40.57 liquidity=$0.00
0x2eeefe451a8f340a71e1930a489f0654f92cfea4 shortfall=$40.26 liquidity=$0.00
0x9f12a599b42da6444e74ccc8ca4dd5544447a436 shortfall=$39.96 liquidity=$0.00
0x57aeae061ebeb9d8a4e79f47d1ef339dc5a70a36 shortfall=$39.81 liquidity=$0.00
0x5a0eca4fdd8c6183570e0c03f40b1d68746bcf95 shortfall=$39.58 liquidity=$0.00
0x12cda495416b7ac0d7a089b03f9654470e48c654 shortfall=$39.52 liquidity=$0.00
0x78012269b079ae345435104bca9b5ace1c52441d shortfall=$39.15 liquidity=$0.00
0xb3192ebb866465ce2944130a271c9b24ad1af125 shortfall=$38.42 liquidity=$0.00
0x7329bcb4bc8665995141d2159637d9fd8a51c354 shortfall=$37.68 liquidity=$0.00
0xad02ea38a0849e4d9932bb1fdf913d94977afe8a shortfall=$36.75 liquidity=$0.00
0x183942a6f744cd8316d45574073f95ab0a49958f shortfall=$36.64 liquidity=$0.00
0x3230ec5845b567ca2a8e8b2b506d1bbcda5b3f33 shortfall=$35.71 liquidity=$0.00
0xc762660e9db8c9c03d4d99ed32410e7f7f285e72 shortfall=$35.70 liquidity=$0.00
0x0670069eedc2481f06e0258e16bab511061adb6e shortfall=$35.69 liquidity=$0.00
0x021c42ec5fd564a001f8188d2935d5844be01b2d shortfall=$35.21 liquidity=$0.00
0xd510504a3d0756ec345776a0b9b4f1dd33ced179 shortfall=$35.01 liquidity=$0.00
0x77b6212a5cc47f0df3113fc6cfd9227a04e4b278 shortfall=$34.97 liquidity=$0.00
0x3dd8d25c91958c1701dbf3a00ca0ad5f935c31b3 shortfall=$34.97 liquidity=$0.00
0x3c0a0f4ce2753158dc30c75a9976065d29c75fba shortfall=$34.92 liquidity=$0.00
0xfd12857b1d66a7a4ae114f94194710b3c111ad43 shortfall=$34.35 liquidity=$0.00
0x0e8972deb78d7653246e2889ba8f0147d67fa056 shortfall=$34.28 liquidity=$0.00
0x92ab2410d34aec707f99515fd2c1aedd6ea5beac shortfall=$34.21 liquidity=$0.00
0x3eb6ec983a3f2f05e5bd245ad9635c99619bd3bd shortfall=$33.93 liquidity=$0.00
0xbf4ed72978108ba766ad92db0694707937108179 shortfall=$33.54 liquidity=$0.00
0x4ffd0a59a26cb2aa76d403215e4cc2845c053994 shortfall=$33.54 liquidity=$0.00
0x158fa57bbd45153c33b7e14631f1d669dbae7d5f shortfall=$33.47 liquidity=$0.00
0xcf02455cff644de2e7079d8f0e83aad1001826d7 shortfall=$33.44 liquidity=$0.00
0x58179a17592b57bdcb8536991a9dfd3ff40d2dc5 shortfall=$32.61 liquidity=$0.00
0x81bc3ebfd989d22cffa8e552933f170c287d80ba shortfall=$32.59 liquidity=$0.00
0x0438c184a5f71f5ac61cdd38cf8a205734c041c7 shortfall=$32.53 liquidity=$0.00
0xf5fb77d5e8127139045424fe6ecf3698962b815b shortfall=$32.38 liquidity=$0.00
0x7a8cadf5a5618330837d20cba76e49c411c376f2 shortfall=$31.68 liquidity=$0.00
0x70b8412001e59039bc0ff07ae39057c04b1bb9c0 shortfall=$31.65 liquidity=$0.00
0x9e8c7196ef41dfcf50edc2ff9e767f255d5e58dd shortfall=$31.30 liquidity=$0.00
0x4835cff81320b8b89a07b354dcc8db34c0a593c1 shortfall=$31.17 liquidity=$0.00
0xbd780b2d63f5c4828af13f4b280df7d45505442d shortfall=$30.71 liquidity=$0.00
0x210ae6efe4ffa3909bff61c40c0b5eaac5d50415 shortfall=$30.71 liquidity=$0.00
0x7359d1a5d7f24e02cb62477adae262bb5a782f8a shortfall=$30.50 liquidity=$0.00
0x46f8fbea35e9e2ae619a93a0cf5269b59f551278 shortfall=$30.39 liquidity=$0.00
0x0ed8d1669cdc77e8dfaff435a27808d8dda58ca0 shortfall=$30.24 liquidity=$0.00
0x9d3d24c31f5b8884a9bd9a4ca478260275d30ab8 shortfall=$30.20 liquidity=$0.00
0x30839839075d2389549e98f9cb1d36afc19e514c shortfall=$30.15 liquidity=$0.00
