subgraph meta: {'_meta': {'block': {'number': 97652543}, 'hasIndexingErrors': False}}

markets: 19
tATOM      0x0d9706531b517d24623118934de69108968ba266 ATOM     cash=34118.055039 borrows=13042.38061 cf=0.7 priceUSD=1.73394
tADA       0x29984c47b0bac5a59290ef082e1f651a7019ec4a ADA      cash=379540.047013 borrows=4549.462185 cf=0.7 priceUSD=0.253927
tTUSD      0x4bd41f188f6a05f02b46bb2a1f8ba776e528f9d2 TUSD     cash=10842.877160480104143447 borrows=14914.549307252962544859 cf=0.8 priceUSD=1
tXRP       0x53b4112cba389302b065d2a92bb249d27f51c680 XRP      cash=272186.642271 borrows=3308.131142 cf=0.7 priceUSD=1.496646
tWETH      0x543f4db9bd26c9eb6ad4dd1c33522c966c625774 WETH     cash=1504.265797565975690803 borrows=9.525898933522070934 cf=0.75 priceUSD=2657.6356346
tWBTC      0x67fd498e94d95972a4a2a44acce00a000af7fe00 WBTC     cash=90.78152944 borrows=0.32069863 cf=0.75 priceUSD=84486.97818764
tLCROd     0x6b986d5109cd065e4098664b3e2e34b4028967cd LCRO     cash=0.1 borrows=0 cf=0 priceUSD=0.10072764
tUSC       0x6d1861c723f2ec35d5ae13f470bf197a8258de3e USC      cash=7064.394181140120745002 borrows=840.862696962457782263 cf=0 priceUSD=1
tCDCETH    0x9c2438f4ce3ea13b74f97df31fbb9e364771f6fe CDCETH   cash=0.0011 borrows=0 cf=0 priceUSD=2787.435561
tUSDT      0xa683fdfd9286eedfea81cf6da14703da683c44e5 USDT     cash=840918.435427 borrows=750729.658291 cf=0.8 priceUSD=0.999495
tVVS       0xb075a3590c9ffc8332c47db49f5c6ee1dbcdf804 VVS      cash=31999246374.210006868226921562 borrows=1289686434.010139277427108542 cf=0.14 priceUSD=0.00000107227
tUSDC      0xb3bbf1be947b245aef26e3b6a9d777d7703f4c8e USDC     cash=1866168.699785 borrows=5591201.312071 cf=0.8 priceUSD=1
tCDCETH    0xbffcd14ed8cb224b26b692d7eb4118ffedfabdbd CDCETH   cash=349.929286866304986647 borrows=8.509632150059271756 cf=0.7 priceUSD=2873.34850157
tDAI       0xe1c4c56f772686909c28c319079d41adfd6ec89b DAI      cash=73976.874025597734688406 borrows=57076.04525035353527184 cf=0.5 priceUSD=0.999995
tLTC       0xe3e2cea8dffa592eadab7d9c7f1e0cc6700490aa LTC      cash=419.33678916 borrows=1.5404588 cf=0.7 priceUSD=68.06249074
tCRO       0xeadf7c01da7e93fdb5f16b0aa9ee85f978e89e95 CRO      cash=31589597.627952724124936285 borrows=26713964.934816394090128356 cf=0.7 priceUSD=0.06556868
tCDCBTC    0xecd4bea6ed20a4a820ae2c4900e5501a985a3fe3 CDCBTC   cash=26.22958061 borrows=0.87120938 cf=0.7 priceUSD=84218.54728219
tLCRO      0xf4f21a4990acd891d05dface12a2b8f57e61d1ee LCRO     cash=17868100.631832438702120191 borrows=587733.439586745931337137 cf=0.7 priceUSD=0.08588787
tTONIC     0xfe6934fdf050854749945921faa83191bccf20ad TONIC    cash=3960740366889.226847251564123806 borrows=1602098650270.049307355351859553 cf=0.05 priceUSD=0.000000019287
fetched borrowers page skip=0 n=1000
fetched borrowers page skip=1000 n=1000
fetched borrowers page skip=2000 n=1000
fetched borrowers page skip=3000 n=1000
fetched borrowers page skip=4000 n=1000
fetched borrowers page skip=5000 n=1000
fetched borrowers page skip=6000 n=1000
fetched borrowers page skip=7000 n=1000
fetched borrowers page skip=8000 n=189

total borrower positions (storedBorrowBalance>0): 8189
unique borrower accounts: 6530

recent liquidations: 30
{'id': '0x31db36a0a6298c44f23cb19d53dffde5ab175c47059f369d0916d5eb1785434b-20', 'amount': '90.28465822', 'underlyingRepayAmount': '0.00010548', 'underlyingSymbol': 'CDCBTC', 'tTokenSymbol': 'tUSDT', 'from': '0x928941678ceffd92987581c41e9baaad43d8ffdb', 'to': '0x1e9ea436da4cc6c75a20b985bdf9123845ab09da', 'blockNumber': 97089145, 'blockTime': 1790771721}
{'id': '0x199d4be405939a88789d88e85ccd24fc4cc63e919fcdfd56e8ee4cfa89a77474-42', 'amount': '504.35293692', 'underlyingRepayAmount': '0.016498011300942241', 'underlyingSymbol': 'CDCETH', 'tTokenSymbol': 'tUSC', 'from': '0xf9f633dd86b2d836c7349bf5053dde168fd3c587', 'to': '0x1e9ea436da4cc6c75a20b985bdf9123845ab09da', 'blockNumber': 96894344, 'blockTime': 1790685442}
{'id': '0xe051dac0d00f5420398ba0a4dc9f71986b6e5d3f68623d5cd25b5e6e35c1e18f-23', 'amount': '7.95876433', 'underlyingRepayAmount': '0.000267323505681219', 'underlyingSymbol': 'CDCETH', 'tTokenSymbol': 'tUSC', 'from': '0xd3f925042d39c23e7126e140ad1423142721c97c', 'to': '0x06f7658a2c593649a977605a362f57ef705e0f22', 'blockNumber': 96692936, 'blockTime': 1790598271}
{'id': '0x24d3ac191e905e7b13349b02b78b1c9cd151d77019d3d6409696b4f07d54698d-27', 'amount': '8.5032843', 'underlyingRepayAmount': '86688936.490799105408385633', 'underlyingSymbol': 'TONIC', 'tTokenSymbol': 'tATOM', 'from': '0x54389d53069d2cf351b77c428bffcbbd3546dad2', 'to': '0x06f7658a2c593649a977605a362f57ef705e0f22', 'blockNumber': 96635408, 'blockTime': 1790573990}
{'id': '0x6162df27e677fea8219dcea03ff4b1cc60a27853ac4c2955e5241291a0b182b4-19', 'amount': '398.80276995', 'underlyingRepayAmount': '2.543298', 'underlyingSymbol': 'USDT', 'tTokenSymbol': 'tCRO', 'from': '0xbb5def132d31023c2f2466682ddb22f7b4be77bd', 'to': '0x1a1c1372dd5bdfe174838b597ca9970131e0b4ca', 'blockNumber': 96631915, 'blockTime': 1790572541}
{'id': '0xbe0f096eed668343e9bbbacd9665188b390b3a2ba3eabe97637c9c2ed5d72df7-16', 'amount': '671101455.66003551', 'underlyingRepayAmount': '0.027814634123823763', 'underlyingSymbol': 'CDCETH', 'tTokenSymbol': 'tVVS', 'from': '0x5050d97c81ddb9fcd28c380846e07bead4b289e5', 'to': '0x872f97c4f85e7d1c3509dd2ce387c265e70177ba', 'blockNumber': 96629116, 'blockTime': 1790571325}
{'id': '0x47307f490fd52a459e2530a46fc72137566c2081c6442affbc43672c021d9a1d-25', 'amount': '15.84273394', 'underlyingRepayAmount': '0.000534623880454071', 'underlyingSymbol': 'CDCETH', 'tTokenSymbol': 'tUSC', 'from': '0xd3f925042d39c23e7126e140ad1423142721c97c', 'to': '0x06f7658a2c593649a977605a362f57ef705e0f22', 'blockNumber': 96617050, 'blockTime': 1790566128}
{'id': '0x258a7451bce66e6c9ba7cf7787fff37fe88d6c54710d6477a2826d0536f85748-23', 'amount': '31.64433525', 'underlyingRepayAmount': '0.001069246346693514', 'underlyingSymbol': 'CDCETH', 'tTokenSymbol': 'tUSC', 'from': '0xd3f925042d39c23e7126e140ad1423142721c97c', 'to': '0x06f7658a2c593649a977605a362f57ef705e0f22', 'blockNumber': 96614738, 'blockTime': 1790565141}
{'id': '0xa2499a2f0db75c2e4b2706bca1af871a4d8e11c1aabbfacdea84162c4e056130-19', 'amount': '58.42620501', 'underlyingRepayAmount': '66.497630974636314469', 'underlyingSymbol': 'LCRO', 'tTokenSymbol': 'tUSC', 'from': '0x25812937fc69551f816af3e9bd1cf2f27472766f', 'to': '0xc6c8ba8daf23a4a15fdb9d275f8f50b5e07f8983', 'blockNumber': 96614612, 'blockTime': 1790565085}
{'id': '0x14a906b05b43ba17c345267a9ecf7ad8aa1e29aba71e4daf79b012b41eabb161-15', 'amount': '33005431.79131689', 'underlyingRepayAmount': '2.115327', 'underlyingSymbol': 'ATOM', 'tTokenSymbol': 'tVVS', 'from': '0xeeb3b1083a9fa8f6f8c78db0cd1b515c6008ec59', 'to': '0x5f5c6b61ab90106bf30f8c44ac07538f3dd2cb99', 'blockNumber': 96614607, 'blockTime': 1790565083}
{'id': '0x7b10d1f9212544c6640d647ed33fe5402fedbf6550d749b48c94cad137612c55-14', 'amount': '96.80204707', 'underlyingRepayAmount': '9.334479', 'underlyingSymbol': 'USDC', 'tTokenSymbol': 'tUSC', 'from': '0x928941678ceffd92987581c41e9baaad43d8ffdb', 'to': '0xc6c8ba8daf23a4a15fdb9d275f8f50b5e07f8983', 'blockNumber': 96614602, 'blockTime': 1790565081}
{'id': '0xe2ff78a6173efd5359bc15111d9ee66b5b8368bb23edb2771109194e6ade5bb9-16', 'amount': '976.6491558', 'underlyingRepayAmount': '0.033000489086666688', 'underlyingSymbol': 'CDCETH', 'tTokenSymbol': 'tUSC', 'from': '0xf9f633dd86b2d836c7349bf5053dde168fd3c587', 'to': '0x872f97c4f85e7d1c3509dd2ce387c265e70177ba', 'blockNumber': 96614595, 'blockTime': 1790565077}
{'id': '0xd3816827f519a626918cd4ebb87c0a1d545186a70ddea642aa75f0b9969a3641-76', 'amount': '0.05478346', 'underlyingRepayAmount': '416.458218', 'underlyingSymbol': 'USDT', 'tTokenSymbol': 'tCDCBTC', 'from': '0x46aa83a9b758b0c77ef67788a6a370f98e5767e4', 'to': '0x3a5f0f8e8b9f015f99c89d8eb8f3534fe5f19ec3', 'blockNumber': 96614594, 'blockTime': 1790565077}
{'id': '0x52d358ebbc1d2db64da18ab87bd3e4335c3a68f90a538910cce22914435c4788-15', 'amount': '1151.9746857', 'underlyingRepayAmount': '1717.137085753396479896', 'underlyingSymbol': 'CRO', 'tTokenSymbol': 'tUSC', 'from': '0x86e75bfee467b05b2608b7d34bfed9f39f7a51a3', 'to': '0x1e9ea436da4cc6c75a20b985bdf9123845ab09da', 'blockNumber': 96614594, 'blockTime': 1790565077}
{'id': '0xe3798092d4943afee980be9738dcb79a7c57b1e1155c543684c4bfc7fc4c8254-88', 'amount': '1486.40327029', 'underlyingRepayAmount': '490322434.368976920183310039', 'underlyingSymbol': 'TONIC', 'tTokenSymbol': 'tCRO', 'from': '0x86e75bfee467b05b2608b7d34bfed9f39f7a51a3', 'to': '0x1e9ea436da4cc6c75a20b985bdf9123845ab09da', 'blockNumber': 96614593, 'blockTime': 1790565076}
{'id': '0xdab2ea72a11f3126ba2eea3fcec3fe1c79d46fd44899b443ca0a8de518d8e202-16', 'amount': '177.77640314', 'underlyingRepayAmount': '0.00021076', 'underlyingSymbol': 'CDCBTC', 'tTokenSymbol': 'tUSDT', 'from': '0x928941678ceffd92987581c41e9baaad43d8ffdb', 'to': '0x1e9ea436da4cc6c75a20b985bdf9123845ab09da', 'blockNumber': 96614593, 'blockTime': 1790565076}
{'id': '0xaafa645a3e23f64bb46910db95f89a7b2c020b9c6b195d941e421cdbd7646ffa-50', 'amount': '2963.09097952', 'underlyingRepayAmount': '977439979.694096646060195945', 'underlyingSymbol': 'TONIC', 'tTokenSymbol': 'tCRO', 'from': '0x86e75bfee467b05b2608b7d34bfed9f39f7a51a3', 'to': '0x1e9ea436da4cc6c75a20b985bdf9123845ab09da', 'blockNumber': 96614593, 'blockTime': 1790565076}
{'id': '0x7c3bd2563ba9388b5c962611271f9eda662a0d74fa48a39b8d03bd6e2a5e2875-14', 'amount': '65989644.25864526', 'underlyingRepayAmount': '4.229294', 'underlyingSymbol': 'ATOM', 'tTokenSymbol': 'tVVS', 'from': '0xeeb3b1083a9fa8f6f8c78db0cd1b515c6008ec59', 'to': '0xc6c8ba8daf23a4a15fdb9d275f8f50b5e07f8983', 'blockNumber': 96614588, 'blockTime': 1790565074}
{'id': '0x19cdc0ee1b16b99f08d8432496f18880a918e862e910c359ba12d2a4aeb75e26-14', 'amount': '17924.33116982', 'underlyingRepayAmount': '114.17607', 'underlyingSymbol': 'USDC', 'tTokenSymbol': 'tCRO', 'from': '0x19a0768682c4d6dfff546b5c3d539caa05f66f34', 'to': '0xc6c8ba8daf23a4a15fdb9d275f8f50b5e07f8983', 'blockNumber': 96614578, 'blockTime': 1790565070}
{'id': '0x739aa82b16801312d97506a6334be62a0df15f18031513a8e22c9110e8d07b2b-16', 'amount': '243573808.56225702', 'underlyingRepayAmount': '29.039361', 'underlyingSymbol': 'USDC', 'tTokenSymbol': 'tVVS', 'from': '0x2902b6618f6dd39e70acced8e4c3e447bc582793', 'to': '0xc6c8ba8daf23a4a15fdb9d275f8f50b5e07f8983', 'blockNumber': 96614560, 'blockTime': 1790565061}
{'id': '0x15b0e9bc2c8d20b7f233201568640c07512198c7c81de049267a1f4c493744a9-16', 'amount': '70795361.75386952', 'underlyingRepayAmount': '130.472133251509457501', 'underlyingSymbol': 'CRO', 'tTokenSymbol': 'tVVS', 'from': '0xeeb3b1083a9fa8f6f8c78db0cd1b515c6008ec59', 'to': '0x1e9ea436da4cc6c75a20b985bdf9123845ab09da', 'blockNumber': 96614554, 'blockTime': 1790565059}
{'id': '0xc9a29f99412d2125641ad2a0cb9b16fe4c1556ca09e844f326e60e0930edc24a-19', 'amount': '175.04177748', 'underlyingRepayAmount': '1.13898165138802625', 'underlyingSymbol': 'TUSD', 'tTokenSymbol': 'tCRO', 'from': '0xb5da4238af65d712aa15584f46a605bb7984f127', 'to': '0x1a1c1372dd5bdfe174838b597ca9970131e0b4ca', 'blockNumber': 96418776, 'blockTime': 1790482200}
{'id': '0xf562bd80ac05a2c3bf258f97dcab65fd4caaa388ce7f9d1e5d1c2d2ab74ab932-23', 'amount': '15.34664316', 'underlyingRepayAmount': '1.485375', 'underlyingSymbol': 'USDT', 'tTokenSymbol': 'tDAI', 'from': '0x58283bfef59c30fb277f4973a2d2128cf22af8db', 'to': '0x06f7658a2c593649a977605a362f57ef705e0f22', 'blockNumber': 96324821, 'blockTime': 1790441941}
{'id': '0xb13af858e76d4bd4fc7d7737f72cf200b00ff2df3ccd85781fa466c3300b33eb-19', 'amount': '85.7732887', 'underlyingRepayAmount': '8.301847', 'underlyingSymbol': 'USDT', 'tTokenSymbol': 'tDAI', 'from': '0x4abef240fc14a047cf24f897d06da5dd184f937e', 'to': '0xbfaecb37feeaee78ee308ae57e9e25f54439a4f4', 'blockNumber': 96324702, 'blockTime': 1790441894}
{'id': '0xcb6e777e8e149996cf9a2d8bc5c4dcdc7e2c8404958b491adb8026f5f3ffd02e-16', 'amount': '189.65210684', 'underlyingRepayAmount': '18.351261', 'underlyingSymbol': 'USDC', 'tTokenSymbol': 'tDAI', 'from': '0x72e82a6612cddaa22d7d5f39c6cd69299f3eede4', 'to': '0x1e9ea436da4cc6c75a20b985bdf9123845ab09da', 'blockNumber': 96324701, 'blockTime': 1790441894}
{'id': '0xbf2cd097e8100749ac994fcd03545344c92af99b7441c64c6c2c768e07eff3e7-14', 'amount': '1039.87693279', 'underlyingRepayAmount': '6.193413', 'underlyingSymbol': 'USDT', 'tTokenSymbol': 'tCRO', 'from': '0xbb5def132d31023c2f2466682ddb22f7b4be77bd', 'to': '0xbfaecb37feeaee78ee308ae57e9e25f54439a4f4', 'blockNumber': 95850860, 'blockTime': 1790241606}
{'id': '0x244f290596dcbfbb66b05fabc4b052cbd13ff655ffcbc1d17bf32e335599239b-42', 'amount': '458599.56301208', 'underlyingRepayAmount': '2732.841706', 'underlyingSymbol': 'USDC', 'tTokenSymbol': 'tCRO', 'from': '0xdadeb1402dcc6a748dcf8ff6c4b563b2382bb51c', 'to': '0x3a5f0f8e8b9f015f99c89d8eb8f3534fe5f19ec3', 'blockNumber': 95688604, 'blockTime': 1790172793}
{'id': '0x62e668117fbf629e8b0084314c2e9e89a27edff1882d8e7ed8502eab152a542a-22', 'amount': '56085.18446624', 'underlyingRepayAmount': '1.970601277024956166', 'underlyingSymbol': 'WETH', 'tTokenSymbol': 'tUSDC', 'from': '0x6412756593096629af1099cc064741f3632baba1', 'to': '0xd933e30373d328f4cdca19956d8921e109a8875a', 'blockNumber': 95334416, 'blockTime': 1790022399}
{'id': '0xada3bde970b23e26795fc1c68a69b1ba5fcb4a52f2075ace37a1ac5d0cf67d0d-15', 'amount': '0.00223197', 'underlyingRepayAmount': '17.608084100546071392', 'underlyingSymbol': 'TUSD', 'tTokenSymbol': 'tWBTC', 'from': '0x272d63f6e2f6398f3724bf70541137d2e329b030', 'to': '0x5f5c6b61ab90106bf30f8c44ac07538f3dd2cb99', 'blockNumber': 95316590, 'blockTime': 1790014357}
{'id': '0xf029cf8130b2587b03e83db7b4495555cde2189a2a963f3f0e73b268fb2aa09a-16', 'amount': '0.01430968', 'underlyingRepayAmount': '112.88938056158032694', 'underlyingSymbol': 'TUSD', 'tTokenSymbol': 'tWBTC', 'from': '0x272d63f6e2f6398f3724bf70541137d2e329b030', 'to': '0x5f5c6b61ab90106bf30f8c44ac07538f3dd2cb99', 'blockNumber': 95316479, 'blockTime': 1790014306}
