[evidence] C2-29 likecoin -> ci-out/raw
  saved blocks_latest.json
  saved staking_pool.json
  saved staking_params.json
  saved community_pool.json
  saved dist_params.json
  saved supply.json
  saved inflation.json
  saved upgrade_plan.json
  saved proposals_all_v1.json
  saved ibc_channels.json
  saved validators_bonded.json
  saved validators_all.json
  saved module_accounts.json
  saved module_balances.json
  saved escrow_balances.json
  saved osmosis_all_pools.json
  saved prices.json
  saved v3_base_token.json
[evidence] done
