== done ==
--- linea
linea,0x1d0188c4B276A09366D05d6Be06aF61a73bC7535,0x02e47d464c3bb564964fce162e6c8f38ea744f5a,198151272938394112802864304404124471307 [1.981e38]
linea,0x1d0188c4B276A09366D05d6Be06aF61a73bC7535,0x13a7f090d46c74acba98c51786a5c46ed9a474f0,796153163363149149672 [7.961e20]
linea,0x1d0188c4B276A09366D05d6Be06aF61a73bC7535,0x176211869ca2b568f2a7d4ee941e073a821ee1ff,23464 [2.346e4]
linea,0x1d0188c4B276A09366D05d6Be06aF61a73bC7535,0x23d2d8c92ca0918ca805e6b31d6e2578d6a3017f,11099800159477621 [1.109e16]
linea,0x1d0188c4B276A09366D05d6Be06aF61a73bC7535,0x265b25e22bcd7f10a5bd6e6410f10537cc7567e8,38720004806069969255 [3.872e19]
linea,0x1d0188c4B276A09366D05d6Be06aF61a73bC7535,0x2f0b4300074afc01726262d4cc9c1d2619d7297a,39038961069833819524 [3.903e19]
linea,0x1d0188c4B276A09366D05d6Be06aF61a73bC7535,0x3f006b0493ff32b33be2809367f5f6722cb84a7b,3029302 [3.029e6]
linea,0x1d0188c4B276A09366D05d6Be06aF61a73bC7535,0x43e8809ea748eff3204ee01f08872f063e44065f,230981423073686651470 [2.309e20]
linea,0x1d0188c4B276A09366D05d6Be06aF61a73bC7535,0x4af15ec2a0bd43db75dd04e62faa3b8ef36b00d5,34236132113649156 [3.423e16]
linea,0x1d0188c4B276A09366D05d6Be06aF61a73bC7535,0x5471ea8f739dd37e9b81be9c5c77754d8aa953e4,953426648626457 [9.534e14]
linea,0x1d0188c4B276A09366D05d6Be06aF61a73bC7535,0x6ef95b6f3b0f39508e3e04054be96d5ee39ede0d,5780303599130489107 [5.78e18]
linea,0x1d0188c4B276A09366D05d6Be06aF61a73bC7535,0x7d43aabc515c356145049227cee54b608342c0ad,636019870159021379 [6.36e17]
linea,0x1d0188c4B276A09366D05d6Be06aF61a73bC7535,0x96759f229ae44cc63ca4a7437ac71888fdcc4045,1
linea,0x1d0188c4B276A09366D05d6Be06aF61a73bC7535,0xa219439258ca9da29e9cc4ce5596924745e12b93,306160 [3.061e5]
linea,0x1d0188c4B276A09366D05d6Be06aF61a73bC7535,0xaec06345b26451bda999d83b361beaad6ea93f87,115792089237316195423570985008687907853269984665640562523145757435267459213784 [1.157e77]
linea,0x1d0188c4B276A09366D05d6Be06aF61a73bC7535,0xb30e7a2e6f7389ca5ddc714da4c991b7a1dcc88e,353757 [3.537e5]
linea,0x1d0188c4B276A09366D05d6Be06aF61a73bC7535,0xbaacd8e57387eb5db90229c312f0e867f66041d0,500000002448425537 [5e17]
linea,0x1d0188c4B276A09366D05d6Be06aF61a73bC7535,0xc3022aadeb0142927ad8b7e2f3a85d6f5e340bd9,1338000000000000000000 [1.338e21]
linea,0x1d0188c4B276A09366D05d6Be06aF61a73bC7535,0xcc22f6aa610d1b2a0e89ef228079cb3e1831b1d1,115792089237316195423570985008687907853269984665640560828621479884872944421020 [1.157e77]
linea,0x1d0188c4B276A09366D05d6Be06aF61a73bC7535,0xd000ec1bff069ab2a0eb7bcdfd7dddc7ba57bd47,1
--- zksync
zksync,0xf5E67261CB357eDb6C7719fEFAFaaB280cB5E2A6,0x1d17cbcf0d6d143135ae902365d2e5e2a16538d4,45554 [4.555e4]
zksync,0xf5E67261CB357eDb6C7719fEFAFaaB280cB5E2A6,0x1df5d8179b28f6fcca72662f7a839ad51213b0fd,9356881444404267332817 [9.356e21]
zksync,0xf5E67261CB357eDb6C7719fEFAFaaB280cB5E2A6,0x2032b3996757a7f5782aa54fcc2c7ebc36697840,17289408589677082451868 [1.728e22]
zksync,0xf5E67261CB357eDb6C7719fEFAFaaB280cB5E2A6,0x2039bb4116b4efc145ec4f0e2ea75012d6c0f181,53700656815861497 [5.37e16]
zksync,0xf5E67261CB357eDb6C7719fEFAFaaB280cB5E2A6,0x2515bed67b73045cd8e09d43c0cab30147677791,500000000000000000000000000 [5e26]
zksync,0xf5E67261CB357eDb6C7719fEFAFaaB280cB5E2A6,0x288cd7988e9f6574f73a1824ac72ca9c82d6b67e,1003801975532690644 [1.003e18]
zksync,0xf5E67261CB357eDb6C7719fEFAFaaB280cB5E2A6,0x3355df6d4c9c3035724fd0e3914de96a5a83aaf4,15918 [1.591e4]
zksync,0xf5E67261CB357eDb6C7719fEFAFaaB280cB5E2A6,0x3cd3e41ff4b95a8ddc915f3c7615ab6f2b478c33,115792089237316195423570985008687907853269984665640562314772964640964337630000 [1.157e77]
zksync,0xf5E67261CB357eDb6C7719fEFAFaaB280cB5E2A6,0x493257fd37edb34451f62edf8d2a0c418852ba4c,6791
zksync,0xf5E67261CB357eDb6C7719fEFAFaaB280cB5E2A6,0x4b9eb6c0b6ea15176bbf62841c6b2a8a398cb656,163407629718126970 [1.634e17]
zksync,0xf5E67261CB357eDb6C7719fEFAFaaB280cB5E2A6,0x4c3861906b24a72adc944798c22cc450443a40ac,19614742607312860975 [1.961e19]
zksync,0xf5E67261CB357eDb6C7719fEFAFaaB280cB5E2A6,0x5f7cbcb391d33988dad74d6fd683aadda1123e4d,15639537407598144135 [1.563e19]
zksync,0xf5E67261CB357eDb6C7719fEFAFaaB280cB5E2A6,0x7e2a6456bb3ececbdb38bc76ad8df9e448b15835,356097023791060225235 [3.56e20]
zksync,0xf5E67261CB357eDb6C7719fEFAFaaB280cB5E2A6,0x80ab452b8ba46722029a69308ac52c0897d3a855,142
zksync,0xf5E67261CB357eDb6C7719fEFAFaaB280cB5E2A6,0x898031a885fc22c311baf37ab5860678a5730c7a,595090503347425664696 [5.95e20]
zksync,0xf5E67261CB357eDb6C7719fEFAFaaB280cB5E2A6,0x90059c32eeeb1a2aa1351a58860d98855f3655ad,3986362802649533871 [3.986e18]
zksync,0xf5E67261CB357eDb6C7719fEFAFaaB280cB5E2A6,0x99bbe51be7cce6c8b84883148fd3d12ace5787f2,115792089237316195423570985008687907853269984665640562550397187976650432070058 [1.157e77]
zksync,0xf5E67261CB357eDb6C7719fEFAFaaB280cB5E2A6,0xa0c4bff45e0a3c85a3c1f28cfe309107472a3845,74350519500589599122456205 [7.435e25]
zksync,0xf5E67261CB357eDb6C7719fEFAFaaB280cB5E2A6,0xa4e4d9984366e74713737cb5d646bba0b7e070a4,1471505710276966792019664 [1.471e24]
zksync,0xf5E67261CB357eDb6C7719fEFAFaaB280cB5E2A6,0xaec49d0a34217bc664d809c57c1585936bb62e3d,10699292340188418204114 [1.069e22]
--- telos
telos,0x0117A9094c29e5A3D24ae608264Ce63B15b631d9,0x21da62e7fc67421dc84cee97ffe83cd6fadddb81,1000000000000000000 [1e18]
telos,0x0117A9094c29e5A3D24ae608264Ce63B15b631d9,0x4772b29d349885ce956b4b67d89e5dba71229a06,1414213562373193049110682 [1.414e24]
telos,0x0117A9094c29e5A3D24ae608264Ce63B15b631d9,0x568524da340579887db50ecf602cd1ba8451b243,30079294522182999970 [3.007e19]
telos,0x0117A9094c29e5A3D24ae608264Ce63B15b631d9,0x5eeae8ceb0e23738da2913adff5e685cc31bc37a,1000000000000000000 [1e18]
telos,0x0117A9094c29e5A3D24ae608264Ce63B15b631d9,0x68b1e7efee0b4ffec938dd131458567157b4d45d,1316091836889285165552214 [1.316e24]
telos,0x0117A9094c29e5A3D24ae608264Ce63B15b631d9,0x7d637d806b750b9c9f5d8e4e3634aa6639246924,763880671936308730794409 [7.638e23]
telos,0x0117A9094c29e5A3D24ae608264Ce63B15b631d9,0x8d97cea50351fb4329d591682b148d43a0c3611b,340328807 [3.403e8]
telos,0x0117A9094c29e5A3D24ae608264Ce63B15b631d9,0x8e4d231bb9eb5f40bb55788906ae791f03521f8f,2000000000000000000000000 [2e24]
telos,0x0117A9094c29e5A3D24ae608264Ce63B15b631d9,0x975ed13fa16857e83e7c493c7741d556eaad4a3f,108532456 [1.085e8]
telos,0x0117A9094c29e5A3D24ae608264Ce63B15b631d9,0xa0fb8cd450c8fd3a11901876cd5f17eb47c6bc50,165629360601702272 [1.656e17]
telos,0x0117A9094c29e5A3D24ae608264Ce63B15b631d9,0xab838500d6033f2a49119632d4a47b516ee80e5b,2000000000000000000000000 [2e24]
telos,0x0117A9094c29e5A3D24ae608264Ce63B15b631d9,0xb243bc66f5c78f007e3eea545499645b080769a4,2000000000000000000000000 [2e24]
telos,0x0117A9094c29e5A3D24ae608264Ce63B15b631d9,0xb392842db7b9590880f18c4913cdc375e072883c,2000000000000000000000000 [2e24]
telos,0x0117A9094c29e5A3D24ae608264Ce63B15b631d9,0xb4b01216a5bc8f1c8a33cd990a1239030e60c905,454715655367277871105 [4.547e20]
telos,0x0117A9094c29e5A3D24ae608264Ce63B15b631d9,0xb99c43d3bce4c8ad9b95a4a178b04a7391b2a6eb,72925375030685186262148 [7.292e22]
telos,0x0117A9094c29e5A3D24ae608264Ce63B15b631d9,0xcb61bc4ae1613abf8662b7003bad0e2aa3f7d746,1759741401761852234761234 [1.759e24]
telos,0x0117A9094c29e5A3D24ae608264Ce63B15b631d9,0xe65b77f52d8645ecad3edfdf4d3e5b1a9d31f988,3629078590019504989832376 [3.629e24]
telos,0x0117A9094c29e5A3D24ae608264Ce63B15b631d9,NATIVE,25116210529671667229294
