== stake() from attacker, value=1000000010000000000 weibar (=1.00000001 HBAR) ==
Error: server returned an error response: error code 3: [Request ID: 880d5af7-5734-4102-ace6-c6badbd8d1fd] execution reverted: CONTRACT_REVERT_EXECUTED, data: "0xd96e4d38"
exit=1
== error selector decode ==
0x8a2f850f invalidDepositAmount()
0x92cdd631 invalidMinDepositValue()
0x186de302 invalidMaxDepositValue()
0xbfb20db8 rewardsContractZeroBalance()
0x6dd0edbd stakingIsPaused()
0x3c90ed55 unStakingIsPaused()
0x1b5dc839 nodeStakingActiveError()
0x4e3585b1 invalidInputAmountToSend()
0x29865fda nodeStakingNotActiveError()
0x26a5cd04 invalidInputCollectRewards()
0x47108e3e insufficientBalance()
0x419e8aa9 withdrawingFundsFailed()
0x654d61d1 nodeProxyTransferFailed()
0xe465903e transferFailed()
0x327f11a7 hbarXMintFailed()
0xd96e4d38 hbarXTransferFailed()
0xb309e5bb hbarXBurnFailed()
0xb25a821e invalidOperator()
0xcb7f04ec zeroAddressForNodeProxy()
