== block before ==
100954251
== staking storage slots 0..26 ==
slot0: 0x0000000000000000000000000000000000000000000000000000000000000001
slot1: 0x000000000000000000000000000000000000000000000000000000000cb93500
slot2: 0x00000000000000000000000000000000000000000000000000000000000cb935
slot3: 0x0000000000000000000000000000000000000000000000000000000000003840
slot4: 0x0000000000000000000000000000000000000000000000000000000000000000
slot5: 0x00000000000000000000000000000000000000000000000000000000001ad3eb
slot6: 0x00000000000000000000000000000000000000000000000000000000001ad3eb
slot7: 0x0000000000000000000000000000000000000000000000000000000005f5e100
slot8: 0x0000000000000000000000000000000000000000000000056bc75e2d63100000
slot9: 0x000000000000000000000000000000000000000000000000006010243f9c567e
slot10: 0x0000000000000000000000000000000000000000000000000089eecdb921e0e5
slot11: 0x0000000000000000000000000000000000000000000000000000000000158dac
slot12: 0x00000000000000000000000000000000000000000000000000000000000cba44
slot13: 0x000000000000000000000000000000000000000000000000000000000014fbab
slot14: 0x0000000000000000000000000000000000000000000000000000000000158d71
slot15: 0x000000000000000000000000000000000000000000000000000000000000001a
slot16: 0x0000000000000000000000000000000000000000000000000000000000000000
slot17: 0x0000000000000000000000000000000000000000000000000000000000000000
slot18: 0x0000000000000000000000000000000000000000000000000000000000000000
slot19: 0x0000000000000000000000000000000000000000000000000000000000000000
slot20: 0x0000000000000000000000000000000000000000000000000000000000000000
slot21: 0x0000000000000000000000000000000000000000000000000000000000000000
slot22: 0x0000000000000000000000000000000000000000000000000000000000000000
slot23: 0x0000000000000000000000000000000000000000000000000000000000000000
slot24: 0x0000000000000000000000000000000000000000000000000000000000000000
slot25: 0x0000000000000000000000000000000000000000000000000000000000000000
slot26: 0x0000000000000000000000000000000000000000000000000000000000000000
== undelegation storage slots 0..6 ==
slot0: 0x00000000000000000000000000000000000000000000000000000000000cb935
slot1: 0x00000000000000000000000000000000000000000000000000000000000cb935
slot2: 0x0000000000000000000000000000000000000000000000000000000000000001
slot3: 0x0000000000000000000000000000000000000000000000000000000000015180
slot4: 0x0000000000000000000000000000000000000000000000000000000000158d97
slot5: 0x0000000000000000000000000000000000000000000000000000000000000000
slot6: 0x0000000000000000000000000000000000000000000000000000000000000000
== rewards storage slots 0..10 ==
slot0: 0x00000000000000000000000000000000000000000000000000000000000cb935
slot1: 0x00000000000000000000000000000000000000000000000000000000000cb935
slot2: 0x0000000000000000000000000000000000000000000000000000000000000001
slot3: 0x000000000000000000000000000000000000000000000000000000000384b141
slot4: 0x000000000000000000000000000000000000000000000000000000006367cb66
slot5: 0x000000000000000000000000000000000000000000000000000000006ac97eb5
slot6: 0x0000000000000000000000000000000000000000000000000000000000000599
slot7: 0x000000000000000000000000000000000000000000000000000000000000000c
slot8: 0x0000000000000000000000000000000000000000000000000000000000158d97
slot9: 0x00000000000000000000000000000000000000000000000000000000000cb932
slot10: 0x0000000000000000000000000000000000000000000000000000000000000000
== balances (wei) ==
0x0000000000000000000000000000000000158d97: 388247836915426260000000000
0x0000000000000000000000000000000000158d71: 4493210008238610000000000
0x0000000000000000000000000000000000158dac: 16438854708510880000000000
0x00000000000000000000000000000000000fae03: 2339387824653090000000000
0x00000000000000000000000000000000000fae04: 0
== staking getters ==
owner()(address): 0x00000000000000000000000000000000000Cb935
ownerCandidate()(address): 0x00000000000000000000000000000000000Cb935
timelockOwnerNewCandidate()(address): 0x00000000000000000000000000000000001AD3EB
paused()(bool): false
isStakePaused()(bool): false
isUnstakePaused()(bool): false
nodeStakingActive()(bool): false
minDeposit()(uint256): 100000000 [1e8]
maxDeposit()(uint256): 100000000000000000000 [1e20]
totalSupply()(uint256): 27039345636300414 [2.703e16]
balanceBefore()(uint256): 38824639151071461 [3.882e16]
hbarxAddress()(address): 0x00000000000000000000000000000000000cbA44
undelegationContractAddress()(address): 0x0000000000000000000000000000000000158d71
lockedPeriod()(uint256): 14400 [1.44e4]
fixedLockedPeriod()(uint256): 7200
getExchangeRate()(uint256): 143586254 [1.435e8]
decimals()(uint256): 100000000 [1e8]
nodeProxyAddresses(0): 0x0000000000000000000000000000000000158D72
nodeProxyAddresses(25): 0x0000000000000000000000000000000000158d95
== undelegation getters ==
owner()(address): 0x00000000000000000000000000000000000Cb935
ownerCandidate()(address): 0x00000000000000000000000000000000000Cb935
paused()(bool): false
unbondingTime()(uint256): 86400 [8.64e4]
stakingContractAddress()(address): 0x0000000000000000000000000000000000158d97
== rewards getters ==
owner()(address): 0x00000000000000000000000000000000000Cb935
ownerCandidate()(address): 0x00000000000000000000000000000000000Cb935
paused()(bool): false
emissionRate()(uint256): 59027777 [5.902e7]
getEmissionRate()(uint256): 59027777 [5.902e7]
genesisTimestamp()(uint256): 1667746662 [1.667e9]
lastRedeemedTimestamp()(uint256): 1791590069 [1.791e9]
getLastRedeemedTimestamp()(uint256): 1791590069 [1.791e9]
epoch()(uint256): 1433
daoFeesPercentage()(uint256): 12
daoAddress()(address): 0x00000000000000000000000000000000000cb932
== withdrawQueue(0) probe (expect revert if empty) ==
staking.withdrawQueue(0): Error: server returned an error response: error code 3: [Request ID: a6c94049-6e75-44fd-a5f6-9ac6c1aa4b48] execution reverted: CONTRACT_REVERT_EXECUTED, data: "0x"
== v2 getters ==
V2U.stakingContractAddress(): 0x00000000000000000000000000000000000FAE04
V2U.unbondingTime(): 86400 [8.64e4]
V2U.paused(): false
V2U.owner(): 0x00000000000000000000000000000000000Cb935
V2S.undelegationContractAddress(): 0x00000000000000000000000000000000000fAe03
V2S.totalSupply(): 117394347321542295 [1.173e17]
V2S.hbarxAddress(): 0x00000000000000000000000000000000000cbA44
== block after ==
100954309
