== block ==
100954748
== attacker=0x2222222222222222222222222222222222222222 ==
-- st.queueAllFunds(attacker)
Error: HTTP error 400 with body: {"jsonrpc":"2.0","error":{"code":-32000,"message":"[Request ID: c64b29f8-f708-4bd6-8465-52ceee2d3f9c] Error occurred during transaction simulation: Sender account not found."},"id":2}

HTTP diagnostics:
x-request-id: c64b29f8-f708-4bd6-8465-52ceee2d3f9c
cf-ray: a485b4deaaeeb132-AMS
server: cloudflare
exit=1
-- st.queuePartialFunds(attacker,100000000)
Error: HTTP error 400 with body: {"jsonrpc":"2.0","error":{"code":-32000,"message":"[Request ID: e70fd1df-3209-40cb-8260-9d1fb82132ac] Error occurred during transaction simulation: Sender account not found."},"id":2}

HTTP diagnostics:
x-request-id: e70fd1df-3209-40cb-8260-9d1fb82132ac
cf-ray: a485b4ec7ad81c64-AMS
server: cloudflare
exit=1
-- st.withdraw(0)
Error: HTTP error 400 with body: {"jsonrpc":"2.0","error":{"code":-32000,"message":"[Request ID: 5731404e-53e2-459a-9a2b-9dbe5c5f2122] Error occurred during transaction simulation: Sender account not found."},"id":2}

HTTP diagnostics:
x-request-id: 5731404e-53e2-459a-9a2b-9dbe5c5f2122
cf-ray: a485b4fa8ddf2409-AMS
server: cloudflare
exit=1
-- st.withdraw(1)
Error: HTTP error 400 with body: {"jsonrpc":"2.0","error":{"code":-32000,"message":"[Request ID: b0640167-4a14-4b36-9266-c4d496aab378] Error occurred during transaction simulation: Sender account not found."},"id":2}

HTTP diagnostics:
x-request-id: b0640167-4a14-4b36-9266-c4d496aab378
cf-ray: a485b508199119c0-AMS
server: cloudflare
exit=1
-- st.cancelWithdraw(0)
Error: HTTP error 400 with body: {"jsonrpc":"2.0","error":{"code":-32000,"message":"[Request ID: 4c94c883-76af-430c-98ea-bd77c84584a8] Error occurred during transaction simulation: Sender account not found."},"id":2}

HTTP diagnostics:
x-request-id: 4c94c883-76af-430c-98ea-bd77c84584a8
cf-ray: a485b5144a51c5d6-AMS
server: cloudflare
exit=1
-- st.updateNodeStakingActive()
Error: HTTP error 400 with body: {"jsonrpc":"2.0","error":{"code":-32000,"message":"[Request ID: d267d185-aef8-466b-bddb-7a14ba0e12f0] Error occurred during transaction simulation: Sender account not found."},"id":2}

HTTP diagnostics:
x-request-id: d267d185-aef8-466b-bddb-7a14ba0e12f0
cf-ray: a485b521582f199c-AMS
server: cloudflare
exit=1
-- st.pause()
Error: HTTP error 400 with body: {"jsonrpc":"2.0","error":{"code":-32000,"message":"[Request ID: f4976054-f006-4aa1-bbae-c111412adcce] Error occurred during transaction simulation: Sender account not found."},"id":2}

HTTP diagnostics:
x-request-id: f4976054-f006-4aa1-bbae-c111412adcce
cf-ray: a485b52ef864167e-AMS
server: cloudflare
exit=1
-- st.unpause()
Error: HTTP error 400 with body: {"jsonrpc":"2.0","error":{"code":-32000,"message":"[Request ID: f16b3da8-5b7e-4d88-ac83-fc3d784a019d] Error occurred during transaction simulation: Sender account not found."},"id":2}

HTTP diagnostics:
x-request-id: f16b3da8-5b7e-4d88-ac83-fc3d784a019d
cf-ray: a485b53c89c0323f-AMS
server: cloudflare
exit=1
-- st.updateStakeIsPaused()
Error: HTTP error 400 with body: {"jsonrpc":"2.0","error":{"code":-32000,"message":"[Request ID: c95e9f5f-2755-4be2-8c4b-0709f58279e2] Error occurred during transaction simulation: Sender account not found."},"id":2}

HTTP diagnostics:
x-request-id: c95e9f5f-2755-4be2-8c4b-0709f58279e2
cf-ray: a485b54aaf06fff7-AMS
server: cloudflare
exit=1
-- st.updateUnStakeIsPaused()
Error: HTTP error 400 with body: {"jsonrpc":"2.0","error":{"code":-32000,"message":"[Request ID: a272e628-a56b-4418-88f8-1d39911c2543] Error occurred during transaction simulation: Sender account not found."},"id":2}

HTTP diagnostics:
x-request-id: a272e628-a56b-4418-88f8-1d39911c2543
cf-ray: a485b5592b893c26-AMS
server: cloudflare
exit=1
-- st.setUndelegationContractAddress(attacker)
Error: HTTP error 400 with body: {"jsonrpc":"2.0","error":{"code":-32000,"message":"[Request ID: 85511310-ff01-4a80-b06f-2e272b8b0301] Error occurred during transaction simulation: Sender account not found."},"id":2}

HTTP diagnostics:
x-request-id: 85511310-ff01-4a80-b06f-2e272b8b0301
cf-ray: a485b5664e694914-AMS
server: cloudflare
exit=1
-- st.setRewardsContractAddress(attacker)
Error: HTTP error 400 with body: {"jsonrpc":"2.0","error":{"code":-32000,"message":"[Request ID: 1e8df8ab-4996-4e9c-b0d2-e33c55273394] Error occurred during transaction simulation: Sender account not found."},"id":2}

HTTP diagnostics:
x-request-id: 1e8df8ab-4996-4e9c-b0d2-e33c55273394
cf-ray: a485b572ce7b65f2-AMS
server: cloudflare
exit=1
-- st.updateOperatorAddress(attacker)
Error: HTTP error 400 with body: {"jsonrpc":"2.0","error":{"code":-32000,"message":"[Request ID: 19f7236c-8d3c-48a1-bcb1-0c7ba38f897b] Error occurred during transaction simulation: Sender account not found."},"id":2}

HTTP diagnostics:
x-request-id: 19f7236c-8d3c-48a1-bcb1-0c7ba38f897b
cf-ray: a485b57f68f01cce-AMS
server: cloudflare
exit=1
-- st.proposeOwner(attacker)
Error: HTTP error 400 with body: {"jsonrpc":"2.0","error":{"code":-32000,"message":"[Request ID: 4328bbba-ada4-4d27-95c7-4d34f266aea0] Error occurred during transaction simulation: Sender account not found."},"id":2}

HTTP diagnostics:
x-request-id: 4328bbba-ada4-4d27-95c7-4d34f266aea0
cf-ray: a485b58cdaeefe9a-AMS
server: cloudflare
exit=1
-- st.proposeTimelockOwner(attacker)
Error: HTTP error 400 with body: {"jsonrpc":"2.0","error":{"code":-32000,"message":"[Request ID: cbf9b773-3e4f-43b7-b712-2a1bb35bafe1] Error occurred during transaction simulation: Sender account not found."},"id":2}

HTTP diagnostics:
x-request-id: cbf9b773-3e4f-43b7-b712-2a1bb35bafe1
cf-ray: a485b599def32d36-AMS
server: cloudflare
exit=1
-- st.acceptTimelockOwnership()
Error: HTTP error 400 with body: {"jsonrpc":"2.0","error":{"code":-32000,"message":"[Request ID: 15ba0bc0-1b74-4a61-bcbc-0b14b6af5383] Error occurred during transaction simulation: Sender account not found."},"id":2}

HTTP diagnostics:
x-request-id: 15ba0bc0-1b74-4a61-bcbc-0b14b6af5383
cf-ray: a485b5a76af6d7a1-AMS
server: cloudflare
exit=1
-- st.cancelTimelockOwnerProposal()
Error: HTTP error 400 with body: {"jsonrpc":"2.0","error":{"code":-32000,"message":"[Request ID: 2a3f4588-5613-44b9-b16f-fea9ed44f4c3] Error occurred during transaction simulation: Sender account not found."},"id":2}

HTTP diagnostics:
x-request-id: 2a3f4588-5613-44b9-b16f-fea9ed44f4c3
cf-ray: a485b5b53bc95392-AMS
server: cloudflare
exit=1
-- st.acceptOwnership()
Error: HTTP error 400 with body: {"jsonrpc":"2.0","error":{"code":-32000,"message":"[Request ID: 1d5525bf-f82d-4f00-bbed-839113c172ce] Error occurred during transaction simulation: Sender account not found."},"id":2}

HTTP diagnostics:
x-request-id: 1d5525bf-f82d-4f00-bbed-839113c172ce
cf-ray: a485b5c2cfa8775a-AMS
server: cloudflare
exit=1
-- st.cancelOwnerProposal()
Error: HTTP error 400 with body: {"jsonrpc":"2.0","error":{"code":-32000,"message":"[Request ID: 59fa3928-6ee0-4ee9-950f-356e016dfc60] Error occurred during transaction simulation: Sender account not found."},"id":2}

HTTP diagnostics:
x-request-id: 59fa3928-6ee0-4ee9-950f-356e016dfc60
cf-ray: a485b5cf9f95662b-AMS
server: cloudflare
exit=1
-- st.setLockedPeriod(0)
Error: HTTP error 400 with body: {"jsonrpc":"2.0","error":{"code":-32000,"message":"[Request ID: e2e907bf-2157-41b5-9031-e6c3bf31a510] Error occurred during transaction simulation: Sender account not found."},"id":2}

HTTP diagnostics:
x-request-id: e2e907bf-2157-41b5-9031-e6c3bf31a510
cf-ray: a485b5dc4926fac0-AMS
server: cloudflare
exit=1
-- st.updateMinDeposit(0)
Error: HTTP error 400 with body: {"jsonrpc":"2.0","error":{"code":-32000,"message":"[Request ID: b4feac6f-b5e7-4e57-a18d-281bc81ccd3a] Error occurred during transaction simulation: Sender account not found."},"id":2}

HTTP diagnostics:
x-request-id: b4feac6f-b5e7-4e57-a18d-281bc81ccd3a
cf-ray: a485b5e9ab414a25-AMS
server: cloudflare
exit=1
-- st.updateMaxDeposit(1)
Error: HTTP error 400 with body: {"jsonrpc":"2.0","error":{"code":-32000,"message":"[Request ID: 99e0e3fc-2f2e-4a91-bab9-3bc630c167e9] Error occurred during transaction simulation: Sender account not found."},"id":2}

HTTP diagnostics:
x-request-id: 99e0e3fc-2f2e-4a91-bab9-3bc630c167e9
cf-ray: a485b5f65960f5b8-AMS
server: cloudflare
exit=1
-- st.stakeWithNodes([],0)
Error: HTTP error 400 with body: {"jsonrpc":"2.0","error":{"code":-32000,"message":"[Request ID: e097b0a6-268c-43b9-adef-b235f3e149dd] Error occurred during transaction simulation: Sender account not found."},"id":2}

HTTP diagnostics:
x-request-id: e097b0a6-268c-43b9-adef-b235f3e149dd
cf-ray: a485b60209b7929d-AMS
server: cloudflare
exit=1
-- st.collectRewards([0])
Error: HTTP error 400 with body: {"jsonrpc":"2.0","error":{"code":-32000,"message":"[Request ID: b4f63b3f-c237-4d1c-b613-b24919980d64] Error occurred during transaction simulation: Sender account not found."},"id":2}

HTTP diagnostics:
x-request-id: b4f63b3f-c237-4d1c-b613-b24919980d64
cf-ray: a485b60e6c06ad10-AMS
server: cloudflare
exit=1
-- st.withdrawFromNodes()
Error: HTTP error 400 with body: {"jsonrpc":"2.0","error":{"code":-32000,"message":"[Request ID: 95accd99-61ab-4be7-9c81-44f17fbd57c4] Error occurred during transaction simulation: Sender account not found."},"id":2}

HTTP diagnostics:
x-request-id: 95accd99-61ab-4be7-9c81-44f17fbd57c4
cf-ray: a485b61c3ea955e3-AMS
server: cloudflare
exit=1
-- st.unStake(100000000)
Error: HTTP error 400 with body: {"jsonrpc":"2.0","error":{"code":-32000,"message":"[Request ID: 437378c5-0508-4d31-9395-88a487269949] Error occurred during transaction simulation: Sender account not found."},"id":2}

HTTP diagnostics:
x-request-id: 437378c5-0508-4d31-9395-88a487269949
cf-ray: a485b62a0aac66b4-AMS
server: cloudflare
exit=1
-- st.unStake(1)
Error: HTTP error 400 with body: {"jsonrpc":"2.0","error":{"code":-32000,"message":"[Request ID: 6f84e17c-96ab-494c-9b94-e28d06710d4a] Error occurred during transaction simulation: Sender account not found."},"id":2}

HTTP diagnostics:
x-request-id: 6f84e17c-96ab-494c-9b94-e28d06710d4a
cf-ray: a485b635abf05329-AMS
server: cloudflare
exit=1
-- ud.undelegate(attacker) value=1
Error: HTTP error 400 with body: {"jsonrpc":"2.0","error":{"code":-32000,"message":"[Request ID: f23b9f0e-2ab5-4ca5-bf66-8272903f527e] Error occurred during transaction simulation: Sender account not found."},"id":2}

HTTP diagnostics:
x-request-id: f23b9f0e-2ab5-4ca5-bf66-8272903f527e
cf-ray: a485b644fbc926de-AMS
server: cloudflare
exit=1
-- ud.undelegate(attacker) value=0
Error: HTTP error 400 with body: {"jsonrpc":"2.0","error":{"code":-32000,"message":"[Request ID: 11cfed5c-ce6f-421c-92dd-464b5e6bb829] Error occurred during transaction simulation: Sender account not found."},"id":2}

HTTP diagnostics:
x-request-id: 11cfed5c-ce6f-421c-92dd-464b5e6bb829
cf-ray: a485b6521e8eb8b2-AMS
server: cloudflare
exit=1
-- ud.withdraw(0)
Error: HTTP error 400 with body: {"jsonrpc":"2.0","error":{"code":-32000,"message":"[Request ID: 71b30c63-c06d-45c2-9316-890fadf78fec] Error occurred during transaction simulation: Sender account not found."},"id":2}

HTTP diagnostics:
x-request-id: 71b30c63-c06d-45c2-9316-890fadf78fec
cf-ray: a485b65ebf74fe3c-AMS
server: cloudflare
exit=1
-- ud.withdraw(1)
Error: HTTP error 400 with body: {"jsonrpc":"2.0","error":{"code":-32000,"message":"[Request ID: c261d4f1-ee72-4cd7-b3a5-1e75b20f7696] Error occurred during transaction simulation: Sender account not found."},"id":2}

HTTP diagnostics:
x-request-id: c261d4f1-ee72-4cd7-b3a5-1e75b20f7696
cf-ray: a485b66b4d1b7104-AMS
server: cloudflare
exit=1
-- ud.setStakingContractAddress(attacker)
Error: HTTP error 400 with body: {"jsonrpc":"2.0","error":{"code":-32000,"message":"[Request ID: be33ba6d-9249-4a9f-b9ac-d52cc77d67ef] Error occurred during transaction simulation: Sender account not found."},"id":2}

HTTP diagnostics:
x-request-id: be33ba6d-9249-4a9f-b9ac-d52cc77d67ef
cf-ray: a485b677bef64b62-AMS
server: cloudflare
exit=1
-- ud.setUnbondingTime(1)
Error: HTTP error 400 with body: {"jsonrpc":"2.0","error":{"code":-32000,"message":"[Request ID: b31e3c19-18cf-491d-b252-573268129d21] Error occurred during transaction simulation: Sender account not found."},"id":2}

HTTP diagnostics:
x-request-id: b31e3c19-18cf-491d-b252-573268129d21
cf-ray: a485b687fb0e29c4-AMS
server: cloudflare
exit=1
-- ud.pause()
Error: HTTP error 400 with body: {"jsonrpc":"2.0","error":{"code":-32000,"message":"[Request ID: efc031cb-82d6-4d67-b0fe-0eac15ad5152] Error occurred during transaction simulation: Sender account not found."},"id":2}

HTTP diagnostics:
x-request-id: efc031cb-82d6-4d67-b0fe-0eac15ad5152
cf-ray: a485b6945fa0b35c-AMS
server: cloudflare
exit=1
-- rw.distributeStakingRewards()
Error: HTTP error 400 with body: {"jsonrpc":"2.0","error":{"code":-32000,"message":"[Request ID: 16404efd-f4fa-499c-a5b4-dbf5d93d0a3d] Error occurred during transaction simulation: Sender account not found."},"id":2}

HTTP diagnostics:
x-request-id: 16404efd-f4fa-499c-a5b4-dbf5d93d0a3d
cf-ray: a485b6a1bfb89fb2-AMS
server: cloudflare
exit=1
-- rw.setStakerAddress(attacker)
Error: HTTP error 400 with body: {"jsonrpc":"2.0","error":{"code":-32000,"message":"[Request ID: 25e4797f-785c-4e68-8a94-b313eac59c6a] Error occurred during transaction simulation: Sender account not found."},"id":2}

HTTP diagnostics:
x-request-id: 25e4797f-785c-4e68-8a94-b313eac59c6a
cf-ray: a485b6af1b298477-AMS
server: cloudflare
exit=1
-- rw.setDaoAddress(attacker)
Error: HTTP error 400 with body: {"jsonrpc":"2.0","error":{"code":-32000,"message":"[Request ID: 50146da3-119c-422b-98c6-0298a9d645a9] Error occurred during transaction simulation: Sender account not found."},"id":2}

HTTP diagnostics:
x-request-id: 50146da3-119c-422b-98c6-0298a9d645a9
cf-ray: a485b6bbdddc6578-AMS
server: cloudflare
exit=1
-- rw.setEmissionRate(1)
Error: HTTP error 400 with body: {"jsonrpc":"2.0","error":{"code":-32000,"message":"[Request ID: 81187f10-a4ec-4936-b4cc-0c0c2711e559] Error occurred during transaction simulation: Sender account not found."},"id":2}

HTTP diagnostics:
x-request-id: 81187f10-a4ec-4936-b4cc-0c0c2711e559
cf-ray: a485b6c7da986690-AMS
server: cloudflare
exit=1
-- rw.setDaoFeesPercentage(99)
Error: HTTP error 400 with body: {"jsonrpc":"2.0","error":{"code":-32000,"message":"[Request ID: 96d4b4ae-3d00-44a2-916a-2f3e771f2e4e] Error occurred during transaction simulation: Sender account not found."},"id":2}

HTTP diagnostics:
x-request-id: 96d4b4ae-3d00-44a2-916a-2f3e771f2e4e
cf-ray: a485b6d46d87fb99-AMS
server: cloudflare
exit=1
-- rw.pause()
Error: HTTP error 400 with body: {"jsonrpc":"2.0","error":{"code":-32000,"message":"[Request ID: c07210b2-647c-4ac6-abbf-04c2efe7d23a] Error occurred during transaction simulation: Sender account not found."},"id":2}

HTTP diagnostics:
x-request-id: c07210b2-647c-4ac6-abbf-04c2efe7d23a
cf-ray: a485b6e0baa9f85f-AMS
server: cloudflare
exit=1
-- v2u.withdraw(0)
Error: HTTP error 400 with body: {"jsonrpc":"2.0","error":{"code":-32000,"message":"[Request ID: 6add9933-7283-42b4-968d-8a0e526f74ff] Error occurred during transaction simulation: Sender account not found."},"id":2}

HTTP diagnostics:
x-request-id: 6add9933-7283-42b4-968d-8a0e526f74ff
cf-ray: a485b6eedbd64f72-AMS
server: cloudflare
exit=1
-- v2u.withdraw(1)
Error: HTTP error 400 with body: {"jsonrpc":"2.0","error":{"code":-32000,"message":"[Request ID: 310760ae-44c1-4e57-95dc-04a602a063c1] Error occurred during transaction simulation: Sender account not found."},"id":2}

HTTP diagnostics:
x-request-id: 310760ae-44c1-4e57-95dc-04a602a063c1
cf-ray: a485b6fb8c7a25b4-AMS
server: cloudflare
exit=1
-- v2u.withdraw(2)
Error: HTTP error 400 with body: {"jsonrpc":"2.0","error":{"code":-32000,"message":"[Request ID: e3eff1e7-9672-4d81-8266-a87d14860cb2] Error occurred during transaction simulation: Sender account not found."},"id":2}

HTTP diagnostics:
x-request-id: e3eff1e7-9672-4d81-8266-a87d14860cb2
cf-ray: a485b708aa7eb906-AMS
server: cloudflare
exit=1
-- v2u.undelegate(attacker) value=1
Error: HTTP error 400 with body: {"jsonrpc":"2.0","error":{"code":-32000,"message":"[Request ID: 36f2af97-d6e7-4236-bbc3-c05f9ab4c528] Error occurred during transaction simulation: Sender account not found."},"id":2}

HTTP diagnostics:
x-request-id: 36f2af97-d6e7-4236-bbc3-c05f9ab4c528
cf-ray: a485b7152da7d8f6-AMS
server: cloudflare
exit=1
-- v2u.pause()
Error: HTTP error 400 with body: {"jsonrpc":"2.0","error":{"code":-32000,"message":"[Request ID: 077fb963-087c-470b-b565-2b8142d24b80] Error occurred during transaction simulation: Sender account not found."},"id":2}

HTTP diagnostics:
x-request-id: 077fb963-087c-470b-b565-2b8142d24b80
cf-ray: a485b7226c378b44-AMS
server: cloudflare
exit=1
== block after ==
100954792
