== block ==
100954862
== attacker=0x0000000000000000000000000000000000a682af ==
-- st.queueAllFunds(attacker)
Error: server returned an error response: error code 3: [Request ID: e4edc86c-7f83-4055-bd4c-1f9ba0fd7aaf] execution reverted: CONTRACT_REVERT_EXECUTED, data: "0x83632027"
exit=1
-- st.queuePartialFunds(attacker,100000000)
Error: server returned an error response: error code 3: [Request ID: 748efb83-4f74-4d6f-8bec-acdd3a6dc621] execution reverted: CONTRACT_REVERT_EXECUTED, data: "0x83632027"
exit=1
-- st.withdraw(0)
Error: server returned an error response: error code 3: [Request ID: a16480ba-2f32-44e5-8981-a1c72445d7e2] execution reverted: CONTRACT_REVERT_EXECUTED, data: "0x8a581ab7"
exit=1
-- st.withdraw(1)
Error: server returned an error response: error code 3: [Request ID: f7601748-6245-48b6-a8d8-eece4f32c4c4] execution reverted: CONTRACT_REVERT_EXECUTED, data: "0x8a581ab7"
exit=1
-- st.cancelWithdraw(0)
Error: server returned an error response: error code 3: [Request ID: 0231fe9e-aef2-408e-8147-e9ff95fb47f7] execution reverted: CONTRACT_REVERT_EXECUTED, data: "0x83632027"
exit=1
-- st.updateNodeStakingActive()
Error: server returned an error response: error code 3: [Request ID: b01c00af-6416-4065-84a9-5a72fae900ba] execution reverted: Ownable: caller is not the owner, data: "0x08c379a0000000000000000000000000000000000000000000000000000000000000002000000000000000000000000000000000000000000000000000000000000000204f776e61626c653a2063616c6c6572206973206e6f7420746865206f776e6572"
exit=1
-- st.pause()
Error: server returned an error response: error code 3: [Request ID: 367d16f2-b97e-4eb4-a750-371d6965ffeb] execution reverted: Ownable: caller is not the owner, data: "0x08c379a0000000000000000000000000000000000000000000000000000000000000002000000000000000000000000000000000000000000000000000000000000000204f776e61626c653a2063616c6c6572206973206e6f7420746865206f776e6572"
exit=1
-- st.unpause()
Error: server returned an error response: error code 3: [Request ID: 19b37d61-3b6f-4abf-87c9-6132ec8f3606] execution reverted: Ownable: caller is not the owner, data: "0x08c379a0000000000000000000000000000000000000000000000000000000000000002000000000000000000000000000000000000000000000000000000000000000204f776e61626c653a2063616c6c6572206973206e6f7420746865206f776e6572"
exit=1
-- st.updateStakeIsPaused()
Error: server returned an error response: error code 3: [Request ID: 78b6f8aa-d8e7-435c-ada5-2cb4c562b5ad] execution reverted: Ownable: caller is not the owner, data: "0x08c379a0000000000000000000000000000000000000000000000000000000000000002000000000000000000000000000000000000000000000000000000000000000204f776e61626c653a2063616c6c6572206973206e6f7420746865206f776e6572"
exit=1
-- st.updateUnStakeIsPaused()
Error: server returned an error response: error code 3: [Request ID: 21ec8497-727e-486a-aea0-084332bef1bd] execution reverted: Ownable: caller is not the owner, data: "0x08c379a0000000000000000000000000000000000000000000000000000000000000002000000000000000000000000000000000000000000000000000000000000000204f776e61626c653a2063616c6c6572206973206e6f7420746865206f776e6572"
exit=1
-- st.setUndelegationContractAddress(attacker)
Error: server returned an error response: error code 3: [Request ID: 25253c19-1bf9-4ab8-8658-aa3a8bce3aa8] execution reverted: Ownable: caller is not the owner, data: "0x08c379a0000000000000000000000000000000000000000000000000000000000000002000000000000000000000000000000000000000000000000000000000000000204f776e61626c653a2063616c6c6572206973206e6f7420746865206f776e6572"
exit=1
-- st.setRewardsContractAddress(attacker)
Error: server returned an error response: error code 3: [Request ID: bd8694b4-4360-4d99-85a9-038be961a44e] execution reverted: Ownable: caller is not the owner, data: "0x08c379a0000000000000000000000000000000000000000000000000000000000000002000000000000000000000000000000000000000000000000000000000000000204f776e61626c653a2063616c6c6572206973206e6f7420746865206f776e6572"
exit=1
-- st.updateOperatorAddress(attacker)
Error: server returned an error response: error code 3: [Request ID: 69e78bd2-f5a6-4593-8831-b7d6d98b88f9] execution reverted: Ownable: caller is not the owner, data: "0x08c379a0000000000000000000000000000000000000000000000000000000000000002000000000000000000000000000000000000000000000000000000000000000204f776e61626c653a2063616c6c6572206973206e6f7420746865206f776e6572"
exit=1
-- st.proposeOwner(attacker)
Error: server returned an error response: error code 3: [Request ID: 899daef4-f070-4869-9838-2ca9a0fa9f01] execution reverted: Ownable: caller is not the owner, data: "0x08c379a0000000000000000000000000000000000000000000000000000000000000002000000000000000000000000000000000000000000000000000000000000000204f776e61626c653a2063616c6c6572206973206e6f7420746865206f776e6572"
exit=1
-- st.proposeTimelockOwner(attacker)
Error: server returned an error response: error code 3: [Request ID: a6f33b4f-0e78-4aac-8788-e7696f5e5f4d] execution reverted: CONTRACT_REVERT_EXECUTED, data: "0x83632027"
exit=1
-- st.acceptTimelockOwnership()
Error: server returned an error response: error code 3: [Request ID: fe55ee55-7a9f-44fa-800b-116f135afcc3] execution reverted: CONTRACT_REVERT_EXECUTED, data: "0x83632027"
exit=1
-- st.cancelTimelockOwnerProposal()
Error: server returned an error response: error code 3: [Request ID: ce0a0c7e-04b8-425d-b81c-16d48b512a3a] execution reverted: CONTRACT_REVERT_EXECUTED, data: "0x83632027"
exit=1
-- st.acceptOwnership()
Error: server returned an error response: error code 3: [Request ID: 79b2f3a6-ce75-46cc-aff5-8b3944249457] execution reverted: You are not the owner, data: "0x08c379a000000000000000000000000000000000000000000000000000000000000000200000000000000000000000000000000000000000000000000000000000000015596f7520617265206e6f7420746865206f776e65720000000000000000000000"
exit=1
-- st.cancelOwnerProposal()
Error: server returned an error response: error code 3: [Request ID: 69ee0882-78f9-40e9-80a7-3f135afa40d0] execution reverted: You are not the owner, data: "0x08c379a000000000000000000000000000000000000000000000000000000000000000200000000000000000000000000000000000000000000000000000000000000015596f7520617265206e6f7420746865206f776e65720000000000000000000000"
exit=1
-- st.setLockedPeriod(0)
Error: server returned an error response: error code 3: [Request ID: 586a5a29-c20d-41bd-86a7-3275feb812a6] execution reverted: Ownable: caller is not the owner, data: "0x08c379a0000000000000000000000000000000000000000000000000000000000000002000000000000000000000000000000000000000000000000000000000000000204f776e61626c653a2063616c6c6572206973206e6f7420746865206f776e6572"
exit=1
-- st.updateMinDeposit(0)
Error: server returned an error response: error code 3: [Request ID: 86ed4e10-a76a-47ff-a7f0-a8da6beaa813] execution reverted: Ownable: caller is not the owner, data: "0x08c379a0000000000000000000000000000000000000000000000000000000000000002000000000000000000000000000000000000000000000000000000000000000204f776e61626c653a2063616c6c6572206973206e6f7420746865206f776e6572"
exit=1
-- st.updateMaxDeposit(1)
Error: server returned an error response: error code 3: [Request ID: 485080d7-d74e-42ba-826b-39ce22768b75] execution reverted: Ownable: caller is not the owner, data: "0x08c379a0000000000000000000000000000000000000000000000000000000000000002000000000000000000000000000000000000000000000000000000000000000204f776e61626c653a2063616c6c6572206973206e6f7420746865206f776e6572"
exit=1
-- st.stakeWithNodes([],0)
Error: server returned an error response: error code 3: [Request ID: 065c429c-ea2a-4bf7-8168-3a6e580f45cf] execution reverted: CONTRACT_REVERT_EXECUTED, data: "0xb25a821e"
exit=1
-- st.collectRewards([0])
Error: server returned an error response: error code 3: [Request ID: 753f81cf-69cb-402a-8417-760b63af8930] execution reverted: CONTRACT_REVERT_EXECUTED, data: "0xb25a821e"
exit=1
-- st.withdrawFromNodes()
Error: server returned an error response: error code 3: [Request ID: b996920a-15ce-4f42-adef-be62cee40bb5] execution reverted: CONTRACT_REVERT_EXECUTED, data: "0xb25a821e"
exit=1
-- st.unStake(100000000)
Error: server returned an error response: error code 3: [Request ID: d66d8ce6-55a2-4247-a33f-6cbcaf42d645] execution reverted: CONTRACT_REVERT_EXECUTED, TOKEN_NOT_ASSOCIATED_TO_ACCOUNT, data: "0xd96e4d38"
exit=1
-- st.unStake(1)
Error: server returned an error response: error code 3: [Request ID: 05f12d90-bc56-41de-b936-f8fd33cefefc] execution reverted: CONTRACT_REVERT_EXECUTED, TOKEN_NOT_ASSOCIATED_TO_ACCOUNT, data: "0xd96e4d38"
exit=1
-- ud.undelegate(attacker) value=1
Error: server returned an error response: error code 3: [Request ID: 238ea0cd-6588-4802-9334-ed0bbabc3050] execution reverted: Only staking contract can undelegate, data: "0x08c379a0000000000000000000000000000000000000000000000000000000000000002000000000000000000000000000000000000000000000000000000000000000244f6e6c79207374616b696e6720636f6e74726163742063616e20756e64656c656761746500000000000000000000000000000000000000000000000000000000"
exit=1
-- ud.undelegate(attacker) value=0
Error: server returned an error response: error code 3: [Request ID: bf4bd497-8686-412c-9811-03f1b3805e44] execution reverted: Undelegate amount must be greater than 0, data: "0x08c379a000000000000000000000000000000000000000000000000000000000000000200000000000000000000000000000000000000000000000000000000000000028556e64656c656761746520616d6f756e74206d7573742062652067726561746572207468616e2030000000000000000000000000000000000000000000000000"
exit=1
-- ud.withdraw(0)
Error: server returned an error response: error code 3: [Request ID: 21f75d08-50f5-4ae4-bb30-6e244b7ba3df] execution reverted: CONTRACT_REVERT_EXECUTED, data: "0x4e487b710000000000000000000000000000000000000000000000000000000000000032"
exit=1
-- ud.withdraw(1)
Error: server returned an error response: error code 3: [Request ID: 7793d6fc-e81b-4a93-a032-78f26cdf5325] execution reverted: CONTRACT_REVERT_EXECUTED, data: "0x4e487b710000000000000000000000000000000000000000000000000000000000000032"
exit=1
-- ud.setStakingContractAddress(attacker)
Error: server returned an error response: error code 3: [Request ID: 00240885-e2d4-4116-858e-e42d07a69f95] execution reverted: Ownable: caller is not the owner, data: "0x08c379a0000000000000000000000000000000000000000000000000000000000000002000000000000000000000000000000000000000000000000000000000000000204f776e61626c653a2063616c6c6572206973206e6f7420746865206f776e6572"
exit=1
-- ud.setUnbondingTime(1)
Error: server returned an error response: error code 3: [Request ID: 035fe8d4-1069-4e97-a84e-78276b3d81d3] execution reverted: Ownable: caller is not the owner, data: "0x08c379a0000000000000000000000000000000000000000000000000000000000000002000000000000000000000000000000000000000000000000000000000000000204f776e61626c653a2063616c6c6572206973206e6f7420746865206f776e6572"
exit=1
-- ud.pause()
Error: server returned an error response: error code 3: [Request ID: b557fbf1-4ec7-4524-9fc5-0587c89bddd6] execution reverted: Ownable: caller is not the owner, data: "0x08c379a0000000000000000000000000000000000000000000000000000000000000002000000000000000000000000000000000000000000000000000000000000000204f776e61626c653a2063616c6c6572206973206e6f7420746865206f776e6572"
exit=1
-- rw.distributeStakingRewards()
0x
exit=0
-- rw.setStakerAddress(attacker)
Error: server returned an error response: error code 3: [Request ID: 63655400-58ac-4602-b579-85b2b06b7516] execution reverted: Ownable: caller is not the owner, data: "0x08c379a0000000000000000000000000000000000000000000000000000000000000002000000000000000000000000000000000000000000000000000000000000000204f776e61626c653a2063616c6c6572206973206e6f7420746865206f776e6572"
exit=1
-- rw.setDaoAddress(attacker)
Error: server returned an error response: error code 3: [Request ID: 4fb8331a-7452-4dad-902a-a958f9e12c0f] execution reverted: Ownable: caller is not the owner, data: "0x08c379a0000000000000000000000000000000000000000000000000000000000000002000000000000000000000000000000000000000000000000000000000000000204f776e61626c653a2063616c6c6572206973206e6f7420746865206f776e6572"
exit=1
-- rw.setEmissionRate(1)
Error: server returned an error response: error code 3: [Request ID: 974e96b5-3328-42f8-9a50-fd88ef950db0] execution reverted: Ownable: caller is not the owner, data: "0x08c379a0000000000000000000000000000000000000000000000000000000000000002000000000000000000000000000000000000000000000000000000000000000204f776e61626c653a2063616c6c6572206973206e6f7420746865206f776e6572"
exit=1
-- rw.setDaoFeesPercentage(99)
Error: server returned an error response: error code 3: [Request ID: 5cd3ee2e-46be-4519-8991-e05971a65a11] execution reverted: Ownable: caller is not the owner, data: "0x08c379a0000000000000000000000000000000000000000000000000000000000000002000000000000000000000000000000000000000000000000000000000000000204f776e61626c653a2063616c6c6572206973206e6f7420746865206f776e6572"
exit=1
-- rw.pause()
Error: server returned an error response: error code 3: [Request ID: 19c3ce9d-eb58-4db6-b6a6-0092b627424c] execution reverted: Ownable: caller is not the owner, data: "0x08c379a0000000000000000000000000000000000000000000000000000000000000002000000000000000000000000000000000000000000000000000000000000000204f776e61626c653a2063616c6c6572206973206e6f7420746865206f776e6572"
exit=1
-- v2u.withdraw(0)
Error: server returned an error response: error code 3: [Request ID: 429bcfe9-2251-46a7-8e4f-b4d29921a305] execution reverted: CONTRACT_REVERT_EXECUTED, data: "0x4e487b710000000000000000000000000000000000000000000000000000000000000032"
exit=1
-- v2u.withdraw(1)
Error: server returned an error response: error code 3: [Request ID: af2e03b0-c2f2-4dfa-bf77-e68c8d9e004a] execution reverted: CONTRACT_REVERT_EXECUTED, data: "0x4e487b710000000000000000000000000000000000000000000000000000000000000032"
exit=1
-- v2u.withdraw(2)
Error: server returned an error response: error code 3: [Request ID: 7b18d4f7-9ccf-479c-a233-a19e24eba555] execution reverted: CONTRACT_REVERT_EXECUTED, data: "0x4e487b710000000000000000000000000000000000000000000000000000000000000032"
exit=1
-- v2u.undelegate(attacker) value=1
Error: server returned an error response: error code 3: [Request ID: 2ae407cc-2a70-4b57-9e88-b355fd09cd11] execution reverted: Only staking contract can undelegate, data: "0x08c379a0000000000000000000000000000000000000000000000000000000000000002000000000000000000000000000000000000000000000000000000000000000244f6e6c79207374616b696e6720636f6e74726163742063616e20756e64656c656761746500000000000000000000000000000000000000000000000000000000"
exit=1
-- v2u.pause()
Error: server returned an error response: error code 3: [Request ID: 9d4dda04-75a0-407a-8a2b-17141eacf2f7] execution reverted: Ownable: caller is not the owner, data: "0x08c379a0000000000000000000000000000000000000000000000000000000000000002000000000000000000000000000000000000000000000000000000000000000204f776e61626c653a2063616c6c6572206973206e6f7420746865206f776e6572"
exit=1
== block after ==
100954907
