[i] RPC=https://starknet-rpc.publicnode.com block=15827577
[i] sim_borrow_nstr: paused
[i] sim_borrow_usdc: paused
[i] sim_repay_nstr: paused
[i] sim_deposit_eth: paused
[i] sim_withdraw_ibc: paused
[i] sim_liquidate: paused
[i] sim_flash_loan: paused
{
 "assertions": {
  "market_paused": true,
  "all_value_paths_paused": true,
  "irm_holds_nstr": true,
  "irm_release_unauthorized": true,
  "pool_invariant_enforced": true,
  "pool_free_out_rejected": true,
  "nststrk_withdrawable": true,
  "nststrk_backed": true,
  "alpha_unpaused": true,
  "nstr_feed_positive": true
 },
 "all_pass": true
}
