RPC: https://rpcapi.fantom.network
{
  "block": 123539101,
  "chain_advancing": true,
  "markets": 27,
  "mint_paused_all": true,
  "borrow_paused_all": true,
  "oracle_reverting_markets": [
    "scUSDC",
    "scDAI",
    "scWFTM",
    "scWBTC",
    "scWETH",
    "scFUSDT",
    "scYFI",
    "scCRV",
    "scLINK",
    "scFRAX",
    "scDOLA",
    "scMIM",
    "scBIFI",
    "scTUSD",
    "scSPELL",
    "scBOO",
    "scDEI"
  ],
  "cash_usd_total": 1170300.7569116666,
  "sclink_cash_link": 84119.31805425331,
  "liquidatable_account": {
    "address": "0x539654afe0c85df7db6176258f6dce567d2f8c13",
    "err": 0,
    "liquidity": 0,
    "shortfall": 32452506357435053068,
    "assets": [
      "0x83fad9bce24b605fe149b433d62c8011070239b8"
    ],
    "debt_fusd": 2580456537171762305825
  }
}
