chunk 0/1680
chunk 40/1680
chunk 80/1680
chunk 120/1680
chunk 160/1680
chunk 200/1680
chunk 240/1680
chunk 280/1680
chunk 320/1680
chunk 360/1680
chunk 400/1680
chunk 440/1680
chunk 480/1680
chunk 520/1680
chunk 560/1680
chunk 600/1680
chunk 640/1680
chunk 680/1680
chunk 720/1680
chunk 760/1680
chunk 800/1680
chunk 840/1680
chunk 880/1680
chunk 920/1680
chunk 960/1680
chunk 1000/1680
chunk 1040/1680
chunk 1080/1680
chunk 1120/1680
chunk 1160/1680
chunk 1200/1680
chunk 1240/1680
chunk 1280/1680
chunk 1320/1680
chunk 1360/1680
chunk 1400/1680
chunk 1440/1680
chunk 1480/1680
chunk 1520/1680
chunk 1560/1680
chunk 1600/1680
chunk 1640/1680
saved. non-zero holdings:
  0x0dd010513f7abb8f9c628dc164a24d953bca09cf: native=1.9460146718899998 {'USDC': 43281196, 'WETH': 49583532978785}
  0x0eee208934e66a6e44517e627a2475fc891b3a38: native=0.0 {'acUSDC': 1766466020013}
  0x1acd539e2a76cf876889dd8119c1d873821551a1: native=0.0 {'acscUSD': 628910165204}
  0x3d0c177e035c30bb8681e5859eb98d114b48b935: native=2461.988528264769 {}
  0x5dc4dd7969944300083994c60e2ce67b4b81457c: native=0.0 {'acUSDC': 136831412, 'acscUSD': 45114893, 'acwS': 587434048243691924886}
  0x7151f90076b54961771dfdaaf600e5b8b87cee20: native=0.0 {'WETH': 128281837804}
  0x75ef5d635388d7c97425596ce50c11844234128b: native=1.1153732274396528 {'wS': 54023835656068, 'USDC': 9870067, 'scUSD': 99, 'WETH': 96976525849062, 'stS': 51269881755870, 'acUSDC': 1147620002, 'acscUSD': 24361556, 'acwS': 471283362531919965485}
  0x83e2613b74b2697c85416a9a1fbb043f8056990b: native=0.0 {'stS': 62596374932801559}
  0x95caf53667d912f3491173fd4712450dfcf4c89f: native=0.0 {'wS': 66463101749}
  0xa175ee511de429275d26ac5420fabeb60c67c372: native=0.0 {'scUSD': 21567}
  0xec26d07b5c0a99d3690375a2cc229e5b943e7726: native=0.0 {'USDC': 1564}
  0xed01f103c284253d0824c0125f673f11c14d2ea4: native=0.0 {'acwS': 2577613753986355476269534}
  0xf321683831be16eed74dfa58b02a37483cec662e: native=23.581370350887653 {'USDC': 750757, 'scUSD': 500000000, 'acUSDC': 1793962244553, 'acscUSD': 3647915257869, 'acwS': 14929143768756, 'aacUSDC_A': 1200000250621, 'aacscUSD_A': 250000000000}
