[25000000-30000000] page 51 err None
[30000000-35000000] done, 81 on last page
[35000000-40000000] done, 24 on last page
[40000000-45000000] done, 57 on last page
[45000000-50000000] done, 123 on last page
[50000000-55000000] done, 104 on last page
[55000000-60000000] done, 145 on last page
[60000000-65000000] page 1 err []
[65000000-70000000] done, 3 on last page
[70000000-75000000] page 1 err []
[75000000-100000000] page 1 err []
TOTAL unique txs: 17537 creations: 809
25420121 0x1e8e245bbc463887f64771e86b3c5bb96521a96c 0xfed0bb0e60c5e53052
25420846 0x00960e708d86cdba8f9c8e4856f4afd73d06351a 0xff981204ab695f42df
25425710 0xf87dca41f73e0e2abb0463a77db3a489db276571 0xd567012c8eb5ad4d19
25426682 0xd499f414fc04b2018320a1d36229489ddbfdc6ad 0x452273473ecbffe5c4
25426816 0xbe0e1e40414b785668ce614b4f54e29a890786a3 0x645324d2728506a36d
25426868 0x1712412a7c4556bfb5ffee753b112960df6348f3 0xbb2f86c1ad93045658
25483444 0xfe28da33c260023356d3c5d2fe86134811d2ab2f 0x5ef8334877eb6a161b
25582478 0x006d19454cf42744836f9cc0115744dda44bf5b0 0x9269a0a635c57c9134
25914770 0x7e96bbeb1c13978f7fe5c50ae1e332148bb14277 0x9bc36f271338507e7e
25948568 0x16a001e6e22d3aa26c07a76f0f7e1cb14298caea 0x850a7f1d15b645698e
25948603 0x8473db6be5249a3a6059772fb025693f56718011 0x14eb431565f226eec3
25950281 0x0266cf77c4d9363e73efe9ac1cbd9a85df94e82e 0x7654d32deeaba39e92
25952813 0xc747db6ebd5dfc93c7d2f4af208a9618beec46a3 0xa8df976a6af6deac6f
25982208 0xe8b90ac327764e21fa834e1588be9aac3e4e5018 0x505bfd6931defc7efa
25983596 0xcb4e3285058628a49e1787efd935d03158d047fc 0xd85b1e0347eb4490df
25983871 0x57bc5f620bde757c0a81350d21489dab1783fb36 0x6876f079198d3a8abe
25984212 0x8d546026012bf75073d8a586f24a5d5ff75b9716 0x928206b70a367c6095
26033981 0x991b73fb44a6b618efbf3403924c09530ee4d5dc 0x150f1d60b3dea10228
26048608 0x5c8803c06aa6e4ba2a26c890d022a7a2f3b2889d 0x130b9892ae7f68e186
26133691 0x69987d5c039a9e97531125f63928bc41a6a5855f 0xd44c27cd7bef7f2cda
26133722 0x8585c936b6e9faa0c92980a858521f2b633c562a 0xed81ab9eb538c16c7b
26133727 0xb0f0739fb9e04a0cb86defaf8cfb7345df0d4157 0x7901dc842b07323a1e
26133730 0x750d3727f97feb719219e0b152900c0ee7d6cd64 0x73ac04e7ec5eff05d9
26133764 0xa9f6a31d65d9f8212d2b434fc1abf551bdd2d5e5 0x29f1587ac7a2fcb03e
26133774 0xa73e3ea69d0962d157791ef275fc485c3ff2c5d8 0x0d0e9144de2021a485
26133787 0x35706c374f92f6e3ade1a298fed98a7d8a6e7d04 0x5c73e6261504b3c35b
26133796 0x988ebe51c951fda540aa6456346581725bd3271a 0x2ec3d18a667789e202
26133814 0x89e8842dd3852b707df1cdf9c22f66dd473cb4ce 0x345ad81f0b774054ae
26133818 0xadba6e6385fab53850128843e37a70a3abaf04c2 0x110669f0bdacd5ec32
26133823 0x4b01f320f8cdc8f670c10c1e3a27d1fee6a6d9d8 0xc60165b2a64f5ef19c
26133825 0x76d4af884f67df4627ed563ef56a67d5a4194f6e 0x54686201f10f35296c
26133832 0x5a47983d9aa688e041a3a793ac6be12513bf4352 0x8c27abb4e0adc25d4c
26133837 0x4550ec24c030a294b3f31c847e493b27f826ff63 0xd8fe832bb0fe3cc3b6
26133841 0x2a71d8f8d46f5f7d115b7038680fc1e1563f38a2 0xa3ddca15670c291d7b
26133846 0x3b443e9b9b7f340c7b1417abfdc64132341873d4 0x5f38227d7415ba0085
26133851 0x102347b9f4a9650879969ebac4d599aee4e48dd1 0x52f3a6381d6bd0f8f8
26133855 0x579ba9b6aae05d3600e2a9505cfba16c4aa8a9c1 0x2ba348f8e6349df968
26163973 0xa0d29d57a6627d8d20711db9423920cada0da170 0x2409cde367bfde3d6b
26479156 0xdcf2a7b1d480dbc954962bb501c29ae1aecb7642 0xd24389abe983bcd23b
26479161 0xc1ad17c3c93186ec01beece02558402cba847b07 0xbb8b41f5a46ab9befe
26479165 0xed12da6e221500a4fd06cce2a9ff17d218ec6361 0x9b8fff459bed1ebf15
26479168 0x4866ad7663fb0d9979b87ddb1f4a2e1e4e983cd2 0x48fbcf19958e5b5ed1
26479173 0xf1d8aef4ac2c9fb6da1344d01a4519b0aa60d1af 0xd9535e8a8dc9e03a99
26479177 0x5e5c0c1306d722253acd8aad58f31755bed41690 0x4c5e7f0a4254309030
26479182 0x9210ff7696238121c2037d02bb7faa3b91123518 0xe61500ce979339b105
26479186 0x8a928708d730a3feeaa64c90ad337c5b1504caaf 0xa96df5d2eca0b395a2
26479191 0x3f93191f9cf0fe47a970cb558e095da0331f3904 0xec4ccd3bf41c80f8bb
26479196 0x59d052130ed90ec4fa095ec0ae43ebc64124d163 0xa106074d659063ff91
26500431 0xedc0dc1c41666e83efc332f91743cb31ad146f99 0x90632fbeffb03688f9
26500449 0x03fde6318884611256a151cb64668ae0b27033e0 0x1bd6a1cf6d0ee9e6b3
26500453 0xedd95fc293af0b682c46c4c1eef03e0cb635d104 0x46a314deda726b995a
26500459 0x45802b017445a088d24bec32d8d6fa6ab0761f1f 0xaee96dffb997b04ff9
26500463 0x19eb8b517bf372cbb7d87b625f1324739f1cc37f 0x1b594c77e7cf9ac820
26500469 0x0daa6c0b6623dfb7ae780bb8664456aed34c336d 0xa1cd6348cc6683331d
26500474 0x8d90da10ab77d044529eb8440c15c098fede0303 0xbba5bc8c1114bd4b85
26500479 0xfaa17cddb2ea5711d7afc9119e08d2f3d9c17b6f 0x9c81dcb24453b8cceb
26500482 0x13f2554ceeab230c79e50f0cedbf591bceed810a 0xdc89abf93890c1c57b
26500486 0xa8d16f239ab0b1f48ae84aa1f0409b50f7aeb8dc 0xc0eb4386c496ea04dd
26500820 0x88ee2b5daebe3024162d8a0bec2f2bc1f56453d8 0x7bccc8093e82df2544
26500824 0xb9338a7c92edd0bb8743ac713b76a37ac0143ae0 0xd9ac44de7750c3dd52
26500829 0x440465cd4d3acb94bba49d1f42c1118207d2207c 0xcf434a6507d2e94999
26500834 0x9fc54525aa70d1e910cfa61f5974a586f4b8a70c 0xb1db4d09011f2fa7f8
26500839 0x6a2028424f2cb48835eec68c0118406f78635dcb 0x58058fe48d59cd784a
26500844 0x0a9b2df16b802b4207771c0f5e7d4ded95778908 0x95e6837290748946bf
26500850 0x9c8e5f5ed5b8d5a848e33820b6db9964e3ece8f4 0xead7f8093f58605718
26500855 0x44024545fb415eeef9c41a52278e9c70721e3b1f 0x164b72f6109d4513cb
26500859 0xe3663a3694dd35e00803e2d3b868f8ecf0a8ef62 0xfae0f2b22ea9b43b11
26500866 0x496d8c7ebb12958472c015994cbb162f7876cf12 0x7568429ad1b2e9fb69
26512750 0x0d9e1b6fee7cc44475dadddcc2d46d2897447f79 0x3c92b843997384a794
26512753 0x2bf87d070d6e91fb5329f86ad25773cb8b722131 0x0d21f3f9aa7c409547
26512755 0x0d59561576a0759cbdb46093248c1e8d17bc108f 0xd06dae3b3cc2870d52
26512757 0xe787d1478326c457654eb0ae6f9242ce867e6c2b 0x095b65069c650dc9f7
26512761 0x04f5cbab9b50038a84a0bb076e56a15d60a183cb 0x5614ec95844ddca375
26512763 0x041f52c47b1f6a69c218b11e6af08463126b6c57 0xa73d408ef462c3ea7d
26512765 0x9a56f822babfbfdc2f25cb34eb952ff38af869d8 0xa86e578165e9b1e16b
26512767 0x45d4d227863371b94bcb94e1375b604bc51cfd26 0xfed19fe27dbb96d3fd
26512774 0xa6d12c719707a70f734494a127f6cb385dfee3cd 0x3f1094f843fd440823
26512778 0xf9c740a00e0cac2bd053d5c5cd23a5122e318ad1 0x7a8e47c78291408949
26517545 0x3cc82e1d61bd8c46071fe83d2b2182c82142098c 0xc12fbacca569f42cb8
26531528 0xb240d12c9aee8dd5408f853be7ec365f4424cb37 0x36d3315de51050b0e3
26531532 0x532505d9ed4aa7c0ceba2c1dc58236ba563af2fe 0x6cc3816a90058c9b6c
26531535 0x01726c732d7e2687f8a1cce33d5ae6696eff256a 0x77109d8c7c49728df5
26531538 0xf48bab0cdec505f7a8647f18b0522c29409995d5 0x93b201f2c8cbbeb917
26531542 0x6b2c137d90090e9caedcc88c363756551449eb2c 0x179e67be6e244d5fa3
26531545 0xeb2d34992a628b3584a7ca6807e59eab43c75727 0x323c6c49df3649eb0c
26531548 0xce9667f0f4559b8b1a495a4df709cd7d86fb3a0e 0x8fefdaceecd839eb8e
26531551 0x0cf306ae637c16aa97d44c73ae000056117845f7 0x84dadfecaaf133303a
26531555 0xbecb6345dfc3c27df9a6d867c8cdc8b9a4294bb2 0xf84be2653d085e8aed
30771474 0x28860b6b34fe6c7a4d38b43fff7c91f6a5785189 0x9a9e9a50836eab5246
30787966 0x867ddab697c44201c03817162aca83e08c42a53c 0xbca31f23a124e4db0c
30788069 0xf5f23df8a5bbad7b5dbe1d8556236ae92fb177e4 0x2fcec9942e2060e32a
30788069 0x143db3d70977bd8d09cb8bbe274914fbc33007e2 0xefb2c14959a42a7338
30788310 0x3054d406e2e1db5b922df959114f85f1ed2e57b4 0x4d6f8c7f83725f5f30
30788352 0x8dff3a6f4b72351fd0c31da8dfd288b87005063b 0x2406276550727f4c76
30802780 0xc1aac69e6758645f1908baa37d25c4ee611a0c80 0x94d8cf8872b722edb8
30802879 0x309095478a4eb8efde50f4e0e29977c9cf98d532 0x01968a4c0732ebd237
30802942 0x818aaf4eb220a575b6d79148f9881b423bd2a40d 0xd8534f671e79b03328
30803037 0x95bd07c8a30584e72fb51917dabec2768576e67e 0x821a1690af4e81c88a
30976691 0xdf419c41dfb3ac61a2908a834069f3b4382e3348 0x33436f7c140a491226
30977392 0x868803c4226f503b7d6180ee049a7fdd84c2fbcc 0x63162127d543de67ee
30977392 0x9bf2ae90c1d9b691b751b914bb56812ada1cf319 0xe256e2814895a16829
30978340 0x7711c94c5a7ba1d1d6142ec11c7d670f6fe14e58 0xee4990def5b835c7cb
30978340 0x263fa13dbbd3deadc8f9a74807c77292ec6fc5f7 0x792b1444ec495f311c
30979871 0x041590d2a6d8cf74149a67a5a605986847291e6b 0x6036ad07864df2ec02
30980518 0x59acc84a473274f6f14c5a691f79ed71655d18d9 0xc4e1effc17d708e002
30981098 0xc0f44b106b83285dfebc210ca4950dd4ce262cf1 0xd9eb537956c8a13db4
30981360 0x35e8419760d995ef2f073d84b876753f7b139ed8 0xf3dfea71bcc7676a5e
30981455 0xbb9e9e516ec5bb3ffb0f9400d524253093d4877e 0xb0cadd0826ec912f8a
30981708 0x19b62ac87fafff9bf9da71b6d46e078d325c9429 0xfa74b93d0ada9a1adf
30981776 0xab758d6c8d1e4a157a64e7ad52c5b1b62f6bf3e9 0x2860f0910abedfe010
31007124 0x7c16439f8298a795aa72277cf3e5bf8c2a0dabbf 0x737f367b5f75f6486c
31007304 0x3e64720d538af489bf8a0720e9541eef73cbf4c6 0x9ff1db751788be9089
31133722 0x67d014add667bf96023046cce655f759b91c6b95 0xc2bc1cbbe132eb9f06
31134158 0x39427b8640ef3cb7b8081196720f22f68053a24b 0xeb5b4675cf9f2ff64c
31134380 0x5a545e67f0b4ffd329ec1d91cd0a49b9e4f6d8e5 0x3e224a69ac88a144f4
31164815 0x4d0ea76c7a377acf4ee2c167c1083d70609f3819 0x84462e5d7b39acdf8b
31165462 0xd5a3209b0bb247721e429ac54d9053055e822e2e 0x0444d27dd3887bb3a9
31179507 0xf804774386f31c5a2cc62bab10ea38d1b9a09658 0x6d0a65d422e23a06f9
31179941 0xdf6161d25ce33df259e458ff8f912f801f76ed97 0x88399034858e2983c2
31180033 0xf639d8671e530c6e2d04940db76be9f2264e5be8 0x0f53de239d9be36dce
31180206 0xa600e9b440794366640008f85a9836ccfaea5b7d 0xda868ca35eaaece79d
31183604 0x727b7e5e67639bd9c4f550b102513cda66ff93d1 0x11f539f8a0b6c652af
31183604 0x953fdefb657ac873656e0317ce4a04e92ac3818d 0xaa9285301bacdaff62
31218431 0x1a6b88de0a20f10bbaa18ffd3a1aa4077f6133f9 0x215bd80f557249733e
31219132 0xd4940b5dc1a23fd0d7944009b92913797614fc2b 0x5593551efb1d417be6
31219904 0x3fbe25618d269bb64757950ab1d97fa9c5ed968c 0x1f7fc12060837a63c3
31251504 0x262a82f817afff3809cb61920bf7f95534cf9db9 0x688217af79f1a9eddb
31252653 0xe10a4d51e7eca52d0657e6bc8bc25275a29d2629 0x4520c60b6508c77793
31253428 0x7bfad26d0d85cf2e5c150e89da263156c8dacb10 0x2caf81773d74b755ba
31274719 0x61b8b91df312159af7bebdea971177a6983e8bb2 0xb3ed9faba3b85a7709
31276172 0x577e801a7e8beba763396f4c789791ca08c20176 0xce9f3d4e9f8d2f147c
31280834 0x187186dca8622a6b5874d33f4fc880bd4d787729 0x1915491b304ee889ae
31283053 0x6bbbbeb34a18544cb7459cb51706a26d95d6b61d 0x16e63ff04feeb12a36
31286656 0xc2033eb05b9f71cdaeec6e9d276d19204f7c708e 0xfa72147a6ad0afce56
31292479 0x7960b96c519f3f157dbe6f556025b28bdd998070 0xd1d2b13577fa767eab
31318277 0xfd275865c2cba3041d7bc24ac8c9b612e753efcf 0x43e28bbccf5aba3762
31321514 0xdd7744d28a76e50cf98efce4ecc5246dc555c5b1 0x175c4312395ee02fb3
31321708 0xd66b01ab1e86168cae13774dedd49de49500c356 0xfedd6b9f408b1b6c22
31321768 0xfb65b13dc9859f38e885efb473a174ac6ed60e5e 0x032957abc229cc4d28
31337307 0x506159f6539bce596d64f2a69e6a88fc29925b3d 0xba8a041af43d728349
31337749 0x9215e7b3cd6940b0a60ff1b0c5d42a7ab475b3cc 0x3d7879c58e3d7c6cc6
31337977 0x01a12f815e71e323b8fe2715ecb377fea69f04f9 0xd971063ddabd440ca8
31338267 0x8435faa6d8f6701ef58ce7f24c578257063a7379 0xe73e6ec185b0dd7f98
31338283 0x730949dd7b504b48360835fc6726e919e1ddfeec 0xd716c14a91db69ec1e
31338303 0xc2ee426f33ee72230c00d309243cf2d9cccb8968 0xdec49072c45b12d3e1
31355869 0xe4cb58746d95970330acf80f9902b42be04c43c4 0x78bc4f5685c8c05807
31356229 0x303b405d6b9cd4757f8161d87140adb913e88210 0x51dc2e56729c8e8f72
31364457 0x0824fea61dfa34a2e3ab0d542d8f314f7c804c80 0xb84aa7f9693daec702
31364568 0x9ada5983dd55db1c2be3526daaf0f9c5b78724e9 0x552bae3126cd761ad8
31375075 0x5168a9027ea259dddb89acc1558428115dda158e 0xdd5645c326515dab68
31375160 0xc5f6ebb0f254dcfc3cc62c3228b456b66c483793 0xdc2c47e35bff7f6d66
31375237 0x30724e60790d41fb2537137a27c4ec40e2fddb33 0xa084ca526676ff60a6
31585712 0x07ae0e91a08682049cef551e0c20c0ff60247034 0xb912f5a0019746de66
31679340 0xd2340f7b10a8599eeb05ae27a805f249b6118d29 0x74032a70e1e09c5e23
31679440 0x5750fb05cadeba942d07c75d6ca4a360b109912c 0xeaebd9ec4dc978bdd3
31679473 0x278dda221456aa6c9c817e2db7729efcbeb467b1 0x8ed61fd34414a51665
31680016 0x31ad7a1066565fffa126130075dd54892a2a4b05 0x1bfb224ba6b7251133
31680143 0x3ace6ac1770cc1b8c1cda4953a2c10672736b782 0xd83dbd7ab1fcc520d8
31680190 0xde5e53b9308b66b9707be4d3a7b80abde6e634f5 0x12a9f67ccc476c870a
31701367 0xbe2d953beaf215b27d53ea784525ce5e0d4bf284 0x7a8de3665a729cb6d9
31701441 0x0f755c85869fed81db864d868fc1ea3aa74ef37f 0x9d31e081a7c1a2c0aa
31703741 0x649f355526e3dc4c652f2a9c38e576e85b74f70f 0x14d5d285add98e8aa6
31703793 0x8594f201d2958fd40ea59c4a0ea310395ae50ae5 0xcaf257fea24e583ce2
31704539 0x23b3ae548ff96427d52d9023571a456385beef93 0x7555a066a9f90d789e
31704600 0x77b98db2f838dd88b0fb785de3ab7fd6b0aad978 0x8d22567444d8fa2ef4
31704704 0x812ed8f3442c870ed45b705bf760b412e150de7a 0xbcdd5245aa370f9856
32128646 0xcc47473ffd9358eef8f2df7551c8b4b8e7a5d420 0xdb31a6181093752177
32129077 0x1750b70c8dafe5cebe85f616a01978f9757c66e7 0xe5ea99c1774c84dfe9
32158445 0xda74cce8f633d5b2d53682ad0dd700b74fef781f 0xa24bc7c088bfe2bc92
32318655 0x4ace741c78d1718d9cf8888b3defd7fe0ee990a5 0x02c43da9753aea6066
32353705 0x70dbd92cc3fe1f7e80007d17ddf56d8902562705 0xa9b277c403660ec1ac
32353813 0xcb8cb481659dfe6ad6a5f7139b159a4cc1b2933e 0x2da2eedef46eeb3cbb
32460969 0xb534f3f346c637170e9e5d34813b914cf42499d2 0xf5a9c2a9c2d67deeeb
32461996 0x0558f50784c7d9899368b9b8220a4fde837c1efc 0x3d2995168cfd6d69cd
32462297 0x2a6a7e46fb11db0801e67c3c6e25fca22c716ed6 0xf0e70a9071524ed51d
32462776 0xccc6bc62197ad981ae17a1cfbaed8da00818a1f3 0x2406b946609b622df1
32462864 0x06bc37e4e6a4a293dee653da8d0f6988266002d8 0x3de408e4cd92ad9c1e
32499394 0x9abfc7b85b7b39e42ab2e886bba3f091ed00fc5a 0x6c9fb8aaae658b4cc3
32518758 0x3d60538cde8da6fce9f73cfaed1f2218c126f08e 0xaa30665250ce1f8467
32519022 0x3ac41aa67bd4bafbaa5fb6c7546069af19ce0886 0x040d3fe47250a65869
32539608 0x2fb416680972c7f1611b4c023676a2ded50af3ee 0xd07299a0786e73c44d
32614778 0xca8c61b3281681ac9630dc1e582e3604196846b0 0xa771ba431a2a004739
32614884 0x949282236da8e89422612ee8d8591a6a56ae7e80 0x8f95a82cd10868ec3c
32614940 0x88aaf35685f243767a30350ec26abac40d4c21e5 0x4e9d1f2639509ecea4
32615984 0x5aee5efd51bcc8b22d1040c66a42330c8c86fb8b 0x19b37036fdc727102f
32616047 0x77eb6de48b94a76cf1065c5a27ded194542a8a37 0x6cb19a6f8a865f6098
32616880 0x5ee8f249853ae72cf9adf4d513c42ec750c22ea7 0x4cb502c0d631663b72
32616969 0xbbaa8fdc6f134f12547cc0874b831eee040b56cd 0x3459fed5b498232850
32617055 0x1868252809c4b0340ccb8a78f3b85d8b19e7c2b8 0x30f619885c03a7261e
32997315 0x29c8db9e202d71005b09e9b2fb03ce1553de79b6 0xb7c93aa2b985ddb597
32997350 0x3cafeb01b48517c5c769680d903fb97edd7b8a19 0x5d6402c087ad5539f8
32997473 0xeebc90a0ee70fbad850e8cccc9100901a924a5f0 0xe14c1caf7002b312c7
32997504 0xa4262eac8c98207c3d733c9ea8543e5ae0341bb1 0x086b1cfb84a598bffb
32997568 0x01e15fd82cbfbeabc4ce54a8010cf9199134792f 0xe415ca16ad87dc0509
32997598 0xd1faac001d8f66d3a3b1daa1162f61a15a8e9809 0x28bf16045a7cda4047
32997643 0xfb8a2dcc730ac0fc78eda1cca016e3a506e9c18a 0xae1a94a12ff35c7aa5
32997766 0xbe3e48ab7a6a42973c42dfbb35db3b1c1059ec4a 0x6089126b063d18226e
32997854 0xbbeac728d2a5df423693ee064d5114c91823a796 0xb4b17aa15cd7e72f27
32998134 0x42393046569e7dec011c4e01a69933b71add9926 0xb215643c9c4703cc69
33018080 0x35f1fcc3c3c880d12021c23cf6d3585f73408cd0 0xe4cb98f6cf494332ce
33018127 0x427143d7a89e4fa7992866c76850eb934dc61b8c 0xafdfbadc03ff94d598
33018192 0xd22faf25e1accecd66bbe30839e0af64ef8c0127 0xaad741174728f75ffc
33018484 0xb61bd49a1c5258a3ca00a9a7b4df823cbf057891 0xa51261dbe1ca90bd14
33018518 0x2d980268f7a3366f6fa0c36982c597359e358615 0x2977d68f034f14e0da
33018561 0xd7dc984cf5f799d5af4e3a56c2635e5379623fd6 0x22d2eaa05881de79bc
33188186 0xf16e97d61a074d0b36c00e5a11729733c39e5b68 0x0e4ccae622e78641d3
33276931 0x59e6fe04e187d042012627560da7399b5b41f2cc 0x3fe632c13ded4d11ef
34038364 0x49d117b5962f1bf74c466b92143f26d94023c085 0x3a06b59dae0cd7970a
34038367 0x0a847a78801e49d0bcf1e959fa0101dda733cf3b 0x47507b379db7b4cd7e
34038370 0x035001ddc2f6dcf2006565af31709f8613a7d70c 0x48746cb969900fc4fe
34038381 0x4e7a7de3015fb7a237b14c1c88217c79b1c2116e 0x01812afafa2e258d27
34038384 0x95e73a6a39940f0b62afe12a4a3468e95fc61ab0 0x40b209e4d936dec2c1
34517761 0xa0ce88ade1aaa739c34ebe5efce14fb18b144a23 0x17668f6d8d95d2586b
34517807 0xd3e5330b7f95f779c0f9a6925909648f6409c885 0xa9156cc9d6a159ee11
34518129 0x3908c7a29ced6bfae90cd81552fcc9b3af36457e 0xe30238d1961379b0ec
34518554 0x670785d9174e0153fc407eeb2c719a36159cc99f 0x21e70f7a03872a59e6
34518977 0x8d1799fa28dde9dcc1f3c48931ca2f026adc0414 0xc39a3914d3d678ab49
34519002 0x0ad2ff691dbd309b7a70da135e22140c3fc80f63 0x9c5a8a35d533ec7741
34519128 0xb5222692d3a6feff8cd9185f4adbb818ce79beff 0x6a1394b0f14d12334b
34519236 0xac74270f7e938dd016f5f0aa669507a2593faf75 0xa540e7483678a6072f
34519477 0xca728848c5fe0e74200cac70dfc7b31ec638ff90 0x14d49247ce15fee90c
34520467 0x507fab1cab1fe0c0c3438515e7f3144db2541b3d 0x82c66e5b684425a949
34520702 0xbe844f07f798284613b19362d782f15328532b57 0x34a68cba0e7335e80b
34521188 0x6fa86de8ea74714a31300f7f391086cc74e82512 0xed30a801764a48e65b
34547410 0x713223df7afc60dc363147e45edf43c3fe0ae16f 0x7d7805076dca89cc06
34547410 0x92e51530fa73af07e97f8d3a7b15d82192499bd5 0x37fb6c910de63ba932
34547410 0x79b20777b5e4b100a096acd300298adacbb1ea81 0x6bd036447c8685e3ab
34594899 0x1b920bfbf603afa113a22aeabd62906c0bd3a147 0xa6026a7a8bc4402894
34723968 0x94f6eb3070f72f3c7ece8786159675c71cc94d8d 0xc754a83cdf2f9e4cb6
34723971 0x6ed1845a76016258108211332b4348e571c2170d 0xad84358f80ec6e1464
34740670 0xc0f4c2a19ea333b4b6aa63f6687a613b545dc458 0x8edd99a6518205a419
34742047 0xae4009289f2445d2441dc4a4bc62c1be9d0ceb91 0x51da9d2cf4f0f6df1d
34746063 0xe68a12dc0333a3f7bc99e77dbb6d131221ad3f24 0x1d2b1183604a02aa10
34747807 0xb5e4576115e57fbb67ddfecf30848ddb18184173 0x1684982f1eeb8a3c84
34752226 0xb284f15c7d20e674366a6b94288e9e9a893e6e54 0xba881df109d09aaf43
34752231 0x9d24e27d42785c16e449de3c30d0f2538e47d40d 0xd8282c2dc26d61795a
34752454 0xeec24158bac0f8b952590bc814ea470ef656fd84 0x1f79bdf9db9732ea5a
34754095 0xef3c4e984abce91c5c55365f55877a2c10eef8a6 0xc4d75ee103385cc8d7
34754354 0x5b6211fa33fb606b6697fb9eec1de6dcaca0c943 0x653b5a9abfd10a0924
34764224 0x0adf85bc06d0cc69df7ac7fba49f4bb4c6f56a6c 0x4451c460cf0348fd05
34793452 0xb63750ae016ee84890ff3678f9a861a454b2a0a0 0xd58f8e095e5d2181d4
34793603 0x3b9f0db22c90d41e5638275cac15206d15d5071e 0xbe5c3afe31bfe6970f
34846156 0x244d5d8f538df273eed1c9e9971a75eccb109527 0x116e5e243b6cdd99f4
34846157 0xc8355ddd29866e2c0324459258e272319a55f94e 0x670a109c826dcd50c7
34846159 0x95ee6a8f4739ead8589addb0876007d273ea23bf 0x322b8272a8e3a4d7a7
34846222 0x05a433753d19a3c55cb6d2cf756c20a1b5d44287 0x9fdb527b16d4e31fad
34846222 0xa8b2a1695dda62cb8d3948de9a140abca84847f5 0x78f23def80356f17e8
34846230 0x0f97711b3865447d333bfffb63b9bdd5700a10df 0xe082ef01853e99717a
34846262 0x9e9cc95e2a805fbe591a6048edcb1a79d6190786 0x34d13509276d8347af
34846266 0xca2b0b4dac0317effb602e06026d19a79a4b524f 0xe793ebe744405f7aeb
34846307 0x11dfd6d709cf815611d11fb16f6f0485d9826df1 0x3abd5302631462cd78
34846308 0x3ddaf451c2f92f6ef014bd93ccf187e4f2f84ef4 0x2bb3c0cbc983c55959
34846308 0x6722098a9ec0d972c26443862209975b99bcad20 0xfe4c7e630fc4e1b5ec
34846345 0x2670276f34e1646d8e599c9698b999008ceffbe6 0xb1e49ed7c10de19b8c
34846346 0xd608b8b81ea79ec33cedaf0c049edac8e098d0c5 0xc125c3ea67e5a1ad26
34846385 0x1bfac5c669d0b51e7bbbe514e9db453fb7a12c05 0xf4786298fb6bf42b3a
34846387 0x22d3c862957fee5a99557ffceca7717e7dafa69c 0x0440ee146f1775de5d
34846400 0x6be233a8226213eb6446f1e1a86c564ed16f337b 0xfa2f6917c062854de0
34846404 0x55504ded02d1064fbc5c5f2849d8a83b4c8c57f1 0x58ca53a188fa7bbf73
34846544 0xda41210226506f04ec333bd21e34cf5b56e68d39 0xbc2414f7fd74331223
34846550 0xd07efcabf6fd1f9b289ad3d037bea514d46e701f 0x4fd107df5277d12b7f
34846604 0x95964dfa36da6b27593144f657c242903d7713ee 0xaa5e947d43ec7849a2
34846636 0x1ebfeb8139ec380f56e804946c1dc8eeade5b201 0xfbd5469f44ce842a8d
34846651 0x4cd97418aab0fb9b25a183d4922a5add3feefa74 0xbebb6c214286727093
34846682 0xc6759cfeb6680efa94a22c444e29b157552466d0 0xbcc0cab299cd7424b7
34846728 0xdcf09fc8298b79c5d602cbcae9b6f5c6353a4233 0x51b433ecc5094af121
34847091 0xa6362155b7d60d5b6d4de28254635d77b984d92f 0xaa3805f50aefc8b106
34847095 0x65cbbfdf96848719142fb66b3d2e010612e26a6b 0x01ea74b801bb325931
34847100 0x79da78a7d3ce4059787936eb1617424f4ce1ece9 0x008f54ad1b9d6e41eb
34847104 0x871eb779dd15918eaeeeb021ea5ade75d9b709d4 0x7c8efb69426f60cacc
34847165 0xd8f0a6dd7de387e0d3074e02ae00e6c8304b7565 0x236d7bbaa3ec9baeb4
34847168 0xd41219a2b5d249518bb2a092da4bd35a08037609 0xacbe512df53f2ee4eb
34847186 0x2481d90ffc45800204fbd58cfa7f3f979e6e54ca 0x0ea06db588a63d6c54
34847192 0x01d6b51feabf87036c1ef98b467a7a34715e73cf 0xd1b2cd7592fe41700d
34849657 0x88994f46a4c44d28b9ecdb4892b5665804279f37 0x5b58ed4a237ccd8404
34849660 0x05911f3dc9c867ee1b2228b8f2b101e1021feb4f 0x5345b967c5106991c1
34909372 0x85567b12fe90baab8b8a123ae48740cd05220d72 0x3e5a46c3d18c78fb44
34909412 0x03266afb7236145525100b33c0784e384b5753cd 0x9095c10ab12234a060
34909467 0x15fb3097ba21a6f32cf1b931086b5950977e6f76 0xf575d9cc322a4f2696
34909570 0xb681720de46ab1a4413e520373b37886b67bb735 0x882354cea2ca7add94
34909614 0xbd8e80dbe0ad544931c31f357a3c34234ef0d79e 0x42264c9f308d2885f3
34909656 0x8cacc1fb1793cdd698181e8815c3b939a514bd08 0xdf959cb8f4ea72ff6d
34946194 0xf2ad8396de3ea562d6b58cb04fe10a9650b1f359 0xb747d1d5b270d26774
34946278 0x650db895db25b556042593a50311763d706bf90a 0xd7555826624a76da19
34946299 0xb8e348d5507fcdfc7a4ba5011ceed0b2dbaac372 0x897735b5b6c9452abf
35646661 0x4bb1b813f0d97a1a73962e50f9a15aeb307cc576 0xbce10d17107bc6bcf3
35646848 0x40a6e9a795c365fa61b658bb0937901fa638b1fa 0xbc90d50d6498e79222
35647462 0xdd348893850c1acd4519d0058adbe114fe9f7804 0xda2a0a4e6f2455163a
35647574 0xc78b17fb09e8e16194de39c8119b645f0af58529 0x50d28b4a0599edd6d2
36020352 0xec52cba2e0076a58dadc58fd79b4dc710c196b51 0xefc92708674a0665de
36020382 0x2743c6108fe62c66006330e12e775043c334c17b 0x7f6a6579dd7157e1cd
36020418 0x465c9a1d23f771effc18b8a236121f8dd9daebda 0xd7e59f1536ecca1221
36025618 0x2787c5be3c93bf9b7af9ac5a06ce7e8fde067c79 0xfbbd8b41e9afa468cb
36025639 0x53be62b5d229dcb0ce3558e9491fafb760c667c6 0x09946fcea0616cf05f
36026009 0x84d02d692344da706260ed32e703948460eac279 0xd51011dde58c2bec80
36026031 0xd308ca6428708c4acce2f0b31835b28faad30062 0xad3e3e22c29c77d2ee
36027049 0xc3ed6ffa623c36e7cca0163965c25694b3ce201a 0x53110e44d5021dcb33
36027072 0x91bfb3e76f89c757b4936cea430b8914dd75df14 0x31de1661bfbb5c254e
36029960 0xa0e651cf3f2c34284f822b8bdde5ea0a25f4d6c9 0xfd636513fff3c0340f
36029962 0x534daa6043dd787f517987c940ee3e15999a26c8 0x93107ce1365ab9c6ca
36030478 0x79717189f2c0a02b3feda550b3a36517c418b132 0x34c9f7527d09360472
36030640 0xb2ea2767145d401949c163228161dee79510dafb 0x9957bd10a733afaee5
36030746 0x0bba00ba19ccae4d9f4d6455151583d7d9991b4b 0xbdde7ce3476c98bb29
36030866 0xe863ea85eac04f29df9704ea6a6d77bfd6825b9e 0xf6d055a18edd344ab0
36030896 0xa8a2f33698af87f49853391aa41d1389a9b3e949 0x48b13f9d4c80bc2892
36031937 0x34018c295b06631cd8440fec73b23ee172344454 0xa1efad65069aa6e3c5
36032044 0x16aede4783cc0db8075e55cb210e19bbfee09db7 0xf955f58e4d714e78e1
36032073 0x468491461026c200da62d40d05fc1d2f2aa6be13 0x190425dd95017009af
36033126 0xf89dae56f3a504157a540a214d48e277e594eb42 0x3307d003e8fc049886
36033151 0x21dc67238cb257850280c6d4a5b416d6f308dbc0 0x56b31ecb652ecd3cf4
36033316 0xad071a9dfee9b9a1399b80957943936e29fcb1ed 0x48e5a5b848aa05f05b
36033342 0x833dbc5cb3d79fb15209372b33275de65b5b695c 0x1dde664941e12b6570
36798127 0xeb2a201fa04c7f0d5597086bb9907dbf35e51c33 0x9f04d172b9a0312465
36798167 0x02ae21a052098d5ebb36c3d0bb88752844c8c2e7 0xd27d656f778546a306
36798272 0xdd84c04b68dc00ae81b6fb45741591fb964db6a8 0x0416ce8330bd42da12
36798925 0x232134ba831bb072f8aaef02b6e736921b655a32 0x9cd9af334d3597fc00
36798962 0xb63cc16a82cffb03178e5a1fa6fb3262dcf19796 0x2cbbd9198232521174
36799754 0xcf1b7867c2f6eb2d6a1976cbcffb6f201ee295d6 0xd9e2e73f8f6d860712
36872982 0xfe692d5d1bfc110ecb83356fbe711ce6b4d230c5 0xf49260e6f5622193f7
36873021 0x92284d3692a154dd91b30f45554b0a1d82c60dbd 0x8e9ce29a782a9d69c1
36874738 0xb02a878ad0fe4a9badfedce9ee6b65f968c3ec84 0x59ca238e45cc36a296
36874775 0x0a2bfbfca1ea9841b8f2ea6eaf4acd7b435a3d3e 0xc1b5c16da882b9442c
36875762 0x2931e40a3700005d3ac1e042b2b9428cb0d13c80 0x0212f2866ef5acb18e
36875797 0x661b643b4b37189774c33301ec8d21ae387b5c12 0x9b630bd63dd6cee43c
36877876 0x723293de33fdc9dfd387c96af860e17ab03b0991 0x208c9641955fefea2e
36877935 0x955a3f181aa856362f1bf2b87d3d228a3cf464ad 0xf393ff0701e054c990
36877974 0xb5b7b4e423285c3d1810ac43af963a44b38e2000 0xd3b9198cbb6d39d4a9
36878006 0xbc402dc25827da0ebf6f8a433f2df0b69dbbddee 0x160b1202c761f62ae4
36878017 0x149d8cd3d976fdebd79aadf7dbe36f899d851907 0xcb648b48983bb0096f
36878054 0x920b1d535eac9399fceb9404a4e2d58e3330d1f9 0x3d4654bc84092e403a
36878879 0x38cbdccbb2af1db4f79516fa4d77b89a5485441d 0x988227946f374d8b25
36878978 0xed65008fd39c039ba95fb7a08992a1127bfafc40 0xd8c34cda61530ec478
36879017 0x2edb0be212741316eb8ff3495919d181e37a576a 0x2df76a8f2506fd1f0c
36879037 0xfeaa3cc89374c68892571d4ff056848fcf3482fb 0xcf47b1e7353fe1c149
36879079 0x57026967ef5d99366b45a14e3729e4d6cec03094 0x2398c0af5eb896186b
36880512 0xe004187148cf8ec3d4d13d78f5d4d62e7b73115e 0x263c0b52afcd198943
36880520 0x2bcd926234a66576d8acca9aca9013aaaf24ec59 0x4bde5523f4dbc2ad67
36880533 0x7868103f0772fc8c4170e2aa28f9b87ed90d13b1 0x098e15e3cf2729e400
36880544 0xc88227f443dfe6b613f2de4e2917f1d1611dac0c 0x2dba8cd0435013687a
36880580 0xe31db24cfd35e26f8067117ab78ef704ffc8c7f2 0x1e2aa9afc01b0e1c2c
36880588 0x1205fa6779a7d1b719ae1bb73cd3b12b13cd8dad 0xf0acbf213d330ca447
36880626 0xd28e4ec1c7751ee44a9777e2f917f7acb0ee7d06 0xd42ce221b2896ed773
36884504 0xca47d196890115b6ac3c9c16885ea37117c2ec85 0xc0cb3682636ad848dd
36884563 0xa11e694dd4906e5552ae9302df8d5f53ea234283 0xb470e028c08c7cb6ec
36884584 0xeb8c8271d9a63e8b08c026cafd83478761aa2392 0x04f6776d2676050f24
36884624 0x28bb6b931a2f863223e018dc4c384136da7d91f8 0xbf546658e5255d26dd
36920108 0x67ecac52a839544a95be10fdbb4d9383c1194589 0xadb4b87c6924fb22b5
36920110 0xa682433540bfcd5dfc05a2cec9fec59b3a3e1003 0x56877439a10213607b
36921100 0xeb8ef9a0e00e583348f13251d6a4754301fe5c8b 0xda43b6bcaf7d6a5cde
36921202 0x4af613f297ab00361d516454e5e46bc895889653 0xc1de05942bdf00f23f
36950939 0xae597a3ecddd025c7632fe9227b84c5a565118d0 0x30c84f9d723cb8e3f2
36950939 0xc9b8d012ccffd1a5db2cd63945b54ffed2f175a2 0xfd4c4cb2a18ee9fa4f
36950984 0x6ece7056399b8d27f4d00d3683cdd83c860e56d7 0x7bf0b6931930995b73
37041812 0xd5d0f06291df0536c2209a5b53accfe50192095c 0x27973ab129b9c121fc
37041838 0x67636cb66f3103bda67c13d69029dcbd4019fb63 0xfc68b0b6ee671be087
37042122 0x9cebe50ba1295ba30af272a1eebd78c41f7706e1 0x203f0ae79cceda3be7
37042124 0x50bf8dbdc23a0caf4cfd58b6056380e0fd354bbc 0xc0e570247fef65e9b2
37044004 0x15273e045f80ce7d1445b83a5fc358adf0a19b6b 0x979c48c2e31e9647e8
37044009 0xedad5b53bcf4a8e563107a83212abc22e181dcf1 0x8bf4b16d935619eb19
37044239 0x06529fc980be9348864547297248cbdcb50e85b5 0x34f34de0e0fea2dd9e
37044589 0xbf96a6cfd71357610e32d7f6e11a59fc56e69c7b 0x1e4a7f9ca3109f01a3
37044658 0xfb575ca12a98e9e1ce6fb150208de122135a3f72 0x010a5f59652fdde5ee
37044876 0xea7269d33af23e9c813cdb70972b857a0233133f 0xb8dc01e81db0e9f11d
37067841 0xde5628cdecc957a45d92dbd8045d5b1065fbfdff 0x7df6cb505d1aeeb768
37146135 0x31beae8136679cfe7f0ca840b5f449c4807fdc92 0x90007a72502e4302c1
37146991 0x8a7a23277e32d6c5601c976b3a6830e49e080040 0xef62ab42e4c8f861cd
37560816 0x1fe6e74a818b4c49e25355cc6bafdec7b64dcaf3 0xadef12a96c77f20c06
37560887 0x87df6956c24c38e0e986cfa907e2734761d15fe7 0x473b9a0e060b1f066f
37561633 0x7d6616c5d3c07d7eebbf2be4298e0f5dd218e2a9 0x3d5160006d176c72e4
37561963 0xebe9f79dac99aba95e2897a3c8d0025185f24779 0xf058579b650a48794b
37562030 0x666fe60486076a30c237958605e3274d62aba392 0x94cc43d1fe013e3df5
37564747 0xb5c5afef540c5692034a1f3527dd80c7c5e3c09f 0x75ed4d0a00e35adf2a
37564750 0xbff6ec7e4a63642df250dd6454300ad658cbeaf4 0x0edd2bbdcbe27f97c5
37604487 0x9a50d984ef4b7664c20cef04f648ab183c3a3cf2 0x68063ef883281af498
37604490 0x305303da35adfba0e58d7602b1d125879049d1be 0x725d0b36faee0cf5c4
37605104 0xa771b94c64898d051f64df26a87f33ce7b7cc012 0x7b1c0866471b848490
37642381 0x002ec012895957c901b3baa8f3d40f26a4dfa0aa 0x17859ccd5ffbc16e57
37651482 0xd5d29eb666ec2a353f6c72805c4696985dee561b 0xaaf5bf24dfea58fe6f
37669852 0x54ccab72b56d4f9a2266bf005b13e9152d33d9ea 0x7712e0267ebac36c21
37672384 0xcca816b2ec999e77a8af0d19624be7a2ec98bc0c 0x047f7d89e2b8301947
37696988 0x87e7e30183a5fb563ccdb1fbffa1088a1d558804 0xe06e637c7fb8b338a6
37712540 0x35554dc914b0f3b63bbf91eafee03ac48ac2a0fe 0x23f91e705f1d5a005d
37717172 0x51ee6f18bd787805ccea0d6d67e60596681e1319 0x8b8c89c299578d9ff5
37717524 0xfd58336db4579afbc47668f56285b3b44758ec95 0x3b98ea121ab4b2211f
37717891 0xb72f4568172f83a92173e5ede8bb1d82fd69bee8 0x0d9c22d662d99cd006
37718122 0xf2910b6acb3f432ad9308b149b066be32b71f25a 0xf6097846e55c87e03f
37738337 0x3543f78a7681fd0652ad580bfafd24f9a998a15d 0xf92087be965529244f
37799953 0x821c76fe372661557bee361d6af235bba079fed8 0x0cf656f82fdcebe88a
37911824 0x6ab0fb5fd0a0932380adaade13e1c4136debab40 0x0badfd4ab57d22c19c
37911966 0x717b3b600e077ef3b5c508fa3e9995392347106e 0xc913326c275028b4fc
37912891 0x355b70a975d048c7e3cdd481149595e71aabb674 0xdc62238a02342b6a0f
37955519 0xc3cbd3cb49a375c6231403bc9a71be2fab60780b 0x6167e63add61b46844
37981140 0xc51565e85347f89ed1d2831e05b28aab28f1563e 0xf5f4a1ecec3def33e1
38213418 0x2e47f9e214a2912e965538b4744d2be03725faf3 0x155a45c396d45c6cce
38244109 0x93cfb64971ba3744047b1224437cb6d51f901b7c 0xc019102aa27f65980f
38270030 0x41b0af65e672348127cde71edb072ef22dfe1b91 0x4ff4895c20308d1252
38270038 0xe95e56071ba0fadb95c03303255cc797a7d6e325 0xf9e5cd5a270000ab4c
38270820 0x3d99c888c8ca409201ec8ae719bc9a2b80ecbca5 0xfc7cb78d99abad2e39
38476164 0xc683686836cb06f7ebac1156de3ab76f64aee8ef 0xb149b13f29d2b759d8
38476176 0x5424dfd7cc703de700f4e9c349f266242f6d3ae6 0x491be1ac0e4741511e
38476176 0xb5332504eaffaebb624c902cae69179f6af4e944 0x7e2ca08d039fd5e724
38476182 0x9c8de942e94826ddfb7aa1a096c7166388673cff 0xde28b0cc58fc68d8c3
38476325 0xf7428d9955aefd7f3e5903595b05f43b0994c318 0x67eb87d9a2a139cbc5
38476417 0xcd68fb03bdd1219e04128c2f38cc610270e45411 0x7b686b0c323821087e
38476703 0x2904aca8bf132de8be155e527d4e74e68438f479 0xfa31bcf88a4935f02a
38476703 0xc16882109719c9f740be31c6c915dfdbcdfabba5 0x3fc91611ad88d5bc52
38491612 0x7babd8580adf32a97bfa0be2282b4f5e92e29bde 0x644510f14e166d9d18
38494370 0x203a73c3b39b91713e751b3d443863daf469435b 0xe191091a2b081c0199
38494938 0x310743294db0a799f14a4e6e516ba18e74279d5d 0x6eb484d27ea73c213a
38495806 0x2b61879afe23d22e192ec29cd8618efaac3563ce 0x383f0dbf15c3b57980
38522317 0x8060de7efa4362dc7ec35bf54c8d14008b510175 0x3129c86c2bb6f248a8
38522515 0xb167f6276bdcc893f55f57e05c24e6d7cc21409b 0xc98f50a3002cb3222c
38524287 0x47a9c5818d2e77263655849c010ac4303e4f5963 0xd3957e9a7cb4d59a18
38524293 0x4ef139d558540b1a1433c19f6e949e64fbd192f0 0x4f688e4c70794a175f
38525099 0x30cc15f51f9c172a13fa160dbdd41a7ee765f215 0x037fd10537aaaab6a2
38528994 0x8eed8761afd750525579db20f8b1f4f043bcf9c7 0x0b6840e13ef03ceec1
38529000 0x53e5b915992ebebeb4a2c63ed1943758ecb2b324 0xe6e53a8c14fe800611
38556824 0x2401ab4ecf6e16aef008c350c3992c2a97a90120 0xa4df3693a48c87340f
38587905 0xc62bfe96125799d894487d57dbad489c024ec4c0 0x3b9ffb32d2f125c47d
38645588 0xef119824ed6b9c9069006f47b87392fc2eb59064 0x4cce20fd714a157949
38646159 0x6d7546e3c5bf623ed09d81ce3b79a2d1733a8659 0xa23dcb496e4d91f3d7
38646245 0xe61c7bbbd7060be91f50f94b91ad356ca929df3b 0x0b70ed9e7cbe44284f
38646385 0x1ca429f76c12492a18201fdfdef42272474488b4 0xcdba42f89bb4a49f14
38647889 0xa38947145ddc81d1fb5d46dc120f1279e0da674b 0x433d21ba1ad0f603c8
38647968 0x149ef873112de9726446313c22b88d1d8ba63891 0x4ca26399e55bef47b7
38647984 0xd2e3341d65eada64c7cc129dfe9f114513fd8192 0x9272fc3ad6549d4afb
38647984 0xe0024532986b620760aa098ffdb5fa811af3b4ba 0x6ddb2288c6da83fea7
38648641 0xdfb8b6260fa3a2937a8e8a77158ffc82d917e9c4 0x290a48a5adee49d42c
38648642 0xff54b4830130155b7334b95993b61bc0c454fd92 0x7602b27ada7e5d3622
38648688 0x3ce7d04b275c814fad207cf033e34ecdbcd9fa01 0xc0be0ccfceb2cb22fd
38648688 0x5728fda7a511f9860a3c3fe312afc0b8e3f29c76 0xc17c7b7bd551c24bef
38649010 0x3664035bf33c6d08def5516f281c0d7dec6661f2 0xce47282fce77fe8c13
38649010 0xc877d98eedecb6ba8f74be89c069d0449ab21280 0x07f6e29bc8d6edea71
38649010 0x7abcdd676eb1db09926edb48323ff25fd4282192 0x0d10c025b3da500a77
38649137 0x0544bfc9a080a6221062a3a7e0543e169486e008 0xa399baf936e4533e9b
38649584 0x4da3d49d74e07517c5b11c43a2c3f2a8a01c6706 0x862f65fdc6190ba0b9
38649584 0x1bcd68e653de111ed412edb82073f5b4e88eb375 0x6cf367e63a4be365a6
38649584 0xd767cbc26bb0dfb3b0b450894f8f47331afd2177 0xa92593f96570b444e6
38649584 0x7f185ed08964fe20e6e68dbcc23ca48ce5d93146 0x1f1662441a4c4924b9
38649970 0x6f3cf72009b9f5b4af85fe51cb00f9496e030e24 0x76dd9869820e7542d9
38649974 0x1b0f07edec2449f1932cb42fc5222c466e1d4026 0x418db5d4bb60cc0a65
38650092 0x4da40cd4ba7088bba61139e6e3a5b9b26dcefa12 0x69cdd7e371be1db44d
38653427 0xe4919fd5feabe183d5c23c9a6b14237b25829f48 0xae872cab6c42d0f285
38653428 0x944abf68f4d4c06c839a94b85ad008cfdfc596ad 0x957b94e2a79e0a2631
38653428 0x2b4947d01b68d478249b966355c8cbf16ebd01de 0x674c8d083f8b007c55
38653428 0xeedca281a72dddf5520389c99d833554cd87f703 0xc8862e0adde4f2b5eb
38653428 0x18521116a781451620af5a2641b47012253e5889 0x8541f55cfc8d3c2b87
38653429 0x0e00a74712e7a4d281873f31f25146f91f9601b1 0x46bc75559179f4e67c
38653429 0xa2953f47b052723fcf87459b6ab26517c8f0f1c8 0x44f3d3cfb21a79c226
38653429 0x5e38dad422a82f3713d7caff2f7ac93e9d3c01a5 0x7b620ac67da9936074
38653429 0xad7595fe3d678932edfb5213cd240660a1c83a6f 0xfdd488e2cbb3894337
38653429 0x8b6a9abd3215d1d2f5810a5c1ba84a7a8e089594 0x0750202830f73bf8cb
38653430 0xe23f964c7e19018e668e5f1425811ee535ea3ff8 0xc5da3dc27eae775a1c
38653430 0x4ad0bb8f8edb40caeb9f4c61d92c7f7af54a9fa6 0xc096c5ca0ebc91cd81
38653430 0x613618ab9861554a81cee7762df54454322eb916 0xb9f4a27f93ca1790e7
38653430 0x067ba1a49d63c398855bbc56a5852fb2a44aa05a 0x8dadae976813200035
38653430 0x2662c8cd2ac71cc4d99d54051abc6aca1cbab3ad 0xb0f8eff8b5313464c2
38653430 0x1c4b0fafc5b786ef2231dd53566981e0306ea332 0x1c18960ba922f91da5
38653431 0x6316d29f508cb155ab06167b9b601dfc6e37cc78 0x765a97336d5540b9c1
38653431 0x8b993c2e69f26a46e1e1a65ceb22d81d5958ddbc 0x6d229584080ee8b159
38653431 0xab786722c3adb590e41a595e5cfd9ad8e6f7896a 0x767f1d68fa18032059
38653431 0x4adcf77fdad9528ac46054d301389f505bf6067d 0x76d4be12b0815f184a
38653431 0xb532bd031091508a8f01f72b655c08437c3e0786 0x040ea029c262cd3c14
38653431 0x1d6c8b2d71515211d60752fb0357d7dfaffc85e1 0x20c27022a98affb070
38653432 0xebc6efe846cf580ced85cd0c2252c3552d30b47b 0xf21674fd6ace895f5e
38653432 0x7ff02e47fd6a536795902b77b35c161b86b9f9c3 0xf598823e14e6927e12
38653432 0xfa7505cfe3acf9de5b2c702e6a00a258c0828c82 0x96aa4043468e4dee1a
38653432 0x0ec034dd7ba428ba78eabae3a4b3c2dc3892c091 0x5d9d17cb1782ee9661
38653777 0x6e9e5726295956596f29c16417d3233acc1be2cc 0xb1927a97e71c3dcd98
38672943 0xc42eb698acf66b8e15659bc0620bdf5504acc62a 0x085271db00570ae05e
38673365 0x1fc3c2a2c89c3dac777d5129db627b290a9ea397 0xfb1a8d1ee1c811878c
38673365 0x47c11bf4ebc70594f62b853faaa42d8847d5b1e5 0x9e0642b3890860a900
38673366 0x784781192ed1a3df805d1342d27c1abd44aefd89 0x0e1c5918e880bfeb86
38673392 0x7fb9949f8dbe8a951fa23767fc6b76a8c9ebfa80 0xad0bac0145552d9177
38673393 0x1a39ebb80233bf3b6bac89d01d75d7abe49bb505 0xf4e780ff0685347432
38675916 0x6f4d847ff334917774d3d08abf92fbcc44b2bd67 0x5102f445feb770d190
38675916 0xec3356cb0034d882d9899b3b57c7af06ad6da419 0x252d39fc53e0597c1a
38676109 0x87afefa2b3235cbf447e4de79afed94537c34dcb 0xea160fb67088e2e21d
38676224 0x57bd172c8fbbc1d13e49bc84d22a43f8eca6e4d7 0xf45f4fcc9a080f07d5
38676600 0xa1a7f6a3bd2347f6426cd560ade99abe7459014a 0x16f45ba927ce13e444
38676600 0x5245fa99e2ab0b371e97e9e47cd1e13b0a69a683 0x61360158aac678e3af
38676600 0xdd73dd665191e8fddda26bbfbd4620414bd6d46d 0xd92489f033fdf0a45d
38676600 0xcbe9e8cfc2ff5e004fd5c6d894d8a6f6f4ff476e 0x60f1398f63e692fb3d
38676600 0xc06a7f9a2be276a558489f2385798bb49ff14d16 0x790ec7a3f8ecce9667
38678228 0x7845f63d03584ad65f6f87f97a75f0c4203d3a13 0x33f516c32a2e6d4f7c
38685349 0xcd7e87e59aa6869c50f7c82545b3f8d7c60a52c2 0x97b69f7eb4ddd505bb
38685770 0x7dee7281486ca7537ce686163ec3bf4715d3a1b9 0xd4fcef1962ca18deaf
38685938 0xf99a11fb5b59ff170e6aacc6f00556ddfdb5a037 0x16e2d01b427bcdcde3
38685938 0x1737a0731b0c1d5acda7f3b15a3a2341279c80ff 0xfcea684aa5206a9a00
38689008 0x94bfbfb2d81f550c913e9620d9b763c9969581f5 0xbe12db2ea0fdc24298
38691410 0x6ac242934f44a5db99e13bc5eb8b5f81b7c3996a 0x1cee5772589809bd9e
38691411 0x0d957bbc138329ae7a85d409643e3cf949cf43b4 0x01252391f2b9f6cf2f
38691411 0x2aed2fc32cc982a99cd8ce758ee64505c42063db 0xb8cbef61007d6f5044
38691411 0x227727a4cfe7b78919c4a95da82227be66cea98e 0x96eab80bfc67b985a5
38691411 0x16a3d9712168560068248bb9540bfc709c8284ef 0x17c471b6ef9ea6e90d
38691411 0xe0846657979112fda3d4e5d269e175435ed3b9c0 0xee03eba7e3d36888fe
38691411 0x7f07717b252b36160e7485b99050b1e4b1f9f6b9 0x2fbba58d596505fc15
38691411 0xcb80ea450a773eb75b3f4f75e069ea8df50b0747 0x065c713d8b4b941908
38691411 0x810ce78fb4e567d50255c8cf3b11bc342d530910 0xe2fb1d9883fea61956
38691411 0xebb42724eaffa656f5191ad5092be6530582b402 0x4772894a450176f4a4
38691411 0x48a8668e8683d3e93b7fa044872392b3288ce681 0x2437a11becd10cf9f1
38703953 0x465c603e6317a30ab32d12ee5b0e86575bed7cb7 0x0401eb54c2acdb6e70
38704722 0x6135902e4b9054c7d76789e22258fdb04683a840 0x91e2e805a6c5133f56
38704727 0x07609026cb5487d52737a23b2fc5b2392ccccb07 0x707f5df7b385d77ee6
38704788 0x447d3beb706793e6cccc6e076e0f15c6a95b2ea6 0x121fd12cf9656248af
38704791 0xde89fd4b906782c2ef1e279d77d526b4a6a81daf 0x31a47a46b17786adf4
38704797 0x7c17f061043cde07ca6f5086b0eb11c9492e7bcf 0x116242cc52150bdc6e
38705168 0x0a8d61700b789ac07642dddd19d81c248fe29e76 0x411183f5cad551ef42
38705219 0x4e2f2187955b7e84248da12b71e8f835a72099ea 0xafb01b1ba1da5c350f
38705456 0x1b153352fe65b6cf5105bf285593797892fd083b 0x18bb6a19ad1624a3be
38705494 0x6656cdfbc514ac02d3d9a4869ee511b51c92510f 0x6f81d2e1be0fe7d5f2
38706581 0x67ae457cb0ba0ed83765cf9426f0a037368fe00f 0x42ff25c8e5de61bbfe
38707698 0xd3d826514232e6fbc262d81e2b406f7b8cf25916 0xf8826fdc897e94f86b
38708914 0x8eb007c07e3b9c539ebd14b66744a52a096cb641 0x00cc6b40c6a477b588
38708914 0x7efbcf6e7803fbf090abd92ecdf67744d8c7fa8c 0xb7f80b1e103cc3032e
38708914 0x233ad09a43024e658a6fb3a93c15dfa2444549ee 0x51c0b8264e04883003
38709152 0x5020bd495f17f5626f4fa31970bf99763140db7b 0x3ca59a242c7c67e7ab
38710299 0x1576b3b53ccb4f0bb3f7a3f4276b0de641a7adb0 0x10e258a44f0cca832b
38710404 0x02359e119e241af5a982295998a486d9b35842e5 0x1fd270bc50ecbcd97f
38710676 0xe4854e03f69f754f63086e6454bc89c173f3ac2c 0x5aab4b86460baac879
38710832 0x06af8069f69df2717267ae8e57058de5dac97771 0xa1b9d8b1c235a6058c
38712437 0x35fd669dd886c98c4c9f0ea119d33608bca6cf02 0xc0fe91931a716f4b36
38712438 0xbc7869fee53e8d5313262f983c42b712df960f1f 0xc70aef9e50e6c1036a
38712700 0xfb2ba007951820ef9993a46abf5e7559aa6597d4 0x30f7a1cdc90b997b81
38712700 0x6df6355db123c83fd33c0a3aac790730e5d8be59 0x5f71554171ae43e148
38712802 0xada3ac8bc18803c2eafdd4b41f83c94900761ce6 0xc2ce9fe96b99633acb
38713752 0x07a10f6e67e63a33bf62415331def452080d86bf 0xdf5cf97b71d30ded04
38713872 0x43807cbb138597f80d37d5f85359332f08dfefa3 0xbb5ec2427988fa2db1
38714425 0x7f6dcce64c01e930d93a2b1824ac22aaf17074f7 0x528cb1f849caff3c5d
38716320 0x8a6528e56207f5b1f39e25e4e4cb71f8f149dc4b 0xe64f7eb0b0f946f3b1
38716325 0x6475eef05b301c96ed7ed56a8e7e7ed4d93b1802 0xa233beb4de13cda92b
38716852 0xdc6f84429fe8cf4b7c879123faf5e0b8d9e0f490 0xb2c3ec69a6a2be5ea6
38716852 0x016a9750fc85edad37ea3950f8375a6edaaea3d3 0xa9c0c474bf91482b50
38720050 0x30703e5757a31ce6586ff3878889212f39671fb3 0xe12568cbfdb865344f
38720079 0x46088957eec2b4ab7314b24493a22c8ee1c66187 0xde0c9506dac455e79e
38720241 0xd3cbc6ab2840e7874905192164bfe70c4691a57e 0x50a40534cf6155cca7
38762010 0x69561ba14a232aa879d2febf86840b2c1ca1c3c4 0xc756148c9a14ba4046
38946336 0xa4344db4f8db975c7fd5fd863cee2d16b430ac70 0x3e0fb90b7b76ab2669
38949561 0xdb68326a625351a558cf45b237ff1bb4424c99b8 0xc5a78d633aad10b5da
38949613 0x74725370833bafd92ea41e7bf7076c46fd165d6d 0x1237c5b202be9d0b2d
38949859 0xfe76fa8285eed95827c38f1088dc400bf8b4a6a2 0xeae32edb5bc55feb33
38949949 0x9256ab4274f1d2088732c813e00709ead56637aa 0xf86fdc72cbf7311133
39039239 0xed58c8e76d567b7492d4db2374df12f5913f7ca7 0x592339dd4541ef7bbf
39061630 0x608ee8c5324a78e17ff861f98b6ff14027afa9fb 0x57fe4ac1af8bd73c55
39061654 0x557808ef4e4a4d498e4e40cb911cc0456cdef817 0xef78b42211dd0a43fb
39061865 0x04111c9fcad82939ac9964e80cbcd48dd37779ac 0x591acab6cbbb89d3af
39061897 0x1ede1b59f2e1beb05ea76e52914178e46e61ae9e 0xa3ecc116240ca8ffa3
39064997 0x9509ec89461d8bffd2b6caa8cddb60c98fbef4f9 0x06fe2ade4c100bfbdb
39081106 0x2927d490cace223f458d770a4651a395ba41017b 0xd8525867c5a94cc6f9
39081109 0x8460331bada5c11340ce90ef8ff729ade7437c39 0x8573ed8f39a9dec817
39081631 0xe3a066368d5e6b2a52e929b5c17c5803304ec411 0x10fa7eefd21e5f466d
39081674 0x3c688ee074f1986d1fc8e9424bf8a2858d6e8c3f 0x9490f7825c28e42ede
39181496 0x0d88b98f264624e684bdd577775afe3151176e6d 0xe07d6b02568acce849
39181593 0x0f82f88ee6f017f46ccae0690a2e62b7ddac730f 0x7a6092958d2c75cc3a
39181697 0xbd55db3a6760659e2abffb6734685332560191c9 0x2309da0a347a9750de
39181703 0x5843bf571ff204963618686c2d46ca374b00c1fe 0x1470462ca7305c6696
39233627 0x3b82128c32f58831beaf00af20eb64297a45e61a 0xa30d1e07086a7dedcf
39233723 0x5a1a695d53d4fa8b49aaffd82d552368368c2071 0x1118e098f3b3ed16c8
39250433 0xee3424b1d132b8502d88bb7aa225deaaa29ea527 0x8876099ecd6f25ab06
39250465 0x759796baa6bd4fad6b410288f74ea5aff144dfa0 0x97152ee785c69fb463
39250863 0x3a578977e05018f1f9f3956fbccf52bf91e4f510 0x2e5be9062c190f5ff0
39297562 0x077bfa422551f630eccdb53e961c97ea9429031e 0x68892a2b75a40ff800
39378336 0x38aa2b419e45a1e825ac962299eed6fbf71800e5 0xa15f95608a21bdb64c
39393070 0x67bdc64d03e2373a1311e6ae2d110c49a2cea804 0x3600816179c1829125
39444866 0xccae1f69280ba6e1f950220487cf515a328ee89c 0x3fc7fc8b3e4444c4ba
39444866 0x26953dff7cede4bc7a8389cfa47e165a8453b4a7 0x37329acaff045f764b
39444874 0x4ab7af4d047b40099fb579152361cc386811e85b 0x1e5968a6f9ca6860a5
39444874 0x2b2ce4ff206b040182c09a9ad4b44544a364c8f2 0x94a70468c42d9e1c51
39444874 0x165c529f63e727729a9ab7e86f233988746cd0e8 0xa6fcf11164526cf155
39444874 0xaa5b300daff2cfc07f94d4b378e1784b94256bbb 0x5a55e24e60dcdc85eb
39444874 0x1227f015cc65fd8e3d5373590b604826bec77146 0x8133e5d3653434756e
39444874 0x8415d3d44a701c0f68a6903ccba1ce8f9da1df88 0x4a2defa86e2af77ac7
39444874 0x85620fe6c3c18c42d57cf00f387f1b7cd80089e7 0x572574a3144ee49780
39444874 0x24b5b979d875a11e634ba4fd90d4826f9c985e21 0x488676fc51a8606872
39444874 0x0d19c7e19c295db7ec48a7b9c0fd7bd2a8dfbdde 0x9035b2fa4fb367bc1f
39444875 0x67165af03a3472d7e879af3328f3c16b7812285e 0x6df3e9901d2b93f2bb
39444875 0x34df36d490bfa5c746791ad4ee6a363551ab3c98 0x24fb4bef5796087100
39455768 0x0c5747963c46e161bdf3f544438b68ea662cdcc1 0x0904c053bd20b64673
39543298 0x1af88b76cc36b400c5ec17e17c5d835f07e16e88 0xda5dd77e09321b9c26
39543891 0xd0fd319bc786cbc69dfc9be91b884add57b5ec2e 0x0cc3a4f01b6a174e39
39543895 0x20f70edb16f241cbd0aecbda12c9ddd9f0cb0f79 0x24c2b730cd77a96508
39591772 0x2b3bee399cd3d23cf49af4073db3cd6d8713cd4a 0x2c4b720b2a6ab96304
40265430 0x26fe7ff60fac5281ca6b2520e588b4f5aecf10b0 0x4980f5d928c4fb2b00
40275772 0xf7f90d97f22d45a24373ab37e5947441ea07521a 0x9b4f30093a9512896b
40291521 0x14621ea18826cff60480c1c517ef76ae56ec5f3c 0xbd668b7d05cddd378f
40387365 0xd1e763b7bcfe44171d5f03ecf0ce727760e74124 0x83e39db0bcfe520d39
40387537 0x1907d40648e02954a2c2a26a717480730ebfd3b4 0x8c3c9b2e6fc41b6ba8
40387537 0xf0642752ae9f0a31bc2f4f649cfacdb66ade8bef 0x576924c44c4260f242
40685777 0xce5aa6efe05cad670deff6b9856f33abf4c875b9 0x34bb25d42867df4836
40685787 0xb4fc2510d62dfa49007822c49776ad0d3ed5d447 0x3db4ace4a09f446c0f
40685790 0x3ceb4c9cb783a7e7761f26e66133f7d84690728f 0x4241722977ca82cb44
41010120 0xff689090f13490a5b8986470f7d810beb351e2e3 0xfee035e13f55611034
41010123 0xc5dfc4545dcc2621b52007f528ee80cafe641e19 0x60b7fb55c7161d1ea9
41010458 0xfcec8954a214942d6453fb84b7bb8b1681c6059e 0xe74982cf3f1ab4b427
41010473 0xd5d74a885d3b7dc7e8b4c9c33b81146bf43a964b 0xa300746071a18746c7
41010488 0xe0676f761629f7b961fa5e86fd2bad9df870312f 0x90813bafcc4e9b28be
41011064 0xc1fce0df8fe0e0dcb8e8623319dc689fee68106d 0x3e803cd62eda38ee06
41011144 0xd27537c51115d17f7b52a36540d6d92962f863aa 0xed4633659aa5087886
41011190 0x09c4ece021c48e93e05533c32b5b4f3f60672542 0x1d8f2d0f43208e3cc7
41011361 0x908a7af0530a0efdfd568c1c3d03bba22d4cfc7f 0xc725ec03fef6e0f29d
41011561 0x8ff35863cc28cc7968b89e2b61008ed454d9c933 0x40f60f3fd1537c35a1
41011731 0x3adf06bb7f55822ef51d7736908a79604dd54e2b 0xe8fb0b1c5de4ea3357
41011731 0x9373d2dced37bb8aa69dceb951e559517bc5911d 0x03e194338e34213e32
41012273 0x35e799f6cd8a67cde1d3e825f614a29aac1ba8f1 0x6897d023a4ea6e9830
41058068 0x1299547987039a2a2b20b4ced806c2c443f105d5 0x9f31078f445469ba94
41058465 0x17fdae25c576df9602401d78ffa11c22d6064e2b 0x4e41559fb33e67cfb5
41120156 0xc13576980ebaacbd114f18a6cd8c4f1aa9a4c734 0x71133d04adadbdc4e8
41371416 0x8ff1d6397869535ca9b3bf38a254cfc2baac5d61 0x5eff9aeb5dba25f743
42004416 0xdfb75bc1c69bd29bb81f7e766787a6f81df0f818 0x783547081d58eeaca3
42004417 0x95d90f82f51883ca5314db2efbac77ab2839aaca 0x5dc2c659dd3d11a3d4
42144897 0xe96c1aedc2978ff5bdff24d38526eddc29efdc70 0x5041e5fa01e4060acc
42144897 0xca71d67c003f86e1c0b0b9e3695fb70d3cc9fa52 0x6d592b62d29f4efa8d
42148497 0xef8460d540d9439476b1b355328237a7332e4140 0x42b93ddec15235eaf4
43421750 0x274ea330feb117705924da1956de552be820921e 0x6a823e8eca6204db1f
43421753 0x7fafa7dbfdf0a501b3b24783dbb17f8682cb1faf 0x33e1316bb2354b6a60
43425719 0x18661c2527220abe021f5b52351d5c4210e0e2c6 0x49297c06a19d0ac104
43425741 0xca468488160d9c4ff5e99da834f09624a01c7f3a 0xf642cd02e6b18fbf5f
43425745 0xc91dee86a89a53454eb455853d805ccb20401d3b 0x167c65059292c1899e
43997226 0x985fea0df7ea3889cd5ad5a3bb8ffe9458480970 0xc08694ded12f0f248f
43997249 0x20c3ebf4cd177b6ccd9cfe40aa64b22acee0c944 0xc6fe77eca63668c8e0
43997254 0x70e703ccf72804821faa74bfafa24e8aebf59297 0x0ce6493d16c3524cf7
43997258 0xe5a4a5ce0aa945cc62acedba9a46566cfb28a868 0x0228ca21d94089773f
43997262 0x9badb25e0412b4761885034ef2d0fa15308cb6a0 0x453367d6dbf35ff538
44486850 0xd3f942053065a058f9adfed993cb7489f545fa3a 0x0d3c1f33e7ee01e39d
44562470 0xecc9023cd6cb170da0daa3e76c10b160830a0e6e 0xf4ab369d6909327099
44562474 0x847a24dcbe9f77787cff0729bfc57bc7eca28515 0x3bfebfc7021774e1c0
44954203 0x210fc0b7c8f2808986eef6b96ce395f89b82a281 0x2bdffed3715409d1c0
44954224 0x88a13c92bf6114a97837c65cf5eb72a0783ad4ee 0x565f07eae861a94410
44985555 0x5d0dfd8f7742d73271700d379ffac6d578722785 0x42e32fbafa6ceac1c8
44985758 0x63b31412bdf23986f34ece8fba0dd6baf32f138d 0x1037543ff7935c9a2e
44986137 0x0f99bc4f15db7024f39cff7229f877273b5efce7 0x66e4d89d915bd00b6c
44986194 0x69b73ff675a75ce4534af02a000a851b5eea5c6a 0x38bf62d15c4e9fb5f0
45630700 0x25cd03cdfe53a54806cdab44d2ace88817244b43 0x71ca5557f47ff4c388
45630703 0xbbfd8987dcd1174867ed8e075273809cfffe1b5b 0x83796dab95b33eb6f8
45631552 0xf877d57d99820dcddac456d1da979dbab12273d7 0x0f0ddbb5e266d3d2f5
45631555 0xe0dc9666ab2c89e69b4a41dc45c11a325cf198c1 0xc1f6030c8698d7f086
45631839 0x567773eb683d36c5701cc4f73d52d7b3aa272d4a 0x384f477c8520442aa1
45632128 0x9c713def30eaf0b3d7fa12252d2c4415fc282a83 0x970cdd91fd53790661
45703761 0xcffdffae12ffa2ce6d67d73ae918220e4b3b41c1 0x7495f3c260cd67a96f
45704572 0x194500645ca62f2fba1c0f59c31448acf08cd649 0xf7f5b0686921ef0ca5
45704700 0xeec1b2239f86e14203bf510129c58ef293ac5f4b 0xde601127ef04d544db
45705219 0x0f43a6a866ea8ca4bd835d8012a24896494463c3 0x69dab1f213fe09f0c1
45705219 0x1d2f46ba60cfb2b8838484e18b440a407a952524 0x04597c725c633b005a
45705224 0x4bd3e3798bd222f50147db276665ab23b2e5e496 0x01421a61ab979d0152
45706431 0x0707aa0c6e34ac018daaecd63bfe0feddf9d43c4 0xd0aa94c2fc4cc934f9
45706592 0x65ae3b21233fa24738561e787a9bb8192a9446d0 0xac4eece3a86ddcc391
45708569 0x130ed93362b73f55d40cbd9d15916081c02ea596 0xa10849d427c3c4f04b
45708572 0xcccd57f50cf710c8294bb0434788763304dc6ee5 0x49feb24ebc2c73a063
45708908 0x862117525c5a2c98924b6c78baf1f0d3304ac0df 0x5eafdd7becafb5bf72
45710932 0x21091fa29d28fe9e8e0fe3934ed7754beb6211d1 0x576776250ddb1e2125
45710964 0x093cc78166a5d884aeea593b5fc2e9a82f034a39 0x3b48e41639a56eccfd
45711528 0x10b21d2c7878f523f4bc13f1bcb4cd024883b7bc 0xbe4cbf24493dd6398f
46068122 0xb75fdc21132110e9e3a21acb1aa54f3bf0654447 0xdf000f7c2c3c2799ad
46068126 0x226bca1891f04b0a0d8dfd84143716dc527a4cfc 0xfd4077c6020f34dcae
46068148 0x0072a613f1947b9f81e7a45fb480fc096ec5d070 0xe6a7d5134ddb6fafce
46068171 0xcc0ba8eaac10e4e5d0e8a9e806d1c90164569086 0x151b362b7f1cf7d18f
46068175 0x19f4688e54dd46bd7bbfa44bb0ca5faa329017b4 0x646864d80e94fc116d
46068185 0x3eb08521e0c5280ccf68c6a79e998d02fe301cb8 0xccf0ca73ac774b5a51
46068196 0xe1aa662cd5e324fa16105cfca565eaa9d07491c2 0x8b192d2e93102894f4
46068197 0xf00ff62dbda6d28a862f44b9cbd53173ac594e47 0x7933d3d961c15b81fd
46068209 0x7d6d9d708aec6a119bec1be499de09713f4321f1 0xba7473be347edf6527
46070374 0x3cae7085e83c22bd3a88cacda11e26813275e371 0x5b7f76d512fb618b61
46070475 0xa18233abf663f5012bf47ce9af0c4fb3781e30a4 0x3a575e50a3147680b2
46070628 0x7aa11ed96d796557c413649b6f950761b7f591bc 0x5640ce5be763e39224
46070673 0x7839b14c08d137faa4845651b1447d9b760356dd 0x27b3b2995e6a6e05a8
46070676 0x5155756b1ddaf9d2980e053160c6e8d9b0821679 0xc451f221f5597d134c
46070681 0x34468d4c6091a0cabd6201bc6462b71666321b1c 0x45c9d236477a25ede7
46070686 0x6c8428d2f6eba4848dba52ba24f9340c196bb3ab 0x6f8954c673b1f7a840
46070694 0x82cd73e9cc96cc12569d412cc2480e4d5962aff5 0xaff3d2c0c4ce97499d
46107086 0xa0882eebbc73826ff5f7ba3f8762cf9eb1e3732c 0x68c5b72759dddff4ab
46107261 0xd49ce4b375d6438f2ec1100907ae081ad0db3d0f 0x693fdca1758a977de6
46110878 0x9a56c44d0e9470479a63516305b93caee9203880 0x3a5f6e81de868d464f
46111820 0x3af54104640632bb411198071ecffb642b41757a 0x70c1ba1e5a5bab2081
46112784 0xdbf0c99264afdb1760f31df1082863e7131aba5f 0x2be65739d73464867e
46112882 0x1166f7b04e29741d2b924192ae151fac505a78eb 0x8858ff0831dab98bd1
46112882 0xe87b3636f53ceda803fde544035326ce5286bf2f 0x4933a653ec1c545bfb
46112882 0x0c029b86fa59ff86774b49daea9f039043d04df6 0x8eb12fff8c05aa35a0
46112883 0xf7c3efb9ec841c5b18a6d701b13a88b75bfa3c3a 0x359e997506945c7f28
46112883 0x555e9a2e534d8e019524cc5a5886057889bfac80 0x8993387ca4941b0890
46112883 0x2fe23d21935cff1c3b7055c82e537521a5ea5779 0xdfcb93c4457a8ac514
46112883 0x267dcc7291542383800cb3e7c2a729e1fc90669c 0x40c80c71680f8170a6
46112883 0x6d8dec4397064dd6b9139c958ebaaede336cf4e6 0x934b43248292e00528
46115280 0x5bd74bff571d16048260900e34dfdf54ad7d1d39 0xffbe72d60e553f5d9e
46115341 0x4088a97b79c55d09c1621f8b3cb27c48b3a06216 0xda275f03004a6b5526
46628107 0x8bf86ccd2f4ab1857eddcdce117a8d52a030513d 0x7e6445d2950559a6f3
46983206 0x60a6f5827dcacb1d3d4c16d575a8ae8aaaeea6c8 0xc93f2dfa63b6d5833e
46983329 0x5e82751df7f8266a19563167ed839fe24935a69e 0x98a1fd8626f32b8b8a
46983813 0x88cff97cc042276d82cccdd152be70e6ab220ba8 0xf238cf29da08676946
46984298 0xd17a6e27bcd783cdedc9ab2ff64cc616452b83e6 0xfb98c12934fb7239f6
46984464 0x1e74414e8a2fe9f156b7a5820707d4e3e9a9b4f9 0x0aff6689ea079ae8ee
46984851 0x6068c7ccb99c157e103678283a099cc0295593b6 0x181b26bc3b087e736d
46984891 0xfd4ab06087a7d6457a9422e38fae6c56504cb301 0xeb24191121c366c64c
46985006 0xe7d73a074393f0f5342022e3d1a5153d62cd0ae9 0x3492417c31b7cd6842
46985068 0x85e3b81aba6002ce26f0c90c6e8fe4a656fa5283 0x56779305d31e2c2061
46985137 0xfe7f1753ab36269c8dac877bc744396891673484 0x1ce5f1061764aa478f
46985613 0xaae4e696fc5549cc1fed063a1d9a9f17b9c8c05b 0x3082974c382bf5f1bd
46985673 0x5938def77869e91eefa46435aafc0c8614c9be8e 0x23b5bc2fcee8a33061
46985734 0x8c28233b7c61b6730e397d8bf624f869baa36bbc 0x86657e2d208359068e
46985915 0x4a581658539b4f9be325d83d41438a6e29aa07e7 0x6df83d15e07f324b0e
46985959 0x0e244b75238f7f4268eb879f9c88f4364bdc0629 0x0175d4ffb0f05c242c
46986021 0x5d4347f3ba9defda424f16a1d0380664ef5850b0 0x608340ae5cf846f505
46986082 0x4c5a14677e6ce676b02d36255104d4853f95b773 0x2668499ac60fd01dc1
46986144 0xec7df1b715d123df0f5ac4de1c4aff842bfdac56 0x12d85741c7b79fcc7a
46986303 0x11f768c48a440d9fe3369c1e92c0d9e277050e32 0xc5a47d6e749b514dc7
46986366 0xaaf4c08d1c4b5917d7c92aa1e244d9797635c95a 0xe1e4bc150e18acfb10
46986428 0x4c71c5200a1db2b591fc9922eac9eef1b90fd283 0x9dbeac99f90ce30cc1
46986490 0x9de1824ca8707913ccd41f4c070413c11076fdf4 0x8f4a4d85990cdda993
46987211 0x09c298e1bd32fb60579aab96b56a2351ff2c265c 0x01a1b5e1d1e189a95b
46987272 0x0c802f45ff11a781186868d929ec9665e6732455 0x1516862b1a511f7e18
46987322 0x492e46171ca468cc055bd2349e25b96c98715cdd 0x2fa7a495d0e745f2f7
46987381 0xcefce7965d10887f052514e955d18171bccc5680 0xd66fd5321dd7233589
46987483 0x648cfaf2b419547632f86374b24b89ef0b0b34ec 0x2decf3efffacf05037
46987502 0x9ea5079156cb9f3055b7254327697ba32043c7c2 0xdd1631760ad2d27894
46992910 0x982d93c81a5fe3104bcfb3b28ead784f999b66f9 0x12cbdd8c21e3e99d7b
46993000 0xa60966f7084925a5d869e5c963a439cfa0a99749 0x9633ad090d736d55d5
46993030 0x73fe5199b666a34c5683dc6545190270206cf328 0x827211741ca716bdf3
46993089 0x98e6eaf4eee3e823b697f113215ea1501a863cc5 0x1add42dc551b1d6d93
46993151 0x8105fc3487f117982eb5a5456d8639b0353242d8 0x8d6c0fcbb5592ebd01
47304523 0x7f8dae4cd141d934c657b6f387dac726e45d06ad 0x586c7479e57d5f335e
47304545 0x63881a46a53d04b01a26ad7efb73e6a0696ef1ba 0x2b62b2980ab727122b
47304797 0xb85f487b04df0d5c2edb133192731cb73d13db70 0x22b3b58ccf48af965c
47304825 0x252aaba1ad916279b6092a4e05f5351ed77a6a56 0xd288e1b1a242b93b82
47304864 0x28f23faa1d3ba74918e8509e196f656ffb9638c5 0xaee4d6ba381527059d
47304966 0x0079c79f5177866e6a2a061d8bfccd475f06dc3c 0x1923f3743bf28dfafa
47304975 0xf5571e5e85eab35a361552255543b64a9358f257 0x41f1dbd67743e35663
47305029 0x5bc704d57eae34fdfb9d1884fb6f1183fc8fd918 0xb800520939289853e0
47305034 0xe09166164fa536ce78f0339b5c98eaad1fc00ee9 0x8a41664c0406d55edd
47305040 0x46f92752d5cfbc75bcc204460b65ef77eda79b65 0x211b105642bef2a0fd
47305079 0xdc4552609a3f673f0b72958f678d4a48d0e94ebd 0x072c881a9b09aa67f0
47320294 0xba5ac09fc5c50d49f355aecdae2cf9edc384270d 0xc98eeadbcc2022d4b0
47320356 0x487c9c24499db29002eda36354d603fc3908fe4b 0x6dd7dd6d7af376e111
47320417 0xc97e69c904884fb7ca9c810977a326d538718d37 0x9e34ddc9eb620bcaf3
47320480 0x0d4d70f884825183969829b25c34d02e09c1b2d0 0xa2d74c8bcd7672fbe4
47320539 0x15d02fecad554a37badde5ac483c41a819d32b87 0xc9abd34ece1aaf261f
47381923 0x0d0ac671cfab3a3b061d243d2c2e937335b15c1b 0xb16311a19d9ab42aa3
47381985 0x942e93049d0849d7a1d34762e9545f843cc7ce78 0xab19e7dea7e1422b59
47382048 0xec2692a353111d50f64050d1678a31ebe3b1abfd 0xeaf1130bdb8fa84a94
47382094 0xa56654d3182a154ccb6ed889c5ff41342031a9ae 0xf9c9f40486c28e33ab
47411940 0xe6d798ab92f357956a1e67d1df1b8c576b1e9bbd 0xf43ff2beede9f34573
47412004 0x45f88771a4b478673b7a6fb8927a040868f95b16 0x20898aaeaadaece10c
47412066 0xc4231ce8bce1751ce62ebc3ece3a67cc0deaf951 0x8d772b01369cff5599
47413349 0xbcb82a071dd768114690a60095b756ae9e40a5ab 0x079b1ff8974aa8a1e8
47413413 0x0bf44981c09beecbaf020032379e726bf50e1a72 0xee2f71a56d7ef375ef
47429427 0xaf02d0be61c17900061c4aabb9d263a68b5d3c87 0x4a54dba2169483cbf4
47429482 0xcf60826b05b47451853d3319e0051c580367eb82 0xbc202430330c807e53
47429543 0xff7da14998a84aed7dd07115f2006dad02036660 0x7ec573914009abeb48
47467304 0xcb783f735766af7937c53d051e23b245ef7199be 0x6634182a65d2379283
47704788 0x192f073ab98b3758246a55974696d91c741dc0e5 0xa66ffb5da00166314e
47705633 0x26203f43175387a1df942637d335199cfd70cc26 0x49a628744a6e031766
47705696 0xff8dc0e85d5ef5666ef9d3f7057488004af29091 0x94788813b90b0b178f
47705760 0xcdebaf10e8f3ba0bf36aaf0bd7c33c7329b3cdb5 0xd69276932476e355c2
47705822 0xb01ef64570e91da712c99a78a8e5da68678a5ec4 0x5435582b9faaa275e5
47705882 0x370efebfedc1e0741c58a3d7e83441c3bd4990ac 0xe4d41251e9e09e2c1b
47705939 0xb67fc7756efcfdc56bc495f66dce9c8e6a48f45b 0x6b7495694d615b527a
47706012 0xeab92d43fd7ad69fa413f02a16d6d5c7383bf9e4 0xfdaf26d99e6f7823a7
47706075 0xbbddb30073f020f7f8bc0aa7b0523966fee86565 0x49e285844fb54c8974
47707796 0x01a1f582c76da608869de4446d8afc9a49b1ba7c 0x78b5d66d10c4b886dc
47707857 0xa3aa08dd5d591e7597af7408b54707bb14d68116 0x544a356bc782c2162b
47707918 0x028cd205d1ce04f7deb951954f88cc069c670d58 0x2d145f3132ed14780e
47707972 0xaca1ab055247fa00a57b4977a6151a2ce458f295 0x2c27133f5354dfa6b7
47708909 0xd1daf54d78944a72164ba750c35656797eb0e6d1 0x4da41a06d0bf1a48c7
47708972 0xb41513ee9b27ee073f22b363064a87f56feab158 0x32c0d3dd400c8001b0
47709032 0x1094530b127879b12b1814720d8f2c5cdd0740ad 0xb9fd4ed5434a77d4af
47709091 0xfb700bf548c88eb54fd7f1abcb196b31eb8f35c7 0x16b7a9ad94b247b321
47786823 0x660c8f216eb0169c4a449f5ef419951e172ce043 0xb89a13240eca9bcaea
47786876 0x1f245073cc2b5404f7f5229ad63659c5e1a5b202 0x768aee3046850b444f
47786936 0x71449d451628fc3b6b0ebf7994364cd5c44ccb25 0x4f7500be8edce68b93
47786998 0xff0c516698f0acafb30905a7f1459572b33edda1 0xb886a8293a783cab9c
47788242 0xcc440d8cd61cb681dcaba9fe72d4bf7bd9cfac46 0x5745773f870a393d01
47788653 0x824350aa131a8b30530934def7894c5cc32ef4b1 0xb28594c1a41783ea08
47815249 0x062f37075faa363df86e143172c5a608c19e5896 0x19f0f36023e15583cf
47815646 0x9ec200b1ed7016fb19c3aed87c5460d58d1aeef1 0xae2b4c6b4f52616488
47853125 0x3e78cdc1f69969d5bd13957a6e4d47576808c7a7 0x6aed893964679defc8
47857992 0xc4bc3de395d8434c498d3a04815ccce6f7c9ee53 0x54d37d9f847341564b
47858357 0xe66b0a03d775a64ca02abaaaa596a476343b769e 0x5372b51cf452a6fac0
47858661 0x4daf2cb0146f8c56da2480bcd59e395b0cf71ee8 0x935583db6b77771c50
47858721 0x6896af670312ba0fac8f4f145f2ba112320d8996 0x58424be1ed3f6b755b
48014301 0x11814d068df1a2b906e726f1e6128a279a5d97bb 0x67dc904c6ce1bbdb4b
48014327 0xb6e217f0c91ce4787f94a5c0c1eb25ad5eaa0fbb 0xd322c9b083be11d6c2
48014333 0xaf51b7e333ae05e96c1d50bdbe7ae19cb6589bcb 0x7a3f4f1042d8e74848
48014345 0x35a85e9fe5b7f77edb8b9e75176c357704d75c11 0x09b50a21849b7b6cc3
48014349 0xd5c162593fd89be19466fbd05462ef6f10a9f640 0x3bdb8b21f646ae57b8
48090400 0x9019b61b9e335bab9440fe5c5a75cba071715da8 0xc7b58447b26effcc4f
48090415 0xdb5920911c15efcc71931c3923dcbadd1dfac0da 0xff7ec4399b56679a3e
48357423 0xc0b594b45e1fc524fc061abae9e0714360d02344 0xcda98dfdafceddb18c
48357425 0x0c88bf048334878974e5c6c4eb38e5f8f5f089b1 0x96e864948532c9350c
48357448 0x1a5efc4cd4826d47dd3121c07f30d14b09c402f6 0xad4d29a80f8026e12b
48357451 0xb1eadbfbf8345ad831f6b4ec03117e85c26004a0 0x78a5c2a4a021b8b813
48358061 0xc6d24910227b4825fae0ddb8e4026ddd972d3e29 0xd6e438ae11cbd93e5c
48358064 0x80a522a00269feb533a37faf72781c68be84b302 0xf59d25c3043b8a5391
48358214 0x879ad4af351aef91f2231387306c3d5701526b78 0xc6776ed7a1a7b78b0c
48358217 0x0d491fe04a3f12b577b2a3e818585616ac632da3 0x62627fa09ef0767bba
48364793 0xed201c6a59d4e02c8df1d55969573080f7b2f079 0xe61843a0608189a249
48364813 0x32db287f65a78eb3156e4df4a59248f7d9da0317 0x661f3d6c72c859c4d1
48364840 0x574e9815f477c83dd1c2aa81cc71b01d9a043cd6 0x0f0e34118c045c5195
48364864 0xb7f16088145e9bafa1b3b5cdafa55d790bc1df01 0xb15e013c7ddab0037e
48365079 0x0f78fae8a51c744da1ed9facf1459a25f06959d4 0x9c7f86b837137e28a6
48365099 0x093e46b5670acb44d4754220d8e88c420b6d24ab 0xb03b7302b5e6ab179f
48365118 0xee94ef579485b62ff6ff73f41c7768e3176e0ddc 0x801ba8380f2cb2615c
48365128 0xd984a7fd48fd32b20163c2a2da3fe0234e8b9bee 0x729cb960b681fb3011
48365164 0xdba07195e042c22e623b6a9c811458b46d89c5ea 0x137adadc75b238f2ae
48365169 0xaeabb7d8ca32c24a98ec064288e5a31e09447a70 0x067a4cf73c2394752f
48365173 0xb289ce0ae48dc6db6ce388e80336ce52a207d635 0x3851dead37f86dd225
48365179 0xf1178276cbe40ae4a7149225699e3a9d41ebf6cd 0x0126af5ae0447efc79
50130620 0x8a0c62fc4a259bcb78069d274dcb97649d097569 0xb60c53c003c2002da7
50130923 0x115a90cba34c01fde27161bbb3410e7b211a9f97 0x6d71b989dfd5161f4e
51929893 0xd3743e111692aaf66056fe34870a528d58cb54a7 0xe79a6dbb8ca3c076fb
53171777 0x31bd981c9e2fb988fc90101fa5030d2d801c2bcb 0xe5501c91408cec86b6
67890682 0xd1a53f3c700980769c56a3d36d89b461ecbb12dd 0xeef23e7b149477cb36
