page 1 total 200
page 2 total 400
page 3 total 600
page 4 total 800
page 5 total 1000
page 6 total 1200
page 7 total 1400
page 8 total 1600
page 9 total 1800
page 10 total 2000
page 11 total 2200
page 12 total 2400
page 13 total 2600
page 14 total 2800
page 15 total 3000
page 16 total 3200
page 17 total 3400
page 18 total 3600
page 19 total 3800
page 20 total 4000
page 21 total 4200
page 22 total 4400
page 23 total 4600
page 24 total 4800
page 25 total 5000
page 26 total 5200
page 27 total 5400
page 28 total 5600
page 29 total 5800
page 30 total 6000
page 31 total 6200
page 32 total 6400
page 33 total 6600
page 34 total 6800
page 35 total 7000
page 36 total 7200
page 37 total 7400
page 38 total 7600
page 39 total 7800
page 40 total 8000
page 41 total 8200
page 42 total 8400
page 43 total 8600
page 44 total 8800
page 45 total 9000
page 46 total 9200
page 47 total 9400
page 48 total 9600
page 49 total 9800
page 50 total 10000
page 51 status 0 None
TOTAL txs: 10000 contract creations: 88
first block 25399873 last block 27420623
0xfed0bb0e60c5 25420121 0x1e8e245bbc463887f64771e86b3c5bb96521a96c
0xff981204ab69 25420846 0x00960e708d86cdba8f9c8e4856f4afd73d06351a
0xd567012c8eb5 25425710 0xf87dca41f73e0e2abb0463a77db3a489db276571
0x452273473ecb 25426682 0xd499f414fc04b2018320a1d36229489ddbfdc6ad
0x645324d27285 25426816 0xbe0e1e40414b785668ce614b4f54e29a890786a3
0xbb2f86c1ad93 25426868 0x1712412a7c4556bfb5ffee753b112960df6348f3
0x5ef8334877eb 25483444 0xfe28da33c260023356d3c5d2fe86134811d2ab2f
0x9269a0a635c5 25582478 0x006d19454cf42744836f9cc0115744dda44bf5b0
0x9bc36f271338 25914770 0x7e96bbeb1c13978f7fe5c50ae1e332148bb14277
0x850a7f1d15b6 25948568 0x16a001e6e22d3aa26c07a76f0f7e1cb14298caea
0x14eb431565f2 25948603 0x8473db6be5249a3a6059772fb025693f56718011
0x7654d32deeab 25950281 0x0266cf77c4d9363e73efe9ac1cbd9a85df94e82e
0xa8df976a6af6 25952813 0xc747db6ebd5dfc93c7d2f4af208a9618beec46a3
0x505bfd6931de 25982208 0xe8b90ac327764e21fa834e1588be9aac3e4e5018
0xd85b1e0347eb 25983596 0xcb4e3285058628a49e1787efd935d03158d047fc
0x6876f079198d 25983871 0x57bc5f620bde757c0a81350d21489dab1783fb36
0x928206b70a36 25984212 0x8d546026012bf75073d8a586f24a5d5ff75b9716
0x150f1d60b3de 26033981 0x991b73fb44a6b618efbf3403924c09530ee4d5dc
0x130b9892ae7f 26048608 0x5c8803c06aa6e4ba2a26c890d022a7a2f3b2889d
0xd44c27cd7bef 26133691 0x69987d5c039a9e97531125f63928bc41a6a5855f
0xed81ab9eb538 26133722 0x8585c936b6e9faa0c92980a858521f2b633c562a
0x7901dc842b07 26133727 0xb0f0739fb9e04a0cb86defaf8cfb7345df0d4157
0x73ac04e7ec5e 26133730 0x750d3727f97feb719219e0b152900c0ee7d6cd64
0x29f1587ac7a2 26133764 0xa9f6a31d65d9f8212d2b434fc1abf551bdd2d5e5
0x0d0e9144de20 26133774 0xa73e3ea69d0962d157791ef275fc485c3ff2c5d8
0x5c73e6261504 26133787 0x35706c374f92f6e3ade1a298fed98a7d8a6e7d04
0x2ec3d18a6677 26133796 0x988ebe51c951fda540aa6456346581725bd3271a
0x345ad81f0b77 26133814 0x89e8842dd3852b707df1cdf9c22f66dd473cb4ce
0x110669f0bdac 26133818 0xadba6e6385fab53850128843e37a70a3abaf04c2
0xc60165b2a64f 26133823 0x4b01f320f8cdc8f670c10c1e3a27d1fee6a6d9d8
0x54686201f10f 26133825 0x76d4af884f67df4627ed563ef56a67d5a4194f6e
0x8c27abb4e0ad 26133832 0x5a47983d9aa688e041a3a793ac6be12513bf4352
0xd8fe832bb0fe 26133837 0x4550ec24c030a294b3f31c847e493b27f826ff63
0xa3ddca15670c 26133841 0x2a71d8f8d46f5f7d115b7038680fc1e1563f38a2
0x5f38227d7415 26133846 0x3b443e9b9b7f340c7b1417abfdc64132341873d4
0x52f3a6381d6b 26133851 0x102347b9f4a9650879969ebac4d599aee4e48dd1
0x2ba348f8e634 26133855 0x579ba9b6aae05d3600e2a9505cfba16c4aa8a9c1
0x2409cde367bf 26163973 0xa0d29d57a6627d8d20711db9423920cada0da170
0xd24389abe983 26479156 0xdcf2a7b1d480dbc954962bb501c29ae1aecb7642
0xbb8b41f5a46a 26479161 0xc1ad17c3c93186ec01beece02558402cba847b07
0x9b8fff459bed 26479165 0xed12da6e221500a4fd06cce2a9ff17d218ec6361
0x48fbcf19958e 26479168 0x4866ad7663fb0d9979b87ddb1f4a2e1e4e983cd2
0xd9535e8a8dc9 26479173 0xf1d8aef4ac2c9fb6da1344d01a4519b0aa60d1af
0x4c5e7f0a4254 26479177 0x5e5c0c1306d722253acd8aad58f31755bed41690
0xe61500ce9793 26479182 0x9210ff7696238121c2037d02bb7faa3b91123518
0xa96df5d2eca0 26479186 0x8a928708d730a3feeaa64c90ad337c5b1504caaf
0xec4ccd3bf41c 26479191 0x3f93191f9cf0fe47a970cb558e095da0331f3904
0xa106074d6590 26479196 0x59d052130ed90ec4fa095ec0ae43ebc64124d163
0x90632fbeffb0 26500431 0xedc0dc1c41666e83efc332f91743cb31ad146f99
0x1bd6a1cf6d0e 26500449 0x03fde6318884611256a151cb64668ae0b27033e0
0x46a314deda72 26500453 0xedd95fc293af0b682c46c4c1eef03e0cb635d104
0xaee96dffb997 26500459 0x45802b017445a088d24bec32d8d6fa6ab0761f1f
0x1b594c77e7cf 26500463 0x19eb8b517bf372cbb7d87b625f1324739f1cc37f
0xa1cd6348cc66 26500469 0x0daa6c0b6623dfb7ae780bb8664456aed34c336d
0xbba5bc8c1114 26500474 0x8d90da10ab77d044529eb8440c15c098fede0303
0x9c81dcb24453 26500479 0xfaa17cddb2ea5711d7afc9119e08d2f3d9c17b6f
0xdc89abf93890 26500482 0x13f2554ceeab230c79e50f0cedbf591bceed810a
0xc0eb4386c496 26500486 0xa8d16f239ab0b1f48ae84aa1f0409b50f7aeb8dc
0x7bccc8093e82 26500820 0x88ee2b5daebe3024162d8a0bec2f2bc1f56453d8
0xd9ac44de7750 26500824 0xb9338a7c92edd0bb8743ac713b76a37ac0143ae0
0xcf434a6507d2 26500829 0x440465cd4d3acb94bba49d1f42c1118207d2207c
0xb1db4d09011f 26500834 0x9fc54525aa70d1e910cfa61f5974a586f4b8a70c
0x58058fe48d59 26500839 0x6a2028424f2cb48835eec68c0118406f78635dcb
0x95e683729074 26500844 0x0a9b2df16b802b4207771c0f5e7d4ded95778908
0xead7f8093f58 26500850 0x9c8e5f5ed5b8d5a848e33820b6db9964e3ece8f4
0x164b72f6109d 26500855 0x44024545fb415eeef9c41a52278e9c70721e3b1f
0xfae0f2b22ea9 26500859 0xe3663a3694dd35e00803e2d3b868f8ecf0a8ef62
0x7568429ad1b2 26500866 0x496d8c7ebb12958472c015994cbb162f7876cf12
0x3c92b8439973 26512750 0x0d9e1b6fee7cc44475dadddcc2d46d2897447f79
0x0d21f3f9aa7c 26512753 0x2bf87d070d6e91fb5329f86ad25773cb8b722131
0xd06dae3b3cc2 26512755 0x0d59561576a0759cbdb46093248c1e8d17bc108f
0x095b65069c65 26512757 0xe787d1478326c457654eb0ae6f9242ce867e6c2b
0x5614ec95844d 26512761 0x04f5cbab9b50038a84a0bb076e56a15d60a183cb
0xa73d408ef462 26512763 0x041f52c47b1f6a69c218b11e6af08463126b6c57
0xa86e578165e9 26512765 0x9a56f822babfbfdc2f25cb34eb952ff38af869d8
0xfed19fe27dbb 26512767 0x45d4d227863371b94bcb94e1375b604bc51cfd26
0x3f1094f843fd 26512774 0xa6d12c719707a70f734494a127f6cb385dfee3cd
0x7a8e47c78291 26512778 0xf9c740a00e0cac2bd053d5c5cd23a5122e318ad1
0xc12fbacca569 26517545 0x3cc82e1d61bd8c46071fe83d2b2182c82142098c
0x36d3315de510 26531528 0xb240d12c9aee8dd5408f853be7ec365f4424cb37
0x6cc3816a9005 26531532 0x532505d9ed4aa7c0ceba2c1dc58236ba563af2fe
0x77109d8c7c49 26531535 0x01726c732d7e2687f8a1cce33d5ae6696eff256a
0x93b201f2c8cb 26531538 0xf48bab0cdec505f7a8647f18b0522c29409995d5
0x179e67be6e24 26531542 0x6b2c137d90090e9caedcc88c363756551449eb2c
0x323c6c49df36 26531545 0xeb2d34992a628b3584a7ca6807e59eab43c75727
0x8fefdaceecd8 26531548 0xce9667f0f4559b8b1a495a4df709cd7d86fb3a0e
0x84dadfecaaf1 26531551 0x0cf306ae637c16aa97d44c73ae000056117845f7
0xf84be2653d08 26531555 0xbecb6345dfc3c27df9a6d867c8cdc8b9a4294bb2
