0x1e8e245bbc463887f64771e86b3c5bb96521a96c   proxy=0 impl=
0x00960e708d86cdba8f9c8e4856f4afd73d06351a FairLaunchPool v0.7.5+commit.eb77ed08 proxy=0 impl=
0xf87dca41f73e0e2abb0463a77db3a489db276571 FairLaunchPool v0.7.5+commit.eb77ed08 proxy=0 impl=
0xd499f414fc04b2018320a1d36229489ddbfdc6ad FairLaunchPool v0.7.5+commit.eb77ed08 proxy=0 impl=
0xbe0e1e40414b785668ce614b4f54e29a890786a3 FairLaunchPool v0.7.5+commit.eb77ed08 proxy=0 impl=
0x1712412a7c4556bfb5ffee753b112960df6348f3 FairLaunchPool v0.7.5+commit.eb77ed08 proxy=0 impl=
0xfe28da33c260023356d3c5d2fe86134811d2ab2f CompensationLaunchPool v0.7.5+commit.eb77ed08 proxy=0 impl=
0x006d19454cf42744836f9cc0115744dda44bf5b0   proxy=0 impl=
0x7e96bbeb1c13978f7fe5c50ae1e332148bb14277 SphereFairLaunch v0.7.5+commit.eb77ed08 proxy=0 impl=
0x16a001e6e22d3aa26c07a76f0f7e1cb14298caea   proxy=0 impl=
0x8473db6be5249a3a6059772fb025693f56718011   proxy=0 impl=
0x0266cf77c4d9363e73efe9ac1cbd9a85df94e82e   proxy=0 impl=
0xc747db6ebd5dfc93c7d2f4af208a9618beec46a3 SphereTreasury v0.8.12+commit.f00d7308 proxy=0 impl=
0xe8b90ac327764e21fa834e1588be9aac3e4e5018   proxy=0 impl=
0xcb4e3285058628a49e1787efd935d03158d047fc   proxy=0 impl=
0x57bc5f620bde757c0a81350d21489dab1783fb36 SphereToken v0.7.6+commit.7338295f proxy=0 impl=
0x8d546026012bf75073d8a586f24a5d5ff75b9716 SphereToken v0.7.6+commit.7338295f proxy=0 impl=
0x991b73fb44a6b618efbf3403924c09530ee4d5dc wSPHEREERC20 v0.7.5+commit.eb77ed08 proxy=0 impl=
0x5c8803c06aa6e4ba2a26c890d022a7a2f3b2889d SphereZap v0.7.5+commit.eb77ed08 proxy=0 impl=
0x69987d5c039a9e97531125f63928bc41a6a5855f TokenFaucetProxyFactory v0.6.12+commit.27d51765 proxy=0 impl=
0x8585c936b6e9faa0c92980a858521f2b633c562a TokenFaucetProxyFactory v0.6.12+commit.27d51765 proxy=0 impl=
0xb0f0739fb9e04a0cb86defaf8cfb7345df0d4157 CompoundPrizePoolProxyFactory v0.6.12+commit.27d51765 proxy=0 impl=
0x750d3727f97feb719219e0b152900c0ee7d6cd64 YieldSourcePrizePoolProxyFactory v0.6.12+commit.27d51765 proxy=0 impl=
0xa9f6a31d65d9f8212d2b434fc1abf551bdd2d5e5 ControlledTokenProxyFactory v0.6.12+commit.27d51765 proxy=0 impl=
0xa73e3ea69d0962d157791ef275fc485c3ff2c5d8 TicketProxyFactory v0.6.12+commit.27d51765 proxy=0 impl=
0x35706c374f92f6e3ade1a298fed98a7d8a6e7d04 StakePrizePoolProxyFactory v0.6.12+commit.27d51765 proxy=0 impl=
0x988ebe51c951fda540aa6456346581725bd3271a MultipleWinnersProxyFactory v0.6.12+commit.27d51765 proxy=0 impl=
0x89e8842dd3852b707df1cdf9c22f66dd473cb4ce TokenFaucetProxyFactory v0.6.12+commit.27d51765 proxy=0 impl=
0xadba6e6385fab53850128843e37a70a3abaf04c2 CompoundPrizePoolProxyFactory v0.6.12+commit.27d51765 proxy=0 impl=
0x4b01f320f8cdc8f670c10c1e3a27d1fee6a6d9d8 YieldSourcePrizePoolProxyFactory v0.6.12+commit.27d51765 proxy=0 impl=
0x76d4af884f67df4627ed563ef56a67d5a4194f6e ControlledTokenProxyFactory v0.6.12+commit.27d51765 proxy=0 impl=
0x5a47983d9aa688e041a3a793ac6be12513bf4352 TicketProxyFactory v0.6.12+commit.27d51765 proxy=0 impl=
0x4550ec24c030a294b3f31c847e493b27f826ff63 StakePrizePoolProxyFactory v0.6.12+commit.27d51765 proxy=0 impl=
0x2a71d8f8d46f5f7d115b7038680fc1e1563f38a2 MultipleWinnersProxyFactory v0.6.12+commit.27d51765 proxy=0 impl=
0x3b443e9b9b7f340c7b1417abfdc64132341873d4 ControlledTokenBuilder v0.6.12+commit.27d51765 proxy=0 impl=
0x102347b9f4a9650879969ebac4d599aee4e48dd1 MultipleWinnersBuilder v0.6.12+commit.27d51765 proxy=0 impl=
0x579ba9b6aae05d3600e2a9505cfba16c4aa8a9c1 PoolWithMultipleWinnersBuilder v0.6.12+commit.27d51765 proxy=0 impl=
0xa0d29d57a6627d8d20711db9423920cada0da170 AirDrop v0.4.26+commit.4563c3fc proxy=0 impl=
0xdcf2a7b1d480dbc954962bb501c29ae1aecb7642 TokenFaucetProxyFactory v0.6.12+commit.27d51765 proxy=0 impl=
0xc1ad17c3c93186ec01beece02558402cba847b07 CompoundPrizePoolProxyFactory v0.6.12+commit.27d51765 proxy=0 impl=
0xed12da6e221500a4fd06cce2a9ff17d218ec6361 YieldSourcePrizePoolProxyFactory v0.6.12+commit.27d51765 proxy=0 impl=
0x4866ad7663fb0d9979b87ddb1f4a2e1e4e983cd2 ControlledTokenProxyFactory v0.6.12+commit.27d51765 proxy=0 impl=
0xf1d8aef4ac2c9fb6da1344d01a4519b0aa60d1af   proxy=0 impl=
0x5e5c0c1306d722253acd8aad58f31755bed41690 StakePrizePoolProxyFactory v0.6.12+commit.27d51765 proxy=0 impl=
0x9210ff7696238121c2037d02bb7faa3b91123518   proxy=0 impl=
0x8a928708d730a3feeaa64c90ad337c5b1504caaf ControlledTokenBuilder v0.6.12+commit.27d51765 proxy=0 impl=
0x3f93191f9cf0fe47a970cb558e095da0331f3904   proxy=0 impl=
0x59d052130ed90ec4fa095ec0ae43ebc64124d163   proxy=0 impl=
0xedc0dc1c41666e83efc332f91743cb31ad146f99 TokenFaucetProxyFactory v0.6.12+commit.27d51765 proxy=0 impl=
0x03fde6318884611256a151cb64668ae0b27033e0 CompoundPrizePoolProxyFactory v0.6.12+commit.27d51765 proxy=0 impl=
0xedd95fc293af0b682c46c4c1eef03e0cb635d104 YieldSourcePrizePoolProxyFactory v0.6.12+commit.27d51765 proxy=0 impl=
0x45802b017445a088d24bec32d8d6fa6ab0761f1f ControlledTokenProxyFactory v0.6.12+commit.27d51765 proxy=0 impl=
0x19eb8b517bf372cbb7d87b625f1324739f1cc37f   proxy=0 impl=
0x0daa6c0b6623dfb7ae780bb8664456aed34c336d StakePrizePoolProxyFactory v0.6.12+commit.27d51765 proxy=0 impl=
0x8d90da10ab77d044529eb8440c15c098fede0303   proxy=0 impl=
0xfaa17cddb2ea5711d7afc9119e08d2f3d9c17b6f ControlledTokenBuilder v0.6.12+commit.27d51765 proxy=0 impl=
0x13f2554ceeab230c79e50f0cedbf591bceed810a   proxy=0 impl=
0xa8d16f239ab0b1f48ae84aa1f0409b50f7aeb8dc   proxy=0 impl=
0x88ee2b5daebe3024162d8a0bec2f2bc1f56453d8 TokenFaucetProxyFactory v0.6.12+commit.27d51765 proxy=0 impl=
0xb9338a7c92edd0bb8743ac713b76a37ac0143ae0 CompoundPrizePoolProxyFactory v0.6.12+commit.27d51765 proxy=0 impl=
0x440465cd4d3acb94bba49d1f42c1118207d2207c YieldSourcePrizePoolProxyFactory v0.6.12+commit.27d51765 proxy=0 impl=
0x9fc54525aa70d1e910cfa61f5974a586f4b8a70c ControlledTokenProxyFactory v0.6.12+commit.27d51765 proxy=0 impl=
0x6a2028424f2cb48835eec68c0118406f78635dcb   proxy=0 impl=
0x0a9b2df16b802b4207771c0f5e7d4ded95778908 StakePrizePoolProxyFactory v0.6.12+commit.27d51765 proxy=0 impl=
0x9c8e5f5ed5b8d5a848e33820b6db9964e3ece8f4   proxy=0 impl=
0x44024545fb415eeef9c41a52278e9c70721e3b1f ControlledTokenBuilder v0.6.12+commit.27d51765 proxy=0 impl=
0xe3663a3694dd35e00803e2d3b868f8ecf0a8ef62   proxy=0 impl=
0x496d8c7ebb12958472c015994cbb162f7876cf12   proxy=0 impl=
0x0d9e1b6fee7cc44475dadddcc2d46d2897447f79 TokenFaucetProxyFactory v0.6.12+commit.27d51765 proxy=0 impl=
0x2bf87d070d6e91fb5329f86ad25773cb8b722131 CompoundPrizePoolProxyFactory v0.6.12+commit.27d51765 proxy=0 impl=
0x0d59561576a0759cbdb46093248c1e8d17bc108f YieldSourcePrizePoolProxyFactory v0.6.12+commit.27d51765 proxy=0 impl=
0xe787d1478326c457654eb0ae6f9242ce867e6c2b ControlledTokenProxyFactory v0.6.12+commit.27d51765 proxy=0 impl=
0x04f5cbab9b50038a84a0bb076e56a15d60a183cb   proxy=0 impl=
0x041f52c47b1f6a69c218b11e6af08463126b6c57 StakePrizePoolProxyFactory v0.6.12+commit.27d51765 proxy=0 impl=
0x9a56f822babfbfdc2f25cb34eb952ff38af869d8   proxy=0 impl=
0x45d4d227863371b94bcb94e1375b604bc51cfd26 ControlledTokenBuilder v0.6.12+commit.27d51765 proxy=0 impl=
0xa6d12c719707a70f734494a127f6cb385dfee3cd   proxy=0 impl=
0xf9c740a00e0cac2bd053d5c5cd23a5122e318ad1   proxy=0 impl=
0x3cc82e1d61bd8c46071fe83d2b2182c82142098c TokenFaucetProxyFactory v0.6.12+commit.27d51765 proxy=0 impl=
0xb240d12c9aee8dd5408f853be7ec365f4424cb37 CompoundPrizePoolProxyFactory v0.6.12+commit.27d51765 proxy=0 impl=
0x532505d9ed4aa7c0ceba2c1dc58236ba563af2fe YieldSourcePrizePoolProxyFactory v0.6.12+commit.27d51765 proxy=0 impl=
0x01726c732d7e2687f8a1cce33d5ae6696eff256a ControlledTokenProxyFactory v0.6.12+commit.27d51765 proxy=0 impl=
0xf48bab0cdec505f7a8647f18b0522c29409995d5 TicketProxyFactory v0.6.12+commit.27d51765 proxy=0 impl=
0x6b2c137d90090e9caedcc88c363756551449eb2c StakePrizePoolProxyFactory v0.6.12+commit.27d51765 proxy=0 impl=
0xeb2d34992a628b3584a7ca6807e59eab43c75727 MultipleWinnersProxyFactory v0.6.12+commit.27d51765 proxy=0 impl=
0xce9667f0f4559b8b1a495a4df709cd7d86fb3a0e ControlledTokenBuilder v0.6.12+commit.27d51765 proxy=0 impl=
0x0cf306ae637c16aa97d44c73ae000056117845f7 MultipleWinnersBuilder v0.6.12+commit.27d51765 proxy=0 impl=
0xbecb6345dfc3c27df9a6d867c8cdc8b9a4294bb2 PoolWithMultipleWinnersBuilder v0.6.12+commit.27d51765 proxy=0 impl=
0x62f594339830b90ae4c084ae7d223ffafd9658a7 TransparentUpgradeableProxy v0.8.2+commit.661d1103 proxy=1 impl=0xed58c8e76d567b7492d4db2374df12f5913f7ca7
0x82cf03485bd0cfee315be1e7a9c49f28106f271b SphereToken v0.8.13+commit.abaa5c0e proxy=0 impl=
0xf27522d4a48b9a5fe53f69e343b15926b540f0ab ProxyAdmin v0.8.2+commit.661d1103 proxy=0 impl=
0xc49be67aaa0a2476e5132ad77216521971643857 TransparentUpgradeableProxy v0.8.2+commit.661d1103 proxy=1 impl=0x3926acbf805b1d2c28b7ed4c29ac2455bab37f87
0x92883e8aef7db8228a55428132b867f8686cd883 SphereSettings v0.8.13+commit.abaa5c0e proxy=0 impl=
0xa0dccb94bc35576ab9820c2dda9d6fc0042d6d72 SphereTimelockController v0.8.13+commit.abaa5c0e proxy=0 impl=
0xb61bd49a1c5258a3ca00a9a7b4df823cbf057891 SphereBondTreasurySwapper v0.8.13+commit.abaa5c0e proxy=0 impl=
0x2d980268f7a3366f6fa0c36982c597359e358615 SphereOvernightStrategy v0.8.13+commit.abaa5c0e proxy=0 impl=
0xd7dc984cf5f799d5af4e3a56c2635e5379623fd6 BondDepo v0.7.5+commit.eb77ed08 proxy=0 impl=
0x1a2ce410a034424b784d4b228f167a061b94cff4 GnosisSafeProxy v0.7.6+commit.7338295f proxy=1 impl=0x3e5c63644e683549055b9be8653de26e0b4cd36e
0x826b8d2d523e7af40888754e3de64348c00b99f4 GnosisSafeProxy v0.7.6+commit.7338295f proxy=1 impl=0x3e5c63644e683549055b9be8653de26e0b4cd36e
0x20d61737f972eecb0af5f0a85ab358cd083dd56a GnosisSafeProxy v0.7.6+commit.7338295f proxy=1 impl=0x3e5c63644e683549055b9be8653de26e0b4cd36e
0x8d546026012bf75073d8a586f24a5d5ff75b9716 SphereToken v0.7.6+commit.7338295f proxy=0 impl=
0x1712412a7c4556bfb5ffee753b112960df6348f3 FairLaunchPool v0.7.5+commit.eb77ed08 proxy=0 impl=
DONE 100
