create_25420121_0x1e8e245b 0x1e8e245bbc463887f64771e86b3c5bb96521a96c items: 0 priced: []
create_25420846_0x00960e70 0x00960e708d86cdba8f9c8e4856f4afd73d06351a items: 0 priced: []
create_25425710_0xf87dca41 0xf87dca41f73e0e2abb0463a77db3a489db276571 items: 0 priced: []
create_25426682_0xd499f414 0xd499f414fc04b2018320a1d36229489ddbfdc6ad items: 0 priced: []
create_25426816_0xbe0e1e40 0xbe0e1e40414b785668ce614b4f54e29a890786a3 items: 0 priced: []
create_25426868_0x1712412a 0x1712412a7c4556bfb5ffee753b112960df6348f3 items: 0 priced: []
create_25483444_0xfe28da33 0xfe28da33c260023356d3c5d2fe86134811d2ab2f items: 0 priced: []
create_25582478_0x006d1945 0x006d19454cf42744836f9cc0115744dda44bf5b0 items: 0 priced: []
create_25914770_0x7e96bbeb 0x7e96bbeb1c13978f7fe5c50ae1e332148bb14277 items: 1 priced: []
create_25948568_0x16a001e6 0x16a001e6e22d3aa26c07a76f0f7e1cb14298caea items: 0 priced: []
create_25948603_0x8473db6b 0x8473db6be5249a3a6059772fb025693f56718011 items: 0 priced: []
create_25950281_0x0266cf77 0x0266cf77c4d9363e73efe9ac1cbd9a85df94e82e items: 0 priced: []
create_25952813_0xc747db6e 0xc747db6ebd5dfc93c7d2f4af208a9618beec46a3 items: 0 priced: []
create_25982208_0xe8b90ac3 0xe8b90ac327764e21fa834e1588be9aac3e4e5018 items: 0 priced: []
create_25983596_0xcb4e3285 0xcb4e3285058628a49e1787efd935d03158d047fc items: 0 priced: []
create_25983871_0x57bc5f62 0x57bc5f620bde757c0a81350d21489dab1783fb36 items: 0 priced: []
create_25984212_0x8d546026 0x8d546026012bf75073d8a586f24a5d5ff75b9716 items: 14 priced: [('USDC.e', 798.2914), ('miMATIC', 216.18474), ('POL', 0.15597492), ('USDT0', 0.003604718), ('SMT', 1.2980867e-05), ('MDUS', 6.056044e-06)]
create_26033981_0x991b73fb 0x991b73fb44a6b618efbf3403924c09530ee4d5dc items: 1 priced: []
create_26048608_0x5c8803c0 0x5c8803c06aa6e4ba2a26c890d022a7a2f3b2889d items: 0 priced: []
create_26133691_0x69987d5c 0x69987d5c039a9e97531125f63928bc41a6a5855f items: 0 priced: []
create_26133722_0x8585c936 0x8585c936b6e9faa0c92980a858521f2b633c562a items: 0 priced: []
create_26133727_0xb0f0739f 0xb0f0739fb9e04a0cb86defaf8cfb7345df0d4157 items: 0 priced: []
create_26133730_0x750d3727 0x750d3727f97feb719219e0b152900c0ee7d6cd64 items: 0 priced: []
create_26133764_0xa9f6a31d 0xa9f6a31d65d9f8212d2b434fc1abf551bdd2d5e5 items: 0 priced: []
create_26133774_0xa73e3ea6 0xa73e3ea69d0962d157791ef275fc485c3ff2c5d8 items: 0 priced: []
create_26133787_0x35706c37 0x35706c374f92f6e3ade1a298fed98a7d8a6e7d04 items: 0 priced: []
create_26133796_0x988ebe51 0x988ebe51c951fda540aa6456346581725bd3271a items: 0 priced: []
create_26133814_0x89e8842d 0x89e8842dd3852b707df1cdf9c22f66dd473cb4ce items: 0 priced: []
create_26133818_0xadba6e63 0xadba6e6385fab53850128843e37a70a3abaf04c2 items: 0 priced: []
create_26133823_0x4b01f320 0x4b01f320f8cdc8f670c10c1e3a27d1fee6a6d9d8 items: 0 priced: []
create_26133825_0x76d4af88 0x76d4af884f67df4627ed563ef56a67d5a4194f6e items: 0 priced: []
create_26133832_0x5a47983d 0x5a47983d9aa688e041a3a793ac6be12513bf4352 items: 0 priced: []
create_26133837_0x4550ec24 0x4550ec24c030a294b3f31c847e493b27f826ff63 items: 0 priced: []
create_26133841_0x2a71d8f8 0x2a71d8f8d46f5f7d115b7038680fc1e1563f38a2 items: 0 priced: []
create_26133846_0x3b443e9b 0x3b443e9b9b7f340c7b1417abfdc64132341873d4 items: 0 priced: []
create_26133851_0x102347b9 0x102347b9f4a9650879969ebac4d599aee4e48dd1 items: 0 priced: []
create_26133855_0x579ba9b6 0x579ba9b6aae05d3600e2a9505cfba16c4aa8a9c1 items: 0 priced: []
create_26163973_0xa0d29d57 0xa0d29d57a6627d8d20711db9423920cada0da170 items: 1 priced: []
create_26479156_0xdcf2a7b1 0xdcf2a7b1d480dbc954962bb501c29ae1aecb7642 items: 0 priced: []
create_26479161_0xc1ad17c3 0xc1ad17c3c93186ec01beece02558402cba847b07 items: 0 priced: []
create_26479165_0xed12da6e 0xed12da6e221500a4fd06cce2a9ff17d218ec6361 items: 0 priced: []
create_26479168_0x4866ad76 0x4866ad7663fb0d9979b87ddb1f4a2e1e4e983cd2 items: 0 priced: []
create_26479173_0xf1d8aef4 0xf1d8aef4ac2c9fb6da1344d01a4519b0aa60d1af items: 0 priced: []
create_26479177_0x5e5c0c13 0x5e5c0c1306d722253acd8aad58f31755bed41690 items: 0 priced: []
create_26479182_0x9210ff76 0x9210ff7696238121c2037d02bb7faa3b91123518 items: 0 priced: []
create_26479186_0x8a928708 0x8a928708d730a3feeaa64c90ad337c5b1504caaf items: 0 priced: []
create_26479191_0x3f93191f 0x3f93191f9cf0fe47a970cb558e095da0331f3904 items: 0 priced: []
create_26479196_0x59d05213 0x59d052130ed90ec4fa095ec0ae43ebc64124d163 items: 0 priced: []
create_26500431_0xedc0dc1c 0xedc0dc1c41666e83efc332f91743cb31ad146f99 items: 0 priced: []
create_26500449_0x03fde631 0x03fde6318884611256a151cb64668ae0b27033e0 items: 0 priced: []
create_26500453_0xedd95fc2 0xedd95fc293af0b682c46c4c1eef03e0cb635d104 items: 0 priced: []
create_26500459_0x45802b01 0x45802b017445a088d24bec32d8d6fa6ab0761f1f items: 0 priced: []
create_26500463_0x19eb8b51 0x19eb8b517bf372cbb7d87b625f1324739f1cc37f items: 0 priced: []
create_26500469_0x0daa6c0b 0x0daa6c0b6623dfb7ae780bb8664456aed34c336d items: 0 priced: []
create_26500474_0x8d90da10 0x8d90da10ab77d044529eb8440c15c098fede0303 items: 0 priced: []
create_26500479_0xfaa17cdd 0xfaa17cddb2ea5711d7afc9119e08d2f3d9c17b6f items: 0 priced: []
create_26500482_0x13f2554c 0x13f2554ceeab230c79e50f0cedbf591bceed810a items: 0 priced: []
create_26500486_0xa8d16f23 0xa8d16f239ab0b1f48ae84aa1f0409b50f7aeb8dc items: 0 priced: []
create_26500820_0x88ee2b5d 0x88ee2b5daebe3024162d8a0bec2f2bc1f56453d8 items: 0 priced: []
create_26500824_0xb9338a7c 0xb9338a7c92edd0bb8743ac713b76a37ac0143ae0 items: 0 priced: []
create_26500829_0x440465cd 0x440465cd4d3acb94bba49d1f42c1118207d2207c items: 0 priced: []
create_26500834_0x9fc54525 0x9fc54525aa70d1e910cfa61f5974a586f4b8a70c items: 0 priced: []
create_26500839_0x6a202842 0x6a2028424f2cb48835eec68c0118406f78635dcb items: 0 priced: []
create_26500844_0x0a9b2df1 0x0a9b2df16b802b4207771c0f5e7d4ded95778908 items: 0 priced: []
create_26500850_0x9c8e5f5e 0x9c8e5f5ed5b8d5a848e33820b6db9964e3ece8f4 items: 0 priced: []
create_26500855_0x44024545 0x44024545fb415eeef9c41a52278e9c70721e3b1f items: 0 priced: []
create_26500859_0xe3663a36 0xe3663a3694dd35e00803e2d3b868f8ecf0a8ef62 items: 0 priced: []
create_26500866_0x496d8c7e 0x496d8c7ebb12958472c015994cbb162f7876cf12 items: 0 priced: []
create_26512750_0x0d9e1b6f 0x0d9e1b6fee7cc44475dadddcc2d46d2897447f79 items: 0 priced: []
create_26512753_0x2bf87d07 0x2bf87d070d6e91fb5329f86ad25773cb8b722131 items: 0 priced: []
create_26512755_0x0d595615 0x0d59561576a0759cbdb46093248c1e8d17bc108f items: 0 priced: []
create_26512757_0xe787d147 0xe787d1478326c457654eb0ae6f9242ce867e6c2b items: 0 priced: []
create_26512761_0x04f5cbab 0x04f5cbab9b50038a84a0bb076e56a15d60a183cb items: 0 priced: []
create_26512763_0x041f52c4 0x041f52c47b1f6a69c218b11e6af08463126b6c57 items: 0 priced: []
create_26512765_0x9a56f822 0x9a56f822babfbfdc2f25cb34eb952ff38af869d8 items: 0 priced: []
create_26512767_0x45d4d227 0x45d4d227863371b94bcb94e1375b604bc51cfd26 items: 0 priced: []
create_26512774_0xa6d12c71 0xa6d12c719707a70f734494a127f6cb385dfee3cd items: 0 priced: []
create_26512778_0xf9c740a0 0xf9c740a00e0cac2bd053d5c5cd23a5122e318ad1 items: 0 priced: []
create_26517545_0x3cc82e1d 0x3cc82e1d61bd8c46071fe83d2b2182c82142098c items: 0 priced: []
create_26531528_0xb240d12c 0xb240d12c9aee8dd5408f853be7ec365f4424cb37 items: 0 priced: []
create_26531532_0x532505d9 0x532505d9ed4aa7c0ceba2c1dc58236ba563af2fe items: 0 priced: []
create_26531535_0x01726c73 0x01726c732d7e2687f8a1cce33d5ae6696eff256a items: 0 priced: []
create_26531538_0xf48bab0c 0xf48bab0cdec505f7a8647f18b0522c29409995d5 items: 0 priced: []
create_26531542_0x6b2c137d 0x6b2c137d90090e9caedcc88c363756551449eb2c items: 0 priced: []
create_26531545_0xeb2d3499 0xeb2d34992a628b3584a7ca6807e59eab43c75727 items: 0 priced: []
create_26531548_0xce9667f0 0xce9667f0f4559b8b1a495a4df709cd7d86fb3a0e items: 0 priced: []
create_26531551_0x0cf306ae 0x0cf306ae637c16aa97d44c73ae000056117845f7 items: 0 priced: []
create_26531555_0xbecb6345 0xbecb6345dfc3c27df9a6d867c8cdc8b9a4294bb2 items: 0 priced: []
SPHERE_TUP 0x62f594339830b90ae4c084ae7d223ffafd9658a7 items: 13 priced: [('POL', 2.993336), ('USDT0', 0.049940675), ('pZCX', 4.373553e-05), ('MDUS', 6.056044e-06)]
SPHERE_impl_current 0xed58c8e76d567b7492d4db2374df12f5913f7ca7 items: 0 priced: []
SPHERE_impl_prev 0x82cf03485bd0cfee315be1e7a9c49f28106f271b items: 0 priced: []
ProxyAdmin 0xf27522d4a48b9a5fe53f69e343b15926b540f0ab items: 0 priced: []
Settings_TUP 0xc49be67aaa0a2476e5132ad77216521971643857 items: 0 priced: []
Timelock 0xa0dccb94bc35576ab9820c2dda9d6fc0042d6d72 items: 0 priced: []
BondTreasurySwapper 0xb61bd49a1c5258a3ca00a9a7b4df823cbf057891 items: 1 priced: []
OvernightStrategy 0x2d980268f7a3366f6fa0c36982c597359e358615 items: 0 priced: []
BondDepo 0xd7dc984cf5f799d5af4e3a56c2635e5379623fd6 items: 1 priced: []
Treasury1_Safe 0x1a2ce410a034424b784d4b228f167a061b94cff4 items: 36 priced: [('WETH', 234.53976), ('BAL', 88.36413), ('WBTC', 59.438133), ('USDT0', 31.888214), ('CRV', 10.097063), ('POL', 0.42128497), ('EFI', 0.07155806), ('AIPF', 0.0011716938)]
Treasury2_Safe 0x826b8d2d523e7af40888754e3de64348c00b99f4 items: 21 priced: [('COMP', 805.60596), ('WETH', 119.60874), ('USDC', 19.447083), ('WBTC', 1.9305027), ('CRV', 1.5055544), ('POL', 0.1356863), ('FRAX', 0.018169433), ('MESH', 0.0029346917)]
Treasury3_InvSafe 0x20d61737f972eecb0af5f0a85ab358cd083dd56a items: 62 priced: [('POL', 22692.502), ('USDC', 2425.3738), ('SD', 744.4551), ('CASH', 577.64246), ('USDR', 425.73535), ('WBTC', 137.75352), ('stMATIC', 130.93027), ('WETH', 61.60603)]
SPHERE_v1 0x8d546026012bf75073d8a586f24a5d5ff75b9716 items: 14 priced: [('USDC.e', 798.2914), ('miMATIC', 216.18474), ('POL', 0.15597492), ('USDT0', 0.003604718), ('SMT', 1.2980867e-05), ('MDUS', 6.056044e-06)]
wSPHERE 0x991b73fb44a6b618efbf3403924c09530ee4d5dc items: 1 priced: []
SphereZap 0x5c8803c06aa6e4ba2a26c890d022a7a2f3b2889d items: 0 priced: []
SphereTreasury 0xc747db6ebd5dfc93c7d2f4af208a9618beec46a3 items: 0 priced: []
SphereFairLaunch 0x7e96bbeb1c13978f7fe5c50ae1e332148bb14277 items: 1 priced: []
Aave3StrategyV2 0xd1a53f3c700980769c56a3d36d89b461ecbb12dd items: 0 priced: []
Deployer_EOA 0x7754d8b057cc1d2d857d897461dac6c3235b4aae items: 48 priced: [('CASH', 158.30316), ('POL', 66.61079), ('WETH', 21.777452), ('stMATIC', 7.6433954), ('WBTC', 3.7212365), ('TUSD', 1.9950228), ('DODO', 0.646366), ('LDO', 0.46048394)]
DONE
