users: 5526
  probe polygon.gateway.tenderly.co: 1.60s
  probe polygon-bor-rpc.publicnode.com: 15.40s
  probe polygon.gateway.tenderly.co: 0.44s
  probe polygon-mainnet.g.alchemy.com: FAIL HTTP Error 429: Too Many Requests
using RPC: polygon.gateway.tenderly.co
block=94895848 now=1791048912 expiry=1789234512 kickRewardPerEpoch=1
step1: lockedBalances
  active users: 2419 (failed calls: 0)
step2: balances/userLocksLen
  zero-length users: 0/2419; sample nui/n: [('0x001fecb5', (14, 15)), ('0x002cea27', (0, 1)), ('0x00342f5f', (1, 2))]
step3: lock records: 3099
  lock fetch failures: 0/3099
{
 "block": 94895848,
 "timestamp": 1791048912,
 "users": 5526,
 "active_users": 2419,
 "bundle_path_users": 2350,
 "total_expired_unprocessed_sphere": "1504780091214858231815879150",
 "total_kick_reward_sphere": "5544297042186043916545075",
 "total_kick_reward_sphere_human": 5544297.042186044,
 "note": "reward computed with live kickRewardPerEpoch=1 (0.01%/epoch overdue), cap 100%; kicker receives reward in SPHERE, victim is force-withdrawn"
}
TOP 10:
  0x6bff78799e449c6048565a5f7577868bbae1e41e reward=143944.13 SPHERE total=18220776 path=bundle
  0x7f63596241bc40c32f4634d8f62965958ba966bb reward=107156.87 SPHERE total=13916477 path=bundle
  0x5e54e398aa423a711d7127bdaa41ab260129c800 reward=99494.43 SPHERE total=58526136 path=bundle
  0x525ee685e8982259cb7841c90bc9685aedef4167 reward=94127.44 SPHERE total=11914865 path=bundle
  0x8b62277d6e3f742b61db477147ebd910cc2579a5 reward=91880.59 SPHERE total=12250745 path=bundle
  0x0f389e3fe7f2bf6188850e608f75c7211664076f reward=87634.07 SPHERE total=10432627 path=bundle
  0x5e24e3b4064937aea747f992e0cf77f7212d4a6b reward=86952.38 SPHERE total=12977967 path=bundle
  0x123ebb15b569f20427394636b2b5848b185be7a7 reward=76297.38 SPHERE total=9537173 path=bundle
  0xf95fc0bbfa227e38dd13d2c43f2a82fe40c3174c reward=70866.27 SPHERE total=8538105 path=bundle
  0x29202561639e1a337bc1ebf2e8355cad7f9c1172 reward=64076.00 SPHERE total=15628292 path=bundle
