users: 5526
block=94895313 now=1791048110 expiryTime=1789233710
kickRewardPerEpoch=1
  lockedBalances 25/5526
  lockedBalances 525/5526
  lockedBalances 1025/5526
  lockedBalances 1525/5526
  lockedBalances 2025/5526
  lockedBalances 2525/5526
  lockedBalances 3025/5526
  lockedBalances 3525/5526
  lockedBalances 4025/5526
  lockedBalances 4525/5526
  lockedBalances 5025/5526
  lockedBalances 5525/5526
users with locked>0: 2419
  meta 25/2419
  meta 525/2419
  meta 1025/2419
  meta 1525/2419
  meta 2025/2419
  diag: balances None=0, userLocksLen None=0
  diag: balances sample=0x0000000000000000000000000000000000000000000422ca8b0a00a425000000000000000000000000000000000000000000000000000000000000000000000e
  diag: userLocksLen sample=0x000000000000000000000000000000000000000000000000000000000000000f
  diag: user=0x001fecb58024cada017446767720c60d5c8286ae nui=14 n=15
  diag: user=0x002cea276b2e9eac2e32315cf224b111dddeaccb nui=0 n=1
  diag: user=0x00342f5fa6937ba9f5be1715b7b42021ec66a004 nui=1 n=2
lock records to fetch: 3099
  locks 25/3099
  locks 1275/3099
  locks 2525/3099
{
 "block": 94895313,
 "timestamp": 1791048110,
 "users": 5526,
 "active_users": 2419,
 "bundle_path_users": 2349,
 "total_expired_unprocessed_sphere": "1504755940810093066313939163",
 "total_kick_reward_sphere": "5543932371074089917465782",
 "total_kick_reward_sphere_human": 5543932.37107409,
 "note": "reward computed with live kickRewardPerEpoch=1 (0.01%/epoch overdue), cap 100%; kicker receives reward in SPHERE, victim is force-withdrawn"
}
TOP 10:
  0x6bff78799e449c6048565a5f7577868bbae1e41e reward=143944.13 SPHERE total=18220776 path=bundle
  0x7f63596241bc40c32f4634d8f62965958ba966bb reward=107156.87 SPHERE total=13916477 path=bundle
  0x5e54e398aa423a711d7127bdaa41ab260129c800 reward=99494.43 SPHERE total=58526136 path=bundle
  0x525ee685e8982259cb7841c90bc9685aedef4167 reward=94127.44 SPHERE total=11914865 path=bundle
  0x8b62277d6e3f742b61db477147ebd910cc2579a5 reward=91880.59 SPHERE total=12250745 path=bundle
  0x0f389e3fe7f2bf6188850e608f75c7211664076f reward=87634.07 SPHERE total=10432627 path=bundle
  0x5e24e3b4064937aea747f992e0cf77f7212d4a6b reward=86952.38 SPHERE total=12977967 path=bundle
  0x123ebb15b569f20427394636b2b5848b185be7a7 reward=76297.38 SPHERE total=9537173 path=bundle
  0xf95fc0bbfa227e38dd13d2c43f2a82fe40c3174c reward=70866.27 SPHERE total=8538105 path=bundle
  0x29202561639e1a337bc1ebf2e8355cad7f9c1172 reward=64076.00 SPHERE total=15628292 path=bundle
