  batch 1/51
  batch 2/51
  batch 3/51
  batch 4/51
  batch 5/51
  batch 6/51
  batch 7/51
  batch 8/51
  batch 9/51
  batch 10/51
  batch 11/51
  batch 12/51
  batch 13/51
  batch 14/51
  batch 15/51
  batch 16/51
  batch 17/51
  batch 18/51
  batch 19/51
  batch 20/51
  batch 21/51
  batch 22/51
  batch 23/51
  batch 24/51
  batch 25/51
  batch 26/51
  batch 27/51
  batch 28/51
  batch 29/51
  batch 30/51
  batch 31/51
  batch 32/51
  batch 33/51
  batch 34/51
  batch 35/51
  batch 36/51
  batch 37/51
  batch 38/51
  batch 39/51
  batch 40/51
  batch 41/51
  batch 42/51
  batch 43/51
  batch 44/51
  batch 45/51
  batch 46/51
  batch 47/51
  batch 48/51
  batch 49/51
  batch 50/51
  batch 51/51
SPHERE_TUP.impl_slot = 0xed58c8e76d567b7492d4db2374df12f5913f7ca7
SPHERE_TUP.admin_slot = 0xf27522d4a48b9a5fe53f69e343b15926b540f0ab
Settings_TUP.impl_slot = 0x3926acbf805b1d2c28b7ed4c29ac2455bab37f87
Settings_TUP.admin_slot = 0xf27522d4a48b9a5fe53f69e343b15926b540f0ab
SPHERE_TUP.owner() = 0x0000000000000000000000007754d8b057cc1d2d857d897461dac6c3235b4aae
SPHERE_TUP.admin() = None
SPHERE_TUP.implementation() = None
SPHERE_TUP.settings() = 0x0000000000000000000000007afe1b2320705210a4f5255cabc869899a2e44cc
SPHERE_TUP.totalSupply() = 0x00000000000000000000000000000000000000001cf6eecab08c05378ee253da
SPHERE_TUP.rewardToken() = None
SPHERE_TUP.principle() = None
SPHERE_TUP.treasury() = None
SPHERE_TUP.strategyAddress() = None
SPHERE_TUP.availableDebt() = None
SPHERE_TUP.totalDebt() = None
SPHERE_TUP.lastDecay() = None
SPHERE_TUP.lpBonded() = None
SPHERE_TUP.tokenVested() = None
SPHERE_TUP.paidOut() = None
SPHERE_TUP.assetAddress() = None
SPHERE_TUP.routerAddress() = None
SPHERE_TUP.liquidityReceiver() = 0x0000000000000000000000001a2ce410a034424b784d4b228f167a061b94cff4
SPHERE_TUP.fundsReceiver() = None
SPHERE_TUP.principleAsset() = None
SPHERE_TUP.miscellaneousReceiver() = None
SPHERE_TUP.feeSplit() = None
SPHERE_TUP.burnFees() = None
SPHERE_TUP.liquidityFees() = None
SPHERE_TUP.getMinDelay() = None
SPHERE_TUP.initialDistributionFinished() = 0x0000000000000000000000000000000000000000000000000000000000000001
SPHERE_TUP.swapEnabled() = 0x0000000000000000000000000000000000000000000000000000000000000001
SPHERE_TUP.autoRebase() = 0x0000000000000000000000000000000000000000000000000000000000000000
SPHERE_TUP.nextRebase() = 0x000000000000000000000000000000000000000000000000000000006871b7fb
SPHERE_TUP.rebaseEpoch() = 0x0000000000000000000000000000000000000000000000000000000000000fdc
SPHERE_TUP.gonsPerFragment() = 0x000000000000000000000003325c00678d1ad024d9d69e67fe67a6cb17422034
SPHERE_TUP.rewardYield() = 0x000000000000000000000000000000000000000000000000000003962e7f4ce0
SPHERE_TUP.rewardYieldDenominator() = 0x000000000000000000000000000000000000000000000000002386f26fc10000
SPHERE_TUP.isWall() = 0x0000000000000000000000000000000000000000000000000000000000000000
SPHERE_TUP.partyTime() = 0x0000000000000000000000000000000000000000000000000000000000000001
SPHERE_TUP.goDeflationary() = 0x0000000000000000000000000000000000000000000000000000000000000000
SPHERE_TUP.getThreshold() = None
SPHERE_TUP.getOwners() = None
SPHERE_impl_old.owner() = 0x0000000000000000000000000000000000000000000000000000000000000000
SPHERE_impl_old.admin() = None
SPHERE_impl_old.implementation() = None
SPHERE_impl_old.settings() = 0x0000000000000000000000000000000000000000000000000000000000000000
SPHERE_impl_old.totalSupply() = 0x0000000000000000000000000000000000000000000000000000000000000000
SPHERE_impl_old.rewardToken() = None
SPHERE_impl_old.principle() = None
SPHERE_impl_old.treasury() = None
SPHERE_impl_old.strategyAddress() = None
SPHERE_impl_old.availableDebt() = None
SPHERE_impl_old.totalDebt() = None
SPHERE_impl_old.lastDecay() = None
SPHERE_impl_old.lpBonded() = None
SPHERE_impl_old.tokenVested() = None
SPHERE_impl_old.paidOut() = None
SPHERE_impl_old.assetAddress() = None
SPHERE_impl_old.routerAddress() = None
SPHERE_impl_old.liquidityReceiver() = 0x0000000000000000000000000000000000000000000000000000000000000000
SPHERE_impl_old.fundsReceiver() = None
SPHERE_impl_old.principleAsset() = None
SPHERE_impl_old.miscellaneousReceiver() = None
SPHERE_impl_old.feeSplit() = None
SPHERE_impl_old.burnFees() = None
SPHERE_impl_old.liquidityFees() = None
SPHERE_impl_old.getMinDelay() = None
SPHERE_impl_old.initialDistributionFinished() = 0x0000000000000000000000000000000000000000000000000000000000000000
SPHERE_impl_old.swapEnabled() = 0x0000000000000000000000000000000000000000000000000000000000000000
SPHERE_impl_old.autoRebase() = 0x0000000000000000000000000000000000000000000000000000000000000000
SPHERE_impl_old.nextRebase() = 0x0000000000000000000000000000000000000000000000000000000000000000
SPHERE_impl_old.rebaseEpoch() = 0x0000000000000000000000000000000000000000000000000000000000000000
SPHERE_impl_old.gonsPerFragment() = 0x0000000000000000000000000000000000000000000000000000000000000000
SPHERE_impl_old.rewardYield() = 0x0000000000000000000000000000000000000000000000000000000000000000
SPHERE_impl_old.rewardYieldDenominator() = 0x0000000000000000000000000000000000000000000000000000000000000000
SPHERE_impl_old.isWall() = 0x0000000000000000000000000000000000000000000000000000000000000000
SPHERE_impl_old.partyTime() = 0x0000000000000000000000000000000000000000000000000000000000000000
SPHERE_impl_old.goDeflationary() = 0x0000000000000000000000000000000000000000000000000000000000000000
SPHERE_impl_old.getThreshold() = None
SPHERE_impl_old.getOwners() = None
ProxyAdmin.owner() = 0x000000000000000000000000a0dccb94bc35576ab9820c2dda9d6fc0042d6d72
ProxyAdmin.admin() = None
ProxyAdmin.implementation() = None
ProxyAdmin.settings() = None
ProxyAdmin.totalSupply() = None
ProxyAdmin.rewardToken() = None
ProxyAdmin.principle() = None
ProxyAdmin.treasury() = None
ProxyAdmin.strategyAddress() = None
ProxyAdmin.availableDebt() = None
ProxyAdmin.totalDebt() = None
ProxyAdmin.lastDecay() = None
ProxyAdmin.lpBonded() = None
ProxyAdmin.tokenVested() = None
ProxyAdmin.paidOut() = None
ProxyAdmin.assetAddress() = None
ProxyAdmin.routerAddress() = None
ProxyAdmin.liquidityReceiver() = None
ProxyAdmin.fundsReceiver() = None
ProxyAdmin.principleAsset() = None
ProxyAdmin.miscellaneousReceiver() = None
ProxyAdmin.feeSplit() = None
ProxyAdmin.burnFees() = None
ProxyAdmin.liquidityFees() = None
ProxyAdmin.getMinDelay() = None
ProxyAdmin.initialDistributionFinished() = None
ProxyAdmin.swapEnabled() = None
ProxyAdmin.autoRebase() = None
ProxyAdmin.nextRebase() = None
ProxyAdmin.rebaseEpoch() = None
ProxyAdmin.gonsPerFragment() = None
ProxyAdmin.rewardYield() = None
ProxyAdmin.rewardYieldDenominator() = None
ProxyAdmin.isWall() = None
ProxyAdmin.partyTime() = None
ProxyAdmin.goDeflationary() = None
ProxyAdmin.getThreshold() = None
ProxyAdmin.getOwners() = None
Settings_TUP.owner() = 0x0000000000000000000000007754d8b057cc1d2d857d897461dac6c3235b4aae
Settings_TUP.admin() = None
Settings_TUP.implementation() = None
Settings_TUP.settings() = None
Settings_TUP.totalSupply() = None
Settings_TUP.rewardToken() = None
Settings_TUP.principle() = None
Settings_TUP.treasury() = None
Settings_TUP.strategyAddress() = None
Settings_TUP.availableDebt() = None
Settings_TUP.totalDebt() = None
Settings_TUP.lastDecay() = None
Settings_TUP.lpBonded() = None
Settings_TUP.tokenVested() = None
Settings_TUP.paidOut() = None
Settings_TUP.assetAddress() = None
Settings_TUP.routerAddress() = None
Settings_TUP.liquidityReceiver() = None
Settings_TUP.fundsReceiver() = None
Settings_TUP.principleAsset() = None
Settings_TUP.miscellaneousReceiver() = None
Settings_TUP.feeSplit() = None
Settings_TUP.burnFees() = None
Settings_TUP.liquidityFees() = None
Settings_TUP.getMinDelay() = None
Settings_TUP.initialDistributionFinished() = None
Settings_TUP.swapEnabled() = None
Settings_TUP.autoRebase() = None
Settings_TUP.nextRebase() = None
Settings_TUP.rebaseEpoch() = None
Settings_TUP.gonsPerFragment() = None
Settings_TUP.rewardYield() = None
Settings_TUP.rewardYieldDenominator() = None
Settings_TUP.isWall() = None
Settings_TUP.partyTime() = None
Settings_TUP.goDeflationary() = None
Settings_TUP.getThreshold() = None
Settings_TUP.getOwners() = None
Settings_impl.owner() = None
Settings_impl.admin() = None
Settings_impl.implementation() = None
Settings_impl.settings() = None
Settings_impl.totalSupply() = None
Settings_impl.rewardToken() = None
Settings_impl.principle() = None
Settings_impl.treasury() = None
Settings_impl.strategyAddress() = None
Settings_impl.availableDebt() = None
Settings_impl.totalDebt() = None
Settings_impl.lastDecay() = None
Settings_impl.lpBonded() = None
Settings_impl.tokenVested() = None
Settings_impl.paidOut() = None
Settings_impl.assetAddress() = None
Settings_impl.routerAddress() = None
Settings_impl.liquidityReceiver() = None
Settings_impl.fundsReceiver() = None
Settings_impl.principleAsset() = None
Settings_impl.miscellaneousReceiver() = None
Settings_impl.feeSplit() = None
Settings_impl.burnFees() = None
Settings_impl.liquidityFees() = None
Settings_impl.getMinDelay() = None
Settings_impl.initialDistributionFinished() = None
Settings_impl.swapEnabled() = None
Settings_impl.autoRebase() = None
Settings_impl.nextRebase() = None
Settings_impl.rebaseEpoch() = None
Settings_impl.gonsPerFragment() = None
Settings_impl.rewardYield() = None
Settings_impl.rewardYieldDenominator() = None
Settings_impl.isWall() = None
Settings_impl.partyTime() = None
Settings_impl.goDeflationary() = None
Settings_impl.getThreshold() = None
Settings_impl.getOwners() = None
Timelock.owner() = None
Timelock.admin() = None
Timelock.implementation() = None
Timelock.settings() = None
Timelock.totalSupply() = None
Timelock.rewardToken() = None
Timelock.principle() = None
Timelock.treasury() = None
Timelock.strategyAddress() = None
Timelock.availableDebt() = None
Timelock.totalDebt() = None
Timelock.lastDecay() = None
Timelock.lpBonded() = None
Timelock.tokenVested() = None
Timelock.paidOut() = None
Timelock.assetAddress() = None
Timelock.routerAddress() = None
Timelock.liquidityReceiver() = None
Timelock.fundsReceiver() = None
Timelock.principleAsset() = None
Timelock.miscellaneousReceiver() = None
Timelock.feeSplit() = None
Timelock.burnFees() = None
Timelock.liquidityFees() = None
Timelock.getMinDelay() = None
Timelock.initialDistributionFinished() = None
Timelock.swapEnabled() = None
Timelock.autoRebase() = None
Timelock.nextRebase() = None
Timelock.rebaseEpoch() = None
Timelock.gonsPerFragment() = None
Timelock.rewardYield() = None
Timelock.rewardYieldDenominator() = None
Timelock.isWall() = None
Timelock.partyTime() = None
Timelock.goDeflationary() = None
Timelock.getThreshold() = None
Timelock.getOwners() = None
BondTreasurySwapper.owner() = None
BondTreasurySwapper.admin() = None
BondTreasurySwapper.implementation() = None
BondTreasurySwapper.settings() = None
BondTreasurySwapper.totalSupply() = None
BondTreasurySwapper.rewardToken() = None
BondTreasurySwapper.principle() = None
BondTreasurySwapper.treasury() = None
BondTreasurySwapper.strategyAddress() = None
BondTreasurySwapper.availableDebt() = None
BondTreasurySwapper.totalDebt() = None
BondTreasurySwapper.lastDecay() = None
BondTreasurySwapper.lpBonded() = None
BondTreasurySwapper.tokenVested() = None
BondTreasurySwapper.paidOut() = None
BondTreasurySwapper.assetAddress() = None
BondTreasurySwapper.routerAddress() = None
BondTreasurySwapper.liquidityReceiver() = None
BondTreasurySwapper.fundsReceiver() = None
BondTreasurySwapper.principleAsset() = None
BondTreasurySwapper.miscellaneousReceiver() = None
BondTreasurySwapper.feeSplit() = None
BondTreasurySwapper.burnFees() = 0x0000000000000000000000000000000000000000000000000000000000000014
BondTreasurySwapper.liquidityFees() = 0x0000000000000000000000000000000000000000000000000000000000000050
BondTreasurySwapper.getMinDelay() = None
BondTreasurySwapper.initialDistributionFinished() = None
BondTreasurySwapper.swapEnabled() = None
BondTreasurySwapper.autoRebase() = None
BondTreasurySwapper.nextRebase() = None
BondTreasurySwapper.rebaseEpoch() = None
BondTreasurySwapper.gonsPerFragment() = None
BondTreasurySwapper.rewardYield() = None
BondTreasurySwapper.rewardYieldDenominator() = None
BondTreasurySwapper.isWall() = None
BondTreasurySwapper.partyTime() = None
BondTreasurySwapper.goDeflationary() = None
BondTreasurySwapper.getThreshold() = None
BondTreasurySwapper.getOwners() = None
OvernightStrategy.owner() = None
OvernightStrategy.admin() = None
OvernightStrategy.implementation() = None
OvernightStrategy.settings() = None
OvernightStrategy.totalSupply() = None
OvernightStrategy.rewardToken() = None
OvernightStrategy.principle() = None
OvernightStrategy.treasury() = None
OvernightStrategy.strategyAddress() = None
OvernightStrategy.availableDebt() = None
OvernightStrategy.totalDebt() = None
OvernightStrategy.lastDecay() = None
OvernightStrategy.lpBonded() = None
OvernightStrategy.tokenVested() = None
OvernightStrategy.paidOut() = None
OvernightStrategy.assetAddress() = None
OvernightStrategy.routerAddress() = None
OvernightStrategy.liquidityReceiver() = None
OvernightStrategy.fundsReceiver() = None
OvernightStrategy.principleAsset() = None
OvernightStrategy.miscellaneousReceiver() = None
OvernightStrategy.feeSplit() = None
OvernightStrategy.burnFees() = None
OvernightStrategy.liquidityFees() = None
OvernightStrategy.getMinDelay() = None
OvernightStrategy.initialDistributionFinished() = None
OvernightStrategy.swapEnabled() = None
OvernightStrategy.autoRebase() = None
OvernightStrategy.nextRebase() = None
OvernightStrategy.rebaseEpoch() = None
OvernightStrategy.gonsPerFragment() = None
OvernightStrategy.rewardYield() = None
OvernightStrategy.rewardYieldDenominator() = None
OvernightStrategy.isWall() = None
OvernightStrategy.partyTime() = None
OvernightStrategy.goDeflationary() = None
OvernightStrategy.getThreshold() = None
OvernightStrategy.getOwners() = None
BondDepo.owner() = None
BondDepo.admin() = None
BondDepo.implementation() = None
BondDepo.settings() = None
BondDepo.totalSupply() = None
BondDepo.rewardToken() = None
BondDepo.principle() = None
BondDepo.treasury() = None
BondDepo.strategyAddress() = None
BondDepo.availableDebt() = None
BondDepo.totalDebt() = None
BondDepo.lastDecay() = None
BondDepo.lpBonded() = None
BondDepo.tokenVested() = None
BondDepo.paidOut() = None
BondDepo.assetAddress() = None
BondDepo.routerAddress() = None
BondDepo.liquidityReceiver() = None
BondDepo.fundsReceiver() = None
BondDepo.principleAsset() = None
BondDepo.miscellaneousReceiver() = None
BondDepo.feeSplit() = None
BondDepo.burnFees() = None
BondDepo.liquidityFees() = None
BondDepo.getMinDelay() = None
BondDepo.initialDistributionFinished() = None
BondDepo.swapEnabled() = None
BondDepo.autoRebase() = None
BondDepo.nextRebase() = None
BondDepo.rebaseEpoch() = None
BondDepo.gonsPerFragment() = None
BondDepo.rewardYield() = None
BondDepo.rewardYieldDenominator() = None
BondDepo.isWall() = None
BondDepo.partyTime() = None
BondDepo.goDeflationary() = None
BondDepo.getThreshold() = None
BondDepo.getOwners() = None
SPHERE_v1.owner() = None
SPHERE_v1.admin() = None
SPHERE_v1.implementation() = None
SPHERE_v1.settings() = None
SPHERE_v1.totalSupply() = 0x0000000000000000000000000000000000000000229d629eb645cb54c7e4334d
SPHERE_v1.rewardToken() = None
SPHERE_v1.principle() = None
SPHERE_v1.treasury() = None
SPHERE_v1.strategyAddress() = None
SPHERE_v1.availableDebt() = None
SPHERE_v1.totalDebt() = None
SPHERE_v1.lastDecay() = None
SPHERE_v1.lpBonded() = None
SPHERE_v1.tokenVested() = None
SPHERE_v1.paidOut() = None
SPHERE_v1.assetAddress() = None
SPHERE_v1.routerAddress() = None
SPHERE_v1.liquidityReceiver() = None
SPHERE_v1.fundsReceiver() = None
SPHERE_v1.principleAsset() = None
SPHERE_v1.miscellaneousReceiver() = None
SPHERE_v1.feeSplit() = None
SPHERE_v1.burnFees() = None
SPHERE_v1.liquidityFees() = None
SPHERE_v1.getMinDelay() = None
SPHERE_v1.initialDistributionFinished() = None
SPHERE_v1.swapEnabled() = None
SPHERE_v1.autoRebase() = None
SPHERE_v1.nextRebase() = None
SPHERE_v1.rebaseEpoch() = None
SPHERE_v1.gonsPerFragment() = None
SPHERE_v1.rewardYield() = None
SPHERE_v1.rewardYieldDenominator() = None
SPHERE_v1.isWall() = None
SPHERE_v1.partyTime() = None
SPHERE_v1.goDeflationary() = None
SPHERE_v1.getThreshold() = None
SPHERE_v1.getOwners() = None
SphereTreasury.owner() = None
SphereTreasury.admin() = None
SphereTreasury.implementation() = None
SphereTreasury.settings() = None
SphereTreasury.totalSupply() = None
SphereTreasury.rewardToken() = None
SphereTreasury.principle() = None
SphereTreasury.treasury() = None
SphereTreasury.strategyAddress() = None
SphereTreasury.availableDebt() = None
SphereTreasury.totalDebt() = None
SphereTreasury.lastDecay() = None
SphereTreasury.lpBonded() = None
SphereTreasury.tokenVested() = None
SphereTreasury.paidOut() = None
SphereTreasury.assetAddress() = None
SphereTreasury.routerAddress() = None
SphereTreasury.liquidityReceiver() = None
SphereTreasury.fundsReceiver() = None
SphereTreasury.principleAsset() = None
SphereTreasury.miscellaneousReceiver() = None
SphereTreasury.feeSplit() = None
SphereTreasury.burnFees() = None
SphereTreasury.liquidityFees() = None
SphereTreasury.getMinDelay() = None
SphereTreasury.initialDistributionFinished() = None
SphereTreasury.swapEnabled() = None
SphereTreasury.autoRebase() = None
SphereTreasury.nextRebase() = None
SphereTreasury.rebaseEpoch() = None
SphereTreasury.gonsPerFragment() = None
SphereTreasury.rewardYield() = None
SphereTreasury.rewardYieldDenominator() = None
SphereTreasury.isWall() = None
SphereTreasury.partyTime() = None
SphereTreasury.goDeflationary() = None
SphereTreasury.getThreshold() = None
SphereTreasury.getOwners() = None
wSPHERE.owner() = None
wSPHERE.admin() = None
wSPHERE.implementation() = None
wSPHERE.settings() = None
wSPHERE.totalSupply() = None
wSPHERE.rewardToken() = None
wSPHERE.principle() = None
wSPHERE.treasury() = None
wSPHERE.strategyAddress() = None
wSPHERE.availableDebt() = None
wSPHERE.totalDebt() = None
wSPHERE.lastDecay() = None
wSPHERE.lpBonded() = None
wSPHERE.tokenVested() = None
wSPHERE.paidOut() = None
wSPHERE.assetAddress() = None
wSPHERE.routerAddress() = None
wSPHERE.liquidityReceiver() = None
wSPHERE.fundsReceiver() = None
wSPHERE.principleAsset() = None
wSPHERE.miscellaneousReceiver() = None
wSPHERE.feeSplit() = None
wSPHERE.burnFees() = None
wSPHERE.liquidityFees() = None
wSPHERE.getMinDelay() = None
wSPHERE.initialDistributionFinished() = None
wSPHERE.swapEnabled() = None
wSPHERE.autoRebase() = None
wSPHERE.nextRebase() = None
wSPHERE.rebaseEpoch() = None
wSPHERE.gonsPerFragment() = None
wSPHERE.rewardYield() = None
wSPHERE.rewardYieldDenominator() = None
wSPHERE.isWall() = None
wSPHERE.partyTime() = None
wSPHERE.goDeflationary() = None
wSPHERE.getThreshold() = None
wSPHERE.getOwners() = None
SphereZap.owner() = None
SphereZap.admin() = None
SphereZap.implementation() = None
SphereZap.settings() = None
SphereZap.totalSupply() = None
SphereZap.rewardToken() = None
SphereZap.principle() = None
SphereZap.treasury() = None
SphereZap.strategyAddress() = None
SphereZap.availableDebt() = None
SphereZap.totalDebt() = None
SphereZap.lastDecay() = None
SphereZap.lpBonded() = None
SphereZap.tokenVested() = None
SphereZap.paidOut() = None
SphereZap.assetAddress() = None
SphereZap.routerAddress() = None
SphereZap.liquidityReceiver() = None
SphereZap.fundsReceiver() = None
SphereZap.principleAsset() = None
SphereZap.miscellaneousReceiver() = None
SphereZap.feeSplit() = None
SphereZap.burnFees() = None
SphereZap.liquidityFees() = None
SphereZap.getMinDelay() = None
SphereZap.initialDistributionFinished() = None
SphereZap.swapEnabled() = None
SphereZap.autoRebase() = None
SphereZap.nextRebase() = None
SphereZap.rebaseEpoch() = None
SphereZap.gonsPerFragment() = None
SphereZap.rewardYield() = None
SphereZap.rewardYieldDenominator() = None
SphereZap.isWall() = None
SphereZap.partyTime() = None
SphereZap.goDeflationary() = None
SphereZap.getThreshold() = None
SphereZap.getOwners() = None
Treasury1_Safe.getThreshold() = None
Treasury1_Safe.getOwners() = None
Treasury2_Safe.getThreshold() = None
Treasury2_Safe.getOwners() = None
Treasury3_InvSafe.getThreshold() = None
Treasury3_InvSafe.getOwners() = None
block 94889892
