remote: 
remote: Create a pull request for 'kinetic' on GitHub by visiting:        
remote:      https://github.com/kingmariano/ca-zombie-ci/pull/new/kinetic        
remote: 
[ci] pushed branch kinetic
[ci] dispatching workflow...
[ci] run: https://github.com/kingmariano/ca-zombie-ci/actions/runs/37831691816
[ci] conclusion: failure
=== artifact contents ===
/home/heisenberg/CA/kinetic/ci-artifacts/result-kinetic/ci-out/live-state-snapshot.txt
/home/heisenberg/CA/kinetic/ci-artifacts/result-kinetic/ci-run-stdout.log
/home/heisenberg/CA/kinetic/ci-artifacts/result-kinetic/analysis/childA-run.log
=== tail of full log (/home/heisenberg/CA/kinetic/ci-log.txt) ===
6:35.5035018Z 
run	foundry tests	2026-10-08T19:26:35.5035725Z Ran 10 tests for test/Kinetic.t.sol:KineticTest
run	foundry tests	2026-10-08T19:26:35.5036927Z [PASS] test_1_live_state_tripwires() (gas: 2667038)
run	foundry tests	2026-10-08T19:26:35.5037885Z Logs:
run	foundry tests	2026-10-08T19:26:35.5041722Z   fork rpc: https://flare.public-rpc.com
run	foundry tests	2026-10-08T19:26:35.5042426Z   block: 71640824
run	foundry tests	2026-10-08T19:26:35.5042898Z   ts: 1791487538
run	foundry tests	2026-10-08T19:26:35.5043948Z   === comptroller 0x15F69897E6aEBE0463401345543C26d1Fd994abB markets: 3
run	foundry tests	2026-10-08T19:26:35.5044873Z   isoUSDT0
run	foundry tests	2026-10-08T19:26:35.5045396Z     cash 385706191195
run	foundry tests	2026-10-08T19:26:35.5045991Z     supply(raw) 24838256895148802
run	foundry tests	2026-10-08T19:26:35.5046637Z     borrows 4934601734590
run	foundry tests	2026-10-08T19:26:35.5047320Z     exRate 213960671026957
run	foundry tests	2026-10-08T19:26:35.5047932Z     cf 800000000000000000
run	foundry tests	2026-10-08T19:26:35.5048504Z     mintPaused false
run	foundry tests	2026-10-08T19:26:35.5048911Z     borrowPaused false
run	foundry tests	2026-10-08T19:26:35.5049485Z     borrowCap 5000000000000
run	foundry tests	2026-10-08T19:26:35.5049893Z   isoFXRP
run	foundry tests	2026-10-08T19:26:35.5050241Z     cash 18650636304263
run	foundry tests	2026-10-08T19:26:35.5050779Z     supply(raw) 100090950134711040
run	foundry tests	2026-10-08T19:26:35.5051252Z     borrows 1380053563531
run	foundry tests	2026-10-08T19:26:35.5051624Z     exRate 200119250452870
run	foundry tests	2026-10-08T19:26:35.5051940Z     cf 700000000000000000
run	foundry tests	2026-10-08T19:26:35.5052249Z     mintPaused false
run	foundry tests	2026-10-08T19:26:35.5052568Z     borrowPaused false
run	foundry tests	2026-10-08T19:26:35.5052882Z     borrowCap 3000000000000
run	foundry tests	2026-10-08T19:26:35.5053529Z   isoSTXRP
run	foundry tests	2026-10-08T19:26:35.5053939Z     cash 26091795243
run	foundry tests	2026-10-08T19:26:35.5054386Z     supply(raw) 130458976110340
run	foundry tests	2026-10-08T19:26:35.5054871Z     borrows 0
run	foundry tests	2026-10-08T19:26:35.5055305Z     exRate 200000000160448
run	foundry tests	2026-10-08T19:26:35.5055795Z     cf 0
run	foundry tests	2026-10-08T19:26:35.5056239Z     mintPaused true
run	foundry tests	2026-10-08T19:26:35.5056729Z     borrowPaused true
run	foundry tests	2026-10-08T19:26:35.5057560Z     borrowCap 1
run	foundry tests	2026-10-08T19:26:35.5057999Z   === comptroller 0x8041680Fb73E1Fe5F851e76233DCDfA0f2D2D7c8 markets: 7
run	foundry tests	2026-10-08T19:26:35.5058470Z   kUSDC.E
run	foundry tests	2026-10-08T19:26:35.5058735Z     cash 147843932689
run	foundry tests	2026-10-08T19:26:35.5059039Z     supply(raw) 3423748532204458
run	foundry tests	2026-10-08T19:26:35.5059377Z     borrows 639121479407
run	foundry tests	2026-10-08T19:26:35.5059680Z     exRate 229672319081126
run	foundry tests	2026-10-08T19:26:35.5059984Z     cf 800000000000000000
run	foundry tests	2026-10-08T19:26:35.5060287Z     mintPaused false
run	foundry tests	2026-10-08T19:26:35.5060585Z     borrowPaused false
run	foundry tests	2026-10-08T19:26:35.5060888Z     borrowCap 2750000000000
run	foundry tests	2026-10-08T19:26:35.5061192Z   kUSDT
run	foundry tests	2026-10-08T19:26:35.5061452Z     cash 2566060727
run	foundry tests	2026-10-08T19:26:35.5061757Z     supply(raw) 23685209541139
run	foundry tests	2026-10-08T19:26:35.5062074Z     borrows 3678008002
run	foundry tests	2026-10-08T19:26:35.5062371Z     exRate 263514254546040
run	foundry tests	2026-10-08T19:26:35.5062674Z     cf 800000000000000000
run	foundry tests	2026-10-08T19:26:35.5062984Z     mintPaused false
run	foundry tests	2026-10-08T19:26:35.5063871Z     borrowPaused false
run	foundry tests	2026-10-08T19:26:35.5064395Z     borrowCap 1
run	foundry tests	2026-10-08T19:26:35.5064705Z   kSFLR
run	foundry tests	2026-10-08T19:26:35.5064983Z     cash 380937822859594552008562249
run	foundry tests	2026-10-08T19:26:35.5065338Z     supply(raw) 1982897483953182460
run	foundry tests	2026-10-08T19:26:35.5065688Z     borrows 17221613179889257595853836
run	foundry tests	2026-10-08T19:26:35.5066044Z     exRate 200796030073643387189552592
run	foundry tests	2026-10-08T19:26:35.5066375Z     cf 708200000000000000
run	foundry tests	2026-10-08T19:26:35.5066681Z     mintPaused false
run	foundry tests	2026-10-08T19:26:35.5066988Z     borrowPaused false
run	foundry tests	2026-10-08T19:26:35.5067319Z     borrowCap 200000000000000000000000000
run	foundry tests	2026-10-08T19:26:35.5067665Z   kWETH
run	foundry tests	2026-10-08T19:26:35.5067942Z     cash 200141501488949010357
run	foundry tests	2026-10-08T19:26:35.5068278Z     supply(raw) 3655418300142
run	foundry tests	2026-10-08T19:26:35.5068694Z     borrows 574775005090859225347
run	foundry tests	2026-10-08T19:26:35.5069075Z     exRate 211888751405979093480314132
run	foundry tests	2026-10-08T19:26:35.5069416Z     cf 625000000000000000
run	foundry tests	2026-10-08T19:26:35.5069721Z     mintPaused false
run	foundry tests	2026-10-08T19:26:35.5070025Z     borrowPaused false
run	foundry tests	2026-10-08T19:26:35.5070345Z     borrowCap 2142000000000000000000
run	foundry tests	2026-10-08T19:26:35.5070681Z   kFLRETH
run	foundry tests	2026-10-08T19:26:35.5070955Z     cash 877966458789034672855
run	foundry tests	2026-10-08T19:26:35.5071277Z     supply(raw) 4381722767150
run	foundry tests	2026-10-08T19:26:35.5071608Z     borrows 3394791628123000390
run	foundry tests	2026-10-08T19:26:35.5072144Z     exRate 201144806119365076547549462
run	foundry tests	2026-10-08T19:26:35.5072478Z     cf 625000000000000000
run	foundry tests	2026-10-08T19:26:35.5072782Z     mintPaused false
run	foundry tests	2026-10-08T19:26:35.5073337Z     borrowPaused false
run	foundry tests	2026-10-08T19:26:35.5073725Z     borrowCap 953000000000000000000
run	foundry tests	2026-10-08T19:26:35.5074444Z   kUSDT0
run	foundry tests	2026-10-08T19:26:35.5074917Z     cash 524422912617
run	foundry tests	2026-10-08T19:26:35.5075450Z     supply(raw) 12551208226870278
run	foundry tests	2026-10-08T19:26:35.5076031Z     borrows 2142053810939
run	foundry tests	2026-10-08T19:26:35.5076544Z     exRate 212214190808160
run	foundry tests	2026-10-08T19:26:35.5076856Z     cf 800000000000000000
run	foundry tests	2026-10-08T19:26:35.5077154Z     mintPaused false
run	foundry tests	2026-10-08T19:26:35.5077448Z     borrowPaused false
run	foundry tests	2026-10-08T19:26:35.5077757Z     borrowCap 2400000000000
run	foundry tests	2026-10-08T19:26:35.5078065Z   kFLR
run	foundry tests	2026-10-08T19:26:35.5078341Z     cash 176535449143932362778376148
run	foundry tests	2026-10-08T19:26:35.5078693Z     supply(raw) 1148812978247862982
run	foundry tests	2026-10-08T19:26:35.5079045Z     borrows 55241981510591530998168299
run	foundry tests	2026-10-08T19:26:35.5079401Z     exRate 201734811820872268317668744
run	foundry tests	2026-10-08T19:26:35.5079745Z     cf 702700000000000000
run	foundry tests	2026-10-08T19:26:35.5080050Z     mintPaused false
run	foundry tests	2026-10-08T19:26:35.5080355Z     borrowPaused false
run	foundry tests	2026-10-08T19:26:35.5080678Z     borrowCap 70000000000000000000000000
run	foundry tests	2026-10-08T19:26:35.5081070Z   total cash USD(1e18): 35460049298258291132447531
run	foundry tests	2026-10-08T19:26:35.5090312Z   min totalSupply(raw): 3655418300142
run	foundry tests	2026-10-08T19:26:35.5091105Z   min supply market: 0x5C2400019017AE61F811D517D088Df732642DbD0
run	foundry tests	2026-10-08T19:26:35.5091708Z 
run	foundry tests	2026-10-08T19:26:35.5092108Z [PASS] test_2_sonne_donation_attack_is_net_negative() (gas: 1894912)
run	foundry tests	2026-10-08T19:26:35.5092907Z Logs:
run	foundry tests	2026-10-08T19:26:35.5093719Z   fork rpc: https://flare.public-rpc.com
run	foundry tests	2026-10-08T19:26:35.5094682Z   block: 71640824
run	foundry tests	2026-10-08T19:26:35.5095064Z   ts: 1791487538
run	foundry tests	2026-10-08T19:26:35.5095388Z   --- Sonne sequence on kSFLR ---
run	foundry tests	2026-10-08T19:26:35.5095757Z   flrIn (wei) 20000000000000000000000
run	foundry tests	2026-10-08T19:26:35.5096132Z   sflrAcquired 10584215793013980484252
run	foundry tests	2026-10-08T19:26:35.5096503Z   minMintWei 200796048
run	foundry tests	2026-10-08T19:26:35.5096812Z   sharesHeld(raw) 1
run	foundry tests	2026-10-08T19:26:35.5097132Z   sflrDonated 10584215793013779688204
run	foundry tests	2026-10-08T19:26:35.5097497Z   rateBefore 200796047251165557435037330
run	foundry tests	2026-10-08T19:26:35.5097867Z   rateAfter 200801385003560054739326162
run	foundry tests	2026-10-08T19:26:35.5098219Z   usdcBorrowed 0
run	foundry tests	2026-10-08T19:26:35.5098528Z   redeemUnderlying ret 3
run	foundry tests	2026-10-08T19:26:35.5098857Z   sflrBack 0
run	foundry tests	2026-10-08T19:26:35.5099160Z   cost USD(1e18) 135219400000000000000
run	foundry tests	2026-10-08T19:26:35.5099498Z   borrowed USD(1e18) 0
run	foundry tests	2026-10-08T19:26:35.5099807Z   sflrBack USD(1e18) 0
run	foundry tests	2026-10-08T19:26:35.5100136Z   NET USD(1e18) -135219400000000000000
run	foundry tests	2026-10-08T19:26:35.5100356Z 
run	foundry tests	2026-10-08T19:26:35.5100618Z [PASS] test_3_precision_loss_dust_bound() (gas: 1562434)
run	foundry tests	2026-10-08T19:26:35.5101029Z Logs:
run	foundry tests	2026-10-08T19:26:35.5101343Z   fork rpc: https://flare.public-rpc.com
run	foundry tests	2026-10-08T19:26:35.5101717Z   block: 71640824
run	foundry tests	2026-10-08T19:26:35.5102007Z   ts: 1791487538
run	foundry tests	2026-10-08T19:26:35.5102337Z   isoUSDT0 dust-per-call USD(1e18): 0
run	foundry tests	2026-10-08T19:26:35.5102716Z   isoFXRP dust-per-call USD(1e18): 0
run	foundry tests	2026-10-08T19:26:35.5103364Z   isoSTXRP dust-per-call USD(1e18): 0
run	foundry tests	2026-10-08T19:26:35.5103794Z   kUSDC.E dust-per-call USD(1e18): 0
run	foundry tests	2026-10-08T19:26:35.5104175Z   kUSDT dust-per-call USD(1e18): 0
run	foundry tests	2026-10-08T19:26:35.5104548Z   kSFLR dust-per-call USD(1e18): 2565283
run	foundry tests	2026-10-08T19:26:35.5104945Z   kWETH dust-per-call USD(1e18): 520529719704
run	foundry tests	2026-10-08T19:26:35.5105362Z   kFLRETH dust-per-call USD(1e18): 528961043660
run	foundry tests	2026-10-08T19:26:35.5105764Z   kUSDT0 dust-per-call USD(1e18): 0
run	foundry tests	2026-10-08T19:26:35.5106133Z   kFLR dust-per-call USD(1e18): 1363923
run	foundry tests	2026-10-08T19:26:35.5106374Z 
run	foundry tests	2026-10-08T19:26:35.5106586Z [PASS] test_4_ftso_freshness_and_fail_closed() (gas: 203918)
run	foundry tests	2026-10-08T19:26:35.5107004Z Logs:
run	foundry tests	2026-10-08T19:26:35.5107309Z   fork rpc: https://flare.public-rpc.com
run	foundry tests	2026-10-08T19:26:35.5107671Z   block: 71640824
run	foundry tests	2026-10-08T19:26:35.5107966Z   ts: 1791487538
run	foundry tests	2026-10-08T19:26:35.5108256Z   FLR/USD 676097
run	foundry tests	2026-10-08T19:26:35.5108711Z   dec 8
run	foundry tests	2026-10-08T19:26:35.5108976Z   feedTs 1791487538
run	foundry tests	2026-10-08T19:26:35.5109265Z   blockTs 1791487538
run	foundry tests	2026-10-08T19:26:35.5109453Z 
run	foundry tests	2026-10-08T19:26:35.5109807Z [FAIL: next call did not revert as expected] test_4b_ftso_stale_reverts() (block: 71640824) (gas: 118944)
run	foundry tests	2026-10-08T19:26:35.5110370Z Logs:
run	foundry tests	2026-10-08T19:26:35.5110677Z   fork rpc: https://flare.public-rpc.com
run	foundry tests	2026-10-08T19:26:35.5111049Z   block: 71640824
run	foundry tests	2026-10-08T19:26:35.5111333Z   ts: 1791487538
run	foundry tests	2026-10-08T19:26:35.5111495Z 
run	foundry tests	2026-10-08T19:26:35.8370150Z Traces:
run	foundry tests	2026-10-08T19:26:35.8376375Z   [118944] KineticTest::test_4b_ftso_stale_reverts()
run	foundry tests	2026-10-08T19:26:35.8377742Z     ├─ [0] VM::warp(1791487959 [1.791e9])
run	foundry tests	2026-10-08T19:26:35.8378283Z     │   └─ ← [Return]
run	foundry tests	2026-10-08T19:26:35.8378805Z     ├─ [0] VM::expectRevert(stale price)
run	foundry tests	2026-10-08T19:26:35.8379334Z     │   └─ ← [Return]
run	foundry tests	2026-10-08T19:26:35.8380436Z     ├─ [112146] 0xC1d7029C970d9B683Da9d37b49d84D081dbeD54c::getUnderlyingPrice(0x291487beC339c2fE5D83DD45F0a15EFC9Ac45656) [staticcall]
run	foundry tests	2026-10-08T19:26:35.8381762Z     │   ├─ [3122] 0x291487beC339c2fE5D83DD45F0a15EFC9Ac45656::symbol() [staticcall]
run	foundry tests	2026-10-08T19:26:35.8382468Z     │   │   └─ ← [Return] "kSFLR"
run	foundry tests	2026-10-08T19:26:35.8383500Z     │   ├─ [2448] 0x291487beC339c2fE5D83DD45F0a15EFC9Ac45656::underlying() [staticcall]
run	foundry tests	2026-10-08T19:26:35.8384722Z     │   │   └─ ← [Return] 0x12e605bc104e93B45e1aD99F9e555f659051c2BB
run	foundry tests	2026-10-08T19:26:35.8386648Z     │   ├─ [57865] 0xB18d3A5e5A85C65cE47f977D7F486B79F99D3d32::getFeedById(0x01464c522f55534400000000000000000000000000) [staticcall]
run	foundry tests	2026-10-08T19:26:35.8389728Z     │   │   ├─ [2664] 0xD9B6fB7F49C13C1448d0DEF4E83aFECf8E8778C8::getFeedIndex(0x01464c522f55534400000000000000000000000000) [staticcall]
run	foundry tests	2026-10-08T19:26:35.8392302Z     │   │   │   └─ ← [Return] 0x0000000000000000000000000000000000000000000000000000000000000000
run	foundry tests	2026-10-08T19:26:35.8396801Z     │   │   ├─ [42809] 0xdBF71d7840934EB82FA10173103D4e9fd4054dd1::fetchCurrentFeeds([0])
run	foundry tests	2026-10-08T19:26:35.8398511Z     │   │   │   ├─ [13150] 0xFDe4f89E6d67ec1a497e1c25944ba5D2d7a36bf3::calculateFeeByIndices([0]) [staticcall]
run	foundry tests	2026-10-08T19:26:35.8400116Z     │   │   │   │   ├─ [4781] 0xD9B6fB7F49C13C1448d0DEF4E83aFECf8E8778C8::getFeedId(0) [staticcall]
run	foundry tests	2026-10-08T19:26:35.8401491Z     │   │   │   │   │   └─ ← [Return] 0x01464c522f555344000000000000000000000000000000000000000000000000
run	foundry tests	2026-10-08T19:26:35.8402801Z     │   │   │   │   └─ ← [Return] 0x0000000000000000000000000000000000000000000000000000000000000000
run	foundry tests	2026-10-08T19:26:35.8406274Z     │   │   │   └─ ← [Return] 0x000000000000000000000000000000000000000000000000000000000000006000000000000000000000000000000000000000000000000000000000000000a0000000000000000000000000000000000000000000000000000000006ac7efd7000000000000000000000000000000000000000000000000000000000000000100000000000000000000000000000000000000000000000000000000000a510100000000000000000000000000000000000000000000000000000000000000010000000000000000000000000000000000000000000000000000000000000008
run	foundry tests	2026-10-08T19:26:35.8408475Z     │   │   └─ ← [Return] 676097 [6.76e5], 8, 1791487959 [1.791e9]
run	foundry tests	2026-10-08T19:26:35.8409883Z     │   ├─ [2297] 0x7E0182d284c39A0B4dB0E870c59dCf5CDb6F65Cc::decimals() [staticcall]
run	foundry tests	2026-10-08T19:26:35.8411164Z     │   │   └─ ← [Return] 18
run	foundry tests	2026-10-08T19:26:35.8413304Z     │   ├─ [15862] 0x7E0182d284c39A0B4dB0E870c59dCf5CDb6F65Cc::getExchangeRate() [staticcall]
run	foundry tests	2026-10-08T19:26:35.8415459Z     │   │   ├─ [12295] 0x12e605bc104e93B45e1aD99F9e555f659051c2BB::getPooledFlrByShares(1000000000000000000 [1e18]) [staticcall]
run	foundry tests	2026-10-08T19:26:35.8417089Z     │   │   │   ├─ [4964] 0xCa0fEe77bDEAdcb0Af9C1b98d7776EFaa8a04B89::getPooledFlrByShares(1000000000000000000 [1e18]) [delegatecall]
run	foundry tests	2026-10-08T19:26:35.8418046Z     │   │   │   │   └─ ← [Return] 1889606220349440147 [1.889e18]
run	foundry tests	2026-10-08T19:26:35.8418553Z     │   │   │   └─ ← [Return] 1889606220349440147 [1.889e18]
run	foundry tests	2026-10-08T19:26:35.8419040Z     │   │   └─ ← [Return] 1889606220349440147 [1.889e18]
run	foundry tests	2026-10-08T19:26:35.8419695Z     │   ├─ [1181] 0x12e605bc104e93B45e1aD99F9e555f659051c2BB::decimals() [staticcall]
run	foundry tests	2026-10-08T19:26:35.8420736Z     │   │   ├─ [353] 0xCa0fEe77bDEAdcb0Af9C1b98d7776EFaa8a04B89::decimals() [delegatecall]
run	foundry tests	2026-10-08T19:26:35.8421312Z     │   │   │   └─ ← [Return] 18
run	foundry tests	2026-10-08T19:26:35.8421685Z     │   │   └─ ← [Return] 18
run	foundry tests	2026-10-08T19:26:35.8422089Z     │   └─ ← [Return] 12775570967595954 [1.277e16]
run	foundry tests	2026-10-08T19:26:35.8422568Z     └─ ← [Revert] next call did not revert as expected
run	foundry tests	2026-10-08T19:26:35.8422853Z 
run	foundry tests	2026-10-08T19:26:35.8422997Z Backtrace:
run	foundry tests	2026-10-08T19:26:35.8424040Z   at KineticTest.test_4b_ftso_stale_reverts
run	foundry tests	2026-10-08T19:26:35.8424558Z 
run	foundry tests	2026-10-08T19:26:35.8425114Z [PASS] test_5_liquidator_allowlist_blocks_outsiders() (gas: 163685)
run	foundry tests	2026-10-08T19:26:35.8426049Z Logs:
run	foundry tests	2026-10-08T19:26:35.8426620Z   fork rpc: https://flare.public-rpc.com
run	foundry tests	2026-10-08T19:26:35.8427420Z   block: 71640824
run	foundry tests	2026-10-08T19:26:35.8428193Z   ts: 1791487538
run	foundry tests	2026-10-08T19:26:35.8429215Z   liquidateBorrowAllowed; random liquidator returns (1 == UNAUTHORIZED): 1
run	foundry tests	2026-10-08T19:26:35.8430448Z   liquidateBorrowAllowed; random liquidator returns (1 == UNAUTHORIZED): 1
run	foundry tests	2026-10-08T19:26:35.8431425Z   liquidateBorrowAllowed; random liquidator returns (1 == UNAUTHORIZED): 1
run	foundry tests	2026-10-08T19:26:35.8431799Z 
run	foundry tests	2026-10-08T19:26:35.8432000Z [PASS] test_6_ctoken_approve_allowlist() (gas: 42457)
run	foundry tests	2026-10-08T19:26:35.8432414Z Logs:
run	foundry tests	2026-10-08T19:26:35.8432745Z   fork rpc: https://flare.public-rpc.com
run	foundry tests	2026-10-08T19:26:35.8433461Z   block: 71640824
run	foundry tests	2026-10-08T19:26:35.8433827Z   ts: 1791487538
run	foundry tests	2026-10-08T19:26:35.8434006Z 
run	foundry tests	2026-10-08T19:26:35.8434183Z [PASS] test_7_closed_pools_c3_c4() (gas: 634625)
run	foundry tests	2026-10-08T19:26:35.8434569Z Logs:
run	foundry tests	2026-10-08T19:26:35.8434887Z   fork rpc: https://flare.public-rpc.com
run	foundry tests	2026-10-08T19:26:35.8435479Z   block: 71640824
run	foundry tests	2026-10-08T19:26:35.8435767Z   ts: 1791487538
run	foundry tests	2026-10-08T19:26:35.8436088Z   c3 markets mint+borrow paused: 3
run	foundry tests	2026-10-08T19:26:35.8436434Z   tFLR
run	foundry tests	2026-10-08T19:26:35.8436704Z     mintPaused true
run	foundry tests	2026-10-08T19:26:35.8437017Z     borrowPaused false
run	foundry tests	2026-10-08T19:26:35.8437323Z     cash 0
run	foundry tests	2026-10-08T19:26:35.8437594Z     cf 600000000000000000
run	foundry tests	2026-10-08T19:26:35.8437905Z   tsFLR
run	foundry tests	2026-10-08T19:26:35.8438173Z     mintPaused true
run	foundry tests	2026-10-08T19:26:35.8438472Z     borrowPaused true
run	foundry tests	2026-10-08T19:26:35.8438771Z     cash 0
run	foundry tests	2026-10-08T19:26:35.8439081Z     cf 600000000000000000
run	foundry tests	2026-10-08T19:26:35.8439381Z   tUSDC.e
run	foundry tests	2026-10-08T19:26:35.8439653Z     mintPaused true
run	foundry tests	2026-10-08T19:26:35.8439950Z     borrowPaused true
run	foundry tests	2026-10-08T19:26:35.8440243Z     cash 0
run	foundry tests	2026-10-08T19:26:35.8440515Z     cf 800000000000000000
run	foundry tests	2026-10-08T19:26:35.8440815Z   tUSDT0
run	foundry tests	2026-10-08T19:26:35.8441088Z     mintPaused true
run	foundry tests	2026-10-08T19:26:35.8441384Z     borrowPaused true
run	foundry tests	2026-10-08T19:26:35.8441682Z     cash 0
run	foundry tests	2026-10-08T19:26:35.8441948Z     cf 800000000000000000
run	foundry tests	2026-10-08T19:26:35.8442250Z   tWETH
run	foundry tests	2026-10-08T19:26:35.8442526Z     mintPaused true
run	foundry tests	2026-10-08T19:26:35.8442817Z     borrowPaused true
run	foundry tests	2026-10-08T19:26:35.8443340Z     cash 0
run	foundry tests	2026-10-08T19:26:35.8443651Z     cf 700000000000000000
run	foundry tests	2026-10-08T19:26:35.8443961Z   tflrETH
run	foundry tests	2026-10-08T19:26:35.8444236Z     mintPaused false
run	foundry tests	2026-10-08T19:26:35.8444545Z     borrowPaused false
run	foundry tests	2026-10-08T19:26:35.8444848Z     cash 99000000000000000000
run	foundry tests	2026-10-08T19:26:35.8445165Z     cf 600000000000000000
run	foundry tests	2026-10-08T19:26:35.8445358Z 
run	foundry tests	2026-10-08T19:26:35.8445573Z [PASS] test_8_oracle_no_overrides_and_rate_legs() (gas: 509499)
run	foundry tests	2026-10-08T19:26:35.8446020Z Logs:
run	foundry tests	2026-10-08T19:26:35.8446338Z   fork rpc: https://flare.public-rpc.com
run	foundry tests	2026-10-08T19:26:35.8446719Z   block: 71640824
run	foundry tests	2026-10-08T19:26:35.8447110Z   ts: 1791487538
run	foundry tests	2026-10-08T19:26:35.8447585Z   sFLR rate 1889606220349440147
run	foundry tests	2026-10-08T19:26:35.8448141Z   sFLR oraclePrice 12775570967595954
run	foundry tests	2026-10-08T19:26:35.8448753Z   sFLR expected 12775570967595954
run	foundry tests	2026-10-08T19:26:35.8449323Z   flrETH rate 1070476743418981828
run	foundry tests	2026-10-08T19:26:35.8449933Z   flrETH oraclePrice 2629752436464452300337
run	foundry tests	2026-10-08T19:26:35.8450589Z   flrETH expected 2629752436464452300337
run	foundry tests	2026-10-08T19:26:35.8451168Z 
run	foundry tests	2026-10-08T19:26:35.8451552Z [PASS] test_9_sflr_rate_not_donation_manipulable() (gas: 294899)
run	foundry tests	2026-10-08T19:26:35.8452284Z Logs:
run	foundry tests	2026-10-08T19:26:35.8452624Z   fork rpc: https://flare.public-rpc.com
run	foundry tests	2026-10-08T19:26:35.8452995Z   block: 71640824
run	foundry tests	2026-10-08T19:26:35.8453606Z   ts: 1791487538
run	foundry tests	2026-10-08T19:26:35.8453921Z   sFLR rate before: 1889606220349440147
run	foundry tests	2026-10-08T19:26:35.8454292Z   sFLR rate after : 1889606220349440147
run	foundry tests	2026-10-08T19:26:35.8454515Z 
run	foundry tests	2026-10-08T19:26:35.8454823Z Suite result: FAILED. 9 passed; 1 failed; 0 skipped; finished in 56.68s (201.40s CPU time)
run	foundry tests	2026-10-08T19:26:35.8455244Z 
run	foundry tests	2026-10-08T19:26:35.8455557Z Ran 1 test suite in 57.02s (56.68s CPU time): 9 tests passed, 1 failed, 0 skipped (10 total tests)
run	foundry tests	2026-10-08T19:26:35.8456002Z 
run	foundry tests	2026-10-08T19:26:35.8456121Z Failing tests:
run	foundry tests	2026-10-08T19:26:35.8456507Z Encountered 1 failing test in test/Kinetic.t.sol:KineticTest
run	foundry tests	2026-10-08T19:26:35.8457181Z [FAIL: next call did not revert as expected] test_4b_ftso_stale_reverts() (block: 71640824) (gas: 118944)
run	foundry tests	2026-10-08T19:26:35.8457648Z 
run	foundry tests	2026-10-08T19:26:35.8457853Z Encountered a total of 1 failing tests, 9 tests succeeded
run	foundry tests	2026-10-08T19:26:35.8458154Z 
run	foundry tests	2026-10-08T19:26:35.8458385Z Tip: Run `forge test --rerun` to retry only the 1 failed test
run	foundry tests	2026-10-08T19:26:35.8459079Z Tip: Run `forge test --debug --match-test <TEST_NAME>` to inspect one failing test in the debugger
run	foundry tests	2026-10-08T19:26:35.8470325Z ##[error]Process completed with exit code 1.
run	upload results	﻿2026-10-08T19:26:35.8562482Z ##[group]Run actions/upload-artifact@v4
run	upload results	2026-10-08T19:26:35.8562898Z with:
run	upload results	2026-10-08T19:26:35.8563519Z   name: result-kinetic
run	upload results	2026-10-08T19:26:35.8563890Z   path: kinetic/ci-out/**
run	upload results	kinetic/**/*.log
run	upload results	
run	upload results	2026-10-08T19:26:35.8564281Z   if-no-files-found: ignore
run	upload results	2026-10-08T19:26:35.8564796Z   retention-days: 7
run	upload results	2026-10-08T19:26:35.8565102Z   compression-level: 6
run	upload results	2026-10-08T19:26:35.8565422Z   overwrite: false
run	upload results	2026-10-08T19:26:35.8565731Z   include-hidden-files: false
run	upload results	2026-10-08T19:26:35.8566053Z env:
run	upload results	2026-10-08T19:26:35.8566403Z   RPC_URL: ***
run	upload results	2026-10-08T19:26:35.8566977Z   BLOCKPI_RPC_URL: ***
run	upload results	2026-10-08T19:26:35.8567530Z   NODEREAL_ETH_RPC_URL: ***
run	upload results	2026-10-08T19:26:35.8567963Z   ETHERSCANV2_API_KEY: ***
run	upload results	2026-10-08T19:26:35.8568372Z   GOLD_RUSH_API_KEY: ***
run	upload results	2026-10-08T19:26:35.8568748Z   ALCHEMY_API_KEY: ***
run	upload results	2026-10-08T19:26:35.8569270Z   ANKR_API_KEY: ***
run	upload results	2026-10-08T19:26:35.8569684Z   DRPC_API_KEY: ***
run	upload results	2026-10-08T19:26:35.8570050Z   INFURA_API_KEY: ***
run	upload results	2026-10-08T19:26:35.8570425Z   DUNE_API_KEY: ***
run	upload results	2026-10-08T19:26:35.8570813Z   ARB_RPC_URL: ***
run	upload results	2026-10-08T19:26:35.8571180Z   BSC_RPC_URL: ***
run	upload results	2026-10-08T19:26:35.8571539Z   BASE_RPC_URL: ***
run	upload results	2026-10-08T19:26:35.8571924Z   OP_RPC_URL: ***
run	upload results	2026-10-08T19:26:35.8572328Z   POLYGON_RPC_URL: ***
run	upload results	2026-10-08T19:26:35.8572712Z   FANTOM_RPC_URL: ***
run	upload results	2026-10-08T19:26:35.8573336Z   CRONOS_RPC_URL: ***
run	upload results	2026-10-08T19:26:35.8573779Z   MOONRIVER_RPC_URL: ***
run	upload results	2026-10-08T19:26:35.8574168Z   GNOSIS_RPC_URL: ***
run	upload results	2026-10-08T19:26:35.8574543Z   SONIC_RPC_URL: ***
run	upload results	2026-10-08T19:26:35.8574843Z   FOUNDRY_FUZZ_RUNS: 256
run	upload results	2026-10-08T19:26:35.8575217Z   FORK_RPC_URL: https://ethereum-rpc.publicnode.com
run	upload results	2026-10-08T19:26:35.8575640Z ##[endgroup]
run	upload results	2026-10-08T19:26:36.0220170Z (node:4578) [DEP0040] DeprecationWarning: The `punycode` module is deprecated. Please use a userland alternative instead.
run	upload results	2026-10-08T19:26:36.0221267Z (Use `node --trace-deprecation ...` to show where the warning was created)
run	upload results	2026-10-08T19:26:36.0787431Z With the provided path, there will be 3 files uploaded
run	upload results	2026-10-08T19:26:36.0789171Z Artifact name is valid!
run	upload results	2026-10-08T19:26:36.0790042Z Root directory input is valid!
run	upload results	2026-10-08T19:26:36.4973843Z Beginning upload of artifact content to blob storage
run	upload results	2026-10-08T19:26:36.5212361Z (node:4578) [DEP0169] DeprecationWarning: `url.parse()` behavior is not standardized and prone to errors that have security implications. Use the WHATWG URL API instead. CVEs are not issued for `url.parse()` vulnerabilities.
run	upload results	2026-10-08T19:26:36.8088153Z Uploaded bytes 3604
run	upload results	2026-10-08T19:26:36.8884724Z Finished uploading artifact content to blob storage!
run	upload results	2026-10-08T19:26:36.8885884Z SHA256 digest of uploaded artifact zip is 858adfc88677488b416c543866088db053d08212a64dd1c9ef93a7821d639d6f
run	upload results	2026-10-08T19:26:36.8887458Z Finalizing artifact upload
run	upload results	2026-10-08T19:26:37.2030438Z Artifact result-kinetic.zip successfully finalized. Artifact ID 11573129139
run	upload results	2026-10-08T19:26:37.2032327Z Artifact result-kinetic has been successfully uploaded! Final size is 3604 bytes. Artifact ID is 11573129139
run	upload results	2026-10-08T19:26:37.2038630Z Artifact download URL: https://github.com/kingmariano/ca-zombie-ci/actions/runs/37831691816/artifacts/11573129139
run	Post Run actions/checkout@v4	﻿2026-10-08T19:26:37.2268809Z Post job cleanup.
run	Post Run actions/checkout@v4	2026-10-08T19:26:37.3152748Z [command]/usr/bin/git version
run	Post Run actions/checkout@v4	2026-10-08T19:26:37.3201024Z git version 2.55.0
run	Post Run actions/checkout@v4	2026-10-08T19:26:37.3244399Z Temporarily overriding HOME='/home/runner/work/_temp/436a5b95-c957-4795-9491-6131ab547d02' before making global git config changes
run	Post Run actions/checkout@v4	2026-10-08T19:26:37.3246233Z Adding repository directory to the temporary git global config as a safe directory
run	Post Run actions/checkout@v4	2026-10-08T19:26:37.3251519Z [command]/usr/bin/git config --global --add safe.directory /home/runner/work/ca-zombie-ci/ca-zombie-ci
run	Post Run actions/checkout@v4	2026-10-08T19:26:37.3294850Z [command]/usr/bin/git config --local --name-only --get-regexp core\.sshCommand
run	Post Run actions/checkout@v4	2026-10-08T19:26:37.3333019Z [command]/usr/bin/git submodule foreach --recursive sh -c "git config --local --name-only --get-regexp 'core\.sshCommand' && git config --local --unset-all 'core.sshCommand' || :"
run	Post Run actions/checkout@v4	2026-10-08T19:26:37.3597648Z [command]/usr/bin/git config --local --name-only --get-regexp http\.https\:\/\/github\.com\/\.extraheader
run	Post Run actions/checkout@v4	2026-10-08T19:26:37.3627765Z http.https://github.com/.extraheader
run	Post Run actions/checkout@v4	2026-10-08T19:26:37.3640142Z [command]/usr/bin/git config --local --unset-all http.https://github.com/.extraheader
run	Post Run actions/checkout@v4	2026-10-08T19:26:37.3679004Z [command]/usr/bin/git submodule foreach --recursive sh -c "git config --local --name-only --get-regexp 'http\.https\:\/\/github\.com\/\.extraheader' && git config --local --unset-all 'http.https://github.com/.extraheader' || :"
run	Post Run actions/checkout@v4	2026-10-08T19:26:37.3943552Z [command]/usr/bin/git config --local --name-only --get-regexp ^includeIf\.gitdir:
run	Post Run actions/checkout@v4	2026-10-08T19:26:37.3983326Z [command]/usr/bin/git submodule foreach --recursive git config --local --show-origin --name-only --get-regexp remote.origin.url
run	Complete job	﻿2026-10-08T19:26:37.4406141Z Cleaning up orphan processes
run	Complete job	2026-10-08T19:26:37.4816883Z ##[warning]Node.js 20 is deprecated. The following actions target Node.js 20 but are being forced to run on Node.js 24: actions/checkout@v4, actions/upload-artifact@v4. For more information see: https://github.blog/changelog/2025-09-19-deprecation-of-node-20-on-github-actions-runners/
