unique borrowers (top40/market): 108
decoded: 74/108

== borrowers with HF data (sorted by HF) ==
0x0BcaB08abA1c82e7074B5Bc197649f471f73FB83 HF=0.5313 coll=$0 debt=$0 [sUSDe]
0x76d757c1dA1B944b2A71a162494F76d3998f8CB9 HF=0.6664 coll=$0 debt=$0 [USDC]
0x9227dFf3a69caC5bc42984256588c88d1581237B HF=0.7089 coll=$0 debt=$0 [USDC,USDT]
0x938c28753E5F5A45b9d3189673385291FffcC1b3 HF=0.7999 coll=$0 debt=$0 [USDC]
0x2A08fcF4d97474Ab922F97f21FC85084EdBCe7eb HF=0.8001 coll=$0 debt=$0 [USDC]
0x8D40cE8c3935A7B5F4038CED3218b6825f51fCD4 HF=0.8222 coll=$0 debt=$0 [USDC,M-BTC]
0xF7F8d7A2C7eDaf28b96B35d3fCfFd3D2449a1AE1 HF=0.8759 coll=$0 debt=$0 [sUSDe]
0x36E272fA836115837b1DCe51fbd8F273F7d839D3 HF=0.9174 coll=$0 debt=$0 [USDC]
0x460ba37025d558e3fdF75776b836f8Ac9c17ba96 HF=0.9333 coll=$0 debt=$0 [ezETH]
0x79682489385337996edD00eB56B4238b597BFAE7 HF=0.9598 coll=$0 debt=$0 [USDC,USDT]
0xc2b5f67dA9F6A57469441F76c2f47982c6684c00 HF=0.9910 coll=$0 debt=$0 [USDC,USDT,WETH]
0xCA5a4938753Aafd7b536Db28A10CEC42D7Ab0E84 HF=1.0112 coll=$0 debt=$0 [wrsETH,weETH.mode]
0x9148fcc2B78bB12f960Fd5C7bd5421b80D832CCE HF=1.0113 coll=$0 debt=$0 [weETH.mode]
0x245A4887C7CA101419D629E447f2dE60d8861de4 HF=1.0238 coll=$0 debt=$0 [USDT]
0x4aaC28b42d754b7418B393263933CAbFD645b14E HF=1.0304 coll=$0 debt=$0 [wrsETH]
0xdca6143E849247DF9d1A32264FE5108FE31ae878 HF=1.0337 coll=$0 debt=$0 [wrsETH]
0x1a7Bc3953662bFf98Cd90dC5929F61C5B8892E14 HF=1.0484 coll=$0 debt=$0 [weETH.mode]
0xEa2Dc0d084bCb193644Bf429F459520E564Eb07C HF=1.0588 coll=$0 debt=$0 [wrsETH]
0xA10E51497b4B471dE5cC80beCf8ecB3c22cCd8dD HF=1.0773 coll=$0 debt=$0 [USDC,USDT,WETH]
0xCD79C9D34da15A71a43A556E2E0fC10Cb2f2640b HF=1.0775 coll=$0 debt=$0 [WETH,sUSDe]
0xFe8E3DAbC689b944a3c35290C1eE00b143D07A5e HF=1.0828 coll=$0 debt=$0 [weETH.mode]
0x74442AD0E7E786038033C98D3523362770E74326 HF=1.0869 coll=$0 debt=$0 [wrsETH]
0x5B7ED2AE2F2A268e5e6e22aaF90D59B313c21ef8 HF=1.1074 coll=$0 debt=$0 [ezETH]
0x71340166b12DD9e1Baa71C975451885971917415 HF=1.1148 coll=$0 debt=$0 [M-BTC]
0x9D837774EfB22C42d975fd86A8642cE97462f848 HF=1.1244 coll=$0 debt=$0 [wrsETH]

errors: 34 (top ['0xC4a70149330858Cd0F085E4cd81c10745c9130B1', '0x9E34d89C013Da3BF65fc02b59B6F27D710850430', '0xdAf50e499dcaFF47f284833920C02cDe439B6E4f'])

== treasury aToken balances ==
USDC 1168217618
USDT 916967192
WETH 1002653207770589814
ezETH 1690373885
wrsETH 3274081526082463
M-BTC 329661453996
weETH.mode 4334391330959447
MODE 15065350498446182694097
sUSDe 26058160827806039572
uniBTC 14774
