== enumerating top-level txs to Settlement ==
pages 1500 unique senders 14
== enumerating token-transfer senders to Settlement ==
pages 600 unique token senders 749
== code scan of 763 addresses ==
  scanned 0
  scanned 100
  scanned 200
  scanned 300
  scanned 400
  scanned 500
  scanned 600
  scanned 700
contracts: 742 with resolveOrders: 14
  RO 0x0B3e6d29cb582DB98b578D57237F54182c09C1a7 {'size': 6720, 'resolveOrders': True}
  RO 0x5623B873813b2f96416Cefd09d6A27cc5c938385 {'size': 3764, 'resolveOrders': True}
  RO 0x5B93D80DA1a359340d1F339FB574bDC56763f995 {'size': 5577, 'resolveOrders': True}
  RO 0x6482E8fB42130B3Cce53096BB035Ebe79435e2D4 {'size': 1156, 'resolveOrders': True}
  RO 0x7B3b0810F7B565194b86a79EF27d0975473A5f54 {'size': 6801, 'resolveOrders': True}
  RO 0x7a359544e4031703a6149DB2994AfB4e324Bb242 {'size': 3515, 'resolveOrders': True}
  RO 0x84D99Aa569D93a9CA187D83734c8C4a519c4e9b1 {'size': 6149, 'resolveOrders': True}
  RO 0xA9048585166f4F7c4589ADe19567bB538035ED36 {'size': 9477, 'resolveOrders': True}
  RO 0xB02F39e382c90160Eb816DE5e0E428ac771d77B5 {'size': 11121, 'resolveOrders': True}
  RO 0xBd4DBE0CB9136FFb4955ede88EBD5e92222aD09a {'size': 5748, 'resolveOrders': True}
  RO 0xE826979016f39162Ad848E8fFaCEAAEf7EF63664 {'size': 1156, 'resolveOrders': True}
  RO 0xEEfCc15d7015C4c4154988770711a1933Fa50BA3 {'size': 2290, 'resolveOrders': True}
  RO 0xcb13e91f957DE7fb5f77A7E933fE04bc464f895d {'size': 5627, 'resolveOrders': True}
  RO 0xe789c5566b53546d46A0af48a4bD3F062d1fefd1 {'size': 3538, 'resolveOrders': True}
== balances for resolveOrders contracts ==
0x0B3e6d29cb582DB98b578D57237F54182c09C1a7 tokens=2 usd(blockscout)=0.00
   bs retry 0 HTTP Error 422: Unprocessable Entity
   bs retry 1 HTTP Error 422: Unprocessable Entity
   bs retry 2 HTTP Error 422: Unprocessable Entity
   bs retry 3 HTTP Error 422: Unprocessable Entity
   bs retry 4 HTTP Error 422: Unprocessable Entity
   bs retry 5 HTTP Error 422: Unprocessable Entity
0x5623B873813b2f96416Cefd09d6A27cc5c938385 tokens=100 usd(blockscout)=30.25
   bs retry 0 HTTP Error 422: Unprocessable Entity
   bs retry 1 HTTP Error 422: Unprocessable Entity
   bs retry 2 HTTP Error 422: Unprocessable Entity
   bs retry 3 HTTP Error 422: Unprocessable Entity
   bs retry 4 HTTP Error 422: Unprocessable Entity
   bs retry 5 HTTP Error 422: Unprocessable Entity
0x5B93D80DA1a359340d1F339FB574bDC56763f995 tokens=1000 usd(blockscout)=1411.91
0x6482E8fB42130B3Cce53096BB035Ebe79435e2D4 tokens=12 usd(blockscout)=0.03
   bs retry 0 HTTP Error 422: Unprocessable Entity
   bs retry 1 HTTP Error 422: Unprocessable Entity
   bs retry 2 HTTP Error 422: Unprocessable Entity
   bs retry 3 HTTP Error 422: Unprocessable Entity
   bs retry 4 HTTP Error 422: Unprocessable Entity
   bs retry 5 HTTP Error 422: Unprocessable Entity
0x7B3b0810F7B565194b86a79EF27d0975473A5f54 tokens=200 usd(blockscout)=60.77
   bs retry 0 HTTP Error 422: Unprocessable Entity
   bs retry 1 HTTP Error 422: Unprocessable Entity
   bs retry 2 HTTP Error 422: Unprocessable Entity
   bs retry 3 HTTP Error 422: Unprocessable Entity
   bs retry 4 HTTP Error 422: Unprocessable Entity
   bs retry 5 HTTP Error 422: Unprocessable Entity
0x7a359544e4031703a6149DB2994AfB4e324Bb242 tokens=100 usd(blockscout)=159.12
   bs retry 0 HTTP Error 422: Unprocessable Entity
   bs retry 1 HTTP Error 422: Unprocessable Entity
   bs retry 2 HTTP Error 422: Unprocessable Entity
   bs retry 3 HTTP Error 422: Unprocessable Entity
   bs retry 4 HTTP Error 422: Unprocessable Entity
   bs retry 5 HTTP Error 422: Unprocessable Entity
0x84D99Aa569D93a9CA187D83734c8C4a519c4e9b1 tokens=300 usd(blockscout)=18.12
   bs retry 0 HTTP Error 422: Unprocessable Entity
   bs retry 1 HTTP Error 422: Unprocessable Entity
   bs retry 2 HTTP Error 422: Unprocessable Entity
   bs retry 3 HTTP Error 422: Unprocessable Entity
   bs retry 4 HTTP Error 422: Unprocessable Entity
   bs retry 5 HTTP Error 422: Unprocessable Entity
0xA9048585166f4F7c4589ADe19567bB538035ED36 tokens=350 usd(blockscout)=28.40
0xB02F39e382c90160Eb816DE5e0E428ac771d77B5 tokens=20 usd(blockscout)=0.78
   bs retry 0 HTTP Error 422: Unprocessable Entity
   bs retry 1 HTTP Error 422: Unprocessable Entity
   bs retry 2 HTTP Error 422: Unprocessable Entity
   bs retry 3 HTTP Error 422: Unprocessable Entity
   bs retry 4 HTTP Error 422: Unprocessable Entity
   bs retry 5 HTTP Error 422: Unprocessable Entity
0xBd4DBE0CB9136FFb4955ede88EBD5e92222aD09a tokens=50 usd(blockscout)=5.23
0xE826979016f39162Ad848E8fFaCEAAEf7EF63664 tokens=4 usd(blockscout)=0.00
0xEEfCc15d7015C4c4154988770711a1933Fa50BA3 tokens=0 usd(blockscout)=0.00
0xcb13e91f957DE7fb5f77A7E933fE04bc464f895d tokens=67 usd(blockscout)=4.61
   bs retry 0 HTTP Error 422: Unprocessable Entity
   bs retry 1 HTTP Error 422: Unprocessable Entity
   bs retry 2 HTTP Error 422: Unprocessable Entity
   bs retry 3 HTTP Error 422: Unprocessable Entity
   bs retry 4 HTTP Error 422: Unprocessable Entity
   bs retry 5 HTTP Error 422: Unprocessable Entity
0xe789c5566b53546d46A0af48a4bD3F062d1fefd1 tokens=200 usd(blockscout)=93.98
TOTAL blockscout-priced USD across resolveOrders contracts: 1813.20
