ever_enabled=150 action_safes=99 tx_service=34 universe=150
action_safes NOT in ever_enabled: []
[20/150]
[40/150]
[60/150]
[80/150]
[100/150]
[120/150]
[140/150]
[150/150]

currently enabled (on-chain verified): 34
  0x0432a53b9874b1b5816948e30bba8a5c4ace2b9c events=True actions=False txsvc=True
  0x0d5970b9ea6a115aea9837e0199778d53cd58f4c events=True actions=False txsvc=True
  0x0fd0a03dec8daa869c90bc7fa8ad1b4d0769fc7d events=True actions=False txsvc=True
  0x214c7da3612da38460db84460713a382db7375ad events=True actions=True txsvc=True
  0x28fb31f2e0b30d12e0444ab4f0a94f8dd98e676a events=True actions=False txsvc=True
  0x347923a69ba82b9c76368d760ed7515171d0b631 events=True actions=False txsvc=True
  0x39e81120249f8cbd4353f0996a48c44144cfa072 events=True actions=False txsvc=True
  0x40eaf4f78144ae81d9ba1a4358d9d4bf3b998d22 events=True actions=False txsvc=True
  0x469295ecaefdc66224a8081d34598c4c6ee2cb75 events=True actions=True txsvc=True
  0x4b37b51196e20057d8d768661cf06193080315ee events=True actions=False txsvc=True
  0x535110a45fb4a6f8df70e89f70ca23db85694f00 events=True actions=False txsvc=True
  0x54ff035038a23f64e2537e3cd324a7d5c31f57ed events=True actions=True txsvc=True
  0x5533092961458d696a4e62f8e6fd2fc2e85e8ee6 events=True actions=False txsvc=True
  0x562172cf262304c6b763a119e7129eccdf0e1de0 events=True actions=False txsvc=True
  0x6158b0115b80b7c405cefff5629bea56601b87a0 events=True actions=False txsvc=True
  0x616cf11518226ac8d4763210ea45bcd2b6f00cdb events=True actions=False txsvc=True
  0x63e35c1a4745b566e9d07574544e39b96a3473b6 events=True actions=True txsvc=True
  0x6b5beb98fa21316f8b4e9819b9040e97ed7c256c events=True actions=False txsvc=True
  0x6bfc791ec215d4f8feb0e79bb613d760ded12bac events=True actions=False txsvc=True
  0x759b8279558d04a70937392fd331138ae1e180c1 events=True actions=False txsvc=True
  0x8175d8ec144457c112eabbdf872c11cd00797878 events=True actions=False txsvc=True
  0x8d6beff6e06572079f43867837c86374d014864b events=True actions=False txsvc=True
  0x907842198cb1d9426dba3bd83f027fa77f646b7f events=True actions=False txsvc=True
  0x969c418fa038f98091aa3040a8ac065899fd46eb events=True actions=False txsvc=True
  0x9a2e343621f45a5bc7913b3ddd169cde67c6a59e events=True actions=False txsvc=True
  0x9c51142e60e3b7eac9e20309a86ded003d6bf4be events=True actions=False txsvc=True
  0xac3e29d948c07725b7af6f4524febd0ac27b6030 events=True actions=False txsvc=True
  0xb7c5b6a9c3d9dfe3f7085119d108c790d48d19dc events=True actions=False txsvc=True
  0xc1e61b6f353a78fe5b1b67688ded3582e166b0cd events=True actions=False txsvc=True
  0xc3599d3506560c3d02815f32b5622640d074f26f events=True actions=False txsvc=True
  0xe6c7f52dba6e686a2f6e09b5cb76657ca311f850 events=True actions=False txsvc=True
  0xeabfe4b0028dc5139766f8aa76e63709946687a8 events=True actions=False txsvc=True
  0xecc48f01e10afca7d785145f25ce4707bd32c32d events=True actions=False txsvc=True
  0xf5a7cd2b86e3c867d5968d15cd87e9b1cccb2f14 events=True actions=False txsvc=True
