candidate Safes: 63 (tx-service=34, attack-list=29)
[1/63] 0x0432A53B9874b1B5816948e30bbA8A5c4aCE2B9c enabled=True grants=2 perms=['*'] eth=0
[2/63] 0x0D5970b9Ea6A115AEA9837e0199778D53cd58F4C enabled=True grants=2 perms=['*'] eth=0
[3/63] 0x0f4a0e6b93803b8b6223fa331a03fcfa57cfa6ba enabled=False grants=2 perms=['*'] eth=360000000000000
[4/63] 0x0fD0A03dEc8Daa869c90bC7fa8ad1B4D0769fc7D enabled=True grants=2 perms=['*'] eth=0
[5/63] 0x214C7dA3612Da38460db84460713A382Db7375Ad enabled=True grants=2 perms=['*'] eth=0
[6/63] 0x28fb31f2e0B30D12e0444ab4f0A94F8dd98e676a enabled=True grants=2 perms=['*'] eth=0
[7/63] 0x347923a69BA82B9c76368d760eD7515171D0B631 enabled=True grants=2 perms=['*'] eth=0
[8/63] 0x39e81120249F8cbd4353F0996a48c44144cFA072 enabled=True grants=2 perms=['*'] eth=0
[9/63] 0x3a87c453ae6371a2979be1ba467ae8393f6c3203 enabled=False grants=2 perms=['*'] eth=360898887937613
[10/63] 0x3d8a428a1e5e0254ef2079ef3cdf75a479eb72fd enabled=False grants=2 perms=['*'] eth=0
[11/63] 0x40e2b1e7ed8a7c52fbf95e8b50390fc99896f16e enabled=False grants=2 perms=['*'] eth=360000000000000
[12/63] 0x40eaF4f78144Ae81d9ba1a4358D9d4bf3b998D22 enabled=True grants=2 perms=['*'] eth=0
[13/63] 0x469295ECaEFDC66224A8081d34598C4c6EE2CB75 enabled=True grants=2 perms=['*'] eth=0
[14/63] 0x4b37b51196e20057D8D768661cf06193080315Ee enabled=True grants=2 perms=['*'] eth=0
[15/63] 0x4e56e70a18f8eb401989568c46b35fec4116c624 enabled=False grants=2 perms=['*'] eth=63252817809
[16/63] 0x5038974ec24e1f0dc5557a93fb31b6a02bc23a77 enabled=False grants=2 perms=['*'] eth=378329228108860637
[17/63] 0x535110a45fb4a6f8Df70E89F70Ca23db85694f00 enabled=True grants=2 perms=['*'] eth=0
[18/63] 0x54Ff035038A23f64E2537E3Cd324A7d5C31F57Ed enabled=True grants=1 perms=['*'] eth=360000000000000
[19/63] 0x5533092961458d696A4e62f8E6FD2fC2E85E8eE6 enabled=True grants=2 perms=['*'] eth=0
[20/63] 0x562172CF262304C6B763A119e7129eCCdf0E1dE0 enabled=True grants=2 perms=['*'] eth=0
[21/63] 0x6158b0115b80B7c405cEffF5629bea56601B87a0 enabled=True grants=2 perms=['*'] eth=0
[22/63] 0x616CF11518226AC8d4763210ea45bCd2B6F00Cdb enabled=True grants=2 perms=['*'] eth=0
[23/63] 0x619d1170bbf8f35f8e52a4d9fec7688b242384e4 enabled=False grants=2 perms=['*'] eth=0
[24/63] 0x63e35c1A4745B566e9D07574544E39B96A3473B6 enabled=True grants=2 perms=['*'] eth=78796249024117
[25/63] 0x666ec014709c25fef7692858337739d2087ad4b5 enabled=False grants=2 perms=['*'] eth=1804458185250319552
[26/63] 0x6B5bEB98fA21316f8B4E9819b9040e97Ed7c256C enabled=True grants=2 perms=['*'] eth=0
[27/63] 0x6BFC791EC215D4f8feb0E79BB613D760dED12bAC enabled=True grants=2 perms=['*'] eth=0
[28/63] 0x6e66c8052d02b109084a76fb0550c8335784d7cb enabled=False grants=2 perms=['*'] eth=150092829731734810
[29/63] 0x759B8279558d04a70937392fD331138AE1E180C1 enabled=True grants=2 perms=['*'] eth=0
[30/63] 0x7bc6a7a6d31d0becc641aea81f9bfb4d910031e6 enabled=False grants=2 perms=['*'] eth=368785470235943386
[31/63] 0x7bfca12ebbc81d723fba58b5efae330dd46dec5c enabled=False grants=2 perms=['*'] eth=360000000000000
[32/63] 0x8175d8Ec144457c112eABBdF872C11Cd00797878 enabled=True grants=2 perms=['*'] eth=0
[33/63] 0x8321d5ea5daed1ce833bb4f8c090f79e6169de37 enabled=False grants=2 perms=['*'] eth=102940997064817357
[34/63] 0x8D6bEfF6E06572079F43867837C86374d014864b enabled=True grants=2 perms=['*'] eth=0
[35/63] 0x8ccc93e9087249c2bdef106b6ead9f41348c9734 enabled=False grants=2 perms=['*'] eth=1516590146501200843
[36/63] 0x8d4e57644fc3cc4985862f174994a4bdf872c436 enabled=False grants=2 perms=['*'] eth=360000000000000
[37/63] 0x9029f32296e635deb58c34a857cebfbd755e15bd enabled=False grants=2 perms=['*'] eth=360000000000000
[38/63] 0x907842198CB1D9426DBA3BD83f027fa77f646b7F enabled=True grants=2 perms=['*'] eth=0
[39/63] 0x969C418fA038F98091aA3040A8aC065899fd46Eb enabled=True grants=2 perms=['*'] eth=0
[40/63] 0x97d1e9a6849b6fd2c523b168efb24fd42c055955 enabled=False grants=2 perms=['*'] eth=18860849543049003
[41/63] 0x9A2E343621f45A5bc7913b3DDD169Cde67C6a59E enabled=True grants=2 perms=['*'] eth=0
[42/63] 0x9aa986e6f47726d489c2ac023dc7dcc3de7d00a7 enabled=False grants=2 perms=['*'] eth=63920272362729534
[43/63] 0x9c51142E60e3b7eAC9E20309A86DeD003D6bF4BE enabled=True grants=1 perms=['*'] eth=0
[44/63] 0x9c7ca94c14708aa7ff8f1a308b93ff105a0d254c enabled=False grants=2 perms=['*'] eth=4065292738235791
[45/63] 0x9d9ce17f81e5b2e99e196aee42b1d152bf6449b5 enabled=False grants=2 perms=['*'] eth=2360884188361454
[46/63] 0xC1e61B6F353a78FE5B1b67688dED3582e166b0CD enabled=True grants=2 perms=['*'] eth=0
[47/63] 0xC3599d3506560c3D02815f32B5622640D074F26f enabled=True grants=2 perms=['*'] eth=0
[48/63] 0xE6C7F52DbA6e686A2F6e09B5Cb76657CA311F850 enabled=True grants=2 perms=['*'] eth=0
[49/63] 0xEABFe4b0028dC5139766F8aA76E63709946687a8 enabled=True grants=2 perms=['*'] eth=0
[50/63] 0xECc48F01E10afCA7d785145F25Ce4707Bd32c32d enabled=True grants=2 perms=['*'] eth=0
[51/63] 0xaC3E29D948c07725b7Af6f4524FeBD0aC27b6030 enabled=True grants=2 perms=['*'] eth=0
[52/63] 0xb7C5b6a9C3d9dFe3F7085119d108c790D48d19Dc enabled=True grants=2 perms=['*'] eth=0
[53/63] 0xbb3eddfaa5849da44df52e7f45bb85a50f7a4c91 enabled=False grants=2 perms=['*'] eth=364422839998
[54/63] 0xbfadbd415f574ed8a650b1fffdf16245113be70f enabled=False grants=2 perms=['*'] eth=315773658807476037
[55/63] 0xc52950d522034a558903cc409c8bbf1f4decc62e enabled=False grants=2 perms=['*'] eth=29592814228475997
[56/63] 0xcda714b58641a18ed69d5d1733670a5f998b2119 enabled=False grants=2 perms=['*'] eth=9165312417049380
[57/63] 0xce835b1df4a3e6e828762b7bde35e650fd2fbe34 enabled=False grants=2 perms=['*'] eth=26
[58/63] 0xef6afaaecdd4dc5d7958c42a6f5202abde0aa7db enabled=False grants=2 perms=['*'] eth=58265338391309315
[59/63] 0xf1b7d2e50278dc3fbc36ad4c29595afa46e56dc2 enabled=False grants=2 perms=['*'] eth=1124696421538824
[60/63] 0xf5a7cD2b86E3C867d5968D15cd87E9b1CCCB2f14 enabled=True grants=2 perms=['*'] eth=0
[61/63] 0xf87b4c5eb6ee3405b7b7ff8faf12bb8eefc1b557 enabled=False grants=2 perms=['*'] eth=78141146691717559
[62/63] 0xf8b546c717c87659e56a13626e328850494ae87c enabled=False grants=2 perms=['*'] eth=50360000000000000
[63/63] 0xfb17daaceec5a0678c146fd2def8675e5fa5840b enabled=False grants=2 perms=['*'] eth=294799897706535453

ENABLED + PERMISSIONED: 34
0x0432A53B9874b1B5816948e30bbA8A5c4aCE2B9c ['*'] ETH_wei=0
0x0D5970b9Ea6A115AEA9837e0199778D53cd58F4C ['*'] ETH_wei=0
0x0fD0A03dEc8Daa869c90bC7fa8ad1B4D0769fc7D ['*'] ETH_wei=0
0x214C7dA3612Da38460db84460713A382Db7375Ad ['*'] ETH_wei=0
0x28fb31f2e0B30D12e0444ab4f0A94F8dd98e676a ['*'] ETH_wei=0
0x347923a69BA82B9c76368d760eD7515171D0B631 ['*'] ETH_wei=0
0x39e81120249F8cbd4353F0996a48c44144cFA072 ['*'] ETH_wei=0
0x40eaF4f78144Ae81d9ba1a4358D9d4bf3b998D22 ['*'] ETH_wei=0
0x469295ECaEFDC66224A8081d34598C4c6EE2CB75 ['*'] ETH_wei=0
0x4b37b51196e20057D8D768661cf06193080315Ee ['*'] ETH_wei=0
0x535110a45fb4a6f8Df70E89F70Ca23db85694f00 ['*'] ETH_wei=0
0x54Ff035038A23f64E2537E3Cd324A7d5C31F57Ed ['*'] ETH_wei=360000000000000
0x5533092961458d696A4e62f8E6FD2fC2E85E8eE6 ['*'] ETH_wei=0
0x562172CF262304C6B763A119e7129eCCdf0E1dE0 ['*'] ETH_wei=0
0x6158b0115b80B7c405cEffF5629bea56601B87a0 ['*'] ETH_wei=0
0x616CF11518226AC8d4763210ea45bCd2B6F00Cdb ['*'] ETH_wei=0
0x63e35c1A4745B566e9D07574544E39B96A3473B6 ['*'] ETH_wei=78796249024117
0x6B5bEB98fA21316f8B4E9819b9040e97Ed7c256C ['*'] ETH_wei=0
0x6BFC791EC215D4f8feb0E79BB613D760dED12bAC ['*'] ETH_wei=0
0x759B8279558d04a70937392fD331138AE1E180C1 ['*'] ETH_wei=0
0x8175d8Ec144457c112eABBdF872C11Cd00797878 ['*'] ETH_wei=0
0x8D6bEfF6E06572079F43867837C86374d014864b ['*'] ETH_wei=0
0x907842198CB1D9426DBA3BD83f027fa77f646b7F ['*'] ETH_wei=0
0x969C418fA038F98091aA3040A8aC065899fd46Eb ['*'] ETH_wei=0
0x9A2E343621f45A5bc7913b3DDD169Cde67C6a59E ['*'] ETH_wei=0
0x9c51142E60e3b7eAC9E20309A86DeD003D6bF4BE ['*'] ETH_wei=0
0xC1e61B6F353a78FE5B1b67688dED3582e166b0CD ['*'] ETH_wei=0
0xC3599d3506560c3D02815f32B5622640D074F26f ['*'] ETH_wei=0
0xE6C7F52DbA6e686A2F6e09B5Cb76657CA311F850 ['*'] ETH_wei=0
0xEABFe4b0028dC5139766F8aA76E63709946687a8 ['*'] ETH_wei=0
0xECc48F01E10afCA7d785145F25Ce4707Bd32c32d ['*'] ETH_wei=0
0xaC3E29D948c07725b7Af6f4524FeBD0aC27b6030 ['*'] ETH_wei=0
0xb7C5b6a9C3d9dFe3F7085119d108c790D48d19Dc ['*'] ETH_wei=0
0xf5a7cD2b86E3C867d5968D15cd87E9b1CCCB2f14 ['*'] ETH_wei=0
