contracts in dump: 155146 (updated 1791156892.320568)
era contracts (>=2026-06-01) with wasm: 143437; distinct hashes: 3015
local build hashes: {}
candidate hashes (<= 50 instances network-wide): 2978
429; sleep 15s
MATCH 00b33d5f9f8a0aec1aecbefb73c724a22800f5d8577f693b26ad7a00329d6f20 markers=['VaultError'] instances=['CDP234IBCQZB6SIBX2GL7QI6J2U2YI5OWXCK6OB2NLMO3HQ7D7M7RB5G']
429; sleep 15s
429; sleep 25s
429; sleep 35s
scanned 50/2978
429; sleep 15s
429; sleep 25s
429; sleep 35s
scanned 100/2978
429; sleep 15s
429; sleep 25s
429; sleep 35s
MATCH 0a9a17a88c4a2a0bd9c090b2701382faf1f2f2ae00b2d1d12c03f9a07de74ad5 markers=['VaultError'] instances=['CBIQ6KL3V262BBJXE3BRVQTWEIZU34OV7RUI23YKWVDFYHAIEALCBO7W', 'CBPO7ZRCFSYY55Z4JNPNQ3DOCPL4AXU36ZUNWEU3ND33DU6PZXJKTJVT', 'CDKLE4A3PXB2KGLPGUN7D4R24SU53DSC5ZL3CL5G5HAVWV3EOLPAFYY3']
scanned 150/2978
429; sleep 15s
429; sleep 25s
429; sleep 35s
MATCH 0c9e090b9232777fc2c023aa85a5ddd00700204c9b393134efb1870956cbf80d markers=['VaultError'] instances=['CA3YQCW6JOOMXWPJE5JP2GCSG2UXK2PHRFVYESSXSKIEKQU3JQNCFLII']
429; sleep 15s
429; sleep 25s
429; sleep 35s
scanned 200/2978
MATCH 1230a70e9f000bedd1044e7fc330912352ab01640f3a67cdc9b186d720549ef7 markers=['VaultError'] instances=['CDBCFTJQQSOPLAKOSGTDLLGBIYYPWN7XMQ4IA7WINBEGPF6RY2G2YP5M']
429; sleep 15s
429; sleep 25s
429; sleep 35s
scanned 250/2978
429; sleep 15s
429; sleep 25s
429; sleep 35s
scanned 300/2978
MATCH 1872e71c6ba523dcd60ec9afa29000b38211c846dfda3be9c4f6199fde54f9c4 markers=['VaultError'] instances=['CAOZ6YRJ7FYN5XBXUV7KHTFULWFQT5LREVZYVS3KWUMEPRQFIX3WLNDR']
MATCH 1996bf22d9933cb8da6c98b8eb195532ec92a618b83af254541b1679b29d9545 markers=['VaultError'] instances=['CDEMCFZKAMMHJ4NDCAVFIBM23ZIVZZF4F2HRW6J3L46RYJMPUOPB73PA']
429; sleep 15s
