addresses: 3676
acct 0
acct 200
acct 400
acct 600
acct 800
acct 1000
acct 1200
acct 1400
acct 1600
acct 1800
acct 2000
acct 2200
acct 2400
acct 2600
acct 2800
acct 3000
acct 3200
acct 3400
acct 3600
accounts with debt or HF<1: 1705
bal 0
bal 500
bal 1000
bal 1500
bal 2000
bal 2500
bal 3000
bal 3500
bal 4000
bal 4500
bal 5000
bal 5500
bal 6000
bal 6500
bal 7000
bal 7500
bal 8000
bal 8500
bal 9000
bal 9500
bal 10000
bal 10500
bal 11000
bal 11500
bal 12000
bal 12500
bal 13000
bal 13500
bal 14000
bal 14500
bal 15000
bal 15500
bal 16000
bal 16500
bal 17000
bal 17500
bal 18000
bal 18500
bal 19000
bal 19500
bal 20000
bal 20500
bal 21000
bal 21500
bal 22000

=== TOTAL liquidation profit estimate: 7.6517 CELO ===
  0x7c980b8C8311dCf2Ca3515A7099e3687f56D46d4 HF=0.8468 profit=0.26257 CELO pair=('cUSD', 'CELO', 0.5055535406983505, 5.2513724122183065) debt=10.50 coll=11.12
  0x23d908e907376F658d8749727E9730bF5A7fFEE2 HF=0.9236 profit=0.21665 CELO pair=('cUSD', 'CELO', 0.4171315829301412, 4.3329006930470975) debt=8.67 coll=10.01
  0x8f3ea6acaa7faFF240A088ffFeae3A404F4018B4 HF=0.3771 profit=0.20435 CELO pair=('MOO', 'cEUR', 457.7413211980697, 0.1730063747874962) debt=4.09 coll=80.26
  0xF3f8d518347a3F46E8a3cDb4207fB92e177Be5e2 HF=0.8480 profit=0.16111 CELO pair=('cEUR', 'cUSD', 0.15277022868729928, 0.14495769046291038) debt=3.22 coll=3.90
  0x15eEbEe099d0727162EC458dfbDb964488F859a8 HF=0.9991 profit=0.12769 CELO pair=('cUSD', 'cUSD', 0.24585868860272778, 0.2297744753296521) debt=5.11 coll=6.38
  0xBb0757e65aa6935b4d0789407412dFff1e532152 HF=0.8241 profit=0.11421 CELO pair=('CELO', 'cUSD', 2.4441826885528832, 0.20552300749070512) debt=4.57 coll=5.38
  0xd26299Ec548d06A7B64e46125F2b0B949E475a8d HF=0.6703 profit=0.11227 CELO pair=('CELO', 'cREAL', 2.4025449666728553, 1.068994733549297) debt=4.49 coll=4.30
  0x41c245E68F966454A01a2B0f6410474892167b7c HF=0.2683 profit=0.10968 CELO pair=('CELO', 'cUSD', 2.347232172224543, 0.1973707683856264) debt=8.24 coll=3.16
  0x2232D5803f8f16e7146B00b0F632fd20C7e33049 HF=0.7597 profit=0.10111 CELO pair=('cEUR', 'cEUR', 0.09587260246854663, 0.08560053791834521) debt=3.08 coll=3.94
  0x027CE0410342fEb68f146aB80d438e47380E1ab2 HF=0.4997 profit=0.10056 CELO pair=('CELO', 'cEUR', 2.1520607208085845, 0.17027886575795037) debt=4.02 coll=2.87
  0xd4EBBc258d26e63f76e849726b02595c7271fb67 HF=0.8127 profit=0.09994 CELO pair=('cUSD', 'cUSD', 0.19241811672596915, 0.17983001563174686) debt=4.00 coll=4.09
  0x48CE924aa1b50ECCB5BD2FA6Cdb52353505286cF HF=0.7093 profit=0.09989 CELO pair=('CELO', 'cUSD', 2.1376944139628846, 0.17975145111344099) debt=7.10 coll=7.19
  0x3A84aA862b9a4d3286D5b1dc173AF8971A132160 HF=0.3916 profit=0.09989 CELO pair=('CELO', 'cUSD', 2.1375808023764513, 0.1797418979016296) debt=4.00 coll=2.24
  0x0Bbf91036B886eB9F7B902a5dE615b765917Aa24 HF=0.7152 profit=0.09913 CELO pair=('CELO', 'cUSD', 2.1214550531055716, 0.17838593850313042) debt=7.55 coll=7.71
  0x1dc3c743bdD058EfE4b3316a95dD65CBe4C96435 HF=0.8436 profit=0.09601 CELO pair=('cUSD', 'cUSD', 0.1848502105015596, 0.1727572060762239) debt=3.84 coll=4.05
  0x05cD7073C8299d1F56daf4901001cFA9a379B199 HF=0.4550 profit=0.09020 CELO pair=('CELO', 'cUSD', 1.9302854190085168, 0.1623111343059914) debt=3.61 coll=2.35
  0xfC21207215FF472c6fe8A4632EaeA5B7EB9FAcEA HF=0.7146 profit=0.08556 CELO pair=('cEUR', 'cEUR', 0.08112805923713277, 0.0724357671760114) debt=1.71 coll=2.38
  0x96208141316FdaaEab525B8016Fb2c867A34bb84 HF=0.1998 profit=0.08523 CELO pair=('CELO', 'cUSD', 1.823926537531106, 0.1533677777815546) debt=6.39 coll=1.82
  0x1e5b012C68f3fd1A51A9e1E0014F1CE4F00Aa65e HF=0.3448 profit=0.08345 CELO pair=('CELO', 'cEUR', 1.785840558700477, 0.14130219552811077) debt=3.63 coll=1.79
  0x4458Edb7976AE33bB288a0b78017C37d365e6c01 HF=0.4666 profit=0.08335 CELO pair=('MOO', 'cUSD', 186.69647748307543, 0.07498919058831428) debt=6.11 coll=5.00
  0x098e74d93FF3603f5d9B35b4d923c4c95CF8a903 HF=0.1762 profit=0.08281 CELO pair=('CELO', 'cEUR', 1.7720868416338136, 0.14021395144678794) debt=7.04 coll=1.99
  0xb92edC197159628bcC8ECE81702e683fd7F1c9eD HF=0.2029 profit=0.08119 CELO pair=('CELO', 'cUSD', 1.7374708087326465, 0.14609800965796954) debt=5.99 coll=1.74
  0xa3464A9410616034D3A736446e1de3eC9176ABA0 HF=0.0273 profit=0.08043 CELO pair=('CELO', 'cUSD', 1.7212331717085398, 0.14473264199892905) debt=44.77 coll=1.75
  0x81760066e7E608a1b53669817bFe614b30d00bd8 HF=0.2935 profit=0.07844 CELO pair=('CELO', 'cUSD', 1.6785192131413504, 0.14114097053031238) debt=4.00 coll=1.68
  0x7402C9b850DF91C489bd3e6BB73eD91c9faBE252 HF=0.2005 profit=0.07777 CELO pair=('CELO', 'cUSD', 1.664330377914998, 0.13994787964468935) debt=5.81 coll=1.66
