{
 "E_U_mint_and_dump_hard_assets_usd": 19879.71,
 "E_U_mint_and_dump_osmosis_usd": 2457.7,
 "E_U_mint_and_dump_total_measured_usd": 22337.41,
 "gov_capture_immediate_usd": 35437.03,
 "total_wasm_contract_known_usd": 156867.95
}
capture: {
 "bonded_arch": 221867913.39349926,
 "not_bonded_arch": 270057400.32883465,
 "supply_arch": 1178686170.4340973,
 "arch_price_usd": 0.0003673574005106446,
 "bonded_usd": 81504.82,
 "community_pool_arch": 96464723.66093959,
 "community_pool_usd": 35437.03,
 "quorum": 0.334,
 "threshold": 0.5,
 "veto_threshold": 0.334,
 "voting_period_s": 604800,
 "min_deposit": {
  "denom": "aarch",
  "amount": "5000000000000000000000"
 },
 "quorum_arch": 74103883.073,
 "quorum_usd": 27222.61,
 "majority_arch": 110933956.697,
 "majority_usd": 40752.41,
 "veto_proof_arch": 147764030.32,
 "veto_proof_usd": 54282.21,
 "gov_module_address": "archway10d07y265gmmuvt4z0w9aw880jnsr700j0f0puy",
 "gov_administered_contracts": 0,
 "gov_administered_contracts_usd": 0,
 "treasury_module_usd": 16624.43
}
contracts: {
 "n_codes": 889,
 "n_contracts": 8232,
 "n_with_value": 8109,
 "known_value_usd": 156867.95,
 "hard_usd_assets_usd": 15922.58,
 "major_assets_usd": 3957.13,
 "arch_in_contracts_usd": 139010.69,
 "top_denoms": [
  {
   "denom": "aarch",
   "amount": 3.787064240416013e+26,
   "usd": 139120.6074926042,
   "cls": "arch"
  },
  {
   "denom": "ibc/43897B9739BD63E3A08A88191999C632E052724AB96BD4C74AE31375C991F48D",
   "amount": 15314985284.0,
   "usd": 15314.98528400001,
   "cls": "hard-usd"
  },
  {
   "denom": "ibc/C2CFB1C37C146CF95B0784FD518F8030FEFC76C5800105B1742FB65FFE65F873",
   "amount": 2458831551.0,
   "usd": 1844.2796548603935,
   "cls": "major"
  },
  {
   "denom": "ibc/27394FB092D2ECCD56123C74F36E4C1F926001CEADA9CA97EA622B25F41E5EB2",
   "amount": 171882878.0,
   "usd": 308.98060804874564,
   "cls": "major"
  },
  {
   "denom": "ibc/0471F1C4E7AFD3F07702BEF6DC365268D64570F7C1FDC98EA6098DD6DE59817B",
   "amount": 4452049282.0,
   "usd": 160.03892567582804,
   "cls": "major"
  },
  {
   "denom": "ibc/9428981CEA5DA704D99DD51AAB2EC62359178392B667138CD4480B3F6585E71C",
   "amount": 1.2907208389188022e+19,
   "usd": 97.6637915099817,
   "cls": "major"
  },
  {
   "denom": "ibc/B9E4
module: {
 "bonded_tokens_pool": {
  "addr": "archway1fl48vsnmsdzcv85q5d2q4z5ajdha8yu3qs4tnq",
  "usd_known": 81504.82
 },
 "callback": {
  "addr": "archway17ftem9mfxnrc3pu9sskcukjg59qy2v3zj87u3x",
  "usd_known": 0.01
 },
 "distribution": {
  "addr": "archway1jv65s3grqf6v6jl3dp4t6c9t9rk99cd8j5ccrg",
  "usd_known": 42357.77
 },
 "fee_collector": {
  "addr": "archway17xpfvakm2amg962yls6f84z3kell8c5l9jlyp2",
  "usd_known": 0.0
 },
 "feeibc": {
  "addr": "archway176rcyfn5k9d0wcxel3kmwvxh0hy3xcwev8l8vn",
  "usd_known": 0.0
 },
 "gov": {
  "addr": "archway10d07y265gmmuvt4z0w9aw880jnsr700j0f0puy",
  "usd_known": 0.0
 },
 "interchainaccounts": {
  "addr": "archway1vlthgax23ca9syk7xgaz347xmf4nunefjr2nx8",
  "usd_known": 0.0
 },
 "mint": {
  "addr": "archway1m3h30wlvsf8llruxtpukdvsy0km2kum8a6mudh",
  "usd_k
osmosis gamm: [
 {
  "id": "1061",
  "other_side_usd": 34.55,
  "assets": [
   {
    "denom": "uosmo",
    "amount": "961066036",
    "usd": 34.54768044163952
   }
  ]
 },
 {
  "id": "1063",
  "other_side_usd": 0.3,
  "assets": [
   {
    "denom": "ibc/D189335C6E4A68B513C10AB227BF1C1D38C746766278BA3EEB4FB14124F1D858",
    "amount": "297768",
    "usd": 0.297768
   }
  ]
 },
 {
  "id": "1375",
  "other_side_usd": 2422.85,
  "assets": [
   {
    "denom": "ibc/498A0751C798A0D9A389AA3691123DADA57DAA4FE165D5C75894505B876BA6E4",
    "amount": "2422849653",
    "usd": 2422.849653
   }
  ]
 }
]
