[2026-10-09T06:00:27Z] program=So1endDq2YkqhipRh3WViPa8hdiSpxWy6z3Z6tMCpAo
scan start slot=454779420; targets=54 markets
  [1/54] main                             n=271,599 debt=63,329 liq=25,118 near=12,055 stale=270,918 path=single 29.0s
  [2/54] ScarCoin                         n=     17 debt=     6 liq=     5 near=     0 stale=    17 path=single 2.6s
  [3/54] Star Atlas Puri                  n=     98 debt=    16 liq=    10 near=     5 stale=    98 path=single 2.3s
  [4/54] LST                              n=     31 debt=     3 liq=     3 near=     0 stale=    31 path=single 2.6s
  [5/54] stacc eco                        n=     34 debt=    14 liq=    12 near=     0 stale=    34 path=single 2.9s
  [6/54] GNME / USDC                      n=    148 debt=    27 liq=    17 near=     5 stale=   147 path=single 2.9s
  [7/54] TRUNK/USDC                       n=  1,619 debt=   246 liq=   165 near=    64 stale= 1,618 path=single 3.4s
  [8/54] cool                             n=      7 debt=     1 liq=     0 near=     0 stale=     7 path=single 2.5s
  [9/54] KHAI                             n=    407 debt=    85 liq=    57 near=    13 stale=   407 path=single 2.7s
  [10/54] FLAME                            n=     23 debt=     2 liq=     2 near=     0 stale=    23 path=single 2.6s
  [11/54] TURBO SOL                        n=  5,357 debt=   891 liq=   352 near=   281 stale= 5,355 path=single 4.5s
  [12/54] TPX                              n=     16 debt=     3 liq=     2 near=     1 stale=    16 path=single 2.2s
  [13/54] Helium SubDAO's                  n=     87 debt=    17 liq=    10 near=     6 stale=    87 path=single 2.8s
  [14/54] JLP                              n=  1,395 debt=    90 liq=    40 near=    27 stale= 1,395 path=single 2.8s
  [15/54] ISC                              n=  6,920 debt=   518 liq=   329 near=    10 stale= 6,920 path=single 3.2s
  [16/54] Staked SOL                       n=    808 debt=    81 liq=    38 near=    26 stale=   808 path=single 3.8s
  [17/54] JLP/SOL/USDC                     n=    825 debt=    63 liq=    24 near=    17 stale=   824 path=single 2.6s
  [18/54] REdao                            n=     24 debt=     3 liq=     3 near=     0 stale=    24 path=single 2.6s
  [19/54] Stable                           n=  1,574 debt=   149 liq=    81 near=    32 stale= 1,556 path=single 3.0s
  [20/54] GRAPE/SOL/USDC                   n=      5 debt=     3 liq=     3 near=     0 stale=     5 path=single 2.4s
  [21/54] Jupiter LP                       n=     44 debt=     3 liq=     3 near=     0 stale=    44 path=single 2.6s
  [22/54] BLOCKASSET <> BLOCKBET           n=     39 debt=     3 liq=     3 near=     0 stale=    39 path=single 2.6s
  [23/54] BONK                             n=  1,740 debt=   159 liq=    74 near=    60 stale= 1,739 path=single 7.5s
  [24/54] Kamino USDH                      n=    434 debt=    40 liq=    14 near=     0 stale=   434 path=single 3.1s
  [25/54] NFT                              n=    358 debt=    24 liq=    15 near=     1 stale=   358 path=single 3.1s
  [26/54] Step                             n=    309 debt=    55 liq=     5 near=     0 stale=   309 path=single 3.2s
  [27/54] Coin98                           n=    744 debt=    40 liq=     8 near=     1 stale=   744 path=single 3.5s
  [28/54] Magic Internet Cat Fund          n=      5 debt=     1 liq=     0 near=     0 stale=     5 path=single 2.6s
  [29/54] ISC Launch                       n=    387 debt=     2 liq=     2 near=     0 stale=   387 path=single 3.0s
  [30/54] Peepo                            n=    319 debt=    28 liq=    12 near=    15 stale=   319 path=single 2.8s
  [31/54] Jungle Defi                      n=     38 debt=     3 liq=     1 near=     0 stale=    38 path=single 2.5s
  [32/54] TURBO LST                        n=     14 debt=     1 liq=     0 near=     0 stale=    14 path=single 2.6s
  [33/54] Star Atlas                       n=    982 debt=    61 liq=    45 near=     7 stale=   982 path=single 3.5s
  [34/54] UXD                              n=    828 debt=   129 liq=    58 near=    46 stale=   828 path=single 3.1s
  [35/54] Hades                            n=      4 debt=     0 liq=     0 near=     0 stale=     4 path=single 2.5s
  [36/54] Star Atlas                       n=     26 debt=     3 liq=     2 near=     1 stale=    26 path=single 2.5s
  [37/54] Synatra ySOL                     n=    210 debt=    12 liq=     8 near=     1 stale=   210 path=single 2.7s
  [38/54] Shadow                           n=    213 debt=     7 liq=     1 near=     0 stale=   213 path=single 2.7s
  [39/54] edgeSOL                          n=     21 debt=     1 liq=     1 near=     0 stale=    21 path=single 2.9s
  [40/54] FUMoney                          n=      6 debt=     2 liq=     1 near=     0 stale=     6 path=single 2.7s
  [41/54] FartStrategy's Fartcoin Lending  n=     50 debt=    13 liq=     8 near=     0 stale=    50 path=single 3.0s
  [42/54] Aurory                           n=     45 debt=     3 liq=     2 near=     0 stale=    45 path=single 2.6s
  [43/54] Cropper                          n=     50 debt=     5 liq=     0 near=     3 stale=    50 path=single 2.6s
  [44/54] Clone                            n=    121 debt=    16 liq=     4 near=     8 stale=   121 path=single 2.6s
  [45/54] Dog                              n=    277 debt=    11 liq=     7 near=     0 stale=   277 path=single 2.8s
  [46/54] Spot Margin                      n=     10 debt=     5 liq=     4 near=     1 stale=    10 path=single 2.5s
  [47/54] Nitro soBTC                      n=      7 debt=     1 liq=     0 near=     1 stale=     7 path=single 2.6s
  [48/54] STEPN                            n=  2,346 debt=   121 liq=    22 near=    15 stale= 2,346 path=single 3.8s
  [49/54] ISC Stable                       n=     84 debt=     8 liq=     2 near=     5 stale=    84 path=single 2.5s
  [50/54] Invictus                         n=    958 debt=    87 liq=     1 near=     5 stale=   957 path=single 3.2s
  [51/54] Basis                            n=    121 debt=    14 liq=     6 near=     0 stale=   121 path=single 2.5s
  [52/54] Turbo mSOL/SOL                   n=     48 debt=    10 liq=     1 near=     6 stale=    48 path=single 2.6s
  [53/54] Jupiter ZEROBOIS                 n=     19 debt=     1 liq=     1 near=     0 stale=    19 path=single 2.6s
  [54/54] zippySOL                         n=     48 debt=     7 liq=     4 near=     2 stale=    48 path=single 2.6s
phase 1 done: 39,306 liquidatable+near records across 54 markets; fetching full accounts...
phase 2: 39,306 keys, 39,306 still to fetch
    fetched 100/39,306 (total cached 100)
    fetched 2,600/39,306 (total cached 2,600)
    fetched 5,100/39,306 (total cached 5,100)
    fetched 7,600/39,306 (total cached 7,600)
