[probe] metis            OK block=23234094
[probe] plasma           OK block=34058782
[probe] monad            OK block=110079111
[probe] taiko            OK block=12178495
[probe] sonic            OK block=80274629
[probe] arbitrum         OK block=511191679
[probe] sei              OK block=235446959
[probe] scroll           OK block=35261009
[probe] ethereum         OK block=26109275
[probe] worldchain       OK block=35832168
[probe] core             OK block=39229872
[probe] base             OK block=52105314
[probe] kava             OK block=22849174
[probe] lac              NO RPC
[probe] bitlayer         OK block=26240867
[probe] blast            OK block=41095080
[probe] bsc              OK block=125416550
[probe] ronin            OK block=61765594
[probe] zircuit          OK block=35531881
[probe] zksync           OK block=72314982
[probe] findora          NO RPC
[probe] jbc              OK block=8622985
[probe] etc              NO RPC
[probe] avax             OK block=96647243
[probe] megaeth          OK block=28202966
[probe] kcc              OK block=56151435
[probe] iotex            OK block=52986163
[probe] mode             OK block=45416197
[probe] linea            OK block=32216480
[probe] moonbeam         OK block=16796699
[probe] evmos            NO RPC
[probe] moonriver        OK block=17381654
[probe] rsk              OK block=9292119
[probe] hemi             OK block=5427772
[probe] berachain        OK block=26992629
[probe] fantom           OK block=123531898
[probe] meter            OK block=100768776
[probe] goat             OK block=15803539
[probe] fuse             OK block=44390491
[probe] flare            OK block=71194766
[probe] polygon          OK block=94863225
[probe] shimmer          NO RPC
[probe] zilliqa          OK block=37222972
[probe] opbnb            OK block=191532188
[probe] heco             NO RPC
[probe] qie              OK block=10899905
[probe] zklink           OK block=8357134
[probe] optimism         OK block=157700600
[probe] bob              OK block=39068995
[probe] bsquared         OK block=38918095
[probe] bittorrent       OK block=73578793
[probe] elastos          NO RPC
[probe] oasis            OK block=22379982
[probe] nibiru           OK block=47210811
[probe] neon             NO RPC
[probe] unichain         OK block=60251618
[probe] rei              OK block=41664566
[probe] sty              NO RPC
[probe] harmony          OK block=93624315
[probe] apechain         OK block=50984282
[probe] gnosis           OK block=48561110
[probe] soneium          OK block=28932613
[probe] wemix            OK block=124766228
[probe] mantle           OK block=101434830
[probe] cronos           OK block=97603259
[probe] aurora           OK block=218297947
[probe] okc              OK block=47551361
[probe] xdc              OK block=107941343
[probe] polygon_zkevm    OK block=33391890
[probe] boba             OK block=39997568
[probe] klaytn           OK block=228798422
[probe] wan              OK block=46648305
[probe] conflux          OK block=158177053
[probe] morph            OK block=27727475
[probe] kroma            NO RPC
[probe] robinhood        NO RPC
[probe] manta            OK block=9677602
[probe] telos            NO RPC
[probe] astar_zkevm      NO RPC
[probe] merlin           OK block=32121096
[probe] lisk             OK block=38135593
[probe] ink              OK block=57501567
[probe] canto            NO RPC
[scan] 1/83 chains done; metis markets=10
[scan] 2/83 chains done; megaeth markets=5
[scan] 3/83 chains done; taiko markets=4
[scan] 4/83 chains done; lac markets=0
[scan] 5/83 chains done; plasma markets=8
[scan] 6/83 chains done; monad markets=16
[scan] 7/83 chains done; kava markets=9
[scan] 8/83 chains done; zircuit markets=0
[scan] 9/83 chains done; ethereum markets=0
[scan] 10/83 chains done; worldchain markets=7
[scan] 11/83 chains done; core markets=32
[scan] 12/83 chains done; sonic markets=36
[scan] 13/83 chains done; scroll markets=20
[scan] 14/83 chains done; jbc markets=10
[scan] 15/83 chains done; iotex markets=14
[scan] 16/83 chains done; etc markets=0
[scan] 17/83 chains done; zilliqa markets=2
[scan] 18/83 chains done; sei markets=24
[scan] 19/83 chains done; bitlayer markets=20
[scan] 20/83 chains done; blast markets=28
[scan] 21/83 chains done; evmos markets=0
[scan] 22/83 chains done; ronin markets=3
[scan] 23/83 chains done; findora markets=0
[scan] 24/83 chains done; base markets=89
[scan] 25/83 chains done; telos markets=0
[scan] 26/83 chains done; shimmer markets=0
[scan] 27/83 chains done; zksync markets=42
[scan] 28/83 chains done; kcc markets=16
[scan] 29/83 chains done; mode markets=27
[scan] 30/83 chains done; arbitrum markets=147
[scan] 31/83 chains done; moonbeam markets=43
[scan] 32/83 chains done; linea markets=13
[scan] 33/83 chains done; meter markets=7
[scan] 34/83 chains done; moonriver markets=82
[scan] 35/83 chains done; fuse markets=8
[scan] 36/83 chains done; rsk markets=16
[scan] 37/83 chains done; berachain markets=11
[scan] 38/83 chains done; goat markets=13
[scan] 39/83 chains done; flare markets=19
[scan] 40/83 chains done; qie markets=4
[scan] 41/83 chains done; heco markets=0
[scan] 42/83 chains done; opbnb markets=10
[scan] 43/83 chains done; elastos markets=0
[scan] 44/83 chains done; bittorrent markets=5
[scan] 45/83 chains done; neon markets=0
[scan] 46/83 chains done; bob markets=21
[scan] 47/83 chains done; rei markets=6
[scan] 48/83 chains done; hemi markets=26
[scan] 49/83 chains done; harmony markets=14
[scan] 50/83 chains done; nibiru markets=4
[scan] 51/83 chains done; oasis markets=3
[scan] 52/83 chains done; bsquared markets=16
[scan] 53/83 chains done; canto markets=0
[scan] 54/83 chains done; unichain markets=11
[scan] 55/83 chains done; apechain markets=6
[scan] 56/83 chains done; okc markets=16
[scan] 57/83 chains done; sty markets=0
[scan] 58/83 chains done; conflux markets=0
[scan] 59/83 chains done; optimism markets=66
[scan] 60/83 chains done; soneium markets=9
[scan] 61/83 chains done; gnosis markets=6
[scan] 62/83 chains done; avax markets=45
[scan] 63/83 chains done; zklink markets=20
[scan] 64/83 chains done; mantle markets=8
[scan] 65/83 chains done; boba markets=3
[scan] 66/83 chains done; morph markets=8
[scan] 67/83 chains done; wemix markets=12
[scan] 68/83 chains done; polygon_zkevm markets=8
[scan] 69/83 chains done; astar_zkevm markets=0
[scan] 70/83 chains done; kroma markets=0
[scan] 71/83 chains done; merlin markets=6
[scan] 72/83 chains done; xdc markets=9
[scan] 73/83 chains done; robinhood markets=0
[scan] 74/83 chains done; aurora markets=32
[scan] 75/83 chains done; cronos markets=33
[scan] 76/83 chains done; manta markets=13
[scan] 77/83 chains done; klaytn markets=14
[scan] 78/83 chains done; lisk markets=5
[scan] 79/83 chains done; ink markets=5
[scan] 80/83 chains done; polygon markets=133
[scan] 81/83 chains done; wan markets=30
[scan] 82/83 chains done; fantom markets=71
[scan] 83/83 chains done; bsc markets=359
{
 "generated": "2026-10-03T04:05:49Z",
 "targets": 263,
 "protocols": 104,
 "chains_scanned": 69,
 "chains_no_rpc": [
  "astar_zkevm",
  "canto",
  "elastos",
  "etc",
  "evmos",
  "findora",
  "heco",
  "kroma",
  "lac",
  "neon",
  "robinhood",
  "shimmer",
  "sty",
  "telos"
 ],
 "chain_blocks": {
  "metis": 23234094,
  "plasma": 34058782,
  "monad": 110079111,
  "taiko": 12178495,
  "sonic": 80274629,
  "arbitrum": 511191679,
  "sei": 235446959,
  "scroll": 35261009,
  "ethereum": 26109275,
  "worldchain": 35832168,
  "core": 39229872,
  "base": 52105314,
  "kava": 22849174,
  "bitlayer": 26240867,
  "blast": 41095080,
  "bsc": 125416550,
  "ronin": 61765594,
  "zircuit": 35531881,
  "zksync": 72314982,
  "jbc": 8622985,
  "avax": 96647243,
  "megaeth": 28202966,
  "kcc": 56151435,
  "iotex": 52986163,
  "mode": 45416197,
  "linea": 32216480,
  "moonbeam": 16796699,
  "moonriver": 17381654,
  "rsk": 9292119,
  "hemi": 5427772,
  "berachain": 26992629,
  "fantom": 123531898,
  "meter": 100768776,
  "goat": 15803539,
  "fuse": 44390491,
  "flare": 71194766,
  "polygon": 94863225,
  "zilliqa": 37222972,
  "opbnb": 191532188,
  "qie": 10899905,
  "zklink": 8357134,
  "optimism": 157700600,
  "bob": 39068995,
  "bsquared": 38918095,
  "bittorrent": 73578793,
  "oasis": 22379982,
  "nibiru": 47210811,
  "unichain": 60251618,
  "rei": 41664566,
  "harmony": 93624315,
  "apechain": 50984282,
  "gnosis": 48561110,
  "soneium": 28932613,
  "wemix": 124766228,
  "mantle": 101434830,
  "cronos": 97603259,
  "aurora": 218297947,
  "okc": 47551361,
  "xdc": 107941343,
  "polygon_zkevm": 33391890,
  "boba": 39997568,
  "klaytn": 228798422,
  "wan": 46648305,
  "conflux": 158177053,
  "morph": 27727475,
  "manta": 9677602,
  "merlin": 32121096,
  "lisk": 38135593,
  "ink": 57501567
 },
 "status_counts": {
  "ok": 202,
  "no_rpc": 18,
  "getAllMarkets_failed": 43
 },
 "markets_total": 1818,
 "empty_markets": 146,
 "tiny_markets": 212,
 "empty_borrow_attack_markets": 8,
 "direct_drain_markets": 2,
 "exposure": [
  {
   "protocol": "benqi-lending",
   "chain": "avax",
   "comptroller": "0x486af39519b4dc9a7fccd318217352830e8ad9b4",
   "status": "ok",
   "borrowableCashUSD": 1575590.37,
   "flagged": [
    {
     "market": "0x5c0401e81bc07ca70fad469b451682c0d747ef1c",
     "symbol": "qiAVAX",
     "hasCode": true,
     "totalSupply": null,
     "cash": null,
     "cashUSD": 0.0,
     "cf": 0.74,
     "listed": true,
     "mintPaused": false,
     "borrowPaused": false,
     "empty": true,
     "tiny": true,
     "directDrain": false,
     "emptyBorrowAttack": true,
     "freePullUSD": null,
     "callsToDrain99": null,
     "note": null
    },
    {
     "market": "0xc9e5999b8e75c3feb117f6f73e664b9f3c8ca65c",
     "symbol": "qiUSDT",
     "hasCode": null,
     "totalSupply": null,
     "cash": null,
     "cashUSD": 0.0,
     "cf": 0.0,
     "listed": null,
     "mintPaused": null,
     "borrowPaused": true,
     "empty": true,
     "tiny": true,
     "directDrain": false,
     "emptyBorrowAttack": false,
     "freePullUSD": null,
     "callsToDrain99": null,
     "note": null
    }
   ],
   "mode": "empty_market_borrow",
   "directDrainUSD": 0,
   "potentialUSD": 1575590.37
  },
  {
   "protocol": "paxo-finance",
   "chain": "polygon",
   "comptroller": "0x1eDf64B621F17dc45c82a65E1312E8df988A94D3",
   "status": "ok",
   "borrowableCashUSD": 150.4,
   "flagged": [
    {
     "market": "0x2a500d5707f8fbbaed35b99867af94dfe86f36d6",
     "symbol": "vQUICK",
     "hasCode": null,
     "totalSupply": 1,
     "cash": 1,
     "cashUSD": null,
     "cf": 0.9,
     "listed": true,
     "mintPaused": true,
     "borrowPaused": false,
     "empty": false,
     "tiny": true,
     "directDrain": false,
     "emptyBorrowAttack": false,
     "freePullUSD": null,
     "callsToDrain99": null,
     "note": null
    },
    {
     "market": "0xd0b5a656fb3fa2b5cc61cb5f2ad7904c39d75d50",
     "symbol": "vLINK",
     "hasCode": true,
     "totalSupply": 1,
     "cash": 1,
     "cashUSD": 0.0,
     "cf": 0.9,
     "listed": true,
     "mintPaused": false,
     "borrowPaused": false,
     "empty": false,
     "tiny": true,
     "directDrain": false,
     "emptyBorrowAttack": true,
     "freePullUSD": 0.0,
     "callsToDrain99": 4,
     "note": null
    }
   ],
   "mode": "empty_market_borrow",
   "directDrainUSD": 0,
   "potentialUSD": 150.4
  },
  {
   "protocol": "sonne-finance",
   "chain": "optimism",
   "comptroller": "0x60CF091cD3f50420d50fD7f707414d0DF4751C58",
   "status": "ok",
   "borrowableCashUSD": 0.0,
   "flagged": [
    {
     "market": "0xe3b81318b1b6776f0877c3770afddff97b9f5fe5",
     "symbol": "soVELO",
     "hasCode": true,
     "totalSupply": 13,
     "cash": 1444464591724702125506,
     "cashUSD": 50.31,
     "cf": 0.35,
     "listed": true,
     "mintPaused": true,
     "borrowPaused": true,
     "empty": false,
     "tiny": true,
     "directDrain": true,
     "emptyBorrowAttack": false,
     "freePullUSD": 3.869936,
     "callsToDrain99": 59,
     "note": null
    }
   ],
   "mode": "+direct_drain",
   "directDrainUSD": 50.31,
   "potentialUSD": 50.31
  },
  {
   "protocol": "bencu",
   "chain": "metis",
   "comptroller": "0xC5986Df018D1ff8ecA79fd3f266428616617cDF3",
   "status": "ok",
   "borrowableCashUSD": 0.01,
   "flagged": [
    {
     "market": "0x718f2e019f8166d81523d959f720ad4a6e379209",
     "symbol": "bMetis",
     "hasCode": null,
     "totalSupply": 0,
     "cash": 0,
     "cashUSD": null,
     "cf": 0.0,
     "listed": true,
     "mintPaused": true,
     "borrowPaused": false,
     "empty": true,
     "tiny": true,
     "directDrain": false,
     "emptyBorrowAttack": false,
     "freePullUSD": null,
     "callsToDrain99": null,
     "note": null
    }
   ],
   "mode": "near_empty_only",
   "directDrainUSD": 0,
   "potentialUSD": 0
  },
  {
   "protocol": "sumer",
   "chain": "monad",
   "comptroller": "0x2d9b96648C784906253c7FA94817437EF59Cf226",
   "status": "ok",
   "borrowableCashUSD": 0.
