Gen-2 create txs: 9
  0xd048e336c0947b09 -> 0xC1B6eC68CB40459Ae1521b403d6f546f0a37914c
  0x435e5945b5b15209 -> 0xBBf3a80c2ec900d877c13302f4407df08AeFfd28
  0x1a570d3e61285e72 -> 0xFE5a43AFa45EE3E56542635712d7f09cf62Da278
  0xe5f0e8f6180f6d66 -> 0xEaf064dD483f878249F893c2F0Cdc590ef8d19d8
  0x8c760316d81e7e0f -> 0x426713c9E9522Bd840b8506BC14a3fE761A5fBd8
  0x0e65e60bcda1e0f2 -> 0xfB8b6E5b35b70324701adE10dafbdEFb8D0EB276
  0xa5e7ba2126c18cdd -> 0xCd1889f7DeB404D489678fB9C243B41Ca1321d40
  0x6b3739dac9d580e9 -> 0x1a684C688AcA00944B22B9380219c7bBbC3B7fB9
  0xfb8bf82c90e6d347 -> 0x17705474203F7ff7ba8a940c433AB43D1F58E249
Gen-1 candidate txs: 23
  0x5195601fabe03e16 -> 0xcC5C3F319Aae7a70236Bb53226c2D44e627e4A9a
  0x70ff4850444f2740 -> 0xd106aFb46F87E3Bd00823B9E29103672CB54eF6E
  0x375232fe9e7b5528 -> None
  0x508443e8f2afcbbb -> None
  0x1481e72783169f66 -> 0xcC5C3F319Aae7a70236Bb53226c2D44e627e4A9a
  0xa10aef05838537e3 -> 0x47fE1C30886F030d1da6dFbb3900925862548D7b
  0xa7fdef74eccf3821 -> None
  0x589cb8e33105e5c1 -> None
  0x3cad7892253a99b1 -> 0x5f55dE21bd34058E0D4F6A78FB1F1f024b85656E
  0x512f769aedb51545 -> 0x47fE1C30886F030d1da6dFbb3900925862548D7b
  0x53bbaca6ce765328 -> None
  0x0202e3d436523bdc -> 0x30EeF2828f831b995B79C144Ad1F99c6F7D0a4b9
  0x1da928eefe400724 -> 0x07d83aE2224594AB795A6C5c480db6E5e90c1E4F
  0xced8dae08dce2c01 -> 0x07d83aE2224594AB795A6C5c480db6E5e90c1E4F
  0x47072d89c633def9 -> None
  0x6dc3d070ce0e2241 -> None
  0xb3f058a81da10904 -> 0x5f55dE21bd34058E0D4F6A78FB1F1f024b85656E
  0xef7e4ec6fbdab999 -> 0xcC5C3F319Aae7a70236Bb53226c2D44e627e4A9a
  0x4130090b24037cb4 -> None
  0x5a2aae8173acd76b -> 0x845936b9749d85d8B2e830bF165AC8506767eDfD
  0xe66767ac2915fa86 -> None
  0xa8b99de22dba9213 -> 0xb031A530a776CE7019bBc00D0a377F262A46A2f7
  0xe3dba9db0e9eb46f -> 0x5f55dE21bd34058E0D4F6A78FB1F1f024b85656E
