block 114799532
pair logs: 1555
pairs enumerated: 1555 max index: 1555
batch progress 0/1555
batch progress 200/1555
batch progress 400/1555
batch progress 600/1555
batch progress 800/1555
batch progress 1000/1555
batch progress 1200/1555
batch progress 1400/1555
unique tokens: 669
batch progress 0/669
batch progress 200/669
batch progress 400/669
batch progress 600/669
batch progress 0/669
batch progress 200/669
batch progress 400/669
batch progress 600/669
{
 "0x0055a5eae409ee4d10f29968c86df93ac51c21c6": {
  "symbol": "CEL",
  "decimals": 4
 },
 "0x00ddef106ecee6b1173067351d58c6086e55a360": {
  "symbol": "ANT",
  "decimals": 18
 },
 "0x01bbd41d1a7068ce176aa4b3189a508a6c915183": {
  "symbol": "EFD",
  "decimals": 18
 },
 "0x023883002a6f4eed8919ad1cebcc0ffe5412b855": {
  "symbol": "BTFLY",
  "decimals": 18
 },
 "0x026653cec55c9fe0c8c4e05bac482b9afb26a0d3": {
  "symbol": "SHK",
  "decimals": 9
 }
}
done
