# block 114804371 pools 764 routes 115 step=0.005
  it 2000: VIC spent 6616.4 ($29.61) extracted $9648.93
  it 4000: VIC spent 11103.4 ($49.69) extracted $13508.27
  it 6000: VIC spent 16765.9 ($75.04) extracted $15368.69
  it 8000: VIC spent 24067.0 ($107.71) extracted $16437.59
  it 10000: VIC spent 33896.9 ($151.71) extracted $17126.41
  it 12000: VIC spent 46879.4 ($209.81) extracted $17596.78
  it 14000: VIC spent 63769.2 ($285.40) extracted $17922.31
  it 16000: VIC spent 86050.0 ($385.12) extracted $18157.71
  it 18000: VIC spent 113322.7 ($507.18) extracted $18321.55

## Result after 18345 steps
  USDT  : 10569.56409279 = $10,569.56
  ETH   : 2.62420674 = $7,105.79
  BTC   : 0.00782409 = $669.07
  USDC  : 0.72531364 = $0.73
  VIC spent: 118,696.8 WTOMO = $531.23
  GROSS $18,345.15  NET $17,813.91

## Routes by value (top 25)
  $  7061.74  0x810a21 -> 0x54a12b
  $  4962.86  0x810a21 -> 0x089756
  $  2381.75  0x347f55 -> 0xff7848 -> 0xffa0af -> 0xfffc10
  $  2369.69  0x347f55 -> 0xfffc10 -> 0xffa0af -> 0xff7848
  $   672.94  0x25428b -> 0x2e5f77
  $   668.96  0x4fbd8b
  $   129.26  0xd6a3c6 -> 0x594cd6
  $    18.93  0xcd431d -> 0x1f245d
  $    14.26  0x5b02c8 -> 0x8cd40a
  $    14.24  0x75f1b1
  $    11.83  0x8791df -> 0xaa8ef9
  $     7.47  0xd69651 -> 0x1d48fa
  $     6.96  0xc3e1d0 -> 0x7fd626
  $     5.90  0x48f623 -> 0x58c879
  $     3.87  0xc3e1d0 -> 0xad99c1
  $     2.44  0x607a0c -> 0x86fe4c
  $     1.61  0xd69651 -> 0xff745f
  $     1.60  0xcd431d -> 0x4ae03c -> 0x159b6c
  $     1.56  0x88ba0b -> 0x861143
  $     0.97  0xd3d8bd -> 0xec8e66
  $     0.90  0x8502e5 -> 0x12c129
  $     0.87  0xeb487c -> 0xa0fc06
  $     0.49  0x75f1b1 -> 0x9376b2
  $     0.47  0x183b3b -> 0xaa3810
  $     0.46  0x190472 -> 0x416a9b
