# block 114799532 pools 764 routes 115 step=0.005
  it 2000: VIC spent 7932.5 ($35.50) extracted $9623.32
  it 4000: VIC spent 12820.1 ($57.38) extracted $13595.15
  it 6000: VIC spent 18786.0 ($84.08) extracted $15451.68
  it 8000: VIC spent 26312.9 ($117.76) extracted $16508.51
  it 10000: VIC spent 36330.7 ($162.60) extracted $17183.25
  it 12000: VIC spent 49502.4 ($221.55) extracted $17641.73
  it 14000: VIC spent 66447.3 ($297.39) extracted $17956.83
  it 16000: VIC spent 88554.3 ($396.33) extracted $18183.57
  it 18000: VIC spent 116927.0 ($523.31) extracted $18347.80

## Result after 18298 steps
  USDT  : 10588.09206503 = $10,588.09
  ETH   : 2.62589487 = $7,110.36
  BTC   : 0.00782432 = $669.09
  USDC  : 0.72535029 = $0.73
  VIC spent: 121,803.5 WTOMO = $545.14
  GROSS $18,368.26  NET $17,823.13

## Routes by value (top 25)
  $  7066.59  0x810a21 -> 0x54a12b
  $  4966.27  0x810a21 -> 0x089756
  $  2389.06  0x347f55 -> 0xff7848 -> 0xffa0af -> 0xfffc10
  $  2377.06  0x347f55 -> 0xfffc10 -> 0xffa0af -> 0xff7848
  $   673.65  0x25428b -> 0x2e5f77
  $   668.98  0x4fbd8b
  $   129.37  0xd6a3c6 -> 0x594cd6
  $    18.94  0xcd431d -> 0x1f245d
  $    14.27  0x5b02c8 -> 0x8cd40a
  $    14.27  0x75f1b1
  $    11.83  0x8791df -> 0xaa8ef9
  $     7.48  0xd69651 -> 0x1d48fa
  $     6.96  0xc3e1d0 -> 0x7fd626
  $     5.90  0x48f623 -> 0x58c879
  $     3.88  0xc3e1d0 -> 0xad99c1
  $     2.44  0x607a0c -> 0x86fe4c
  $     1.61  0xd69651 -> 0xff745f
  $     1.60  0xcd431d -> 0x4ae03c -> 0x159b6c
  $     1.56  0x88ba0b -> 0x861143
  $     0.97  0xd3d8bd -> 0xec8e66
  $     0.90  0x8502e5 -> 0x12c129
  $     0.87  0xeb487c -> 0xa0fc06
  $     0.47  0x183b3b -> 0xaa3810
  $     0.46  0x190472 -> 0x416a9b
  $     0.42  0xd6a3c6 -> 0xb28a25

## Final state of key pools
  pool 1 0x347f551eaba062167779c9c336aa681526857b81: t0=0x381b3140 r0=112092650.85461453 t1=0xb1f66997 r1=38627.4946175144
  pool 2 0x08975663ac228c6d208fa32c968569e5939fb634: t0=0x381b3140 r0=3229860870.782649 t1=0x7262fa19 r1=4431098.977011832
  pool 4 0x810a21afe69fe356697a9824930904383930bd96: t0=0x7262fa19 r0=513562.13786531845 t1=0xb1f66997 r1=83340.79968259227
  pool 18 0x54a12b95a207e7db77cac8b7cdfcd5e90168187d: t0=0x2eaa73bd r0=1.7107180390407184 t1=0x7262fa19 r1=6354988.8245139215
  pool 19 0x4fbd8ba72262665dae92f69b48e939839654771e: t0=0xae44807d r0=4488.044745148768 t1=0xb1f66997 r1=860.6009493940106
  pool 890 0x2e5f7706899670a1f520908803fc801b856e2363: t0=0x381b3140 r0=7138497440.230451 t1=0xa1ff8559 r1=7.732156740877945
  pool 891 0x25428b973ad1e6dd9294255d715df7723d2f1138: t0=0xa1ff8559 r0=0.021788543931948044 t1=0xb1f66997 r1=4505.200233077703
  pool 620 0xd6a3c6e0a3e875ec0a38ac6a5d38d9a8ffae8fe8: t0=0xb1f66997 r0=872.8852452057384 t1=0xb2444519 r1=14.963792907333954
  pool 619 0x594cd690e6c22e63c690c73b90c51c1f6dc7c407: t0=0x381b3140 r0=216059419.4074442 t1=0xb2444519 r1=825.8110376852266
  pool 810 0x5b02c8a10307886b32e361bfcaf60725052c3e87: t0=0x203475f0 r0=244.09494614045886 t1=0xb1f66997 r1=94.04771860238795
  pool 809 0x8cd40a40e5eb2a0f6c2b620581915aac69d2be2b: t0=0x203475f0 r0=152931.37962313156 t1=0x381b3140 r1=263311842.2147279
  pool 3 0x75f1b142eebc21d7e118eb67cac7f062ab1fc761: t0=0x2eaa73bd r0=154933896192083.62 t1=0xb1f66997 r1=93.92512080954376
  pool 76 0xc3e1d07b36829a7b530457244475b68caf3cfd50: t0=0xb1f66997 r0=68.4097774026148 t1=0xcca4e630 r1=93313.52939593201
  pool 68 0xad99c1ed01944a240610d4ec048234e47600df08: t0=0x381b3140 r0=11550681.809382984 t1=0xcca4e630 r1=3501448.0586829926
  pool 780 0x8502e57bf58f45d0e6103a3f48a78a0ff06a8fca: t0=0x503b2ddc r0=447495.17835304776 t1=0xb1f66997 r1=243.54690702104963
  pool 751 0x457403ac1d10d241ad2c6cd598b2584c7990f610: t0=0xa9189563 r0=570982.6514823604 t1=0xb1f66997 r1=131.85806658957563

## Active routes at end (marginal > 0)
  active routes: 0
