40 0
44 0
48 0
52 0
56 0
60 0
64 0
68 0
72 0
76 0
80 14
84 0
88 180
92 0
96 0
100 0
104 0
108 0
112 0
116 0
120 0
124 0
128 0
132 0
136 0
140 0
144 0
148 0
152 0
156 0
160 0
164 0
168 0
172 0
176 0
180 0
184 0
188 0
192 0
196 0
200 0
204 0
208 0
212 1
216 0
220 0
224 0
228 0
232 0
236 0
240 0
244 0
248 0
252 0
256 0
260 0
264 0
268 0
272 0
276 0
280 0
284 0
288 0
292 0
296 0
300 0
304 0
308 0
312 0
316 0
320 0
324 0
328 0
332 157
336 0
340 0
344 0
348 0
352 0
356 0
360 0
364 0
368 0
372 0
376 0
380 0
384 0
388 0
392 0
396 0
400 0
512 0
600 0
776 0
1000 0
1024 0
2048 0
4096 0
DONE -> /home/heisenberg/CA/cega-v1/analysis/solana/size_probe.json
