txs: 100 success: 46
BY INSTRUCTION: {
 "ProcessWithdrawQueue": {
  "count": 36,
  "fail": 33,
  "signers": {
   "FoCZvQdRkj7PuAqGupo9XXS7aEtSfGG8SpoZAxHg4DjN": 1,
   "AuFniTGJZEibC4tBgkdZscPmVPUbSLn6xqmAgpPJpJFm": 35
  }
 },
 "OverrideVaultStatus": {
  "count": 39,
  "fail": 1,
  "signers": {
   "FoCZvQdRkj7PuAqGupo9XXS7aEtSfGG8SpoZAxHg4DjN": 1,
   "FMs1U19BfkLU3cunEa3yNZU69isCLBq59HK1eiFoLmx6": 38
  }
 },
 "WithdrawVault": {
  "count": 5,
  "fail": 0,
  "signers": {
   "H3iyFWxThjbDNMbkALv7zRMEEZioe6Mxq8XUeWkKMsAn": 1,
   "AWVsRrdjRA47MchobAztn8zsB2QzdfVNk5FphtVKtRFM": 2,
   "xrzNXG72hLviKazHWzgmrypVtKRb1MB66niapBDKUUe": 1,
   "BnZRShdneGTa21MuEsFTd87SZwsmE3qefgXVfARyWUxp": 1
  }
 },
 "GetAccountDataSize": {
  "count": 1,
  "fail": 0,
  "signers": {
   "xrzNXG72hLviKazHWzgmrypVtKRb1MB66niapBDKUUe": 1
  }
 },
 "InitializeImmutableOwner": {
  "count": 1,
  "fail": 0,
  "signers": {
   "xrzNXG72hLviKazHWzgmrypVtKRb1MB66niapBDKUUe": 1
  }
 },
 "InitializeAccount3": {
  "count": 1,
  "fail": 0,
  "signers": {
   "xrzNXG72hLviKazHWzgmrypVtKRb1MB66niapBDKUUe": 1
  }
 },
 "TransferChecked": {
  "count": 35,
  "fail": 32,
  "signers": {
   "xrzNXG72hLviKazHWzgmrypVtKRb1MB66niapBDKUUe": 1,
   "AuFniTGJZEibC4tBgkdZscPmVPUbSLn6xqmAgpPJpJFm": 33,
   "BnZRShdneGTa21MuEsFTd87SZwsmE3qefgXVfARyWUxp": 1
  }
 },
 "CloseAccount": {
  "count": 2,
  "fail": 0,
  "signers": {
   "xrzNXG72hLviKazHWzgmrypVtKRb1MB66niapBDKUUe": 1,
   "BnZRShdneGTa21MuEsFTd87SZwsmE3qefgXVfARyWUxp": 1
  }
 },
 "SendFundsToMarketMakers": {
  "count": 1,
  "fail": 1,
  "signers": {
   "AuFniTGJZEibC4tBgkdZscPmVPUbSLn6xqmAgpPJpJFm": 1
  }
 },
 "Burn": {
  "count": 33,
  "fail": 32,
  "signers": {
   "AuFniTGJZEibC4tBgkdZscPmVPUbSLn6xqmAgpPJpJFm": 33
  }
 }
}
TOP SIGNERS: [["FMs1U19BfkLU3cunEa3yNZU69isCLBq59HK1eiFoLmx6",38],["AuFniTGJZEibC4tBgkdZscPmVPUbSLn6xqmAgpPJpJFm",36],["HWLAWoYXBuLGAyZYy4LtEa54mo4gyUjRyL3FXytoW8i9",16],["FoCZvQdRkj7PuAqGupo9XXS7aEtSfGG8SpoZAxHg4DjN",5],["AWVsRrdjRA47MchobAztn8zsB2QzdfVNk5FphtVKtRFM",2],["H3iyFWxThjbDNMbkALv7zRMEEZioe6Mxq8XUeWkKMsAn",1],["xrzNXG72hLviKazHWzgmrypVtKRb1MB66niapBDKUUe",1],["BnZRShdneGTa21MuEsFTd87SZwsmE3qefgXVfARyWUxp",1]]
FAILURE REASONS: {
 "Program 3HUeooitcfKX1TSCx2xEpg2W31n6Qfmizu7nnbaEWYzs failed: custom program error: 0xbbf": 2,
 "Program 3HUeooitcfKX1TSCx2xEpg2W31n6Qfmizu7nnbaEWYzs failed: custom program error: 0x65": 2,
 "Program 3HUeooitcfKX1TSCx2xEpg2W31n6Qfmizu7nnbaEWYzs failed: custom program error: 0x64": 1,
 "Program 9kM38wBxL5Uc5AswM8ND4ZpZ62q7eiH1t3WWyb9dJexc failed: exceeded CUs meter at BPF instruction": 1,
 "Program 5Nz9sKCgrJ4ToYizMkud3pscBTGf5XJXmHvJvhEg4UgN failed: exceeded CUs meter at BPF instruction": 1,
 "Program 2HsyCdr59W5ndeboaE9JAmhEQ46m5Gm2ZWBfYEs1tC1i failed: exceeded CUs meter at BPF instruction": 1,
 "Program 3x93Bt3RapUgrRddB5ft9EX14cuDLEUpFbESLAMzArfr failed: insufficient account keys for instruction": 1,
 "Program FqAhTZg86EKEzeWMLtutVDRXJuLWrey7oDHr3Au6RFdo failed: exceeded CUs meter at BPF instruction": 1,
 "Program LiQgirXkcM9b7yWvVSmLn3TF4ELVuD7RVcn5pBgWWdS failed: exceeded CUs meter at BPF instruction": 1,
 "Program GTPFkAuwLmnJ96ppHrRUd7AJ5hAeNBmfvHRVMJAua2iC failed: Computational budget exceeded": 1,
 "Program AyVnvRFkPXqft6EqP46jWyuauwdgfNRqqMUhXZvzUHs7 failed: exceeded CUs meter at BPF instruction": 1,
 "Program 9T431ohaxjsBWqkiR17UxzwFzhgM1BtX7cyqBokAyrf failed: custom program error: 0x1": 1,
 "Program cogs6kaHfPxZ4xu1BTgTinvELxN6zMeEvCWhSNjsjQW failed: exceeded CUs meter at BPF instruction": 1,
 "Program NaebaLH9WhiwQv2zL6CBgoNUPkfF1pnXuUXbDvK3QYi failed: Access violation in input section at address 0x400000058 of size 8": 1,
 "Program 4WtP9xpHSvuRHPftjYNr29M527GnpGcPkTUq6uHLAEBM failed: exceeded CUs meter at BPF instruction": 1,
 "Program BefxH4y8hNqKtS2ubJ6Vu3H3oNh7BA9mk6z1gQrm1QAg failed: custom program error: 0x64": 1,
 "Program ASanxSq73asWEupRw11wTGpTaWAK7Cj1gJ1MRK8Ugfoj failed: exceeded CUs meter at BPF instruction": 1,
 "Program 28dcAyMS3VWcM7E2w6S5mPm5YezZekqro8pLeyhL3gXc failed: exceeded CUs meter at BPF instruction": 1,
 "Program Gdagjo5z5JdPbbwJirD7uaUmzPD9BfYeUJYPTsYfZF1i failed: exceeded CUs meter at BPF instruction": 1,
 "Program 3HUeooitcfKX1TSCx2xEpg2W31n6Qfmizu7nnbaEWYzs failed: custom program error: 0x1771": 1,
 "Program 3HUeooitcfKX1TSCx2xEpg2W31n6Qfmizu7nnbaEWYzs failed: custom program error: 0x1": 32
}
