txs: 40 with cega ix: 40
instruction frequency: {
 "UNKNOWN_17643df186be3035": 8,
 "UNKNOWN_0aab4570401398f5": 8,
 "UNKNOWN_d8a42f833127d6f6": 1,
 "UNKNOWN_d866db5aad5c54c0": 1,
 "UNKNOWN_null": 17,
 "UNKNOWN_8707ed78955e5f07": 4,
 "UNKNOWN_f0ddfe4045ba8723": 1
}
top signers: [
 [
  "HWLAWoYXBuLGAyZYy4LtEa54mo4gyUjRyL3FXytoW8i9",
  16
 ],
 [
  "AuFniTGJZEibC4tBgkdZscPmVPUbSLn6xqmAgpPJpJFm",
  8
 ],
 [
  "FMs1U19BfkLU3cunEa3yNZU69isCLBq59HK1eiFoLmx6",
  7
 ],
 [
  "FoCZvQdRkj7PuAqGupo9XXS7aEtSfGG8SpoZAxHg4DjN",
  5
 ],
 [
  "AWVsRrdjRA47MchobAztn8zsB2QzdfVNk5FphtVKtRFM",
  2
 ],
 [
  "H3iyFWxThjbDNMbkALv7zRMEEZioe6Mxq8XUeWkKMsAn",
  1
 ],
 [
  "xrzNXG72hLviKazHWzgmrypVtKRb1MB66niapBDKUUe",
  1
 ]
]
recent examples: [
 {
  "slot": 450167597,
  "sig": "2Ymr1DvCaC8ucTt1ev4HGChh8xHTbFJvZ5ADXu4yzRtRTYs5UZHM3MzUhHi37NrBdxorppqFvPjF7fJYmc6P818W",
  "success": false,
  "ixs": [
   {
    "top": true,
    "name": "UNKNOWN_17643df186be3035",
    "accounts": [
     "FoCZvQdRkj7PuAqGupo9XXS7aEtSfGG8SpoZAxHg4DjN"
    ]
   }
  ]
 },
 {
  "slot": 450167547,
  "sig": "5EjLRzP9hNCNSxHqBGX41cGEfUFVVcBLPu76xjVXMbLZF3DMQPfsB9cXE2LZaKWYGN52At9fdtHQ4oySfyEYQLSD",
  "success": false,
  "ixs": [
   {
    "top": true,
    "name": "UNKNOWN_0aab4570401398f5",
    "accounts": [
     "FoCZvQdRkj7PuAqGupo9XXS7aEtSfGG8SpoZAxHg4DjN"
    ]
   }
  ]
 },
 {
  "slot": 450166320,
  "sig": "4YrP8AqeobLZcY3LePS5dTjvV8pPD1jUziRph3TavngFMqZnYMRf3MHWZz5KSWys3L6Hca9wit8HeTp1mWvaseod",
  "success": false,
  "ixs": [
   {
    "top": true,
    "name": "UNKNOWN_d8a42f833127d6f6",
    "accounts": [
     "FoCZvQdRkj7PuAqGupo9XXS7aEtSfGG8SpoZAxHg4DjN"
    ]
   }
  ]
 }
]
