[main] 26 versions
[main] v1: 11 modules done
[main] v2: 11 modules done
[main] v3: 11 modules done
[main] v4: 11 modules done
[main] v5: 11 modules done
[main] v6: 11 modules done
[main] v7: 11 modules done
[main] v8: 11 modules done
[main] v9: 12 modules done
[main] v10: 13 modules done
[main] v11: 13 modules done
[main] v12: 13 modules done
[main] v13: 13 modules done
[main] v14: 18 modules done
[main] v15: 18 modules done
[main] v16: 18 modules done
[main] v17: 18 modules done
[main] v18: 18 modules done
[main] v19: 18 modules done
[main] v20: 18 modules done
[main] v21: 18 modules done
[main] v22: 19 modules done
[main] v23: 20 modules done
[main] v24: 20 modules done
[main] v25: 20 modules done
[main] v26: 20 modules done
[oracle] 5 versions
[oracle] v1: 1 modules done
[oracle] v2: 1 modules done
[oracle] v3: 13 modules done
[oracle] v4: 14 modules done
[oracle] v5: 14 modules done
[lineage_c] 21 versions
[lineage_c] v1: 12 modules done
[lineage_c] v2: 13 modules done
[lineage_c] v3: 13 modules done
[lineage_c] v4: 18 modules done
[lineage_c] v5: 18 modules done
[lineage_c] v6: 18 modules done
[lineage_c] v7: 18 modules done
[lineage_c] v8: 18 modules done
[lineage_c] v9: 18 modules done
[lineage_c] v10: 18 modules done
[lineage_c] v11: 18 modules done
[lineage_c] v12: 18 modules done
[lineage_c] v13: 19 modules done
[lineage_c] v14: 19 modules done
[lineage_c] v15: 19 modules done
[lineage_c] v16: 19 modules done
[lineage_c] v17: 20 modules done
[lineage_c] v18: 20 modules done
[lineage_c] v19: 20 modules done
[lineage_c] v20: 20 modules done
[lineage_c] v21: 20 modules done
ALL DONE
