chicken: cp=107 nonzero=7 sum=48.204819 WETH
    0x126082815922fb9f8275021c5519C20ce7df1aBF 40.681817214774384
    0xB99291d31084966f86dC060c02DA970aBa13FD8C 5.0
    0x843a4d5F0D9C9abF383c1048efD50563464D441F 2.0
    0x3Be98ba8dD6397d645d3b6000209cD46238a158E 0.5
    0xBBfcBEC0D46378625238330A9D2d70F7E53c87c9 0.015
    0x2ef7817D196A57CF3c8FaC83D08811bda7Fa6EdE 0.008
    0x0CCA423eF93b398Ea1a0DEa5d51c52B409DB099c 1.599994882123e-06
gov: cp=86 nonzero=21 sum=18.997362 WETH
    0xBd7867409A0Ad489ca0f68630Fe1c11f6622dE79 18.958235307890703
    0x225c4cfc17d5ee7BF3E682396B12C0F6A7709d7d 0.02009
    0x26e76280F0C4477726B8a1Dd9AC4996c5c7bADf8 0.01078
    0x61bDbb7b7338d7220d0f8C9f8968d91ACD3A80b9 0.00392
    0x83c99bAE963285B1f0a82a1c326fd84bEA6438D7 0.000949271718036898
    0xab4382aAdae5bF4b37B90b9dc07FC72D52e2a28A 0.00084342
    0x0b988D78d6c3C30d1B4e017BdE04502A40D58948 0.0008
    0x0f6D08168981163447A29CFFa0634C6d04c5FEe0 0.00079634
    0x96D61d7B6980bDa520B50fEAaeB686d4949a8759 0.0004
    0x1d3bf13f8f7A83390d03Db5E23A950778e1d1309 0.000352527101082191
    0xFa3f80365269E90442d603972069B153a5b93a84 9.1264936005619e-05
    0x3E366FDcab411B5Fbf8bA1c61050099E8A8ecC78 7.6726370197785e-05
    0x2CCc1A9bcDEFf4b7A0De1Cd26d8c4CAb23414fDF 1.4288042353136e-05
    0x3D4Ef4E91E3B951CB3b2546846D1290B3E29BAdA 1e-05
    0x6D5b6f46265E63691a2E0A3Ad0881B08deC96ae5 1e-06
    0x9334f5B92da1Bed85Fd33a60146B453D58BBCbaF 7.4e-07
    0xF6CEd510c4d0FC388bf77a0FdE92b5ba9d2668Fe 2.6e-07
    0x705F24F33452D982313cff84f571de71C7D0ca68 2.4e-07
    0x7E2D0E0C5Ec185EE7EA1196a6d25Fbc9be5afb47 2e-07
    0xF68813feF24Ae1CE7000f0f1771Cd3042d5702be 2e-07
    0xf78dEDF28BED6C07ad42A05c322BE1014e1B29C9 1.8e-07
mystery: cp=5 nonzero=2 sum=4.000000 WETH
    0x8A0E28F0C7FA1De4CBe1f7c70eF83fD015479c48 2.0
    0xDc7B66f89b4dadc0f8E3606993284e5BceC7284f 2.0
star: cp=348 nonzero=1 sum=3.000000 WETH
    0xb156d84E8418cA411716E311404E5405dC1be981 3.0
bdp: cp=1454 nonzero=8 sum=1.743000 WETH
    0x2095729168eC8D4C86B1D9C749bb3D05eb45a5d4 0.9
    0x9d17c99b15d0594AF0f28DaB4BE3118f86a02Be2 0.4
    0xf152b4DcEa17edd19E63CeA39f5C5552bf2AC20E 0.364
    0xddEA3A0cE3414Df6c313561424C0c3b3984708be 0.059
    0xDC11Ec1A411B9dF7989252Cd42a421b3F34a7C51 0.01
    0x01521C33C0Ea1808456b21570E755E68Fa253166 0.008
    0x60B16bf80Ffe988B3b513De248c1CCe028F7a2Cc 0.001
    0xA2F8e4744FD85E9089a337fed259F05dd864a91e 0.001
DONE
