No files changed, compilation skipped
[2m2026-10-04T09:25:39.517639Z[0m [31mERROR[0m [2msharedbackend[0m[2m:[0m Failed to send/recv `basic` [3merr[0m[2m=[0mfailed to get account for 0x5615dEB798BB3E4dFa0139dFa1b3D433Cc23b72f: HTTP error 403 with body: {"jsonrpc":"2.0","error":{"code":-32602,"message":"Archive requests require a personal token. Get one at: https://www.allnodes.com/publicnode"},"id":38}


HTTP diagnostics:
cf-ray: a45323fc7857ae62-AMS
server: cloudflare [3maddress[0m[2m=[0m0x5615dEB798BB3E4dFa0139dFa1b3D433Cc23b72f

Ran 3 tests for test/BalancerV2Attack.t.sol:BalancerV2AttackTest
[FAIL: EVM error; database error: failed to get account for 0x5615dEB798BB3E4dFa0139dFa1b3D433Cc23b72f: HTTP error 403 with body: {"jsonrpc":"2.0","error":{"code":-32602,"message":"Archive requests require a personal token. Get one at: https://www.allnodes.com/publicnode"},"id":38}


HTTP diagnostics:
cf-ray: a45323fc7857ae62-AMS
server: cloudflare] test_current_arbitrum_candidates() (gas: 0)
[FAIL: EvmError: Revert] test_current_ethereum_candidates() (gas: 130296569)
Logs:
  === candidate ===: 
  pool_tag: candidate
  pool: 0xaE8535c23afeDdA9304B03c68a3563B75fc8f92b
    token: 0xaE8535c23afeDdA9304B03c68a3563B75fc8f92b
    balance: 2596148429265664465849772087304164
    token: 0xbB6881874825E60e1160416D6C426eae65f2459E
    balance: 32841283167681303644
    token: 0xf951E335afb289353dc249e82926178EaC7DEd78
    balance: 166994229333242102602
  attempt_init_reverted: 166994229333242
    revert_reason: STABLE_INVARIANT_DIDNT_CONVERGE
  attempt_init_reverted: 16699422933
    revert_reason: STABLE_INVARIANT_DIDNT_CONVERGE
  attempt_init_reverted: 1669942
    revert_reason: STABLE_INVARIANT_DIDNT_CONVERGE
  attempt_init_reverted: 16699
    revert_reason: Not implemented
  attempt_init_reverted: 1000000000
    revert_reason: STABLE_INVARIANT_DIDNT_CONVERGE
  === candidate ===: 
  pool_tag: candidate
  pool: 0x4CbdE5C4B4B53EBE4aF4adB85404725985406163
    token: 0x4CbdE5C4B4B53EBE4aF4adB85404725985406163
    balance: 2596148429267217443439796923657054
    token: 0xA35b1B31Ce002FBF2058D22F30f95D405200A15b
    balance: 104439778143424654162
    token: 0xbB6881874825E60e1160416D6C426eae65f2459E
    balance: 90508297533710728031
  attempt_init_reverted: 104439778143424
    revert_reason: Not implemented
  attempt_init_reverted: 10443977814
    revert_reason: Not implemented
  attempt_init_reverted: 1044397
    revert_reason: custom:4e487b71
  attempt_init_reverted: 10443
    revert_reason: Not implemented
  attempt_init_reverted: 1000000000
    revert_reason: custom:4e487b71
  === candidate ===: 
  pool_tag: candidate
  pool: 0x02D928E68D8F10C0358566152677Db51E1e2Dc8C
    token: 0x02D928E68D8F10C0358566152677Db51E1e2Dc8C
    balance: 2596148429266759817803429262835595
    token: 0x60D604890feaa0b5460B28A424407c24fe89374a
    balance: 1775331832253005105
    token: 0xf951E335afb289353dc249e82926178EaC7DEd78
    balance: 9225536281528921272
  attempt_init_reverted: 9225536281528
    revert_reason: STABLE_INVARIANT_DIDNT_CONVERGE
  attempt_init_reverted: 922553628
    revert_reason: STABLE_INVARIANT_DIDNT_CONVERGE
  attempt_init_reverted: 92255
    revert_reason: STABLE_INVARIANT_DIDNT_CONVERGE
  attempt_init_reverted: 922
    revert_reason: Not implemented
  attempt_init_reverted: 1000000000
    revert_reason: STABLE_INVARIANT_DIDNT_CONVERGE
  === candidate ===: 
  pool_tag: candidate
  pool: 0xE7e2c68d3b13d905BBb636709cF4DfD21076b9D2
    token: 0xC02aaA39b223FE8D0A0e5C4F27eAD9083C756Cc2
    balance: 122740482641553541
    token: 0xE7e2c68d3b13d905BBb636709cF4DfD21076b9D2
    balance: 2596148429267477163328921546423196
    token: 0xf951E335afb289353dc249e82926178EaC7DEd78
    balance: 3
  skip: pivot has no rate (sf<=1e18)
  === candidate ===: 
  pool_tag: candidate
  pool: 0x09B03b7cBB19b3daE94F884cF60dBc3c99a3947b
    token: 0x09B03b7cBB19b3daE94F884cF60dBc3c99a3947b
    balance: 2596148429270716444404093770452337
    token: 0x6c3ea9036406852006290770BEdFcAbA0e23A0e8
    balance: 57699717
    token: 0xb45ad160634c528Cc3D2926d9807104FA3157305
    balance: 68992413960083194758
  attempt_init_reverted: 68992413960083
    revert_reason: custom:4e487b71
  attempt_init_reverted: 6899241396
    revert_reason: custom:4e487b71
  attempt_init_reverted: 689924
    revert_reason: STABLE_INVARIANT_DIDNT_CONVERGE
  attempt_init_reverted: 6899
    revert_reason: STABLE_INVARIANT_DIDNT_CONVERGE
  attempt_init_reverted: 1000000000
    revert_reason: custom:4e487b71
  === candidate ===: 
  pool_tag: candidate
  pool: 0x74E5E53056526b2609d82E85486005EF2A2Db001
    token: 0x74E5E53056526b2609d82E85486005EF2A2Db001
    balance: 2596148429267399912605262984928244
    token: 0x7D1AfA7B718fb893dB30A3aBc0Cfc608AaCfeBB0
    balance: 9450986957393097995
    token: 0xA43A7c62D56dF036C187E1966c03E2799d8987ed
    balance: 102827422145239629154
  attempt_init_reverted: 102827422145239
    revert_reason: ZERO_DIVISION
  attempt_init_reverted: 10282742214
    revert_reason: ZERO_DIVISION
  attempt_init_reverted: 1028274
    revert_reason: ZERO_DIVISION
  attempt_init_reverted: 10282
    revert_reason: ZERO_DIVISION
  attempt_init_reverted: 1000000000
    revert_reason: ZERO_DIVISION
  === candidate ===: 
  pool_tag: candidate
  pool: 0xB54E6AADBF1ac1a3EF2A56E358706F0f8E320a03
    token: 0x4Bc3263Eb5bb2Ef7Ad9aB6FB68be80E43b43801F
    balance: 4945755339987
    token: 0xB54E6AADBF1ac1a3EF2A56E358706F0f8E320a03
    balance: 2596148429267414565806970100690421
    token: 0xC02aaA39b223FE8D0A0e5C4F27eAD9083C756Cc2
    balance: 12914826372237
  skip: pivot has no rate (sf<=1e18)
  === candidate ===: 
  pool_tag: candidate
  pool: 0xdD59f89B5B07B7844d72996fC9d83D81acC82196
    token: 0xC02aaA39b223FE8D0A0e5C4F27eAD9083C756Cc2
    balance: 4994403943042921
    token: 0xdD59f89B5B07B7844d72996fC9d83D81acC82196
    balance: 2596148429267417857126816175936608
    token: 0xF1376bceF0f78459C0Ed0ba5ddce976F1ddF51F4
    balance: 6981649622248585
  attempt_init_reverted: 6981649622
    revert_reason: STABLE_INVARIANT_DIDNT_CONVERGE
  attempt_init_reverted: 698164
    revert_reason: STABLE_INVARIANT_DIDNT_CONVERGE
  attempt_init_reverted: 1000000000
    revert_reason: STABLE_INVARIANT_DIDNT_CONVERGE
  === candidate ===: 
  pool_tag: candidate
  pool: 0x50359088f666a9E70DC00B565Ecd9F853a572c7c
    token: 0x50359088f666a9E70DC00B565Ecd9F853a572c7c
    balance: 2596148429267413614233953891339969
    token: 0xC02aaA39b223FE8D0A0e5C4F27eAD9083C756Cc2
    balance: 193898603154
    token: 0xf1C9acDc66974dFB6dEcB12aA385b9cD01190E38
    balance: 12655799439045
  attempt_init_reverted: 12655799
    revert_reason: STABLE_INVARIANT_DIDNT_CONVERGE
  attempt_init_reverted: 1265
    revert_reason: BAL#001
  attempt_init_reverted: 1000000000
    revert_reason: STABLE_INVARIANT_DIDNT_CONVERGE
  === candidate ===: 

[PASS] test_current_optimism_candidates() (gas: 33048504)
Logs:
  === op candidate ===: 
  pool_tag: candidate
  pool: 0x62cF35DB540152e94936dE63eFc90d880D4e241B
    token: 0x20715545C15C76461861Cb0D6ba96929766D05A5
    balance: 18564017326136863414
    token: 0x62cF35DB540152e94936dE63eFc90d880D4e241B
    balance: 2596148429281689219080703722586440
    token: 0xc5b001DC33727F8F26880B184090D3E252470D45
    balance: 25926173044499756988
    token: 0xF970659221BB9d01B615321b63a26E857ffC030B
    balance: 17025721908671655252
  skip: not a 3-token pool
  === op candidate ===: 
  pool_tag: candidate
  pool: 0x10D89732C7e3c5b548e766805b40bC0ECdca4499
    token: 0x10D89732C7e3c5b548e766805b40bC0ECdca4499
    balance: 2596148429267413793939699695000074
    token: 0x4186BFC76E2E237523CBC30FD220FE055156b41F
    balance: 3601601848578767
    token: 0x4200000000000000000000000000000000000006
    balance: 87906188088270
  attempt_init_reverted: 3601601848
    revert_reason: BAL#001
  attempt_init_reverted: 360160
    revert_reason: BAL#001
  attempt_init_reverted: 1000000000
    revert_reason: BAL#001
  === op candidate ===: 
  pool_tag: candidate
  pool: 0x73A7fe27fe9545D53924E529Acf11F3073841b9e
    token: 0x4200000000000000000000000000000000000006
    balance: 1032730887204022
    token: 0x73A7fe27fe9545D53924E529Acf11F3073841b9e
    balance: 2596148429267634508210769049762933
    token: 0x87eEE96D50Fb761AD85B1c982d28A042169d61b1
    balance: 2217076381408952
  attempt_init_reverted: 2217076381
    revert_reason: STABLE_INVARIANT_DIDNT_CONVERGE
  attempt_init_reverted: 221707
    revert_reason: STABLE_INVARIANT_DIDNT_CONVERGE
  attempt_init_reverted: 1000000000
    revert_reason: STABLE_INVARIANT_DIDNT_CONVERGE
  === op candidate ===: 
  pool_tag: candidate
  pool: 0x5F8893506Ddc4C271837187d14A9C87964a074Dc
    token: 0x1F32b1c2345538c0c6f582fCB022739c4A194Ebb
    balance: 136453015264138
    token: 0x484c2D6e3cDd945a8B2DF735e079178C1036578c
    balance: 1301147839577472
    token: 0x5F8893506Ddc4C271837187d14A9C87964a074Dc
    balance: 2596148429236249783803080154265365
    token: 0x9Bcef72be871e61ED4fBbc7630889beE758eb81D
    balance: 315412617003955
  skip: not a 3-token pool

Suite result: FAILED. 1 passed; 2 failed; 0 skipped; finished in 208.76s (303.07s CPU time)

Ran 1 test suite in 208.79s (208.76s CPU time): 1 tests passed, 2 failed, 0 skipped (3 total tests)

Failing tests:
Encountered 2 failing tests in test/BalancerV2Attack.t.sol:BalancerV2AttackTest
[FAIL: EVM error; database error: failed to get account for 0x5615dEB798BB3E4dFa0139dFa1b3D433Cc23b72f: HTTP error 403 with body: {"jsonrpc":"2.0","error":{"code":-32602,"message":"Archive requests require a personal token. Get one at: https://www.allnodes.com/publicnode"},"id":38}


HTTP diagnostics:
cf-ray: a45323fc7857ae62-AMS
server: cloudflare] test_current_arbitrum_candidates() (gas: 0)
[FAIL: EvmError: Revert] test_current_ethereum_candidates() (gas: 130296569)

Encountered a total of 2 failing tests, 1 tests succeeded

Tip: Run `forge test --rerun` to retry only the 2 failed tests
