No files changed, compilation skipped

Ran 1 test for test/BalancerV2Attack.t.sol:BalancerV2AttackTest
[PASS] test_current_ethereum_candidates() (gas: 42459728)
Logs:
  === candidate ===: 
  pool_tag: candidate
  pool: 0xaE8535c23afeDdA9304B03c68a3563B75fc8f92b
    token: 0xaE8535c23afeDdA9304B03c68a3563B75fc8f92b
    balance: 2596148429265664465849772087304164
    token: 0xbB6881874825E60e1160416D6C426eae65f2459E
    balance: 32841283167681303644
    token: 0xf951E335afb289353dc249e82926178EaC7DEd78
    balance: 166994229333242102602
    paused: false
  attempt_init_reverted: 166994229333242
  attempt_init_reverted: 16699422933
  attempt_init_reverted: 1669942
  attempt_init_reverted: 16699
  attempt_init_reverted: 1000000000
  === candidate ===: 
  pool_tag: candidate
  pool: 0x4CbdE5C4B4B53EBE4aF4adB85404725985406163
    token: 0x4CbdE5C4B4B53EBE4aF4adB85404725985406163
    balance: 2596148429267217443439796923657054
    token: 0xA35b1B31Ce002FBF2058D22F30f95D405200A15b
    balance: 104439778143424654162
    token: 0xbB6881874825E60e1160416D6C426eae65f2459E
    balance: 90508297533710728031
    paused: false
  attempt_init_reverted: 104439778143424
  attempt_init_reverted: 10443977814
  attempt_init_reverted: 1044397
  attempt_init_reverted: 10443
  attempt_init_reverted: 1000000000
  === candidate ===: 
  pool_tag: candidate
  pool: 0x02D928E68D8F10C0358566152677Db51E1e2Dc8C
    token: 0x02D928E68D8F10C0358566152677Db51E1e2Dc8C
    balance: 2596148429266759817803429262835595
    token: 0x60D604890feaa0b5460B28A424407c24fe89374a
    balance: 1775331832253005105
    token: 0xf951E335afb289353dc249e82926178EaC7DEd78
    balance: 9225536281528921272
    paused: false
  attempt_init_reverted: 9225536281528
  attempt_init_reverted: 922553628
  attempt_init_reverted: 92255
  attempt_init_reverted: 922
  attempt_init_reverted: 1000000000
  === candidate ===: 
  pool_tag: candidate
  pool: 0xE7e2c68d3b13d905BBb636709cF4DfD21076b9D2
    token: 0xC02aaA39b223FE8D0A0e5C4F27eAD9083C756Cc2
    balance: 122740482641553541
    token: 0xE7e2c68d3b13d905BBb636709cF4DfD21076b9D2
    balance: 2596148429267477163328921546423196
    token: 0xf951E335afb289353dc249e82926178EaC7DEd78
    balance: 3
    paused: false
  skip: pivot has no rate (sf<=1e18)
  === candidate ===: 
  pool_tag: candidate
  pool: 0x01536b22ea06e4A315E3DAAF05a12683Ed4dc14c
    token: 0x01536b22ea06e4A315E3DAAF05a12683Ed4dc14c
    balance: 2596148429267353763156769271943231
    token: 0x571f54D23cDf2211C83E9A0CbD92AcA36c48Fa02
    balance: 805249113430024016798
    token: 0xA0b86991c6218b36c1d19D4a2e9Eb0cE3606eB48
    balance: 67241665
    token: 0xaF4ce7CD4F8891ecf1799878c3e9A35b8BE57E09
    balance: 62841595325417094106
    paused: false
  skip: not a 3-token pool
  === candidate ===: 
  pool_tag: candidate
  pool: 0x50Cf90B954958480b8DF7958A9E965752F627124
    token: 0x3C640f0d3036Ad85Afa2D5A9E32bE651657B874F
    balance: 5928593084520754591764
    token: 0x50Cf90B954958480b8DF7958A9E965752F627124
    balance: 2596148437667884096014975802548411
    token: 0xD4e7C1F3DA1144c9E2CfD1b015eDA7652b4a4399
    balance: 50261529614486717421806
    token: 0xeB486AF868AeB3b6e53066abc9623b1041b42bc0
    balance: 45158727425059818740499
    paused: false
  skip: not a 3-token pool
  === candidate ===: 
  pool_tag: candidate
  pool: 0xfeBb0bbf162E64fb9D0dfe186E517d84C395f016
    token: 0x6667c6fa9f2b3Fc1Cc8D85320b62703d938E4385
    balance: 4713702356761291139220
    token: 0xA1697F9Af0875B63DdC472d6EeBADa8C1fAB8568
    balance: 11428152659992483770655
    token: 0xcbFA4532D8B2ade2C261D3DD5ef2A2284f792692
    balance: 4958218560863315148530
    token: 0xfeBb0bbf162E64fb9D0dfe186E517d84C395f016
    balance: 2596148430068222225884779133633302
    paused: false
  skip: not a 3-token pool

Suite result: ok. 1 passed; 0 failed; 0 skipped; finished in 30.84s (30.84s CPU time)

Ran 1 test suite in 30.85s (30.84s CPU time): 1 tests passed, 0 failed, 0 skipped (1 total tests)
