[ethereum] fetching PoolRegistered logs...
[ethereum] pools registered: 2003
[ethereum] reading getPoolTokens...
[ethereum] pools with non-zero balances: 1732
[ethereum] probed 25/1732
[ethereum] probed 50/1732
[ethereum] probed 75/1732
[ethereum] probed 100/1732
[ethereum] probed 125/1732
[ethereum] probed 150/1732
[ethereum] probed 175/1732
[ethereum] probed 200/1732
[ethereum] probed 225/1732
[ethereum] probed 250/1732
[ethereum] probed 275/1732
[ethereum] probed 300/1732
[ethereum] probed 325/1732
[ethereum] probed 350/1732
[ethereum] probed 375/1732
[ethereum] probed 400/1732
[ethereum] probed 425/1732
[ethereum] probed 450/1732
[ethereum] probed 475/1732
[ethereum] probed 500/1732
[ethereum] probed 525/1732
[ethereum] probed 550/1732
[ethereum] probed 575/1732
[ethereum] probed 600/1732
[ethereum] probed 625/1732
[ethereum] probed 650/1732
[ethereum] probed 675/1732
[ethereum] probed 700/1732
[ethereum] probed 725/1732
[ethereum] probed 750/1732
[ethereum] probed 775/1732
[ethereum] probed 800/1732
[ethereum] probed 825/1732
[ethereum] probed 850/1732
[ethereum] probed 875/1732
[ethereum] probed 900/1732
[ethereum] probed 925/1732
[ethereum] probed 950/1732
[ethereum] probed 975/1732
[ethereum] probed 1000/1732
[ethereum] probed 1025/1732
[ethereum] probed 1050/1732
[ethereum] probed 1075/1732
[ethereum] probed 1100/1732
[ethereum] probed 1125/1732
[ethereum] probed 1150/1732
[ethereum] probed 1175/1732
[ethereum] probed 1200/1732
[ethereum] probed 1225/1732
[ethereum] probed 1250/1732
[ethereum] probed 1275/1732
[ethereum] probed 1300/1732
[ethereum] probed 1325/1732
[ethereum] probed 1350/1732
[ethereum] probed 1375/1732
[ethereum] probed 1400/1732
[ethereum] probed 1425/1732
[ethereum] probed 1450/1732
[ethereum] probed 1475/1732
[ethereum] probed 1500/1732
[ethereum] probed 1525/1732
[ethereum] probed 1550/1732
[ethereum] probed 1575/1732
[ethereum] probed 1600/1732
[ethereum] probed 1625/1732
[ethereum] probed 1650/1732
[ethereum] probed 1675/1732
[ethereum] probed 1700/1732
[ethereum] probed 1725/1732
[ethereum] wrote analysis/chain-ethereum.json
