[05:28:16] [arbitrum] starting with RPC https://arbitrum-one-rpc.publicnode.com
[arbitrum] fetching PoolRegistered logs...
[arbitrum] pools registered: 1706
[arbitrum] reading getPoolTokens...
[arbitrum] pools with non-zero balances: 1495
[arbitrum] probed 25/1495
[arbitrum] probed 50/1495
[arbitrum] probed 75/1495
[arbitrum] probed 100/1495
[arbitrum] probed 125/1495
[arbitrum] probed 150/1495
[arbitrum] probed 175/1495
[arbitrum] probed 200/1495
[arbitrum] probed 225/1495
[arbitrum] probed 250/1495
[arbitrum] probed 275/1495
[arbitrum] probed 300/1495
[arbitrum] probed 325/1495
[arbitrum] probed 350/1495
[arbitrum] probed 375/1495
[arbitrum] probed 400/1495
[arbitrum] probed 425/1495
[arbitrum] probed 450/1495
[arbitrum] probed 475/1495
[arbitrum] probed 500/1495
[arbitrum] probed 525/1495
[arbitrum] probed 550/1495
[arbitrum] probed 575/1495
[arbitrum] probed 600/1495
[arbitrum] probed 625/1495
[arbitrum] probed 650/1495
[arbitrum] probed 675/1495
[arbitrum] probed 700/1495
[arbitrum] probed 725/1495
[arbitrum] probed 750/1495
[arbitrum] probed 775/1495
[arbitrum] probed 800/1495
[arbitrum] probed 825/1495
[arbitrum] probed 850/1495
[arbitrum] probed 875/1495
[arbitrum] probed 900/1495
[arbitrum] probed 925/1495
[arbitrum] probed 950/1495
[arbitrum] probed 975/1495
[arbitrum] probed 1000/1495
[arbitrum] probed 1025/1495
[arbitrum] probed 1050/1495
[arbitrum] probed 1075/1495
[arbitrum] probed 1100/1495
[arbitrum] probed 1125/1495
[arbitrum] probed 1150/1495
[arbitrum] probed 1175/1495
[arbitrum] probed 1200/1495
[arbitrum] probed 1225/1495
[arbitrum] probed 1250/1495
[arbitrum] probed 1275/1495
[arbitrum] probed 1300/1495
[arbitrum] probed 1325/1495
[arbitrum] probed 1350/1495
[arbitrum] probed 1375/1495
[arbitrum] probed 1400/1495
[arbitrum] probed 1425/1495
[arbitrum] probed 1450/1495
[arbitrum] probed 1475/1495
[arbitrum] wrote analysis/chain-arbitrum.json
