[06:45:58] base rpc=https://base-rpc.publicnode.com
[base] fetching PoolRegistered logs from https://base.blockscout.com...
    page 1: +898 logs (total 898)
[base] pools registered: 898
[base] reading getPoolTokens...
[base] pools with non-zero balances: 772
[base] probed 25/772
[base] probed 50/772
[base] probed 75/772
[base] probed 100/772
[base] probed 125/772
[base] probed 150/772
[base] probed 175/772
[base] probed 200/772
[base] probed 225/772
[base] probed 250/772
[base] probed 275/772
[base] probed 300/772
[base] probed 325/772
[base] probed 350/772
[base] probed 375/772
[base] probed 400/772
[base] probed 425/772
[base] probed 450/772
[base] probed 475/772
[base] probed 500/772
[base] probed 525/772
[base] probed 550/772
[base] probed 575/772
[base] probed 600/772
[base] probed 625/772
[base] probed 650/772
[base] probed 675/772
[base] probed 700/772
[base] probed 725/772
[base] probed 750/772
[base] wrote analysis/chain-base.json
