[ci] pushed branch c-38
[ci] dispatching workflow...
[ci] run: https://github.com/kingmariano/ca-zombie-ci/actions/runs/37117333088
[ci] conclusion: success
=== artifact contents ===
/home/heisenberg/CA/c-38/ci-artifacts/result-c-38/ci-out/heavy_scan.log
/home/heisenberg/CA/c-38/ci-artifacts/result-c-38/ci-out/shortfall_scan.json
/home/heisenberg/CA/c-38/ci-artifacts/result-c-38/ci-out/market_state.json
/home/heisenberg/CA/c-38/ci-artifacts/result-c-38/ci-out/oracle_tonic.json
/home/heisenberg/CA/c-38/ci-artifacts/result-c-38/ci-run-stdout.log
/home/heisenberg/CA/c-38/ci-artifacts/result-c-38/analysis/dump_state.log
/home/heisenberg/CA/c-38/ci-artifacts/result-c-38/analysis/shortfall_scan.log
/home/heisenberg/CA/c-38/ci-artifacts/result-c-38/analysis/extract_profit.log
/home/heisenberg/CA/c-38/ci-artifacts/result-c-38/analysis/subgraph_query.log
/home/heisenberg/CA/c-38/ci-artifacts/result-c-38/analysis/dump_state2.log
=== tail of full log (/home/heisenberg/CA/c-38/ci-log.txt) ===
foundryup installer...
run	Run foundry-rs/foundry-toolchain@v1	2026-10-03T10:43:20.8760971Z Running: foundryup 
run	Run foundry-rs/foundry-toolchain@v1	2026-10-03T10:43:23.9766830Z Added /home/runner/.foundry/bin to PATH
run	Run foundry-rs/foundry-toolchain@v1	2026-10-03T10:43:23.9767709Z Primary key: linux-foundry-chain-fork-run-a6c549b5fb7138cb7ac8151cd6b94510110238db
run	Run foundry-rs/foundry-toolchain@v1	2026-10-03T10:43:23.9771899Z Restore keys: linux-foundry-chain-fork-run-
run	Run foundry-rs/foundry-toolchain@v1	2026-10-03T10:43:24.1747567Z Cache not found
run	Run foundry-rs/foundry-toolchain@v1	2026-10-03T10:43:24.1747934Z Running: forge --version
run	Run foundry-rs/foundry-toolchain@v1	2026-10-03T10:43:24.1800208Z forge Version: 1.8.4
run	Run foundry-rs/foundry-toolchain@v1	2026-10-03T10:43:24.1800760Z Commit SHA: 50af4efe189dc64bad2b75ed6990b835de66c4ae
run	Run foundry-rs/foundry-toolchain@v1	2026-10-03T10:43:24.1801179Z Build Timestamp: 2026-10-01T14:08:28.191932892Z (1790863708)
run	Run foundry-rs/foundry-toolchain@v1	2026-10-03T10:43:24.1801538Z Build Profile: dist
run	Run foundry-rs/foundry-toolchain@v1	2026-10-03T10:43:24.1805621Z Running: cast --version
run	Run foundry-rs/foundry-toolchain@v1	2026-10-03T10:43:24.1867978Z cast Version: 1.8.4
run	Run foundry-rs/foundry-toolchain@v1	2026-10-03T10:43:24.1868282Z Commit SHA: 50af4efe189dc64bad2b75ed6990b835de66c4ae
run	Run foundry-rs/foundry-toolchain@v1	2026-10-03T10:43:24.1868567Z Build Timestamp: 2026-10-01T14:08:28.191932892Z (1790863708)
run	Run foundry-rs/foundry-toolchain@v1	2026-10-03T10:43:24.1868794Z Build Profile: dist
run	Run foundry-rs/foundry-toolchain@v1	2026-10-03T10:43:24.1873988Z Running: anvil --version
run	Run foundry-rs/foundry-toolchain@v1	2026-10-03T10:43:24.1908114Z anvil Version: 1.8.4
run	Run foundry-rs/foundry-toolchain@v1	2026-10-03T10:43:24.1908478Z Commit SHA: 50af4efe189dc64bad2b75ed6990b835de66c4ae
run	Run foundry-rs/foundry-toolchain@v1	2026-10-03T10:43:24.1908897Z Build Timestamp: 2026-10-01T14:08:28.191932892Z (1790863708)
run	Run foundry-rs/foundry-toolchain@v1	2026-10-03T10:43:24.1941162Z Build Profile: dist
run	Run foundry-rs/foundry-toolchain@v1	2026-10-03T10:43:24.1941649Z Running: chisel --version
run	Run foundry-rs/foundry-toolchain@v1	2026-10-03T10:43:24.1945390Z chisel Version: 1.8.4
run	Run foundry-rs/foundry-toolchain@v1	2026-10-03T10:43:24.1946110Z Commit SHA: 50af4efe189dc64bad2b75ed6990b835de66c4ae
run	Run foundry-rs/foundry-toolchain@v1	2026-10-03T10:43:24.1946533Z Build Timestamp: 2026-10-01T14:08:28.191932892Z (1790863708)
run	Run foundry-rs/foundry-toolchain@v1	2026-10-03T10:43:24.1946898Z Build Profile: dist
run	env info	﻿2026-10-03T10:43:24.2055659Z ##[group]Run df -h /
run	env info	2026-10-03T10:43:24.2055933Z [36;1mdf -h /[0m
run	env info	2026-10-03T10:43:24.2056115Z [36;1mnproc[0m
run	env info	2026-10-03T10:43:24.2056292Z [36;1mforge --version[0m
run	env info	2026-10-03T10:43:24.2056486Z [36;1mpython3 --version[0m
run	env info	2026-10-03T10:43:24.2056681Z [36;1mnode --version || true[0m
run	env info	2026-10-03T10:43:24.2284361Z shell: /usr/bin/bash -e {0}
run	env info	2026-10-03T10:43:24.2284583Z env:
run	env info	2026-10-03T10:43:24.2284873Z   RPC_URL: ***
run	env info	2026-10-03T10:43:24.2285225Z   BLOCKPI_RPC_URL: ***
run	env info	2026-10-03T10:43:24.2285521Z   NODEREAL_ETH_RPC_URL: ***
run	env info	2026-10-03T10:43:24.2285760Z   ETHERSCANV2_API_KEY: ***
run	env info	2026-10-03T10:43:24.2285990Z   GOLD_RUSH_API_KEY: ***
run	env info	2026-10-03T10:43:24.2286221Z   ALCHEMY_API_KEY: ***
run	env info	2026-10-03T10:43:24.2286501Z   ANKR_API_KEY: ***
run	env info	2026-10-03T10:43:24.2286726Z   DRPC_API_KEY: ***
run	env info	2026-10-03T10:43:24.2286950Z   INFURA_API_KEY: ***
run	env info	2026-10-03T10:43:24.2287162Z   DUNE_API_KEY: ***
run	env info	2026-10-03T10:43:24.2287361Z   ARB_RPC_URL: ***
run	env info	2026-10-03T10:43:24.2287564Z   BSC_RPC_URL: ***
run	env info	2026-10-03T10:43:24.2287764Z   BASE_RPC_URL: ***
run	env info	2026-10-03T10:43:24.2288001Z   OP_RPC_URL: ***
run	env info	2026-10-03T10:43:24.2288218Z   POLYGON_RPC_URL: ***
run	env info	2026-10-03T10:43:24.2288428Z   FANTOM_RPC_URL: ***
run	env info	2026-10-03T10:43:24.2288648Z   CRONOS_RPC_URL: ***
run	env info	2026-10-03T10:43:24.2288868Z   MOONRIVER_RPC_URL: ***
run	env info	2026-10-03T10:43:24.2289079Z   GNOSIS_RPC_URL: ***
run	env info	2026-10-03T10:43:24.2289280Z   SONIC_RPC_URL: ***
run	env info	2026-10-03T10:43:24.2289450Z   FOUNDRY_FUZZ_RUNS: 256
run	env info	2026-10-03T10:43:24.2289626Z ##[endgroup]
run	env info	2026-10-03T10:43:24.2514192Z Filesystem      Size  Used Avail Use% Mounted on
run	env info	2026-10-03T10:43:24.2514569Z /dev/root       145G   59G   86G  41% /
run	env info	2026-10-03T10:43:24.2595493Z 4
run	env info	2026-10-03T10:43:24.2629013Z forge Version: 1.8.4
run	env info	2026-10-03T10:43:24.2629319Z Commit SHA: 50af4efe189dc64bad2b75ed6990b835de66c4ae
run	env info	2026-10-03T10:43:24.2629613Z Build Timestamp: 2026-10-01T14:08:28.191932892Z (1790863708)
run	env info	2026-10-03T10:43:24.2629836Z Build Profile: dist
run	env info	2026-10-03T10:43:24.2640759Z Python 3.12.3
run	env info	2026-10-03T10:43:24.3102768Z v22.23.3
run	select ETH fork RPC	﻿2026-10-03T10:43:24.3148118Z ##[group]Run pick() {
run	select ETH fork RPC	2026-10-03T10:43:24.3148347Z [36;1mpick() {[0m
run	select ETH fork RPC	2026-10-03T10:43:24.3148520Z [36;1m  for u in "$@"; do[0m
run	select ETH fork RPC	2026-10-03T10:43:24.3148725Z [36;1m    [ -z "$u" ] && continue[0m
run	select ETH fork RPC	2026-10-03T10:43:24.3148994Z [36;1m    r=$(curl -s -m 12 -X POST -H 'Content-Type: application/json' \[0m
run	select ETH fork RPC	2026-10-03T10:43:24.3149372Z [36;1m          --data '{"jsonrpc":"2.0","id":1,"method":"eth_blockNumber","params":[]}' "$u" 2>/dev/null)[0m
run	select ETH fork RPC	2026-10-03T10:43:24.3149749Z [36;1m    case "$r" in *result*) echo "$u"; return 0;; esac[0m
run	select ETH fork RPC	2026-10-03T10:43:24.3149974Z [36;1m  done[0m
run	select ETH fork RPC	2026-10-03T10:43:24.3150146Z [36;1m  echo ""; return 1[0m
run	select ETH fork RPC	2026-10-03T10:43:24.3150321Z [36;1m}[0m
run	select ETH fork RPC	2026-10-03T10:43:24.3150809Z [36;1mPICK=$(pick "https://ethereum-rpc.publicnode.com" "https://eth.drpc.org" "https://1rpc.io/eth" "$RPC_URL" || true)[0m
run	select ETH fork RPC	2026-10-03T10:43:24.3151171Z [36;1mif [ -z "$PICK" ]; then[0m
run	select ETH fork RPC	2026-10-03T10:43:24.3151425Z [36;1m  echo "WARNING: no working ETH RPC found; FORK_RPC_URL left unset"[0m
run	select ETH fork RPC	2026-10-03T10:43:24.3151689Z [36;1melse[0m
run	select ETH fork RPC	2026-10-03T10:43:24.3151874Z [36;1m  echo "ETH fork RPC selected"[0m
run	select ETH fork RPC	2026-10-03T10:43:24.3152105Z [36;1m  echo "FORK_RPC_URL=$PICK" >> "$GITHUB_ENV"[0m
run	select ETH fork RPC	2026-10-03T10:43:24.3152312Z [36;1mfi[0m
run	select ETH fork RPC	2026-10-03T10:43:24.3204424Z shell: /usr/bin/bash -e {0}
run	select ETH fork RPC	2026-10-03T10:43:24.3204625Z env:
run	select ETH fork RPC	2026-10-03T10:43:24.3204872Z   RPC_URL: ***
run	select ETH fork RPC	2026-10-03T10:43:24.3205210Z   BLOCKPI_RPC_URL: ***
run	select ETH fork RPC	2026-10-03T10:43:24.3205516Z   NODEREAL_ETH_RPC_URL: ***
run	select ETH fork RPC	2026-10-03T10:43:24.3205752Z   ETHERSCANV2_API_KEY: ***
run	select ETH fork RPC	2026-10-03T10:43:24.3205975Z   GOLD_RUSH_API_KEY: ***
run	select ETH fork RPC	2026-10-03T10:43:24.3206189Z   ALCHEMY_API_KEY: ***
run	select ETH fork RPC	2026-10-03T10:43:24.3206448Z   ANKR_API_KEY: ***
run	select ETH fork RPC	2026-10-03T10:43:24.3206678Z   DRPC_API_KEY: ***
run	select ETH fork RPC	2026-10-03T10:43:24.3206890Z   INFURA_API_KEY: ***
run	select ETH fork RPC	2026-10-03T10:43:24.3207244Z   DUNE_API_KEY: ***
run	select ETH fork RPC	2026-10-03T10:43:24.3207442Z   ARB_RPC_URL: ***
run	select ETH fork RPC	2026-10-03T10:43:24.3207646Z   BSC_RPC_URL: ***
run	select ETH fork RPC	2026-10-03T10:43:24.3207850Z   BASE_RPC_URL: ***
run	select ETH fork RPC	2026-10-03T10:43:24.3208055Z   OP_RPC_URL: ***
run	select ETH fork RPC	2026-10-03T10:43:24.3208275Z   POLYGON_RPC_URL: ***
run	select ETH fork RPC	2026-10-03T10:43:24.3208489Z   FANTOM_RPC_URL: ***
run	select ETH fork RPC	2026-10-03T10:43:24.3208707Z   CRONOS_RPC_URL: ***
run	select ETH fork RPC	2026-10-03T10:43:24.3208926Z   MOONRIVER_RPC_URL: ***
run	select ETH fork RPC	2026-10-03T10:43:24.3209142Z   GNOSIS_RPC_URL: ***
run	select ETH fork RPC	2026-10-03T10:43:24.3209366Z   SONIC_RPC_URL: ***
run	select ETH fork RPC	2026-10-03T10:43:24.3209538Z   FOUNDRY_FUZZ_RUNS: 256
run	select ETH fork RPC	2026-10-03T10:43:24.3209712Z ##[endgroup]
run	select ETH fork RPC	2026-10-03T10:43:24.4940004Z ETH fork RPC selected
run	custom CI script	﻿2026-10-03T10:43:24.5335563Z ##[group]Run bash ci/run.sh
run	custom CI script	2026-10-03T10:43:24.5335798Z [36;1mbash ci/run.sh[0m
run	custom CI script	2026-10-03T10:43:24.5388179Z shell: /usr/bin/bash -e {0}
run	custom CI script	2026-10-03T10:43:24.5388372Z env:
run	custom CI script	2026-10-03T10:43:24.5388634Z   RPC_URL: ***
run	custom CI script	2026-10-03T10:43:24.5388961Z   BLOCKPI_RPC_URL: ***
run	custom CI script	2026-10-03T10:43:24.5389267Z   NODEREAL_ETH_RPC_URL: ***
run	custom CI script	2026-10-03T10:43:24.5389504Z   ETHERSCANV2_API_KEY: ***
run	custom CI script	2026-10-03T10:43:24.5389727Z   GOLD_RUSH_API_KEY: ***
run	custom CI script	2026-10-03T10:43:24.5389957Z   ALCHEMY_API_KEY: ***
run	custom CI script	2026-10-03T10:43:24.5390212Z   ANKR_API_KEY: ***
run	custom CI script	2026-10-03T10:43:24.5390435Z   DRPC_API_KEY: ***
run	custom CI script	2026-10-03T10:43:24.5390791Z   INFURA_API_KEY: ***
run	custom CI script	2026-10-03T10:43:24.5391006Z   DUNE_API_KEY: ***
run	custom CI script	2026-10-03T10:43:24.5391200Z   ARB_RPC_URL: ***
run	custom CI script	2026-10-03T10:43:24.5391405Z   BSC_RPC_URL: ***
run	custom CI script	2026-10-03T10:43:24.5391605Z   BASE_RPC_URL: ***
run	custom CI script	2026-10-03T10:43:24.5391810Z   OP_RPC_URL: ***
run	custom CI script	2026-10-03T10:43:24.5392022Z   POLYGON_RPC_URL: ***
run	custom CI script	2026-10-03T10:43:24.5392233Z   FANTOM_RPC_URL: ***
run	custom CI script	2026-10-03T10:43:24.5392446Z   CRONOS_RPC_URL: ***
run	custom CI script	2026-10-03T10:43:24.5392693Z   MOONRIVER_RPC_URL: ***
run	custom CI script	2026-10-03T10:43:24.5392904Z   GNOSIS_RPC_URL: ***
run	custom CI script	2026-10-03T10:43:24.5393107Z   SONIC_RPC_URL: ***
run	custom CI script	2026-10-03T10:43:24.5393277Z   FOUNDRY_FUZZ_RUNS: 256
run	custom CI script	2026-10-03T10:43:24.5393484Z   FORK_RPC_URL: https://ethereum-rpc.publicnode.com
run	custom CI script	2026-10-03T10:43:24.5393708Z ##[endgroup]
run	custom CI script	2026-10-03T10:43:24.5467286Z [c-38] RPC env set: yes
run	custom CI script	2026-10-03T10:43:24.5475370Z Python 3.12.3
run	custom CI script	2026-10-03T10:43:47.1126268Z latest block: 97657155
run	custom CI script	2026-10-03T10:43:47.1127745Z {
run	custom CI script	2026-10-03T10:43:47.1127974Z  "block": 97657155,
run	custom CI script	2026-10-03T10:43:47.1128315Z  "unitroller": "0xb3831584acb95ED9cCb0C11f677B5AD01DeaeEc0",
run	custom CI script	2026-10-03T10:43:47.1128748Z  "oracle": "0xd360d8cabc1b2e56ecf348bff00d2bd9f658754a",
run	custom CI script	2026-10-03T10:43:47.1129266Z  "closeFactorMantissa": 500000000000000000,
run	custom CI script	2026-10-03T10:43:47.1129674Z  "liquidationIncentiveMantissa": 1100000000000000000,
run	custom CI script	2026-10-03T10:43:47.1130143Z  "pauseGuardian": "0x351eca4cd87bc725989021630a0c7ec2272111cd",
run	custom CI script	2026-10-03T10:43:47.1130481Z  "admin": "0x9e3f42052337e2cf0c3748bcc732430af3f53f72",
run	custom CI script	2026-10-03T10:43:47.1130977Z  "transferGuardianPaused": 0,
run	custom CI script	2026-10-03T10:43:47.1131287Z  "seizeGuardianPaused": 0,
run	custom CI script	2026-10-03T10:43:47.1131568Z  "market_count": 18
run	custom CI script	2026-10-03T10:43:47.1131829Z }
run	custom CI script	2026-10-03T10:43:47.1132171Z tUSDC      cash=1866168699785 borrows=5591201312071 mintPaused=1 borrowPaused=1
run	custom CI script	2026-10-03T10:43:47.1132668Z tWBTC      cash=9078152944 borrows=32069863 mintPaused=1 borrowPaused=1
run	custom CI script	2026-10-03T10:43:47.1133097Z tWETH      cash=1504265797565975690803 borrows=9525898933522070934 mintPaused=1 borrowPaused=1
run	custom CI script	2026-10-03T10:43:47.1133484Z tCRO       cash=31589597627952724124936285 borrows=26713964934816394090128356 mintPaused=1 borrowPaused=1
run	custom CI script	2026-10-03T10:43:47.1133882Z tDAI       cash=73976874025597734688406 borrows=57076045250353535271840 mintPaused=1 borrowPaused=1
run	custom CI script	2026-10-03T10:43:47.1134235Z tUSDT      cash=840918435427 borrows=750729658291 mintPaused=1 borrowPaused=1
run	custom CI script	2026-10-03T10:43:47.1134613Z tTONIC     cash=3960740366889226847251564123806 borrows=1602098650270049307355351859553 mintPaused=1 borrowPaused=1
run	custom CI script	2026-10-03T10:43:47.1135028Z tTUSD      cash=10842877160480104143447 borrows=14914549307252962544859 mintPaused=1 borrowPaused=1
run	custom CI script	2026-10-03T10:43:47.1135380Z tATOM      cash=34118055039 borrows=13042380610 mintPaused=1 borrowPaused=1
run	custom CI script	2026-10-03T10:43:47.1135890Z tADA       cash=379540047013 borrows=4549462185 mintPaused=1 borrowPaused=1
run	custom CI script	2026-10-03T10:43:47.1136252Z tVVS       cash=31999246374210006868226921562 borrows=1289686434010139277427108542 mintPaused=1 borrowPaused=1
run	custom CI script	2026-10-03T10:43:47.1136612Z tXRP       cash=272186642271 borrows=3308131142 mintPaused=1 borrowPaused=1
run	custom CI script	2026-10-03T10:43:47.1136916Z tLTC       cash=41933678916 borrows=154045880 mintPaused=1 borrowPaused=1
run	custom CI script	2026-10-03T10:43:47.1137219Z tLCROd     cash=100000000000000000 borrows=0 mintPaused=1 borrowPaused=1
run	custom CI script	2026-10-03T10:43:47.1137574Z tLCRO      cash=17868100631832438702120191 borrows=587733439586745931337137 mintPaused=1 borrowPaused=1
run	custom CI script	2026-10-03T10:43:47.1138059Z tCDCBTC    cash=2622958061 borrows=87120938 mintPaused=1 borrowPaused=1
run	custom CI script	2026-10-03T10:43:47.1138422Z tCDCETH    cash=349929286866304986647 borrows=8509632150059271756 mintPaused=1 borrowPaused=1
run	custom CI script	2026-10-03T10:43:47.1138790Z tUSC       cash=7064394181140120745002 borrows=840862696962457782263 mintPaused=1 borrowPaused=1
run	custom CI script	2026-10-03T10:43:47.1139486Z TONIC check: {"feed": {"feed": "0x14f753940720c1fa4247cd464c7ea28c806d123f", "answer": 19284, "updatedAt": 1791023530}, "dex_pool": {"reserve0": 76503044162, "reserve1": 8555652533953529269188090404343, "price_usd": 8.94181289602329e-09}, "oracle_usd": 1.9284e-08, "premium_x": 2.156609652230166}
run	custom CI script	2026-10-03T10:43:47.1140128Z borrower positions=8189 accounts=6530
run	custom CI script	2026-10-03T10:43:47.1140329Z   shortfall 100/653
run	custom CI script	2026-10-03T10:43:51.4384184Z   shortfall 200/653
run	custom CI script	2026-10-03T10:43:55.4783651Z   shortfall 300/653
run	custom CI script	2026-10-03T10:43:59.7333375Z   shortfall 400/653
run	custom CI script	2026-10-03T10:44:03.9459167Z   shortfall 500/653
run	custom CI script	2026-10-03T10:44:08.1094348Z   shortfall 600/653
run	custom CI script	2026-10-03T10:44:16.6777129Z shortfall accounts=2914 total_shortfall_usd=34982.96
run	custom CI script	2026-10-03T10:44:16.6777566Z snapshot pairs: 4633
run	custom CI script	2026-10-03T10:44:16.6779053Z   snapshots 100/464
run	custom CI script	2026-10-03T10:44:20.6305878Z   snapshots 200/464
run	custom CI script	2026-10-03T10:44:24.4603986Z   snapshots 300/464
run	custom CI script	2026-10-03T10:44:28.3787718Z   snapshots 400/464
run	custom CI script	2026-10-03T10:44:30.8730313Z TOTAL EXTRACTABLE (liquidation, best pair per account): $121.26 across 1037 accounts
run	custom CI script	2026-10-03T10:44:30.8731126Z   0x272d63f6e2f6398f3724bf70541137d2e329b030 tTUSD->tDAI profit=$38.6012
run	custom CI script	2026-10-03T10:44:30.8731609Z   0x0816176c239e66ddef4af24e82f143e2163980d8 tWBTC->tCRO profit=$1.5127
run	custom CI script	2026-10-03T10:44:30.8732074Z   0x2eeefe451a8f340a71e1930a489f0654f92cfea4 tDAI->tCRO profit=$1.4960
run	custom CI script	2026-10-03T10:44:30.8732536Z   0xb3192ebb866465ce2944130a271c9b24ad1af125 tUSDT->tCRO profit=$1.4260
run	custom CI script	2026-10-03T10:44:30.8733001Z   0x0670069eedc2481f06e0258e16bab511061adb6e tUSDC->tCRO profit=$1.3281
run	custom CI script	2026-10-03T10:44:30.8733474Z   0xe36256f2e0cae6e083e307c5e23e5caa21a16adf tWBTC->tCRO profit=$1.3193
run	custom CI script	2026-10-03T10:44:30.8733994Z   0x30839839075d2389549e98f9cb1d36afc19e514c tUSDT->tCRO profit=$1.1192
run	custom CI script	2026-10-03T10:44:30.8734454Z   0x7a8cadf5a5618330837d20cba76e49c411c376f2 tUSDT->tDAI profit=$1.0946
run	custom CI script	2026-10-03T10:44:30.8734913Z   0x04c39f2c151695d2e3151fdfa7f25b044bbc614e tUSDT->tCRO profit=$1.0921
run	custom CI script	2026-10-03T10:44:30.8735383Z   0x2e3b173051589e36993969b02709ce2c44c0d3b8 tUSDT->tCRO profit=$1.0661
run	custom CI script	2026-10-03T10:44:30.8735741Z done in 66s
run	custom CI script	2026-10-03T10:44:30.8829884Z [c-38] results:
run	custom CI script	2026-10-03T10:44:30.8843367Z total 752
run	custom CI script	2026-10-03T10:44:30.8843666Z drwxr-xr-x 2 runner runner   4096 Oct  3 10:44 .
run	custom CI script	2026-10-03T10:44:30.8844033Z drwxr-xr-x 6 runner runner   4096 Oct  3 10:43 ..
run	custom CI script	2026-10-03T10:44:30.8844361Z -rw-r--r-- 1 runner runner  13577 Oct  3 10:44 extractable.json
run	custom CI script	2026-10-03T10:44:30.8844793Z -rw-r--r-- 1 runner runner   3486 Oct  3 10:44 heavy_scan.log
run	custom CI script	2026-10-03T10:44:30.8845193Z -rw-r--r-- 1 runner runner  31106 Oct  3 10:43 market_state.json
run	custom CI script	2026-10-03T10:44:30.8845599Z -rw-r--r-- 1 runner runner    307 Oct  3 10:43 oracle_tonic.json
run	custom CI script	2026-10-03T10:44:30.8846051Z -rw-r--r-- 1 runner runner 701607 Oct  3 10:44 shortfall_scan.json
run	foundry tests	﻿2026-10-03T10:44:30.9248448Z ##[group]Run forge test -vvv
run	foundry tests	2026-10-03T10:44:30.9248683Z [36;1mforge test -vvv[0m
run	foundry tests	2026-10-03T10:44:30.9299182Z shell: /usr/bin/bash -e {0}
run	foundry tests	2026-10-03T10:44:30.9299522Z env:
run	foundry tests	2026-10-03T10:44:30.9299759Z   RPC_URL: ***
run	foundry tests	2026-10-03T10:44:30.9300075Z   BLOCKPI_RPC_URL: ***
run	foundry tests	2026-10-03T10:44:30.9300361Z   NODEREAL_ETH_RPC_URL: ***
run	foundry tests	2026-10-03T10:44:30.9300759Z   ETHERSCANV2_API_KEY: ***
run	foundry tests	2026-10-03T10:44:30.9300983Z   GOLD_RUSH_API_KEY: ***
run	foundry tests	2026-10-03T10:44:30.9301196Z   ALCHEMY_API_KEY: ***
run	foundry tests	2026-10-03T10:44:30.9301448Z   ANKR_API_KEY: ***
run	foundry tests	2026-10-03T10:44:30.9301667Z   DRPC_API_KEY: ***
run	foundry tests	2026-10-03T10:44:30.9301869Z   INFURA_API_KEY: ***
run	foundry tests	2026-10-03T10:44:30.9302077Z   DUNE_API_KEY: ***
run	foundry tests	2026-10-03T10:44:30.9302271Z   ARB_RPC_URL: ***
run	foundry tests	2026-10-03T10:44:30.9302473Z   BSC_RPC_URL: ***
run	foundry tests	2026-10-03T10:44:30.9302668Z   BASE_RPC_URL: ***
run	foundry tests	2026-10-03T10:44:30.9302868Z   OP_RPC_URL: ***
run	foundry tests	2026-10-03T10:44:30.9303080Z   POLYGON_RPC_URL: ***
run	foundry tests	2026-10-03T10:44:30.9303285Z   FANTOM_RPC_URL: ***
run	foundry tests	2026-10-03T10:44:30.9303500Z   CRONOS_RPC_URL: ***
run	foundry tests	2026-10-03T10:44:30.9303747Z   MOONRIVER_RPC_URL: ***
run	foundry tests	2026-10-03T10:44:30.9303955Z   GNOSIS_RPC_URL: ***
run	foundry tests	2026-10-03T10:44:30.9304159Z   SONIC_RPC_URL: ***
run	foundry tests	2026-10-03T10:44:30.9304326Z   FOUNDRY_FUZZ_RUNS: 256
run	foundry tests	2026-10-03T10:44:30.9304533Z   FORK_RPC_URL: https://ethereum-rpc.publicnode.com
run	foundry tests	2026-10-03T10:44:30.9304750Z ##[endgroup]
run	foundry tests	2026-10-03T10:44:31.3380767Z Compiling 19 files with Solc 0.8.24
run	foundry tests	2026-10-03T10:44:31.9301669Z Solc 0.8.24 finished in 592.13ms
run	foundry tests	2026-10-03T10:44:31.9342333Z Compiler run successful with warnings:
run	foundry tests	2026-10-03T10:44:31.9342643Z Warning (2018): Function state mutability can be restricted to view
run	foundry tests	2026-10-03T10:44:31.9342919Z    --> test/TectonicLive.t.sol:208:5:
run	foundry tests	2026-10-03T10:44:31.9343110Z     |
run	foundry tests	2026-10-03T10:44:31.9343315Z 208 |     function test_bad_debt_not_extractable() public {
run	foundry tests	2026-10-03T10:44:31.9343601Z     |     ^ (Relevant source part starts here and spans across multiple lines).
run	foundry tests	2026-10-03T10:44:31.9343786Z 
run	foundry tests	2026-10-03T10:44:41.6343160Z 
run	foundry tests	2026-10-03T10:44:41.6343796Z Ran 6 tests for test/TectonicLive.t.sol:TectonicLiveTest
run	foundry tests	2026-10-03T10:44:41.6344176Z [PASS] test_all_markets_mint_borrow_paused() (gas: 1129686)
run	foundry tests	2026-10-03T10:44:41.6344457Z [PASS] test_bad_debt_not_extractable() (gas: 239456)
run	foundry tests	2026-10-03T10:44:41.6344712Z [PASS] test_empty_market_donation_blocked() (gas: 145906)
run	foundry tests	2026-10-03T10:44:41.6344935Z [PASS] test_gates() (gas: 683550)
run	foundry tests	2026-10-03T10:44:41.6345183Z [PASS] test_liquidation_profit_is_dust() (gas: 1492940)
run	foundry tests	2026-10-03T10:44:41.6346273Z Logs:
run	foundry tests	2026-10-03T10:44:41.6346854Z   repay_usdc_raw: 13536745
run	foundry tests	2026-10-03T10:44:41.6347269Z   seized_ctokens: 10902423345220709
run	foundry tests	2026-10-03T10:44:41.6347733Z   repay_usd_1e18: 13537397606476450000
run	foundry tests	2026-10-03T10:44:41.6348059Z   seize_usd_net_1e18: 14068908326260970098
run	foundry tests	2026-10-03T10:44:41.6348391Z   profit_usd_1e18: 531510719784520098
run	foundry tests	2026-10-03T10:44:41.6348589Z 
run	foundry tests	2026-10-03T10:44:41.6348751Z [PASS] test_tonic_oracle_premium() (gas: 59461)
run	foundry tests	2026-10-03T10:44:41.6349071Z Logs:
run	foundry tests	2026-10-03T10:44:41.6349334Z   tonic_oracle_usd_1e18: 19284000000
run	foundry tests	2026-10-03T10:44:41.6349659Z   tonic_dex_usd_1e18: 8941812896
run	foundry tests	2026-10-03T10:44:41.6349843Z 
run	foundry tests	2026-10-03T10:44:41.6350084Z Suite result: ok. 6 passed; 0 failed; 0 skipped; finished in 9.69s (21.67s CPU time)
run	foundry tests	2026-10-03T10:44:41.6375576Z 
run	foundry tests	2026-10-03T10:44:41.6375966Z Ran 1 test suite in 9.70s (9.69s CPU time): 6 tests passed, 0 failed, 0 skipped (6 total tests)
run	upload results	﻿2026-10-03T10:44:41.6464841Z ##[group]Run actions/upload-artifact@v4
run	upload results	2026-10-03T10:44:41.6465052Z with:
run	upload results	2026-10-03T10:44:41.6465210Z   name: result-c-38
run	upload results	2026-10-03T10:44:41.6465389Z   path: c-38/ci-out/**
run	upload results	c-38/**/*.log
run	upload results	
run	upload results	2026-10-03T10:44:41.6465584Z   if-no-files-found: ignore
run	upload results	2026-10-03T10:44:41.6465761Z   retention-days: 7
run	upload results	2026-10-03T10:44:41.6465926Z   compression-level: 6
run	upload results	2026-10-03T10:44:41.6466093Z   overwrite: false
run	upload results	2026-10-03T10:44:41.6466260Z   include-hidden-files: false
run	upload results	2026-10-03T10:44:41.6466436Z env:
run	upload results	2026-10-03T10:44:41.6466664Z   RPC_URL: ***
run	upload results	2026-10-03T10:44:41.6466960Z   BLOCKPI_RPC_URL: ***
run	upload results	2026-10-03T10:44:41.6467235Z   NODEREAL_ETH_RPC_URL: ***
run	upload results	2026-10-03T10:44:41.6467461Z   ETHERSCANV2_API_KEY: ***
run	upload results	2026-10-03T10:44:41.6467674Z   GOLD_RUSH_API_KEY: ***
run	upload results	2026-10-03T10:44:41.6468026Z   ALCHEMY_API_KEY: ***
run	upload results	2026-10-03T10:44:41.6468275Z   ANKR_API_KEY: ***
run	upload results	2026-10-03T10:44:41.6468485Z   DRPC_API_KEY: ***
run	upload results	2026-10-03T10:44:41.6468679Z   INFURA_API_KEY: ***
run	upload results	2026-10-03T10:44:41.6468878Z   DUNE_API_KEY: ***
run	upload results	2026-10-03T10:44:41.6469080Z   ARB_RPC_URL: ***
run	upload results	2026-10-03T10:44:41.6469272Z   BSC_RPC_URL: ***
run	upload results	2026-10-03T10:44:41.6469463Z   BASE_RPC_URL: ***
run	upload results	2026-10-03T10:44:41.6469659Z   OP_RPC_URL: ***
run	upload results	2026-10-03T10:44:41.6469870Z   POLYGON_RPC_URL: ***
run	upload results	2026-10-03T10:44:41.6470071Z   FANTOM_RPC_URL: ***
run	upload results	2026-10-03T10:44:41.6470278Z   CRONOS_RPC_URL: ***
run	upload results	2026-10-03T10:44:41.6470488Z   MOONRIVER_RPC_URL: ***
run	upload results	2026-10-03T10:44:41.6470883Z   GNOSIS_RPC_URL: ***
run	upload results	2026-10-03T10:44:41.6471082Z   SONIC_RPC_URL: ***
run	upload results	2026-10-03T10:44:41.6471247Z   FOUNDRY_FUZZ_RUNS: 256
run	upload results	2026-10-03T10:44:41.6471448Z   FORK_RPC_URL: https://ethereum-rpc.publicnode.com
run	upload results	2026-10-03T10:44:41.6471663Z ##[endgroup]
run	upload results	2026-10-03T10:44:41.7489899Z (node:2289) [DEP0040] DeprecationWarning: The `punycode` module is deprecated. Please use a userland alternative instead.
run	upload results	2026-10-03T10:44:41.7490481Z (Use `node --trace-deprecation ...` to show where the warning was created)
run	upload results	2026-10-03T10:44:41.7634325Z With the provided path, there will be 12 files uploaded
run	upload results	2026-10-03T10:44:41.7641156Z Artifact name is valid!
run	upload results	2026-10-03T10:44:41.7642195Z Root directory input is valid!
run	upload results	2026-10-03T10:44:42.0890647Z Beginning upload of artifact content to blob storage
run	upload results	2026-10-03T10:44:42.1205035Z (node:2289) [DEP0169] DeprecationWarning: `url.parse()` behavior is not standardized and prone to errors that have security implications. Use the WHATWG URL API instead. CVEs are not issued for `url.parse()` vulnerabilities.
run	upload results	2026-10-03T10:44:42.5481240Z Uploaded bytes 257841
run	upload results	2026-10-03T10:44:42.6110663Z Finished uploading artifact content to blob storage!
run	upload results	2026-10-03T10:44:42.6111332Z SHA256 digest of uploaded artifact zip is 7a010e51ce1e5a46416f827d8528450832e75c74c9556e81fc6f1804a5aca276
run	upload results	2026-10-03T10:44:42.6112169Z Finalizing artifact upload
run	upload results	2026-10-03T10:44:42.8383758Z Artifact result-c-38.zip successfully finalized. Artifact ID 11271652023
run	upload results	2026-10-03T10:44:42.8384489Z Artifact result-c-38 has been successfully uploaded! Final size is 257841 bytes. Artifact ID is 11271652023
run	upload results	2026-10-03T10:44:42.8389221Z Artifact download URL: https://github.com/kingmariano/ca-zombie-ci/actions/runs/37117333088/artifacts/11271652023
run	Post Run foundry-rs/foundry-toolchain@v1	﻿2026-10-03T10:44:42.8519837Z Post job cleanup.
run	Post Run foundry-rs/foundry-toolchain@v1	2026-10-03T10:44:42.9423667Z [command]/usr/bin/tar --posix -cf cache.tzst --exclude cache.tzst -P -C /home/runner/work/ca-zombie-ci/ca-zombie-ci --files-from manifest.txt --use-compress-program zstdmt
run	Post Run foundry-rs/foundry-toolchain@v1	2026-10-03T10:44:43.4957501Z Sent 90743 of 90743 (100.0%), 0.2 MBs/sec
run	Post Run foundry-rs/foundry-toolchain@v1	2026-10-03T10:44:43.7387697Z Cache saved with the key: linux-foundry-chain-fork-run-a6c549b5fb7138cb7ac8151cd6b94510110238db
run	Post Run actions/checkout@v4	﻿2026-10-03T10:44:43.7498701Z Post job cleanup.
run	Post Run actions/checkout@v4	2026-10-03T10:44:43.8039661Z [command]/usr/bin/git version
run	Post Run actions/checkout@v4	2026-10-03T10:44:43.8069581Z git version 2.55.0
run	Post Run actions/checkout@v4	2026-10-03T10:44:43.8091815Z Temporarily overriding HOME='/home/runner/work/_temp/71d4df93-057e-47f4-9192-d96214e59940' before making global git config changes
run	Post Run actions/checkout@v4	2026-10-03T10:44:43.8092643Z Adding repository directory to the temporary git global config as a safe directory
run	Post Run actions/checkout@v4	2026-10-03T10:44:43.8094431Z [command]/usr/bin/git config --global --add safe.directory /home/runner/work/ca-zombie-ci/ca-zombie-ci
run	Post Run actions/checkout@v4	2026-10-03T10:44:43.8122453Z [command]/usr/bin/git config --local --name-only --get-regexp core\.sshCommand
run	Post Run actions/checkout@v4	2026-10-03T10:44:43.8147427Z [command]/usr/bin/git submodule foreach --recursive sh -c "git config --local --name-only --get-regexp 'core\.sshCommand' && git config --local --unset-all 'core.sshCommand' || :"
run	Post Run actions/checkout@v4	2026-10-03T10:44:43.8442544Z [command]/usr/bin/git config --local --name-only --get-regexp http\.https\:\/\/github\.com\/\.extraheader
run	Post Run actions/checkout@v4	2026-10-03T10:44:43.8483322Z http.https://github.com/.extraheader
run	Post Run actions/checkout@v4	2026-10-03T10:44:43.8502667Z [command]/usr/bin/git config --local --unset-all http.https://github.com/.extraheader
run	Post Run actions/checkout@v4	2026-10-03T10:44:43.8533477Z [command]/usr/bin/git submodule foreach --recursive sh -c "git config --local --name-only --get-regexp 'http\.https\:\/\/github\.com\/\.extraheader' && git config --local --unset-all 'http.https://github.com/.extraheader' || :"
run	Post Run actions/checkout@v4	2026-10-03T10:44:43.8731600Z [command]/usr/bin/git config --local --name-only --get-regexp ^includeIf\.gitdir:
run	Post Run actions/checkout@v4	2026-10-03T10:44:43.8761403Z [command]/usr/bin/git submodule foreach --recursive git config --local --show-origin --name-only --get-regexp remote.origin.url
run	Complete job	﻿2026-10-03T10:44:43.9035426Z Cleaning up orphan processes
run	Complete job	2026-10-03T10:44:43.9237187Z ##[warning]Node.js 20 is deprecated. The following actions target Node.js 20 but are being forced to run on Node.js 24: actions/checkout@v4, actions/upload-artifact@v4. For more information see: https://github.blog/changelog/2025-09-19-deprecation-of-node-20-on-github-actions-runners/
