remote: 
remote: Create a pull request for 'c-38' on GitHub by visiting:        
remote:      https://github.com/kingmariano/ca-zombie-ci/pull/new/c-38        
remote: 
[ci] pushed branch c-38
[ci] dispatching workflow...
[ci] run: https://github.com/kingmariano/ca-zombie-ci/actions/runs/37117074019
[ci] conclusion: failure
=== artifact contents ===
/home/heisenberg/CA/c-38/ci-artifacts/result-c-38/ci-out/heavy_scan.log
/home/heisenberg/CA/c-38/ci-artifacts/result-c-38/ci-out/shortfall_scan.json
/home/heisenberg/CA/c-38/ci-artifacts/result-c-38/ci-out/market_state.json
/home/heisenberg/CA/c-38/ci-artifacts/result-c-38/ci-out/oracle_tonic.json
/home/heisenberg/CA/c-38/ci-artifacts/result-c-38/ci-run-stdout.log
/home/heisenberg/CA/c-38/ci-artifacts/result-c-38/analysis/dump_state.log
/home/heisenberg/CA/c-38/ci-artifacts/result-c-38/analysis/shortfall_scan.log
/home/heisenberg/CA/c-38/ci-artifacts/result-c-38/analysis/extract_profit.log
/home/heisenberg/CA/c-38/ci-artifacts/result-c-38/analysis/subgraph_query.log
/home/heisenberg/CA/c-38/ci-artifacts/result-c-38/analysis/dump_state2.log
=== tail of full log (/home/heisenberg/CA/c-38/ci-log.txt) ===
v1	2026-10-03T10:38:27.8078938Z   FANTOM_RPC_URL: ***
run	Run foundry-rs/foundry-toolchain@v1	2026-10-03T10:38:27.8080686Z   CRONOS_RPC_URL: ***
run	Run foundry-rs/foundry-toolchain@v1	2026-10-03T10:38:27.8082469Z   MOONRIVER_RPC_URL: ***
run	Run foundry-rs/foundry-toolchain@v1	2026-10-03T10:38:27.8084205Z   GNOSIS_RPC_URL: ***
run	Run foundry-rs/foundry-toolchain@v1	2026-10-03T10:38:27.8085891Z   SONIC_RPC_URL: ***
run	Run foundry-rs/foundry-toolchain@v1	2026-10-03T10:38:27.8087449Z   FOUNDRY_FUZZ_RUNS: 256
run	Run foundry-rs/foundry-toolchain@v1	2026-10-03T10:38:27.8088916Z ##[endgroup]
run	Run foundry-rs/foundry-toolchain@v1	2026-10-03T10:38:27.9310768Z Installing Foundry (version: stable)
run	Run foundry-rs/foundry-toolchain@v1	2026-10-03T10:38:27.9315516Z Downloading foundryup installer from foundry-rs/foundryup@a27902ef04dcb43061fabf343365cb5afc95fc48...
run	Run foundry-rs/foundry-toolchain@v1	2026-10-03T10:38:28.0109479Z Running foundryup installer...
run	Run foundry-rs/foundry-toolchain@v1	2026-10-03T10:38:29.0403066Z Running: foundryup 
run	Run foundry-rs/foundry-toolchain@v1	2026-10-03T10:38:32.8427091Z Added /home/runner/.foundry/bin to PATH
run	Run foundry-rs/foundry-toolchain@v1	2026-10-03T10:38:32.8428559Z Primary key: linux-foundry-chain-fork-run-8c6fee3fcf3d11ec0e6513b20bf3ab0816434c7e
run	Run foundry-rs/foundry-toolchain@v1	2026-10-03T10:38:32.8434738Z Restore keys: linux-foundry-chain-fork-run-
run	Run foundry-rs/foundry-toolchain@v1	2026-10-03T10:38:33.0165576Z Cache not found
run	Run foundry-rs/foundry-toolchain@v1	2026-10-03T10:38:33.0168928Z Running: forge --version
run	Run foundry-rs/foundry-toolchain@v1	2026-10-03T10:38:33.0229866Z forge Version: 1.8.4
run	Run foundry-rs/foundry-toolchain@v1	2026-10-03T10:38:33.0231569Z Commit SHA: 50af4efe189dc64bad2b75ed6990b835de66c4ae
run	Run foundry-rs/foundry-toolchain@v1	2026-10-03T10:38:33.0232440Z Build Timestamp: 2026-10-01T14:08:28.191932892Z (1790863708)
run	Run foundry-rs/foundry-toolchain@v1	2026-10-03T10:38:33.0233256Z Build Profile: dist
run	Run foundry-rs/foundry-toolchain@v1	2026-10-03T10:38:33.0236569Z Running: cast --version
run	Run foundry-rs/foundry-toolchain@v1	2026-10-03T10:38:33.0320014Z cast Version: 1.8.4
run	Run foundry-rs/foundry-toolchain@v1	2026-10-03T10:38:33.0320697Z Commit SHA: 50af4efe189dc64bad2b75ed6990b835de66c4ae
run	Run foundry-rs/foundry-toolchain@v1	2026-10-03T10:38:33.0321299Z Build Timestamp: 2026-10-01T14:08:28.191932892Z (1790863708)
run	Run foundry-rs/foundry-toolchain@v1	2026-10-03T10:38:33.0321766Z Build Profile: dist
run	Run foundry-rs/foundry-toolchain@v1	2026-10-03T10:38:33.0347913Z Running: anvil --version
run	Run foundry-rs/foundry-toolchain@v1	2026-10-03T10:38:33.0365112Z anvil Version: 1.8.4
run	Run foundry-rs/foundry-toolchain@v1	2026-10-03T10:38:33.0365695Z Commit SHA: 50af4efe189dc64bad2b75ed6990b835de66c4ae
run	Run foundry-rs/foundry-toolchain@v1	2026-10-03T10:38:33.0366254Z Build Timestamp: 2026-10-01T14:08:28.191932892Z (1790863708)
run	Run foundry-rs/foundry-toolchain@v1	2026-10-03T10:38:33.0366706Z Build Profile: dist
run	Run foundry-rs/foundry-toolchain@v1	2026-10-03T10:38:33.0369838Z Running: chisel --version
run	Run foundry-rs/foundry-toolchain@v1	2026-10-03T10:38:33.0409202Z chisel Version: 1.8.4
run	Run foundry-rs/foundry-toolchain@v1	2026-10-03T10:38:33.0410155Z Commit SHA: 50af4efe189dc64bad2b75ed6990b835de66c4ae
run	Run foundry-rs/foundry-toolchain@v1	2026-10-03T10:38:33.0410659Z Build Timestamp: 2026-10-01T14:08:28.191932892Z (1790863708)
run	Run foundry-rs/foundry-toolchain@v1	2026-10-03T10:38:33.0411251Z Build Profile: dist
run	env info	﻿2026-10-03T10:38:33.0542487Z ##[group]Run df -h /
run	env info	2026-10-03T10:38:33.0542924Z [36;1mdf -h /[0m
run	env info	2026-10-03T10:38:33.0543248Z [36;1mnproc[0m
run	env info	2026-10-03T10:38:33.0543564Z [36;1mforge --version[0m
run	env info	2026-10-03T10:38:33.0543953Z [36;1mpython3 --version[0m
run	env info	2026-10-03T10:38:33.0544337Z [36;1mnode --version || true[0m
run	env info	2026-10-03T10:38:33.0816535Z shell: /usr/bin/bash -e {0}
run	env info	2026-10-03T10:38:33.0817345Z env:
run	env info	2026-10-03T10:38:33.0818177Z   RPC_URL: ***
run	env info	2026-10-03T10:38:33.0818986Z   BLOCKPI_RPC_URL: ***
run	env info	2026-10-03T10:38:33.0819708Z   NODEREAL_ETH_RPC_URL: ***
run	env info	2026-10-03T10:38:33.0820264Z   ETHERSCANV2_API_KEY: ***
run	env info	2026-10-03T10:38:33.0820790Z   GOLD_RUSH_API_KEY: ***
run	env info	2026-10-03T10:38:33.0821276Z   ALCHEMY_API_KEY: ***
run	env info	2026-10-03T10:38:33.0821893Z   ANKR_API_KEY: ***
run	env info	2026-10-03T10:38:33.0822408Z   DRPC_API_KEY: ***
run	env info	2026-10-03T10:38:33.0822886Z   INFURA_API_KEY: ***
run	env info	2026-10-03T10:38:33.0823363Z   DUNE_API_KEY: ***
run	env info	2026-10-03T10:38:33.0823846Z   ARB_RPC_URL: ***
run	env info	2026-10-03T10:38:33.0824299Z   BSC_RPC_URL: ***
run	env info	2026-10-03T10:38:33.0824759Z   BASE_RPC_URL: ***
run	env info	2026-10-03T10:38:33.0825263Z   OP_RPC_URL: ***
run	env info	2026-10-03T10:38:33.0825766Z   POLYGON_RPC_URL: ***
run	env info	2026-10-03T10:38:33.0826171Z   FANTOM_RPC_URL: ***
run	env info	2026-10-03T10:38:33.0826601Z   CRONOS_RPC_URL: ***
run	env info	2026-10-03T10:38:33.0827283Z   MOONRIVER_RPC_URL: ***
run	env info	2026-10-03T10:38:33.0827690Z   GNOSIS_RPC_URL: ***
run	env info	2026-10-03T10:38:33.0828070Z   SONIC_RPC_URL: ***
run	env info	2026-10-03T10:38:33.0828382Z   FOUNDRY_FUZZ_RUNS: 256
run	env info	2026-10-03T10:38:33.0828694Z ##[endgroup]
run	env info	2026-10-03T10:38:33.0957173Z Filesystem      Size  Used Avail Use% Mounted on
run	env info	2026-10-03T10:38:33.0957940Z /dev/root       145G   59G   86G  41% /
run	env info	2026-10-03T10:38:33.0974826Z 4
run	env info	2026-10-03T10:38:33.1021571Z forge Version: 1.8.4
run	env info	2026-10-03T10:38:33.1022265Z Commit SHA: 50af4efe189dc64bad2b75ed6990b835de66c4ae
run	env info	2026-10-03T10:38:33.1023139Z Build Timestamp: 2026-10-01T14:08:28.191932892Z (1790863708)
run	env info	2026-10-03T10:38:33.1023863Z Build Profile: dist
run	env info	2026-10-03T10:38:33.1037916Z Python 3.12.3
run	env info	2026-10-03T10:38:33.1686212Z v22.23.3
run	select ETH fork RPC	﻿2026-10-03T10:38:33.1745617Z ##[group]Run pick() {
run	select ETH fork RPC	2026-10-03T10:38:33.1746029Z [36;1mpick() {[0m
run	select ETH fork RPC	2026-10-03T10:38:33.1746345Z [36;1m  for u in "$@"; do[0m
run	select ETH fork RPC	2026-10-03T10:38:33.1746707Z [36;1m    [ -z "$u" ] && continue[0m
run	select ETH fork RPC	2026-10-03T10:38:33.1747553Z [36;1m    r=$(curl -s -m 12 -X POST -H 'Content-Type: application/json' \[0m
run	select ETH fork RPC	2026-10-03T10:38:33.1748261Z [36;1m          --data '{"jsonrpc":"2.0","id":1,"method":"eth_blockNumber","params":[]}' "$u" 2>/dev/null)[0m
run	select ETH fork RPC	2026-10-03T10:38:33.1748921Z [36;1m    case "$r" in *result*) echo "$u"; return 0;; esac[0m
run	select ETH fork RPC	2026-10-03T10:38:33.1749327Z [36;1m  done[0m
run	select ETH fork RPC	2026-10-03T10:38:33.1749625Z [36;1m  echo ""; return 1[0m
run	select ETH fork RPC	2026-10-03T10:38:33.1749937Z [36;1m}[0m
run	select ETH fork RPC	2026-10-03T10:38:33.1750553Z [36;1mPICK=$(pick "https://ethereum-rpc.publicnode.com" "https://eth.drpc.org" "https://1rpc.io/eth" "$RPC_URL" || true)[0m
run	select ETH fork RPC	2026-10-03T10:38:33.1751260Z [36;1mif [ -z "$PICK" ]; then[0m
run	select ETH fork RPC	2026-10-03T10:38:33.1751724Z [36;1m  echo "WARNING: no working ETH RPC found; FORK_RPC_URL left unset"[0m
run	select ETH fork RPC	2026-10-03T10:38:33.1752209Z [36;1melse[0m
run	select ETH fork RPC	2026-10-03T10:38:33.1752541Z [36;1m  echo "ETH fork RPC selected"[0m
run	select ETH fork RPC	2026-10-03T10:38:33.1752966Z [36;1m  echo "FORK_RPC_URL=$PICK" >> "$GITHUB_ENV"[0m
run	select ETH fork RPC	2026-10-03T10:38:33.1753352Z [36;1mfi[0m
run	select ETH fork RPC	2026-10-03T10:38:33.1820278Z shell: /usr/bin/bash -e {0}
run	select ETH fork RPC	2026-10-03T10:38:33.1820641Z env:
run	select ETH fork RPC	2026-10-03T10:38:33.1821067Z   RPC_URL: ***
run	select ETH fork RPC	2026-10-03T10:38:33.1821671Z   BLOCKPI_RPC_URL: ***
run	select ETH fork RPC	2026-10-03T10:38:33.1822222Z   NODEREAL_ETH_RPC_URL: ***
run	select ETH fork RPC	2026-10-03T10:38:33.1822655Z   ETHERSCANV2_API_KEY: ***
run	select ETH fork RPC	2026-10-03T10:38:33.1823073Z   GOLD_RUSH_API_KEY: ***
run	select ETH fork RPC	2026-10-03T10:38:33.1823468Z   ALCHEMY_API_KEY: ***
run	select ETH fork RPC	2026-10-03T10:38:33.1823939Z   ANKR_API_KEY: ***
run	select ETH fork RPC	2026-10-03T10:38:33.1824335Z   DRPC_API_KEY: ***
run	select ETH fork RPC	2026-10-03T10:38:33.1824696Z   INFURA_API_KEY: ***
run	select ETH fork RPC	2026-10-03T10:38:33.1825305Z   DUNE_API_KEY: ***
run	select ETH fork RPC	2026-10-03T10:38:33.1825654Z   ARB_RPC_URL: ***
run	select ETH fork RPC	2026-10-03T10:38:33.1826016Z   BSC_RPC_URL: ***
run	select ETH fork RPC	2026-10-03T10:38:33.1826377Z   BASE_RPC_URL: ***
run	select ETH fork RPC	2026-10-03T10:38:33.1826769Z   OP_RPC_URL: ***
run	select ETH fork RPC	2026-10-03T10:38:33.1827491Z   POLYGON_RPC_URL: ***
run	select ETH fork RPC	2026-10-03T10:38:33.1827897Z   FANTOM_RPC_URL: ***
run	select ETH fork RPC	2026-10-03T10:38:33.1828294Z   CRONOS_RPC_URL: ***
run	select ETH fork RPC	2026-10-03T10:38:33.1828685Z   MOONRIVER_RPC_URL: ***
run	select ETH fork RPC	2026-10-03T10:38:33.1829081Z   GNOSIS_RPC_URL: ***
run	select ETH fork RPC	2026-10-03T10:38:33.1829457Z   SONIC_RPC_URL: ***
run	select ETH fork RPC	2026-10-03T10:38:33.1829765Z   FOUNDRY_FUZZ_RUNS: 256
run	select ETH fork RPC	2026-10-03T10:38:33.1830078Z ##[endgroup]
run	select ETH fork RPC	2026-10-03T10:38:33.4710878Z ETH fork RPC selected
run	custom CI script	﻿2026-10-03T10:38:33.5352130Z ##[group]Run bash ci/run.sh
run	custom CI script	2026-10-03T10:38:33.5352529Z [36;1mbash ci/run.sh[0m
run	custom CI script	2026-10-03T10:38:33.5414323Z shell: /usr/bin/bash -e {0}
run	custom CI script	2026-10-03T10:38:33.5414681Z env:
run	custom CI script	2026-10-03T10:38:33.5415056Z   RPC_URL: ***
run	custom CI script	2026-10-03T10:38:33.5415651Z   BLOCKPI_RPC_URL: ***
run	custom CI script	2026-10-03T10:38:33.5416227Z   NODEREAL_ETH_RPC_URL: ***
run	custom CI script	2026-10-03T10:38:33.5416675Z   ETHERSCANV2_API_KEY: ***
run	custom CI script	2026-10-03T10:38:33.5417412Z   GOLD_RUSH_API_KEY: ***
run	custom CI script	2026-10-03T10:38:33.5417804Z   ALCHEMY_API_KEY: ***
run	custom CI script	2026-10-03T10:38:33.5418292Z   ANKR_API_KEY: ***
run	custom CI script	2026-10-03T10:38:33.5418710Z   DRPC_API_KEY: ***
run	custom CI script	2026-10-03T10:38:33.5419094Z   INFURA_API_KEY: ***
run	custom CI script	2026-10-03T10:38:33.5419471Z   DUNE_API_KEY: ***
run	custom CI script	2026-10-03T10:38:33.5419843Z   ARB_RPC_URL: ***
run	custom CI script	2026-10-03T10:38:33.5420215Z   BSC_RPC_URL: ***
run	custom CI script	2026-10-03T10:38:33.5420581Z   BASE_RPC_URL: ***
run	custom CI script	2026-10-03T10:38:33.5420973Z   OP_RPC_URL: ***
run	custom CI script	2026-10-03T10:38:33.5421376Z   POLYGON_RPC_URL: ***
run	custom CI script	2026-10-03T10:38:33.5421759Z   FANTOM_RPC_URL: ***
run	custom CI script	2026-10-03T10:38:33.5422152Z   CRONOS_RPC_URL: ***
run	custom CI script	2026-10-03T10:38:33.5422583Z   MOONRIVER_RPC_URL: ***
run	custom CI script	2026-10-03T10:38:33.5422970Z   GNOSIS_RPC_URL: ***
run	custom CI script	2026-10-03T10:38:33.5423336Z   SONIC_RPC_URL: ***
run	custom CI script	2026-10-03T10:38:33.5423650Z   FOUNDRY_FUZZ_RUNS: 256
run	custom CI script	2026-10-03T10:38:33.5424037Z   FORK_RPC_URL: https://ethereum-rpc.publicnode.com
run	custom CI script	2026-10-03T10:38:33.5424470Z ##[endgroup]
run	custom CI script	2026-10-03T10:38:33.5516756Z [c-38] RPC env set: yes
run	custom CI script	2026-10-03T10:38:33.5527642Z Python 3.12.3
run	custom CI script	2026-10-03T10:38:58.8436094Z latest block: 97656545
run	custom CI script	2026-10-03T10:38:58.8436783Z {
run	custom CI script	2026-10-03T10:38:58.8437619Z  "block": 97656545,
run	custom CI script	2026-10-03T10:38:58.8438154Z  "unitroller": "0xb3831584acb95ED9cCb0C11f677B5AD01DeaeEc0",
run	custom CI script	2026-10-03T10:38:58.8439209Z  "oracle": "0xd360d8cabc1b2e56ecf348bff00d2bd9f658754a",
run	custom CI script	2026-10-03T10:38:58.8440064Z  "closeFactorMantissa": 500000000000000000,
run	custom CI script	2026-10-03T10:38:58.8440710Z  "liquidationIncentiveMantissa": 1100000000000000000,
run	custom CI script	2026-10-03T10:38:58.8441542Z  "pauseGuardian": "0x351eca4cd87bc725989021630a0c7ec2272111cd",
run	custom CI script	2026-10-03T10:38:58.8442221Z  "admin": "0x9e3f42052337e2cf0c3748bcc732430af3f53f72",
run	custom CI script	2026-10-03T10:38:58.8442793Z  "transferGuardianPaused": 0,
run	custom CI script	2026-10-03T10:38:58.8443244Z  "seizeGuardianPaused": 0,
run	custom CI script	2026-10-03T10:38:58.8443661Z  "market_count": 18
run	custom CI script	2026-10-03T10:38:58.8444037Z }
run	custom CI script	2026-10-03T10:38:58.8444554Z tUSDC      cash=1866168699785 borrows=5591201312071 mintPaused=1 borrowPaused=1
run	custom CI script	2026-10-03T10:38:58.8445339Z tWBTC      cash=9078152944 borrows=32069863 mintPaused=1 borrowPaused=1
run	custom CI script	2026-10-03T10:38:58.8446171Z tWETH      cash=1504265797565975690803 borrows=9525898933522070934 mintPaused=1 borrowPaused=1
run	custom CI script	2026-10-03T10:38:58.8447793Z tCRO       cash=31589597627952724124936285 borrows=26713964934816394090128356 mintPaused=1 borrowPaused=1
run	custom CI script	2026-10-03T10:38:58.8449068Z tDAI       cash=73976874025597734688406 borrows=57076045250353535271840 mintPaused=1 borrowPaused=1
run	custom CI script	2026-10-03T10:38:58.8468580Z tUSDT      cash=840918435427 borrows=750729658291 mintPaused=1 borrowPaused=1
run	custom CI script	2026-10-03T10:38:58.8469666Z tTONIC     cash=3960740366889226847251564123806 borrows=1602098650270049307355351859553 mintPaused=1 borrowPaused=1
run	custom CI script	2026-10-03T10:38:58.8470694Z tTUSD      cash=10842877160480104143447 borrows=14914549307252962544859 mintPaused=1 borrowPaused=1
run	custom CI script	2026-10-03T10:38:58.8471553Z tATOM      cash=34118055039 borrows=13042380610 mintPaused=1 borrowPaused=1
run	custom CI script	2026-10-03T10:38:58.8472478Z tADA       cash=379540047013 borrows=4549462185 mintPaused=1 borrowPaused=1
run	custom CI script	2026-10-03T10:38:58.8473328Z tVVS       cash=31999246374210006868226921562 borrows=1289686434010139277427108542 mintPaused=1 borrowPaused=1
run	custom CI script	2026-10-03T10:38:58.8474201Z tXRP       cash=272186642271 borrows=3308131142 mintPaused=1 borrowPaused=1
run	custom CI script	2026-10-03T10:38:58.8474772Z tLTC       cash=41933678916 borrows=154045880 mintPaused=1 borrowPaused=1
run	custom CI script	2026-10-03T10:38:58.8475506Z tLCROd     cash=100000000000000000 borrows=0 mintPaused=1 borrowPaused=1
run	custom CI script	2026-10-03T10:38:58.8476242Z tLCRO      cash=17868100631832438702120191 borrows=587733439586745931337137 mintPaused=1 borrowPaused=1
run	custom CI script	2026-10-03T10:38:58.8477454Z tCDCBTC    cash=2622958061 borrows=87120938 mintPaused=1 borrowPaused=1
run	custom CI script	2026-10-03T10:38:58.8478366Z tCDCETH    cash=349929286866304986647 borrows=8509632150059271756 mintPaused=1 borrowPaused=1
run	custom CI script	2026-10-03T10:38:58.8479250Z tUSC       cash=7064394181140120745002 borrows=840862696962457782263 mintPaused=1 borrowPaused=1
run	custom CI script	2026-10-03T10:38:58.8480787Z TONIC check: {"feed": {"feed": "0x14f753940720c1fa4247cd464c7ea28c806d123f", "answer": 19284, "updatedAt": 1791023530}, "dex_pool": {"reserve0": 76503044162, "reserve1": 8555652533953529269188090404343, "price_usd": 8.94181289602329e-09}, "oracle_usd": 1.9284e-08, "premium_x": 2.156609652230166}
run	custom CI script	2026-10-03T10:38:58.8482214Z borrower positions=8189 accounts=6530
run	custom CI script	2026-10-03T10:38:58.8482764Z   shortfall 100/653
run	custom CI script	2026-10-03T10:39:04.4655608Z   shortfall 200/653
run	custom CI script	2026-10-03T10:39:09.0370892Z   shortfall 300/653
run	custom CI script	2026-10-03T10:39:13.7501074Z   shortfall 400/653
run	custom CI script	2026-10-03T10:39:18.1956233Z   shortfall 500/653
run	custom CI script	2026-10-03T10:39:23.6911643Z   shortfall 600/653
run	custom CI script	2026-10-03T10:39:33.2150418Z shortfall accounts=2914 total_shortfall_usd=34982.96
run	custom CI script	2026-10-03T10:39:33.2152643Z snapshot pairs: 4633
run	custom CI script	2026-10-03T10:39:33.2153455Z   snapshots 100/464
run	custom CI script	2026-10-03T10:39:37.1975552Z   snapshots 200/464
run	custom CI script	2026-10-03T10:39:41.2041553Z   snapshots 300/464
run	custom CI script	2026-10-03T10:39:45.2362092Z   snapshots 400/464
run	custom CI script	2026-10-03T10:39:47.8223878Z Traceback (most recent call last):
run	custom CI script	2026-10-03T10:39:47.8225040Z   File "/home/runner/work/ca-zombie-ci/ca-zombie-ci/c-38/ci/heavy_scan.py", line 431, in <module>
run	custom CI script	2026-10-03T10:39:47.8238061Z     main()
run	custom CI script	2026-10-03T10:39:47.8238832Z   File "/home/runner/work/ca-zombie-ci/ca-zombie-ci/c-38/ci/heavy_scan.py", line 413, in main
run	custom CI script	2026-10-03T10:39:47.8241163Z     if best is None or profit > best["profit"]:
run	custom CI script	2026-10-03T10:39:47.8241702Z                                 ~~~~^^^^^^^^^^
run	custom CI script	2026-10-03T10:39:47.8242137Z KeyError: 'profit'
run	custom CI script	2026-10-03T10:39:47.8519471Z [c-38] results:
run	custom CI script	2026-10-03T10:39:47.8535269Z total 736
run	custom CI script	2026-10-03T10:39:47.8535899Z drwxr-xr-x 2 runner runner   4096 Oct  3 10:39 .
run	custom CI script	2026-10-03T10:39:47.8536714Z drwxr-xr-x 6 runner runner   4096 Oct  3 10:38 ..
run	custom CI script	2026-10-03T10:39:47.8537502Z -rw-r--r-- 1 runner runner   3021 Oct  3 10:39 heavy_scan.log
run	custom CI script	2026-10-03T10:39:47.8538073Z -rw-r--r-- 1 runner runner  31106 Oct  3 10:38 market_state.json
run	custom CI script	2026-10-03T10:39:47.8538661Z -rw-r--r-- 1 runner runner    307 Oct  3 10:38 oracle_tonic.json
run	custom CI script	2026-10-03T10:39:47.8539293Z -rw-r--r-- 1 runner runner 701607 Oct  3 10:39 shortfall_scan.json
run	foundry tests	﻿2026-10-03T10:39:47.9154245Z ##[group]Run forge test -vvv
run	foundry tests	2026-10-03T10:39:47.9154652Z [36;1mforge test -vvv[0m
run	foundry tests	2026-10-03T10:39:47.9217300Z shell: /usr/bin/bash -e {0}
run	foundry tests	2026-10-03T10:39:47.9217651Z env:
run	foundry tests	2026-10-03T10:39:47.9218009Z   RPC_URL: ***
run	foundry tests	2026-10-03T10:39:47.9218580Z   BLOCKPI_RPC_URL: ***
run	foundry tests	2026-10-03T10:39:47.9219118Z   NODEREAL_ETH_RPC_URL: ***
run	foundry tests	2026-10-03T10:39:47.9219593Z   ETHERSCANV2_API_KEY: ***
run	foundry tests	2026-10-03T10:39:47.9219997Z   GOLD_RUSH_API_KEY: ***
run	foundry tests	2026-10-03T10:39:47.9220366Z   ALCHEMY_API_KEY: ***
run	foundry tests	2026-10-03T10:39:47.9220834Z   ANKR_API_KEY: ***
run	foundry tests	2026-10-03T10:39:47.9221231Z   DRPC_API_KEY: ***
run	foundry tests	2026-10-03T10:39:47.9221598Z   INFURA_API_KEY: ***
run	foundry tests	2026-10-03T10:39:47.9221968Z   DUNE_API_KEY: ***
run	foundry tests	2026-10-03T10:39:47.9222306Z   ARB_RPC_URL: ***
run	foundry tests	2026-10-03T10:39:47.9222658Z   BSC_RPC_URL: ***
run	foundry tests	2026-10-03T10:39:47.9223004Z   BASE_RPC_URL: ***
run	foundry tests	2026-10-03T10:39:47.9223564Z   OP_RPC_URL: ***
run	foundry tests	2026-10-03T10:39:47.9223963Z   POLYGON_RPC_URL: ***
run	foundry tests	2026-10-03T10:39:47.9224331Z   FANTOM_RPC_URL: ***
run	foundry tests	2026-10-03T10:39:47.9224706Z   CRONOS_RPC_URL: ***
run	foundry tests	2026-10-03T10:39:47.9225122Z   MOONRIVER_RPC_URL: ***
run	foundry tests	2026-10-03T10:39:47.9225498Z   GNOSIS_RPC_URL: ***
run	foundry tests	2026-10-03T10:39:47.9225851Z   SONIC_RPC_URL: ***
run	foundry tests	2026-10-03T10:39:47.9226150Z   FOUNDRY_FUZZ_RUNS: 256
run	foundry tests	2026-10-03T10:39:47.9226510Z   FORK_RPC_URL: https://ethereum-rpc.publicnode.com
run	foundry tests	2026-10-03T10:39:47.9227219Z ##[endgroup]
run	foundry tests	2026-10-03T10:39:48.7326292Z Compiling 19 files with Solc 0.8.24
run	foundry tests	2026-10-03T10:39:49.6993176Z Solc 0.8.24 finished in 966.92ms
run	foundry tests	2026-10-03T10:39:49.7056960Z Compiler run successful with warnings:
run	foundry tests	2026-10-03T10:39:49.7058107Z Warning (2018): Function state mutability can be restricted to view
run	foundry tests	2026-10-03T10:39:49.7058866Z    --> test/TectonicLive.t.sol:207:5:
run	foundry tests	2026-10-03T10:39:49.7059331Z     |
run	foundry tests	2026-10-03T10:39:49.7059792Z 207 |     function test_bad_debt_not_extractable() public {
run	foundry tests	2026-10-03T10:39:49.7060785Z     |     ^ (Relevant source part starts here and spans across multiple lines).
run	foundry tests	2026-10-03T10:39:49.7061582Z 
run	foundry tests	2026-10-03T10:39:50.2062946Z [2m2026-10-03T10:39:50.205676Z[0m [31mERROR[0m [2msharedbackend[0m[2m:[0m Failed to send/recv `basic` [3merr[0m[2m=[0mfailed to get account for 0xb3831584acb95ED9cCb0C11f677B5AD01DeaeEc0: server returned an error response: error code -32000: header not found for hash 0x3a23d48c3dc417a828c12efbeccea0bc7c6f3cc19f7b64a30e7df143e4287a9f [3maddress[0m[2m=[0m0xb3831584acb95ED9cCb0C11f677B5AD01DeaeEc0
run	foundry tests	2026-10-03T10:39:50.2819723Z 
run	foundry tests	2026-10-03T10:39:50.2820331Z Ran 1 test for test/TectonicLive.t.sol:TectonicLiveTest
run	foundry tests	2026-10-03T10:39:50.2822347Z [FAIL: EVM error; database error: failed to get account for 0xb3831584acb95ED9cCb0C11f677B5AD01DeaeEc0: server returned an error response: error code -32000: header not found for hash 0x3a23d48c3dc417a828c12efbeccea0bc7c6f3cc19f7b64a30e7df143e4287a9f] setUp() (gas: 0)
run	foundry tests	2026-10-03T10:39:50.2824488Z Suite result: FAILED. 0 passed; 1 failed; 0 skipped; finished in 562.15ms (0.00ns CPU time)
run	foundry tests	2026-10-03T10:39:50.2827331Z 
run	foundry tests	2026-10-03T10:39:50.2829716Z Ran 1 test suite in 563.31ms (562.15ms CPU time): 0 tests passed, 1 failed, 0 skipped (1 total tests)
run	foundry tests	2026-10-03T10:39:50.2858016Z 
run	foundry tests	2026-10-03T10:39:50.2858365Z Failing tests:
run	foundry tests	2026-10-03T10:39:50.2859006Z Encountered 1 failing test in test/TectonicLive.t.sol:TectonicLiveTest
run	foundry tests	2026-10-03T10:39:50.2860346Z [FAIL: EVM error; database error: failed to get account for 0xb3831584acb95ED9cCb0C11f677B5AD01DeaeEc0: server returned an error response: error code -32000: header not found for hash 0x3a23d48c3dc417a828c12efbeccea0bc7c6f3cc19f7b64a30e7df143e4287a9f] setUp() (gas: 0)
run	foundry tests	2026-10-03T10:39:50.2861414Z 
run	foundry tests	2026-10-03T10:39:50.2861616Z Encountered a total of 1 failing tests, 0 tests succeeded
run	foundry tests	2026-10-03T10:39:50.2861910Z 
run	foundry tests	2026-10-03T10:39:50.2862123Z Tip: Run `forge test --rerun` to retry only the 1 failed test
run	foundry tests	2026-10-03T10:39:50.2862749Z Tip: Run `forge test --debug --match-test <TEST_NAME>` to inspect one failing test in the debugger
run	foundry tests	2026-10-03T10:39:50.2892020Z ##[error]Process completed with exit code 1.
run	upload results	﻿2026-10-03T10:39:50.2978849Z ##[group]Run actions/upload-artifact@v4
run	upload results	2026-10-03T10:39:50.2979248Z with:
run	upload results	2026-10-03T10:39:50.2979529Z   name: result-c-38
run	upload results	2026-10-03T10:39:50.2979855Z   path: c-38/ci-out/**
run	upload results	c-38/**/*.log
run	upload results	
run	upload results	2026-10-03T10:39:50.2980220Z   if-no-files-found: ignore
run	upload results	2026-10-03T10:39:50.2980545Z   retention-days: 7
run	upload results	2026-10-03T10:39:50.2980847Z   compression-level: 6
run	upload results	2026-10-03T10:39:50.2981156Z   overwrite: false
run	upload results	2026-10-03T10:39:50.2981467Z   include-hidden-files: false
run	upload results	2026-10-03T10:39:50.2981787Z env:
run	upload results	2026-10-03T10:39:50.2982135Z   RPC_URL: ***
run	upload results	2026-10-03T10:39:50.2982674Z   BLOCKPI_RPC_URL: ***
run	upload results	2026-10-03T10:39:50.2983196Z   NODEREAL_ETH_RPC_URL: ***
run	upload results	2026-10-03T10:39:50.2983621Z   ETHERSCANV2_API_KEY: ***
run	upload results	2026-10-03T10:39:50.2984010Z   GOLD_RUSH_API_KEY: ***
run	upload results	2026-10-03T10:39:50.2984371Z   ALCHEMY_API_KEY: ***
run	upload results	2026-10-03T10:39:50.2984831Z   ANKR_API_KEY: ***
run	upload results	2026-10-03T10:39:50.2985399Z   DRPC_API_KEY: ***
run	upload results	2026-10-03T10:39:50.2985757Z   INFURA_API_KEY: ***
run	upload results	2026-10-03T10:39:50.2986123Z   DUNE_API_KEY: ***
run	upload results	2026-10-03T10:39:50.2986481Z   ARB_RPC_URL: ***
run	upload results	2026-10-03T10:39:50.2986827Z   BSC_RPC_URL: ***
run	upload results	2026-10-03T10:39:50.2987496Z   BASE_RPC_URL: ***
run	upload results	2026-10-03T10:39:50.2987868Z   OP_RPC_URL: ***
run	upload results	2026-10-03T10:39:50.2988247Z   POLYGON_RPC_URL: ***
run	upload results	2026-10-03T10:39:50.2988630Z   FANTOM_RPC_URL: ***
run	upload results	2026-10-03T10:39:50.2989031Z   CRONOS_RPC_URL: ***
run	upload results	2026-10-03T10:39:50.2989413Z   MOONRIVER_RPC_URL: ***
run	upload results	2026-10-03T10:39:50.2989792Z   GNOSIS_RPC_URL: ***
run	upload results	2026-10-03T10:39:50.2990151Z   SONIC_RPC_URL: ***
run	upload results	2026-10-03T10:39:50.2990453Z   FOUNDRY_FUZZ_RUNS: 256
run	upload results	2026-10-03T10:39:50.2990826Z   FORK_RPC_URL: https://ethereum-rpc.publicnode.com
run	upload results	2026-10-03T10:39:50.2991234Z ##[endgroup]
run	upload results	2026-10-03T10:39:50.4620030Z (node:2627) [DEP0040] DeprecationWarning: The `punycode` module is deprecated. Please use a userland alternative instead.
run	upload results	2026-10-03T10:39:50.4621093Z (Use `node --trace-deprecation ...` to show where the warning was created)
run	upload results	2026-10-03T10:39:50.4893656Z With the provided path, there will be 10 files uploaded
run	upload results	2026-10-03T10:39:50.4900348Z Artifact name is valid!
run	upload results	2026-10-03T10:39:50.4901067Z Root directory input is valid!
run	upload results	2026-10-03T10:39:50.8290366Z Beginning upload of artifact content to blob storage
run	upload results	2026-10-03T10:39:50.8812206Z (node:2627) [DEP0169] DeprecationWarning: `url.parse()` behavior is not standardized and prone to errors that have security implications. Use the WHATWG URL API instead. CVEs are not issued for `url.parse()` vulnerabilities.
run	upload results	2026-10-03T10:39:51.2811504Z Uploaded bytes 246681
run	upload results	2026-10-03T10:39:51.3426515Z Finished uploading artifact content to blob storage!
run	upload results	2026-10-03T10:39:51.3428442Z SHA256 digest of uploaded artifact zip is 91f1f39e581f1b0c32d478cb87cd688003c8cb64b3db5ade9921435dad57be81
run	upload results	2026-10-03T10:39:51.3429774Z Finalizing artifact upload
run	upload results	2026-10-03T10:39:51.6018819Z Artifact result-c-38.zip successfully finalized. Artifact ID 11271521809
run	upload results	2026-10-03T10:39:51.6020695Z Artifact result-c-38 has been successfully uploaded! Final size is 246681 bytes. Artifact ID is 11271521809
run	upload results	2026-10-03T10:39:51.6028113Z Artifact download URL: https://github.com/kingmariano/ca-zombie-ci/actions/runs/37117074019/artifacts/11271521809
run	Post Run actions/checkout@v4	﻿2026-10-03T10:39:51.6233641Z Post job cleanup.
run	Post Run actions/checkout@v4	2026-10-03T10:39:51.7092348Z [command]/usr/bin/git version
run	Post Run actions/checkout@v4	2026-10-03T10:39:51.7133452Z git version 2.55.0
run	Post Run actions/checkout@v4	2026-10-03T10:39:51.7172434Z Temporarily overriding HOME='/home/runner/work/_temp/9ee73d2e-6bfa-4acf-989e-a9b1d5f64da6' before making global git config changes
run	Post Run actions/checkout@v4	2026-10-03T10:39:51.7174008Z Adding repository directory to the temporary git global config as a safe directory
run	Post Run actions/checkout@v4	2026-10-03T10:39:51.7178772Z [command]/usr/bin/git config --global --add safe.directory /home/runner/work/ca-zombie-ci/ca-zombie-ci
run	Post Run actions/checkout@v4	2026-10-03T10:39:51.7228865Z [command]/usr/bin/git config --local --name-only --get-regexp core\.sshCommand
run	Post Run actions/checkout@v4	2026-10-03T10:39:51.7265284Z [command]/usr/bin/git submodule foreach --recursive sh -c "git config --local --name-only --get-regexp 'core\.sshCommand' && git config --local --unset-all 'core.sshCommand' || :"
run	Post Run actions/checkout@v4	2026-10-03T10:39:51.7511366Z [command]/usr/bin/git config --local --name-only --get-regexp http\.https\:\/\/github\.com\/\.extraheader
run	Post Run actions/checkout@v4	2026-10-03T10:39:51.7544856Z http.https://github.com/.extraheader
run	Post Run actions/checkout@v4	2026-10-03T10:39:51.7559041Z [command]/usr/bin/git config --local --unset-all http.https://github.com/.extraheader
run	Post Run actions/checkout@v4	2026-10-03T10:39:51.7609732Z [command]/usr/bin/git submodule foreach --recursive sh -c "git config --local --name-only --get-regexp 'http\.https\:\/\/github\.com\/\.extraheader' && git config --local --unset-all 'http.https://github.com/.extraheader' || :"
run	Post Run actions/checkout@v4	2026-10-03T10:39:51.7870087Z [command]/usr/bin/git config --local --name-only --get-regexp ^includeIf\.gitdir:
run	Post Run actions/checkout@v4	2026-10-03T10:39:51.7911592Z [command]/usr/bin/git submodule foreach --recursive git config --local --show-origin --name-only --get-regexp remote.origin.url
run	Complete job	﻿2026-10-03T10:39:51.8311701Z Cleaning up orphan processes
run	Complete job	2026-10-03T10:39:51.8618982Z ##[warning]Node.js 20 is deprecated. The following actions target Node.js 20 but are being forced to run on Node.js 24: actions/checkout@v4, actions/upload-artifact@v4. For more information see: https://github.blog/changelog/2025-09-19-deprecation-of-node-20-on-github-actions-runners/
