block 27701971
v1 pairs from subgraph: 1000
v2 pairs from subgraph: 1000
total pairs: 2000
progress 0 / 2000
progress 250 / 2000
progress 500 / 2000
progress 750 / 2000
progress 1000 / 2000
progress 1250 / 2000
progress 1500 / 2000
progress 1750 / 2000
scanned: 2000 any excess: 18 skim-able(both>=0, one>0): 9 negative(FOT-ish): 0
0x56b498580c868a5f0c8511966525911cd68d7823 v2 ex0=1746165020514546866340 ex1=0 res0=30000000087327403982331 res1=26275055182747033 sub=$156836061871.7228166212304899607551
0x2f97d022a31b07dd3d4187f9c0acedd5cc92246e v1 ex0=0 ex1=2263484040065364388 res0=646477389960110719839041097865 res1=1646519177828645346263962409 sub=$112277.465169780433379898985749981
0x9d451d78f3acc1331c57193ffcf871155bbd95ce v1 ex0=0 ex1=1838500745821104912 res0=496453544526160182653770292865 res1=1361032432041240939241347462 sub=$92989.70598208160008704298126560882
0x4c827f1c3a37eb983fb3e8d5632f8019b148edd2 v1 ex0=0 ex1=1445849666210062480 res0=509207523643143723471762145228 res1=1075402546767358760420721839 sub=$73787.20011814410502585447725667547
0x6865930a00a5968761bf2108fd9469afb956bacb v2 ex0=891046479359728042 ex1=0 res0=1009999995319932882056480165584 res1=301402561728981 sub=$1107529241.841092408360610646134391
0xbec985e2bf7ddef60e06960592d9fef36bc25a8b v1 ex0=143292456594103304 ex1=0 res0=759529321966552849637045487654 res1=697089637704938619295521832914 sub=$24669329.91090068224114539416000746
0xdb1a7505eb1918163a118c86a119cbb9cd0ca53f v1 ex0=13380251071357931 ex1=0 res0=69999999864745072853920972 res1=1740793579 sub=$2331841824333.580264407553435041458
0x5145e5196b34fc2dc48e6ad3617705d20004e30f v1 ex0=1859590555189460 ex1=0 res0=69999999686534492417186097 res1=14691158256 sub=$15601656358.29822956047393720948737
0xdeeaa02de1ed7f9e93cf222e9419d153828b1d51 v1 ex0=1807002142721589 ex1=0 res0=69999999839315092555530693 res1=3916525333 sub=$505864017399.2382464020215957702159
0xc11d2d391bfff4efc1075f2ddf89cfe318d9cc53 v1 ex0=1351133832456703 ex1=0 res0=130470687489737462103221442839 res1=35996361631553828828608915272 sub=$7800593.937473649519828132537345727
0x75a4bb346283f28c0e582ea6d7afe14beadb034e v1 ex0=0 ex1=366388270413639 res0=741992884 res1=69999999981048088850030360 sub=$5280298117516.68224884684019877178
0x6dfb3cb429ba75325d8b7fb47ad080e102c116c2 v1 ex0=0 ex1=78547736397493 res0=26194360259 res1=699999999999999999355688543171544 sub=$25071359874667734.26905859709476675
0x539e4da370a5f522f86b4d1d1896d180f914a262 v1 ex0=0 ex1=1465797272969 res0=25073551610829 res1=6999999999999966970334164362 sub=$15466669604146.82652111510243952078
0xc045f26fff1cee0e3c5e31ffd41fb4ff0e11c6fa v1 ex0=0 ex1=359731113749 res0=3911213140446 res1=2461867025449759595 sub=$566030026.0898898470151380820109814
0xed6b0af61e3716306256008d8909206512189f23 v1 ex0=0 ex1=134878530078 res0=34767 res1=699999999999999428184813399 sub=$88599348941819939.83064746030725409
0xdc2b83d4c39abcb631c1830dfb3e70f9ddb32a59 v1 ex0=41959779381 ex1=0 res0=899999998790960439234 res1=1339637394 sub=$1234487832648.718896516107707568468
0x40de63db4cdbbd6a7c3cbfe9e4a1cdeadee57b99 v1 ex0=0 ex1=5191470883 res0=10000000000000000000000000000 res1=1099999999694436361045645697 sub=$35352.06828576243328356611897685058
0xf228029bdbb645d93b22d81d1d4f1b9d12ff81f1 v1 ex0=1577376032 ex1=0 res0=6999998860078109736714 res1=260413424413 sub=$86209878956.25543265029032968651375
