contracts to fetch: 6644
0
1000
2000
3000
4000
5000
6000
n labels: 3674
762 | EvolvNFT Collection: Evolv NFT
340 | vesting
329 | Gelotto Thread - https://gelotto.io
292 | Restaker for archway-1
76 | User Account
51 | astrovault-standard-pool-lp-staking
51 | astrovault-standard-pool
49 | astrovault-standard-pool-lp-token
43 | entity-launchpad-cosmos-0.0.1
36 | Andromeda - Instantiate
31 | galxe-nft-0.1.0
31 | loot-box-platform
27 | astrovault-stable-pool-lp-token
27 | astrovault-stable-pool-lp-staking
27 | astrovault-stable-pool-lockups
27 | astrovault-stable-pool
26 | astrovault-cw3-fixed-multisig-archway
26 | EvolvNFT Collection: 2000 ARCH
25 | astrovault-staking-derivative
25 | astrovault-bulk-distributor
22 | bolt-router
21 | Instantiate: cw721@2.0.5
18 | contract
17 | multisig-instance-archway1k949cltnwg3mpd24nyh4wtpdz6er8mhdr27xtl
17 | bolt-market-aarch
17 | bolt-market-ibc/0471F1C4E7AFD3F07702BEF6DC365268D64570F7C1FDC98EA6098DD6DE59817B
16 | bolt-market-ibc/43897B9739BD63E3A08A88191999C632E052724AB96BD4C74AE31375C991F48D
16 | bolt-market-ibc/27394FB092D2ECCD56123C74F36E4C1F926001CEADA9CA97EA622B25F41E5EB2
16 | bolt-market-ibc/B68560022FB3CAD599224B16AAEB62FB85848A7674E40B68A0F1982F270B356E
11 | Architects Test Minter
10 | QuadraticGrantTestInstance
10 | Instantiate: auction@2.2.4
10 | Architects Test Cw721
9 | astrovault-lp-staking
9 | outpost factory
9 | Instantiate: cw20@2.0.5
9 | Architects CW721
9 | Architects Minter
8 | astrovault-ratio-pool-lp-token
8 | EvolvNFT Collection: a
8 | astrovault-ratio-pool-lp-staking
8 | astrovault-ratio-pool-lockups
8 | astrovault-ratio-pool
8 | Architects Creator
7 | vesting_archway1vfh5pgskq8m2zfqc0hfh2clvewj3r7dhtp26zw
7 | None
7 | Aeroscraper Stablecoin
7 | multisig-instance-archway15susnm0sczg94sve3ry26hkk3kpxjazktm66se
7 | abstract:dex
7 | PampIt market
7 | Instantiate: crowdfund@2.1.4-beta
7 | Architects Badges
6 | vesting_archway15nnyulr9nf89hk02fekj8wl9379jj8hesv50mc
6 | EvolvNFT Collection: 1
6 | EvolvNFT Collection: d
6 | polytone:note
6 | polytone:voice
6 | abstract:cw-staking
6 | swap-baby-oracle
6 | cryptogopniks-minter
