targets: 575
== astrovault
   aarch 2,911,676.06
   ibc/CFD58F8A64F93940D00CAB 1,460,483,443,245,009,938,153,472.00
   ibc/2AE1ECA44CAD0C933CE178 24,080,190,912,257,775,894,528.00
   ibc/13C5990F84FA5D472E1F8B 397,222,328,233,895.00
   ibc/31D711D31CD5D83D98E76B 5,906,446,387,021.00
   ibc/E3409E92F78AE5BF44DBC7 4,349,302,702,848.00
   ibc/55D94A32095A7669716374 3,443,412,400,440.00
   ibc/E070901F36B129933202BE 1,274,926,077,565.00
   ibc/EEEF1FE5F4C01CAF351AAC 1,266,328,780,613.00
   ibc/E6208E49B5FA2353C9C47D 536,290,155,210.00
   ibc/8CB56C813A5C2387140BBE 522,684,295,803.00
   ibc/FCB240D2C3838369155A0F 415,664,193,039.00
   ibc/28A2923B26BD4CED9D664B 322,031,451,071.00
   ibc/381C09E1B743A8D893DF43 317,545,640,023.00
== liquid.finance
   aarch 1,011,350.42
== eris
   aarch 760.75
== balanced
   aarch 3.20
   ibc/43897B9739BD63E3A08A88 25,503,357.00
== pampit
   aarch 1,553.59
== bolt
   aarch 34,895.79
   ibc/9428981CEA5DA704D99DD5 2,278,554,025,468,871,168.00
   ibc/43897B9739BD63E3A08A88 1,308,743,791.00
   ibc/0471F1C4E7AFD3F07702BE 738,654,196.00
   ibc/27394FB092D2ECCD56123C 54,868,669.00
   ibc/C2CFB1C37C146CF95B0784 25,709,794.00
   ibc/CF57A83CED6CEC7D706631 102,253.00
   ibc/B68560022FB3CAD599224B 38,004.00
DONE
