ABI:

[
  {
    "type": "function",
    "name": "Unresolved_4cf8513b",
    "inputs": [],
    "outputs": [
      {
        "name": "",
        "type": "uint256"
      }
    ],
    "stateMutability": "view"
  },
  {
    "type": "function",
    "name": "Unresolved_cb984317",
    "inputs": [
      {
        "name": "arg0",
        "type": "address"
      },
      {
        "name": "arg1",
        "type": "uint256"
      }
    ],
    "outputs": [],
    "stateMutability": "nonpayable"
  },
  {
    "type": "function",
    "name": "__redeem",
    "inputs": [
      {
        "name": "arg0",
        "type": "uint256"
      },
      {
        "name": "arg1",
        "type": "uint256"
      }
    ],
    "outputs": [],
    "stateMutability": "view"
  },
  {
    "type": "function",
    "name": "__withdraw",
    "inputs": [
      {
        "name": "arg0",
        "type": "address"
      },
      {
        "name": "arg1",
        "type": "uint256"
      }
    ],
    "outputs": [],
    "stateMutability": "nonpayable"
  },
  {
    "type": "function",
    "name": "initialize",
    "inputs": [],
    "outputs": [],
    "stateMutability": "nonpayable"
  },
  {
    "type": "function",
    "name": "owner",
    "inputs": [],
    "outputs": [
      {
        "name": "",
        "type": "uint256"
      }
    ],
    "stateMutability": "view"
  },
  {
    "type": "function",
    "name": "renounceOwnership",
    "inputs": [],
    "outputs": [],
    "stateMutability": "nonpayable"
  },
  {
    "type": "function",
    "name": "transferOwnership",
    "inputs": [
      {
        "name": "arg0",
        "type": "address"
      }
    ],
    "outputs": [],
    "stateMutability": "nonpayable"
  },
  {
    "type": "event",
    "name": "Initialized",
    "inputs": [
      {
        "name": "arg0",
        "type": "uint8",
        "indexed": false
      }
    ],
    "anonymous": false
  },
  {
    "type": "event",
    "name": "OwnershipTransferred",
    "inputs": [
      {
        "name": "arg0",
        "type": "address",
        "indexed": false
      },
      {
        "name": "arg1",
        "type": "address",
        "indexed": false
      }
    ],
    "anonymous": false
  }
]
