ABI:

[
  {
    "type": "function",
    "name": "Unresolved_28dd2d01",
    "inputs": [
      {
        "name": "arg0",
        "type": "address"
      }
    ],
    "outputs": [],
    "stateMutability": "pure"
  },
  {
    "type": "function",
    "name": "Unresolved_38edc837",
    "inputs": [
      {
        "name": "arg0",
        "type": "address"
      },
      {
        "name": "arg1",
        "type": "uint256"
      }
    ],
    "outputs": [],
    "stateMutability": "nonpayable"
  },
  {
    "type": "function",
    "name": "Unresolved_47646117",
    "inputs": [],
    "outputs": [],
    "stateMutability": "nonpayable"
  },
  {
    "type": "function",
    "name": "Unresolved_485cc955",
    "inputs": [
      {
        "name": "arg0",
        "type": "address"
      }
    ],
    "outputs": [],
    "stateMutability": "pure"
  },
  {
    "type": "function",
    "name": "Unresolved_4abb8b6f",
    "inputs": [
      {
        "name": "arg0",
        "type": "address"
      }
    ],
    "outputs": [],
    "stateMutability": "nonpayable"
  },
  {
    "type": "function",
    "name": "Unresolved_573ade81",
    "inputs": [
      {
        "name": "arg0",
        "type": "address"
      }
    ],
    "outputs": [],
    "stateMutability": "pure"
  },
  {
    "type": "function",
    "name": "Unresolved_617ba037",
    "inputs": [
      {
        "name": "arg0",
        "type": "address"
      }
    ],
    "outputs": [],
    "stateMutability": "pure"
  },
  {
    "type": "function",
    "name": "Unresolved_66905f39",
    "inputs": [
      {
        "name": "arg0",
        "type": "address"
      }
    ],
    "outputs": [],
    "stateMutability": "pure"
  },
  {
    "type": "function",
    "name": "Unresolved_69328dec",
    "inputs": [
      {
        "name": "arg0",
        "type": "address"
      }
    ],
    "outputs": [],
    "stateMutability": "pure"
  },
  {
    "type": "function",
    "name": "Unresolved_76309d0e",
    "inputs": [
      {
        "name": "arg0",
        "type": "address"
      },
      {
        "name": "arg1",
        "type": "uint256"
      }
    ],
    "outputs": [],
    "stateMutability": "nonpayable"
  },
  {
    "type": "function",
    "name": "Unresolved_95d45261",
    "inputs": [
      {
        "name": "arg0",
        "type": "address"
      }
    ],
    "outputs": [],
    "stateMutability": "pure"
  },
  {
    "type": "function",
    "name": "Unresolved_9c61322d",
    "inputs": [
      {
        "name": "arg0",
        "type": "address"
      }
    ],
    "outputs": [],
    "stateMutability": "pure"
  },
  {
    "type": "function",
    "name": "Unresolved_a415bcad",
    "inputs": [
      {
        "name": "arg0",
        "type": "address"
      },
      {
        "name": "arg1",
        "type": "uint256"
      },
      {
        "name": "arg2",
        "type": "uint256"
      },
      {
        "name": "arg3",
        "type": "uint16"
      }
    ],
    "outputs": [],
    "stateMutability": "pure"
  },
  {
    "type": "function",
    "name": "Unresolved_adf9e92b",
    "inputs": [
      {
        "name": "arg0",
        "type": "address"
      }
    ],
    "outputs": [],
    "stateMutability": "pure"
  },
  {
    "type": "function",
    "name": "Unresolved_d2b2de5b",
    "inputs": [
      {
        "name": "arg0",
        "type": "address"
      },
      {
        "name": "arg1",
        "type": "uint256"
      }
    ],
    "outputs": [],
    "stateMutability": "nonpayable"
  },
  {
    "type": "function",
    "name": "Unresolved_db35b25f",
    "inputs": [
      {
        "name": "arg0",
        "type": "address"
      }
    ],
    "outputs": [],
    "stateMutability": "pure"
  },
  {
    "type": "function",
    "name": "_claimReward",
    "inputs": [],
    "outputs": [],
    "stateMutability": "nonpayable"
  },
  {
    "type": "function",
    "name": "aToken",
    "inputs": [
      {
        "name": "arg0",
        "type": "address"
      }
    ],
    "outputs": [
      {
        "name": "",
        "type": "uint256"
      }
    ],
    "stateMutability": "view"
  },
  {
    "type": "function",
    "name": "comptroller",
    "inputs": [],
    "outputs": [
      {
        "name": "",
        "type": "uint256"
      }
    ],
    "stateMutability": "view"
  },
  {
    "type": "function",
    "name": "debtToken",
    "inputs": [
      {
        "name": "arg0",
        "type": "address"
      }
    ],
    "outputs": [
      {
        "name": "",
        "type": "uint256"
      }
    ],
    "stateMutability": "view"
  },
  {
    "type": "function",
    "name": "getReserveConfigurationData",
    "inputs": [
      {
        "name": "arg0",
        "type": "address"
      }
    ],
    "outputs": [
      {
        "name": "",
        "type": "bytes"
      }
    ],
    "stateMutability": "nonpayable"
  },
  {
    "type": "function",
    "name": "minToken",
    "inputs": [
      {
        "name": "arg0",
        "type": "address"
      }
    ],
    "outputs": [
      {
        "name": "",
        "type": "uint256"
      }
    ],
    "stateMutability": "view"
  },
  {
    "type": "function",
    "name": "owner",
    "inputs": [],
    "outputs": [
      {
        "name": "",
        "type": "uint256"
      }
    ],
    "stateMutability": "view"
  },
  {
    "type": "function",
    "name": "renounceOwnership",
    "inputs": [],
    "outputs": [],
    "stateMutability": "nonpayable"
  },
  {
    "type": "function",
    "name": "transferOwnership",
    "inputs": [
      {
        "name": "arg0",
        "type": "address"
      }
    ],
    "outputs": [],
    "stateMutability": "nonpayable"
  },
  {
    "type": "function",
    "name": "weth",
    "inputs": [],
    "outputs": [
      {
        "name": "",
        "type": "uint256"
      }
    ],
    "stateMutability": "view"
  },
  {
    "type": "function",
    "name": "whitelist",
    "inputs": [
      {
        "name": "arg0",
        "type": "address"
      }
    ],
    "outputs": [
      {
        "name": "",
        "type": "uint256"
      }
    ],
    "stateMutability": "view"
  },
  {
    "type": "event",
    "name": "OwnershipTransferred",
    "inputs": [
      {
        "name": "arg0",
        "type": "address",
        "indexed": false
      },
      {
        "name": "arg1",
        "type": "address",
        "indexed": false
      }
    ],
    "anonymous": false
  }
]
