latest 26149624
enabled: window 1-1000000 cumulative 0
enabled: window 1000001-2000000 cumulative 0
enabled: window 2000001-3000000 cumulative 0
enabled: window 3000001-4000000 cumulative 0
enabled: window 4000001-5000000 cumulative 0
enabled: window 5000001-6000000 cumulative 0
enabled: window 6000001-7000000 cumulative 0
enabled: window 7000001-8000000 cumulative 17
enabled: window 8000001-9000000 cumulative 28
enabled: window 9000001-10000000 cumulative 33
enabled: window 10000001-11000000 cumulative 108
enabled: window 11000001-12000000 cumulative 175
enabled: window 12000001-13000000 cumulative 338
enabled: window 13000001-14000000 cumulative 539
enabled: window 14000001-15000000 cumulative 846
enabled: window 15000001-16000000 cumulative 1376
enabled: window 16000001-17000000 cumulative 1881
enabled: window 17000001-18000000 cumulative 2456
enabled: window 18000001-19000000 cumulative 2954
enabled: window 19000001-20000000 cumulative 5027
enabled: window 20000001-21000000 cumulative 8684
enabled: window 21000001-22000000 cumulative 14682
enabled: window 22000001-23000000 cumulative 20356
enabled: window 23000001-24000000 cumulative 49735
enabled: window 24000001-25000000 cumulative 70155
enabled: window 25000001-26000000 cumulative 114246
enabled: window 26000001-26149624 cumulative 118556
disabled: window 1-1000000 cumulative 0
disabled: window 1000001-2000000 cumulative 0
disabled: window 2000001-3000000 cumulative 0
disabled: window 3000001-4000000 cumulative 0
disabled: window 4000001-5000000 cumulative 0
disabled: window 5000001-6000000 cumulative 0
disabled: window 6000001-7000000 cumulative 0
disabled: window 7000001-8000000 cumulative 0
disabled: window 8000001-9000000 cumulative 0
disabled: window 9000001-10000000 cumulative 2
disabled: window 10000001-11000000 cumulative 3
disabled: window 11000001-12000000 cumulative 5
disabled: window 12000001-13000000 cumulative 7
disabled: window 13000001-14000000 cumulative 17
disabled: window 14000001-15000000 cumulative 50
disabled: window 15000001-16000000 cumulative 86
disabled: window 16000001-17000000 cumulative 127
disabled: window 17000001-18000000 cumulative 166
disabled: window 18000001-19000000 cumulative 215
disabled: window 19000001-20000000 cumulative 668
disabled: window 20000001-21000000 cumulative 2141
disabled: window 21000001-22000000 cumulative 4482
disabled: window 22000001-23000000 cumulative 6292
disabled: window 23000001-24000000 cumulative 11380
disabled: window 24000001-25000000 cumulative 14921
disabled: window 25000001-26000000 cumulative 20760
disabled: window 26000001-26149624 cumulative 21360
distinct safe-module pairs ever enabled: 96640
current enabled set size: 91639
DONE
