unique modules: 15800
codes fetched
family-fingerprint hits: 33
beacon-proxy 0x02b3bd4bd280ecf97e9ff60f9390b47b750cc8c6 on 0xfbf17bff29d7798626e1188272afda107152f070 enabled True aEthrsETH 0 rsETH 0
beacon-proxy 0x13f7b1834a1c1a9768283394172c6037339f446a on 0xac6aef51e0e6c76592c02f02143e924301552d57 enabled True aEthrsETH 0 rsETH 0
big 0x16cffdca4aae78de2879916911842e187d63ed38 on 0x24ee00f168803f32636a3bca2ed8c5baad6a7318 enabled True aEthrsETH 0 rsETH 0
beacon-proxy 0x1add6caa2d2ba1d885eacc4419fd3f3977d37cc2 on 0xe97e2de0ec2db9222a1cd5f37d0edebfa2c7181f enabled True aEthrsETH 0 rsETH 0
beacon-proxy 0x1e1a571d1c85a9b737d58111f2551595a47a55cb on 0x2bd5bfe0e387df127dc12eca1fd18668ac2832e4 enabled True aEthrsETH 0 rsETH 0
beacon-proxy 0x20da01693e4e42f6a637977b3e4bb36b1ea9a30b on 0xac6aef51e0e6c76592c02f02143e924301552d57 enabled True aEthrsETH 0 rsETH 0
big 0x2610e3ab202cd78b56ae7c21967b48c27f09c66f on 0xcb353ce2176761e57d73fabdcc0f23bebd0ec0de enabled True aEthrsETH 0 rsETH 0
beacon-proxy 0x2741408077cd7c7d3943d0142bafae28c97eaa35 on 0xfbf17bff29d7798626e1188272afda107152f070 enabled True aEthrsETH 0 rsETH 0
beacon-proxy 0x4b4aa6ecb10fdaf45a5a085cbe5759cb9b8ca534 on 0x246cc41a979c6b59daa262eb6af07a5efbe0d0c5 enabled True aEthrsETH 0 rsETH 0
beacon-proxy 0x4fa22b933710bd4c656374301f76c969d5f608ef on 0xed2bc9ca5ad79c142e9b1fc5619155a15f057f5e enabled True aEthrsETH 0 rsETH 0
beacon-proxy 0x50c45bbe0bd8622a322ab9a429b21f2f9dd02d78 on 0x513ff5baead3de4a87393e4abee870252296830d enabled True aEthrsETH 0 rsETH 0
beacon-proxy 0x51cf0bc0f5312d824a55b83b2c032fb8c96c249a on 0x583058fd14d3af8e0fbd0b054fa8fb7fc4113986 enabled True aEthrsETH 0 rsETH 0
beacon-proxy 0x5439f9f8125895a86949e96588e9fb7e5950a89d on 0xe97e2de0ec2db9222a1cd5f37d0edebfa2c7181f enabled True aEthrsETH 0 rsETH 0
beacon-proxy 0x55311ff9cb1d335f8db14211469457b707205edf on 0xed2bc9ca5ad79c142e9b1fc5619155a15f057f5e enabled True aEthrsETH 0 rsETH 0
beacon-proxy 0x5e03b47f5f7b2a3c16aca31155da8a20a82745e8 on 0x384a12543340baf0b1f09649e9cb8bb09a1a1b52 enabled True aEthrsETH 0 rsETH 0
beacon-proxy 0x694b7475435b4265eceb5cc985658ba7897fc2ea on 0xb05eeac3701b0ba9cf18e54f076bbd72359ee9ef enabled True aEthrsETH 0 rsETH 0
big 0x75b6bab12834a0a87c558db7bb2fd293fe8274df on 0xe459df7899387691f38cdfb893e93c44bdd6d327 enabled True aEthrsETH 0 rsETH 0
beacon-proxy 0x7b146b2e72fbbe5fc0ef7fa9920bf1eb2610f600 on 0xdd64c77a948aa1421f6065074b7c25ca900876e5 enabled True aEthrsETH 0 rsETH 0
big 0x7df28123b182ac6e8d473eb841d4c0f89a178992 on 0xfcce99ec4f62f0a6714dabda4571968005ca8c64 enabled True aEthrsETH 0 rsETH 0
beacon-proxy 0x7ed95418063d5b61bde7b40d65f93739c0cfdcf4 on 0x246cc41a979c6b59daa262eb6af07a5efbe0d0c5 enabled True aEthrsETH 0 rsETH 0
beacon-proxy 0x7f25c0e992e71f5fdaddd85f965845520aafde03 on 0x2bd5bfe0e387df127dc12eca1fd18668ac2832e4 enabled True aEthrsETH 0 rsETH 0
beacon-proxy 0x875b9538bd7b79dd6599f74ca1e2e1987d241b6e on 0xe5898f9900b2dfff590659e78c33d984f23a12d1 enabled True aEthrsETH 0 rsETH 0
beacon-proxy 0x8d98d9bc31ff10a800337cbeb1f2762ed7f8edeb on 0x583058fd14d3af8e0fbd0b054fa8fb7fc4113986 enabled True aEthrsETH 0 rsETH 0
beacon-proxy 0x938f2a213464e7307ad19ced57d3f809a2b0a3df on 0x513ff5baead3de4a87393e4abee870252296830d enabled True aEthrsETH 0 rsETH 0
beacon-proxy 0xac3d76e29f866702e17f571cccb15937e5a17303 on 0xb05eeac3701b0ba9cf18e54f076bbd72359ee9ef enabled True aEthrsETH 0 rsETH 0
beacon-proxy 0xb6ab76d451b98a992fb84a93602527cc30cd3b22 on 0x8a90fc2041b90abeab19724bc2a64c0568f60fbc enabled True aEthrsETH 0 rsETH 0
beacon-proxy 0xb8686ba67e17b986f4b57a089789ce8a9ac7ecb0 on 0xe5898f9900b2dfff590659e78c33d984f23a12d1 enabled True aEthrsETH 0 rsETH 0
beacon-proxy 0xc8c8785509f6efc57eedf3fa75bea83e2d3747a1 on 0xf0b24851f4b7bd252549edc8ba01cb0bc1062187 enabled True aEthrsETH 0 rsETH 0
beacon-proxy 0xcc3f40e6c7e9a3b214e524b88a5f47fece1a8acb on 0x384a12543340baf0b1f09649e9cb8bb09a1a1b52 enabled True aEthrsETH 0 rsETH 0
beacon-proxy 0xd245a74898124ae10de4db5ec842032042654f0d on 0xdd64c77a948aa1421f6065074b7c25ca900876e5 enabled True aEthrsETH 0 rsETH 0
big 0xea18b13d11f705a68f0954f637949e1eaa7ac4ca on 0xbbd6b5b3565e151528c44200d4ee1a6895206962 enabled True aEthrsETH 0 rsETH 0
beacon-proxy 0xfacf2821a4d826d874f67b73f45b8b57b4e45880 on 0x8a90fc2041b90abeab19724bc2a64c0568f60fbc enabled True aEthrsETH 0 rsETH 0
beacon-proxy 0xfca1004b60dcec14e7dc17e39f37adfc2c62678d on 0xf0b24851f4b7bd252549edc8ba01cb0bc1062187 enabled True aEthrsETH 0 rsETH 0
DONE
