[bsc_v1_0xEb3a] enumerating ...
[saved] bsc_v1_0xEb3a: 9749 records, 8064 tokens
[bsc_0x8655] enumerating ...
[saved] bsc_0x8655: 3363 records, 3145 tokens
[bsc_0x5b5e] enumerating ...
[saved] bsc_0x5b5e: 14223 records, 12855 tokens
[bsc_0x2D04] enumerating ...
[saved] bsc_0x2D04: 0 records, 0 tokens
[bsc_0x81E0] enumerating ...
[saved] bsc_0x81E0: 0 records, 0 tokens
[v3_bsc] enumerating registry ...
[saved] v3_bsc: 2558 records, 0 tokens
[eth_v1_0x1Ba0] enumerating ...
[saved] eth_v1_0x1Ba0: 0 records, 0 tokens
[eth_0xc68C] enumerating ...
[saved] eth_0xc68C: 0 records, 0 tokens
[eth_0xe740] enumerating ...
[saved] eth_0xe740: 0 records, 0 tokens
[eth_0x916a] enumerating ...
[saved] eth_0x916a: 0 records, 0 tokens
[eth_0xBae2] enumerating ...
[saved] eth_0xBae2: 0 records, 0 tokens
[poly_v1_0xEb3a] enumerating ...
[saved] poly_v1_0xEb3a: 112 records, 108 tokens
[poly_0x6FCC] enumerating ...
[saved] poly_0x6FCC: 95 records, 94 tokens
[poly_0x0360] enumerating ...
[saved] poly_0x0360: 77 records, 71 tokens
[poly_0xb556] enumerating ...
[saved] poly_0xb556: 0 records, 0 tokens
[arb_0x51f4] enumerating ...
[saved] arb_0x51f4: 23 records, 21 tokens
[arb_0xdf17] enumerating ...
[saved] arb_0xdf17: 0 records, 0 tokens
[avax_0x77D0] enumerating ...
[saved] avax_0x77D0: 660 records, 608 tokens
[avax_0x10f4] enumerating ...
[saved] avax_0x10f4: 0 records, 0 tokens
[gnosis_0x832C] enumerating ...
[saved] gnosis_0x832C: 0 records, 0 tokens
[gnosis_0x554d] enumerating ...
[saved] gnosis_0x554d: 0 records, 0 tokens
[harmony_0x1345] enumerating ...
[saved] harmony_0x1345: 0 records, 0 tokens
ENUM DONE
