[arb_0x51f4.json] nonzero tokens: 4
[arb_0x51f4.json] custody_usd=3,839.03
[arb_0xdf17.json] nonzero tokens: 0
[arb_0xdf17.json] custody_usd=0.00
[avax_0x10f4.json] nonzero tokens: 0
[avax_0x10f4.json] custody_usd=0.00
[avax_0x77D0.json] nonzero tokens: 94
[avax_0x77D0.json] custody_usd=8,178.27
[bsc_0x2D04.json] nonzero tokens: 0
[bsc_0x2D04.json] custody_usd=0.00
[bsc_0x5b5e.json] nonzero tokens: 5540
[bsc_0x5b5e.json] custody_usd=3,098,942.20
[bsc_0x81E0.json] nonzero tokens: 0
[bsc_0x81E0.json] custody_usd=0.00
[bsc_0x8655.json] nonzero tokens: 591
[bsc_0x8655.json] custody_usd=3,647,505.77
[bsc_v1_0xEb3a.json] nonzero tokens: 1707
[bsc_v1_0xEb3a.json] custody_usd=399,913.33
[eth_0x916a.json] nonzero tokens: 0
[eth_0x916a.json] custody_usd=0.00
[eth_0xBae2.json] nonzero tokens: 0
[eth_0xBae2.json] custody_usd=0.00
[eth_0xc68C.json] nonzero tokens: 0
[eth_0xc68C.json] custody_usd=0.00
[eth_0xe740.json] nonzero tokens: 0
[eth_0xe740.json] custody_usd=0.00
[eth_v1_0x1Ba0.json] nonzero tokens: 0
[eth_v1_0x1Ba0.json] custody_usd=0.00
[gnosis_0x554d.json] nonzero tokens: 0
[gnosis_0x554d.json] custody_usd=0.00
[gnosis_0x832C.json] nonzero tokens: 0
[gnosis_0x832C.json] custody_usd=0.00
[poly_0x0360.json] nonzero tokens: 50
[poly_0x0360.json] custody_usd=5,312.15
[poly_0x6FCC.json] nonzero tokens: 41
[poly_0x6FCC.json] custody_usd=2,961.04
[poly_0xb556.json] nonzero tokens: 0
[poly_0xb556.json] custody_usd=0.00
[poly_v1_0xEb3a.json] nonzero tokens: 33
[poly_v1_0xEb3a.json] custody_usd=5,274.21
[v3_bsc] custody_usd=4,317,453.20
VALUE DONE
