{
 "E-U_theft": 0.0,
 "P": 745.27,
 "H-O": 7762158.29,
 "S": 3727220.51,
 "total_measured": 11490124.07
}
  bsc_v1_0xEb3a        buggy    custody=$  399,913.33 eu_theft=$      0.00 ho=$  394,136.12 p=$   745.27 s=$    5,777.21
  bsc_0x8655           fixed    custody=$3,647,505.75 eu_theft=$      0.00 ho=$1,869,373.01 p=$     0.00 s=$1,778,132.74
  bsc_0x5b5e           fixed    custody=$3,098,941.95 eu_theft=$      0.00 ho=$2,123,755.30 p=$     0.00 s=$  975,186.65
  bsc_0x2D04           variant  custody=$        0.00 eu_theft=$      0.00 ho=$        0.00 p=$     0.00 s=$        0.00
  bsc_0x81E0           variant  custody=$        0.00 eu_theft=$      0.00 ho=$        0.00 p=$     0.00 s=$        0.00
  eth_v1_0x1Ba0        buggy    custody=$        0.00 eu_theft=$      0.00 ho=$        0.00 p=$     0.00 s=$        0.00
  eth_0xc68C           fixed    custody=$        0.00 eu_theft=$      0.00 ho=$        0.00 p=$     0.00 s=$        0.00
  eth_0xe740           fixed    custody=$        0.00 eu_theft=$      0.00 ho=$        0.00 p=$     0.00 s=$        0.00
  eth_0x916a           variant  custody=$        0.00 eu_theft=$      0.00 ho=$        0.00 p=$     0.00 s=$        0.00
  eth_0xBae2           variant  custody=$        0.00 eu_theft=$      0.00 ho=$        0.00 p=$     0.00 s=$        0.00
  poly_v1_0xEb3a       buggy    custody=$    5,274.17 eu_theft=$      0.00 ho=$    5,274.17 p=$     0.00 s=$        0.00
  poly_0x6FCC          fixed    custody=$    2,961.03 eu_theft=$      0.00 ho=$    2,481.01 p=$     0.00 s=$      480.02
  poly_0x0360          fixed    custody=$    5,312.13 eu_theft=$      0.00 ho=$    4,144.23 p=$     0.00 s=$    1,167.90
  poly_0xb556          variant  custody=$        0.00 eu_theft=$      0.00 ho=$        0.00 p=$     0.00 s=$        0.00
  arb_0x51f4           fixed    custody=$    3,839.03 eu_theft=$      0.00 ho=$    3,839.03 p=$     0.00 s=$        0.00
  avax_0x77D0          fixed    custody=$    8,178.25 eu_theft=$      0.00 ho=$    7,871.59 p=$     0.00 s=$      306.66
  avax_0x10f4          variant  custody=$        0.00 eu_theft=$      0.00 ho=$        0.00 p=$     0.00 s=$        0.00
  gnosis_0x832C        fixed    custody=$        0.00 eu_theft=$      0.00 ho=$        0.00 p=$     0.00 s=$        0.00
  gnosis_0x554d        variant  custody=$        0.00 eu_theft=$      0.00 ho=$        0.00 p=$     0.00 s=$        0.00
  v3: {'custody_usd': 4317453.16, 'ho_usd': 3351283.83, 'future_usd': 966169.33}
  theft candidates >$100: 0
