remote: 
remote: Create a pull request for 'base-vault-d189' on GitHub by visiting:        
remote:      https://github.com/kingmariano/ca-zombie-ci/pull/new/base-vault-d189        
remote: 
[ci] pushed branch base-vault-d189
[ci] dispatching workflow...
[ci] run: https://github.com/kingmariano/ca-zombie-ci/actions/runs/37343140462
[ci] conclusion: success
=== artifact contents ===
/home/heisenberg/CA/base-vault-d189/ci-artifacts/result-base-vault-d189/ci-out/state.json
/home/heisenberg/CA/base-vault-d189/ci-artifacts/result-base-vault-d189/ci-run-stdout.log
/home/heisenberg/CA/base-vault-d189/ci-artifacts/result-base-vault-d189/analysis/decomp/vault_impl.log
/home/heisenberg/CA/base-vault-d189/ci-artifacts/result-base-vault-d189/analysis/decomp/sibling_impl.log
/home/heisenberg/CA/base-vault-d189/ci-artifacts/result-base-vault-d189/analysis/decomp/helper_impl.log
=== tail of full log (/home/heisenberg/CA/base-vault-d189/ci-log.txt) ===
rs/foundry-toolchain@v1	2026-10-05T16:44:39.2947563Z   cache-restore-keys: run-
run	Run foundry-rs/foundry-toolchain@v1	2026-10-05T16:44:39.2948395Z env:
run	Run foundry-rs/foundry-toolchain@v1	2026-10-05T16:44:39.2949370Z   RPC_URL: ***
run	Run foundry-rs/foundry-toolchain@v1	2026-10-05T16:44:39.2950746Z   BLOCKPI_RPC_URL: ***
run	Run foundry-rs/foundry-toolchain@v1	2026-10-05T16:44:39.2951844Z   NODEREAL_ETH_RPC_URL: ***
run	Run foundry-rs/foundry-toolchain@v1	2026-10-05T16:44:39.2952875Z   ETHERSCANV2_API_KEY: ***
run	Run foundry-rs/foundry-toolchain@v1	2026-10-05T16:44:39.2953875Z   GOLD_RUSH_API_KEY: ***
run	Run foundry-rs/foundry-toolchain@v1	2026-10-05T16:44:39.2954804Z   ALCHEMY_API_KEY: ***
run	Run foundry-rs/foundry-toolchain@v1	2026-10-05T16:44:39.2955872Z   ANKR_API_KEY: ***
run	Run foundry-rs/foundry-toolchain@v1	2026-10-05T16:44:39.2956825Z   DRPC_API_KEY: ***
run	Run foundry-rs/foundry-toolchain@v1	2026-10-05T16:44:39.2957781Z   INFURA_API_KEY: ***
run	Run foundry-rs/foundry-toolchain@v1	2026-10-05T16:44:39.2958726Z   DUNE_API_KEY: ***
run	Run foundry-rs/foundry-toolchain@v1	2026-10-05T16:44:39.2959623Z   ARB_RPC_URL: ***
run	Run foundry-rs/foundry-toolchain@v1	2026-10-05T16:44:39.2960744Z   BSC_RPC_URL: ***
run	Run foundry-rs/foundry-toolchain@v1	2026-10-05T16:44:39.2961801Z   BASE_RPC_URL: ***
run	Run foundry-rs/foundry-toolchain@v1	2026-10-05T16:44:39.2962716Z   OP_RPC_URL: ***
run	Run foundry-rs/foundry-toolchain@v1	2026-10-05T16:44:39.2963720Z   POLYGON_RPC_URL: ***
run	Run foundry-rs/foundry-toolchain@v1	2026-10-05T16:44:39.2964673Z   FANTOM_RPC_URL: ***
run	Run foundry-rs/foundry-toolchain@v1	2026-10-05T16:44:39.2965673Z   CRONOS_RPC_URL: ***
run	Run foundry-rs/foundry-toolchain@v1	2026-10-05T16:44:39.2966609Z   MOONRIVER_RPC_URL: ***
run	Run foundry-rs/foundry-toolchain@v1	2026-10-05T16:44:39.2967495Z   GNOSIS_RPC_URL: ***
run	Run foundry-rs/foundry-toolchain@v1	2026-10-05T16:44:39.2968395Z   SONIC_RPC_URL: ***
run	Run foundry-rs/foundry-toolchain@v1	2026-10-05T16:44:39.2969123Z   FOUNDRY_FUZZ_RUNS: 256
run	Run foundry-rs/foundry-toolchain@v1	2026-10-05T16:44:39.2969960Z ##[endgroup]
run	Run foundry-rs/foundry-toolchain@v1	2026-10-05T16:44:39.4124891Z Installing Foundry (version: stable)
run	Run foundry-rs/foundry-toolchain@v1	2026-10-05T16:44:39.4126875Z Downloading foundryup installer from foundry-rs/foundryup@a27902ef04dcb43061fabf343365cb5afc95fc48...
run	Run foundry-rs/foundry-toolchain@v1	2026-10-05T16:44:39.4658207Z Running foundryup installer...
run	Run foundry-rs/foundry-toolchain@v1	2026-10-05T16:44:40.3740213Z Running: foundryup 
run	Run foundry-rs/foundry-toolchain@v1	2026-10-05T16:44:43.7314616Z Added /home/runner/.foundry/bin to PATH
run	Run foundry-rs/foundry-toolchain@v1	2026-10-05T16:44:43.7316014Z Primary key: linux-foundry-chain-fork-run-eb0019572b77ed7f148e0c4cbb81a2e3730d386f
run	Run foundry-rs/foundry-toolchain@v1	2026-10-05T16:44:43.7321913Z Restore keys: linux-foundry-chain-fork-run-
run	Run foundry-rs/foundry-toolchain@v1	2026-10-05T16:44:44.0535036Z Cache not found
run	Run foundry-rs/foundry-toolchain@v1	2026-10-05T16:44:44.0535965Z Running: forge --version
run	Run foundry-rs/foundry-toolchain@v1	2026-10-05T16:44:44.0598514Z forge Version: 1.8.4
run	Run foundry-rs/foundry-toolchain@v1	2026-10-05T16:44:44.0600053Z Commit SHA: 50af4efe189dc64bad2b75ed6990b835de66c4ae
run	Run foundry-rs/foundry-toolchain@v1	2026-10-05T16:44:44.0601260Z Build Timestamp: 2026-10-01T14:08:28.191932892Z (1790863708)
run	Run foundry-rs/foundry-toolchain@v1	2026-10-05T16:44:44.0602327Z Build Profile: dist
run	Run foundry-rs/foundry-toolchain@v1	2026-10-05T16:44:44.0603195Z Running: cast --version
run	Run foundry-rs/foundry-toolchain@v1	2026-10-05T16:44:44.0682588Z cast Version: 1.8.4
run	Run foundry-rs/foundry-toolchain@v1	2026-10-05T16:44:44.0683360Z Commit SHA: 50af4efe189dc64bad2b75ed6990b835de66c4ae
run	Run foundry-rs/foundry-toolchain@v1	2026-10-05T16:44:44.0684145Z Build Timestamp: 2026-10-01T14:08:28.191932892Z (1790863708)
run	Run foundry-rs/foundry-toolchain@v1	2026-10-05T16:44:44.0684830Z Build Profile: dist
run	Run foundry-rs/foundry-toolchain@v1	2026-10-05T16:44:44.0689326Z Running: anvil --version
run	Run foundry-rs/foundry-toolchain@v1	2026-10-05T16:44:44.0725050Z anvil Version: 1.8.4
run	Run foundry-rs/foundry-toolchain@v1	2026-10-05T16:44:44.0725910Z Commit SHA: 50af4efe189dc64bad2b75ed6990b835de66c4ae
run	Run foundry-rs/foundry-toolchain@v1	2026-10-05T16:44:44.0726727Z Build Timestamp: 2026-10-01T14:08:28.191932892Z (1790863708)
run	Run foundry-rs/foundry-toolchain@v1	2026-10-05T16:44:44.0740937Z Build Profile: dist
run	Run foundry-rs/foundry-toolchain@v1	2026-10-05T16:44:44.0741657Z Running: chisel --version
run	Run foundry-rs/foundry-toolchain@v1	2026-10-05T16:44:44.0765253Z chisel Version: 1.8.4
run	Run foundry-rs/foundry-toolchain@v1	2026-10-05T16:44:44.0765962Z Commit SHA: 50af4efe189dc64bad2b75ed6990b835de66c4ae
run	Run foundry-rs/foundry-toolchain@v1	2026-10-05T16:44:44.0766547Z Build Timestamp: 2026-10-01T14:08:28.191932892Z (1790863708)
run	Run foundry-rs/foundry-toolchain@v1	2026-10-05T16:44:44.0767173Z Build Profile: dist
run	env info	﻿2026-10-05T16:44:44.0888473Z ##[group]Run df -h /
run	env info	2026-10-05T16:44:44.0888939Z [36;1mdf -h /[0m
run	env info	2026-10-05T16:44:44.0889256Z [36;1mnproc[0m
run	env info	2026-10-05T16:44:44.0889575Z [36;1mforge --version[0m
run	env info	2026-10-05T16:44:44.0890176Z [36;1mpython3 --version[0m
run	env info	2026-10-05T16:44:44.0890656Z [36;1mnode --version || true[0m
run	env info	2026-10-05T16:44:44.1062295Z shell: /usr/bin/bash -e {0}
run	env info	2026-10-05T16:44:44.1062708Z env:
run	env info	2026-10-05T16:44:44.1063339Z   RPC_URL: ***
run	env info	2026-10-05T16:44:44.1063986Z   BLOCKPI_RPC_URL: ***
run	env info	2026-10-05T16:44:44.1064519Z   NODEREAL_ETH_RPC_URL: ***
run	env info	2026-10-05T16:44:44.1064958Z   ETHERSCANV2_API_KEY: ***
run	env info	2026-10-05T16:44:44.1065379Z   GOLD_RUSH_API_KEY: ***
run	env info	2026-10-05T16:44:44.1065781Z   ALCHEMY_API_KEY: ***
run	env info	2026-10-05T16:44:44.1066279Z   ANKR_API_KEY: ***
run	env info	2026-10-05T16:44:44.1066692Z   DRPC_API_KEY: ***
run	env info	2026-10-05T16:44:44.1067065Z   INFURA_API_KEY: ***
run	env info	2026-10-05T16:44:44.1067463Z   DUNE_API_KEY: ***
run	env info	2026-10-05T16:44:44.1067854Z   ARB_RPC_URL: ***
run	env info	2026-10-05T16:44:44.1068221Z   BSC_RPC_URL: ***
run	env info	2026-10-05T16:44:44.1068588Z   BASE_RPC_URL: ***
run	env info	2026-10-05T16:44:44.1069010Z   OP_RPC_URL: ***
run	env info	2026-10-05T16:44:44.1069406Z   POLYGON_RPC_URL: ***
run	env info	2026-10-05T16:44:44.1069960Z   FANTOM_RPC_URL: ***
run	env info	2026-10-05T16:44:44.1070388Z   CRONOS_RPC_URL: ***
run	env info	2026-10-05T16:44:44.1070794Z   MOONRIVER_RPC_URL: ***
run	env info	2026-10-05T16:44:44.1071182Z   GNOSIS_RPC_URL: ***
run	env info	2026-10-05T16:44:44.1071569Z   SONIC_RPC_URL: ***
run	env info	2026-10-05T16:44:44.1071880Z   FOUNDRY_FUZZ_RUNS: 256
run	env info	2026-10-05T16:44:44.1072195Z ##[endgroup]
run	env info	2026-10-05T16:44:44.1245852Z Filesystem      Size  Used Avail Use% Mounted on
run	env info	2026-10-05T16:44:44.1246500Z /dev/root       145G   59G   86G  41% /
run	env info	2026-10-05T16:44:44.1337728Z 4
run	env info	2026-10-05T16:44:44.1383532Z forge Version: 1.8.4
run	env info	2026-10-05T16:44:44.1384370Z Commit SHA: 50af4efe189dc64bad2b75ed6990b835de66c4ae
run	env info	2026-10-05T16:44:44.1384867Z Build Timestamp: 2026-10-01T14:08:28.191932892Z (1790863708)
run	env info	2026-10-05T16:44:44.1385262Z Build Profile: dist
run	env info	2026-10-05T16:44:44.1396366Z Python 3.12.3
run	env info	2026-10-05T16:44:44.9171073Z v22.23.3
run	select ETH fork RPC	﻿2026-10-05T16:44:44.9303500Z ##[group]Run pick() {
run	select ETH fork RPC	2026-10-05T16:44:44.9303865Z [36;1mpick() {[0m
run	select ETH fork RPC	2026-10-05T16:44:44.9304166Z [36;1m  for u in "$@"; do[0m
run	select ETH fork RPC	2026-10-05T16:44:44.9304519Z [36;1m    [ -z "$u" ] && continue[0m
run	select ETH fork RPC	2026-10-05T16:44:44.9304970Z [36;1m    r=$(curl -s -m 12 -X POST -H 'Content-Type: application/json' \[0m
run	select ETH fork RPC	2026-10-05T16:44:44.9305583Z [36;1m          --data '{"jsonrpc":"2.0","id":1,"method":"eth_blockNumber","params":[]}' "$u" 2>/dev/null)[0m
run	select ETH fork RPC	2026-10-05T16:44:44.9306131Z [36;1m    case "$r" in *result*) echo "$u"; return 0;; esac[0m
run	select ETH fork RPC	2026-10-05T16:44:44.9306516Z [36;1m  done[0m
run	select ETH fork RPC	2026-10-05T16:44:44.9306811Z [36;1m  echo ""; return 1[0m
run	select ETH fork RPC	2026-10-05T16:44:44.9307117Z [36;1m}[0m
run	select ETH fork RPC	2026-10-05T16:44:44.9307684Z [36;1mPICK=$(pick "https://ethereum-rpc.publicnode.com" "https://eth.drpc.org" "https://1rpc.io/eth" "$RPC_URL" || true)[0m
run	select ETH fork RPC	2026-10-05T16:44:44.9308270Z [36;1mif [ -z "$PICK" ]; then[0m
run	select ETH fork RPC	2026-10-05T16:44:44.9308692Z [36;1m  echo "WARNING: no working ETH RPC found; FORK_RPC_URL left unset"[0m
run	select ETH fork RPC	2026-10-05T16:44:44.9309144Z [36;1melse[0m
run	select ETH fork RPC	2026-10-05T16:44:44.9309458Z [36;1m  echo "ETH fork RPC selected"[0m
run	select ETH fork RPC	2026-10-05T16:44:44.9309981Z [36;1m  echo "FORK_RPC_URL=$PICK" >> "$GITHUB_ENV"[0m
run	select ETH fork RPC	2026-10-05T16:44:44.9310666Z [36;1mfi[0m
run	select ETH fork RPC	2026-10-05T16:44:44.9348246Z shell: /usr/bin/bash -e {0}
run	select ETH fork RPC	2026-10-05T16:44:44.9348604Z env:
run	select ETH fork RPC	2026-10-05T16:44:44.9349055Z   RPC_URL: ***
run	select ETH fork RPC	2026-10-05T16:44:44.9349608Z   BLOCKPI_RPC_URL: ***
run	select ETH fork RPC	2026-10-05T16:44:44.9350206Z   NODEREAL_ETH_RPC_URL: ***
run	select ETH fork RPC	2026-10-05T16:44:44.9350645Z   ETHERSCANV2_API_KEY: ***
run	select ETH fork RPC	2026-10-05T16:44:44.9351039Z   GOLD_RUSH_API_KEY: ***
run	select ETH fork RPC	2026-10-05T16:44:44.9351426Z   ALCHEMY_API_KEY: ***
run	select ETH fork RPC	2026-10-05T16:44:44.9351881Z   ANKR_API_KEY: ***
run	select ETH fork RPC	2026-10-05T16:44:44.9352410Z   DRPC_API_KEY: ***
run	select ETH fork RPC	2026-10-05T16:44:44.9352763Z   INFURA_API_KEY: ***
run	select ETH fork RPC	2026-10-05T16:44:44.9353168Z   DUNE_API_KEY: ***
run	select ETH fork RPC	2026-10-05T16:44:44.9353503Z   ARB_RPC_URL: ***
run	select ETH fork RPC	2026-10-05T16:44:44.9353928Z   BSC_RPC_URL: ***
run	select ETH fork RPC	2026-10-05T16:44:44.9354400Z   BASE_RPC_URL: ***
run	select ETH fork RPC	2026-10-05T16:44:44.9354754Z   OP_RPC_URL: ***
run	select ETH fork RPC	2026-10-05T16:44:44.9355138Z   POLYGON_RPC_URL: ***
run	select ETH fork RPC	2026-10-05T16:44:44.9355496Z   FANTOM_RPC_URL: ***
run	select ETH fork RPC	2026-10-05T16:44:44.9355866Z   CRONOS_RPC_URL: ***
run	select ETH fork RPC	2026-10-05T16:44:44.9356241Z   MOONRIVER_RPC_URL: ***
run	select ETH fork RPC	2026-10-05T16:44:44.9356605Z   GNOSIS_RPC_URL: ***
run	select ETH fork RPC	2026-10-05T16:44:44.9356951Z   SONIC_RPC_URL: ***
run	select ETH fork RPC	2026-10-05T16:44:44.9357245Z   FOUNDRY_FUZZ_RUNS: 256
run	select ETH fork RPC	2026-10-05T16:44:44.9357546Z ##[endgroup]
run	select ETH fork RPC	2026-10-05T16:44:45.1182215Z ETH fork RPC selected
run	custom CI script	﻿2026-10-05T16:44:45.1774978Z ##[group]Run bash ci/run.sh
run	custom CI script	2026-10-05T16:44:45.1775369Z [36;1mbash ci/run.sh[0m
run	custom CI script	2026-10-05T16:44:45.1815080Z shell: /usr/bin/bash -e {0}
run	custom CI script	2026-10-05T16:44:45.1815454Z env:
run	custom CI script	2026-10-05T16:44:45.1815880Z   RPC_URL: ***
run	custom CI script	2026-10-05T16:44:45.1816467Z   BLOCKPI_RPC_URL: ***
run	custom CI script	2026-10-05T16:44:45.1816991Z   NODEREAL_ETH_RPC_URL: ***
run	custom CI script	2026-10-05T16:44:45.1817474Z   ETHERSCANV2_API_KEY: ***
run	custom CI script	2026-10-05T16:44:45.1817895Z   GOLD_RUSH_API_KEY: ***
run	custom CI script	2026-10-05T16:44:45.1818283Z   ALCHEMY_API_KEY: ***
run	custom CI script	2026-10-05T16:44:45.1818749Z   ANKR_API_KEY: ***
run	custom CI script	2026-10-05T16:44:45.1819151Z   DRPC_API_KEY: ***
run	custom CI script	2026-10-05T16:44:45.1819526Z   INFURA_API_KEY: ***
run	custom CI script	2026-10-05T16:44:45.1820000Z   DUNE_API_KEY: ***
run	custom CI script	2026-10-05T16:44:45.1820350Z   ARB_RPC_URL: ***
run	custom CI script	2026-10-05T16:44:45.1820710Z   BSC_RPC_URL: ***
run	custom CI script	2026-10-05T16:44:45.1821062Z   BASE_RPC_URL: ***
run	custom CI script	2026-10-05T16:44:45.1821427Z   OP_RPC_URL: ***
run	custom CI script	2026-10-05T16:44:45.1821811Z   POLYGON_RPC_URL: ***
run	custom CI script	2026-10-05T16:44:45.1822178Z   FANTOM_RPC_URL: ***
run	custom CI script	2026-10-05T16:44:45.1822570Z   CRONOS_RPC_URL: ***
run	custom CI script	2026-10-05T16:44:45.1822991Z   MOONRIVER_RPC_URL: ***
run	custom CI script	2026-10-05T16:44:45.1823363Z   GNOSIS_RPC_URL: ***
run	custom CI script	2026-10-05T16:44:45.1823712Z   SONIC_RPC_URL: ***
run	custom CI script	2026-10-05T16:44:45.1824017Z   FOUNDRY_FUZZ_RUNS: 256
run	custom CI script	2026-10-05T16:44:45.1824393Z   FORK_RPC_URL: https://ethereum-rpc.publicnode.com
run	custom CI script	2026-10-05T16:44:45.1824777Z ##[endgroup]
run	custom CI script	2026-10-05T16:44:50.3889095Z [d189] wrote ci-out/state.json
run	custom CI script	2026-10-05T16:44:50.3897092Z {
run	custom CI script	2026-10-05T16:44:50.3897514Z   "rpc_reachable": true,
run	custom CI script	2026-10-05T16:44:50.3897962Z   "latest_block": 52214669,
run	custom CI script	2026-10-05T16:44:50.3898384Z   "read_block": 52214619,
run	custom CI script	2026-10-05T16:44:50.3898949Z   "vault_owner": "0x6b27512a5943ed327f6cb6c3ec1f0398229f42c4",
run	custom CI script	2026-10-05T16:44:50.3899733Z   "helper_owner": "0x0b5126e1bc27c0de77e02e97945760a674edb034",
run	custom CI script	2026-10-05T16:44:50.3900408Z   "minHealth": 0,
run	custom CI script	2026-10-05T16:44:50.3900742Z   "whitelist_helper": true,
run	custom CI script	2026-10-05T16:44:50.3901087Z   "whitelist_copycat": false,
run	custom CI script	2026-10-05T16:44:50.3901445Z   "aWETH_balance": 11761.302822883363,
run	custom CI script	2026-10-05T16:44:50.3901852Z   "weth_price_usd": 2693.18757556,
run	custom CI script	2026-10-05T16:44:50.3902206Z   "aave": {
run	custom CI script	2026-10-05T16:44:50.3902654Z     "collateral_usd": 31675396.86721325,
run	custom CI script	2026-10-05T16:44:50.3903162Z     "debt_usd": 7760012.81452988,
run	custom CI script	2026-10-05T16:44:50.3903638Z     "lt_bps": 8299,
run	custom CI script	2026-10-05T16:44:50.3903981Z     "health_factor": 3.3879556566287374
run	custom CI script	2026-10-05T16:44:50.3904416Z   },
run	custom CI script	2026-10-05T16:44:50.3904807Z   "weth_reserve_lt_bps": 8300,
run	custom CI script	2026-10-05T16:44:50.3905294Z   "probe_7000_ok": true,
run	custom CI script	2026-10-05T16:44:50.3905647Z   "max_borrow_aWETH": 8289.798958759297,
run	custom CI script	2026-10-05T16:44:50.3906021Z   "max_borrow_usd": 22325983.56,
run	custom CI script	2026-10-05T16:44:50.3906390Z   "next_fail_revert_prefix": "0x6679996d",
run	custom CI script	2026-10-05T16:44:50.3906756Z   "fresh_borrow_direct": "REVERT:!W",
run	custom CI script	2026-10-05T16:44:50.3907145Z   "fresh_borrow_receiver_helper": "REVERT:!W",
run	custom CI script	2026-10-05T16:44:50.3907521Z   "fresh_helper_withdraw": "REVERT",
run	custom CI script	2026-10-05T16:44:50.3907900Z   "copycat_tx_status": "unavailable"
run	custom CI script	2026-10-05T16:44:50.3908240Z }
run	foundry tests	﻿2026-10-05T16:44:50.4433119Z ##[group]Run forge test -vvv
run	foundry tests	2026-10-05T16:44:50.4433510Z [36;1mforge test -vvv[0m
run	foundry tests	2026-10-05T16:44:50.4471272Z shell: /usr/bin/bash -e {0}
run	foundry tests	2026-10-05T16:44:50.4471646Z env:
run	foundry tests	2026-10-05T16:44:50.4472049Z   RPC_URL: ***
run	foundry tests	2026-10-05T16:44:50.4472789Z   BLOCKPI_RPC_URL: ***
run	foundry tests	2026-10-05T16:44:50.4473300Z   NODEREAL_ETH_RPC_URL: ***
run	foundry tests	2026-10-05T16:44:50.4473736Z   ETHERSCANV2_API_KEY: ***
run	foundry tests	2026-10-05T16:44:50.4474130Z   GOLD_RUSH_API_KEY: ***
run	foundry tests	2026-10-05T16:44:50.4474492Z   ALCHEMY_API_KEY: ***
run	foundry tests	2026-10-05T16:44:50.4474932Z   ANKR_API_KEY: ***
run	foundry tests	2026-10-05T16:44:50.4475317Z   DRPC_API_KEY: ***
run	foundry tests	2026-10-05T16:44:50.4475667Z   INFURA_API_KEY: ***
run	foundry tests	2026-10-05T16:44:50.4476034Z   DUNE_API_KEY: ***
run	foundry tests	2026-10-05T16:44:50.4476367Z   ARB_RPC_URL: ***
run	foundry tests	2026-10-05T16:44:50.4476711Z   BSC_RPC_URL: ***
run	foundry tests	2026-10-05T16:44:50.4477055Z   BASE_RPC_URL: ***
run	foundry tests	2026-10-05T16:44:50.4477405Z   OP_RPC_URL: ***
run	foundry tests	2026-10-05T16:44:50.4477776Z   POLYGON_RPC_URL: ***
run	foundry tests	2026-10-05T16:44:50.4478129Z   FANTOM_RPC_URL: ***
run	foundry tests	2026-10-05T16:44:50.4478489Z   CRONOS_RPC_URL: ***
run	foundry tests	2026-10-05T16:44:50.4478897Z   MOONRIVER_RPC_URL: ***
run	foundry tests	2026-10-05T16:44:50.4479251Z   GNOSIS_RPC_URL: ***
run	foundry tests	2026-10-05T16:44:50.4479592Z   SONIC_RPC_URL: ***
run	foundry tests	2026-10-05T16:44:50.4480064Z   FOUNDRY_FUZZ_RUNS: 256
run	foundry tests	2026-10-05T16:44:50.4480446Z   FORK_RPC_URL: https://ethereum-rpc.publicnode.com
run	foundry tests	2026-10-05T16:44:50.4480849Z ##[endgroup]
run	foundry tests	2026-10-05T16:44:51.2309006Z Compiling 19 files with Solc 0.8.24
run	foundry tests	2026-10-05T16:44:52.1413094Z Solc 0.8.24 finished in 910.39ms
run	foundry tests	2026-10-05T16:44:52.1465382Z Compiler run successful!
run	foundry tests	2026-10-05T16:45:04.8857328Z 
run	foundry tests	2026-10-05T16:45:04.8858218Z Ran 14 tests for test/BaseVaultD189.t.sol:BaseVaultD189Test
run	foundry tests	2026-10-05T16:45:04.8858900Z [PASS] test_attacker_residual_path_works() (gas: 484334)
run	foundry tests	2026-10-05T16:45:04.8859422Z Logs:
run	foundry tests	2026-10-05T16:45:04.8859948Z   fork block 52214672
run	foundry tests	2026-10-05T16:45:04.8860227Z 
run	foundry tests	2026-10-05T16:45:04.8860510Z [PASS] test_copycat_helper_not_whitelisted() (gas: 55015)
run	foundry tests	2026-10-05T16:45:04.8861037Z Logs:
run	foundry tests	2026-10-05T16:45:04.8861387Z   fork block 52214672
run	foundry tests	2026-10-05T16:45:04.8861677Z 
run	foundry tests	2026-10-05T16:45:04.8862000Z [PASS] test_fresh_borrow_with_whitelisted_receiver_reverts() (gas: 41455)
run	foundry tests	2026-10-05T16:45:04.8862582Z Logs:
run	foundry tests	2026-10-05T16:45:04.8862928Z   fork block 52214672
run	foundry tests	2026-10-05T16:45:04.8863188Z 
run	foundry tests	2026-10-05T16:45:04.8863494Z [PASS] test_fresh_direct_borrow_reverts() (gas: 41521)
run	foundry tests	2026-10-05T16:45:04.8864053Z Logs:
run	foundry tests	2026-10-05T16:45:04.8864458Z   fork block 52214672
run	foundry tests	2026-10-05T16:45:04.8864714Z 
run	foundry tests	2026-10-05T16:45:04.8864970Z [PASS] test_fresh_helper_functions_revert() (gas: 101038)
run	foundry tests	2026-10-05T16:45:04.8865488Z Logs:
run	foundry tests	2026-10-05T16:45:04.8865871Z   fork block 52214672
run	foundry tests	2026-10-05T16:45:04.8866131Z 
run	foundry tests	2026-10-05T16:45:04.8866401Z [PASS] test_fresh_proxy_upgrade_reverts() (gas: 93043)
run	foundry tests	2026-10-05T16:45:04.8866936Z Logs:
run	foundry tests	2026-10-05T16:45:04.8867310Z   fork block 52214672
run	foundry tests	2026-10-05T16:45:04.8867555Z 
run	foundry tests	2026-10-05T16:45:04.8867852Z [PASS] test_fresh_supply_cannot_move_vault_funds() (gas: 65643)
run	foundry tests	2026-10-05T16:45:04.8868434Z Logs:
run	foundry tests	2026-10-05T16:45:04.8868806Z   fork block 52214672
run	foundry tests	2026-10-05T16:45:04.8869077Z 
run	foundry tests	2026-10-05T16:45:04.8869364Z [PASS] test_fresh_vault_owner_functions_revert() (gas: 105401)
run	foundry tests	2026-10-05T16:45:04.8870104Z Logs:
run	foundry tests	2026-10-05T16:45:04.8870552Z   fork block 52214672
run	foundry tests	2026-10-05T16:45:04.8870843Z 
run	foundry tests	2026-10-05T16:45:04.8871129Z [PASS] test_fresh_withdraw_and_repay_revert() (gas: 76508)
run	foundry tests	2026-10-05T16:45:04.8871731Z Logs:
run	foundry tests	2026-10-05T16:45:04.8872111Z   fork block 52214672
run	foundry tests	2026-10-05T16:45:04.8872381Z 
run	foundry tests	2026-10-05T16:45:04.8872639Z [PASS] test_privileged_safes() (gas: 129000)
run	foundry tests	2026-10-05T16:45:04.8873179Z Logs:
run	foundry tests	2026-10-05T16:45:04.8873552Z   fork block 52214672
run	foundry tests	2026-10-05T16:45:04.8873804Z 
run	foundry tests	2026-10-05T16:45:04.8874084Z [PASS] test_residual_max_borrow_boundary() (gas: 10633782)
run	foundry tests	2026-10-05T16:45:04.8874624Z Logs:
run	foundry tests	2026-10-05T16:45:04.8874951Z   fork block 52214672
run	foundry tests	2026-10-05T16:45:04.8875384Z   vault aWETH balance  : 11761303393939474555624
run	foundry tests	2026-10-05T16:45:04.8875891Z   max borrowable aWETH  : 8289798545862248613479
run	foundry tests	2026-10-05T16:45:04.8876418Z   theoretical max aWETH : 8289798271216772923110
run	foundry tests	2026-10-05T16:45:04.8877301Z   aWETH price USD 8dec  : 269318757556
run	foundry tests	2026-10-05T16:45:04.8877765Z   max extractable USD   : 22325982
run	foundry tests	2026-10-05T16:45:04.8878209Z   Aave LT (bps)         : 8300
run	foundry tests	2026-10-05T16:45:04.8878808Z   Aave debt USD 8dec    : 776001400595803
run	foundry tests	2026-10-05T16:45:04.8879102Z 
run	foundry tests	2026-10-05T16:45:04.8879326Z [PASS] test_sibling_no_fresh_path() (gas: 131497)
run	foundry tests	2026-10-05T16:45:04.8879920Z Logs:
run	foundry tests	2026-10-05T16:45:04.8880276Z   fork block 52214672
run	foundry tests	2026-10-05T16:45:04.8880507Z 
run	foundry tests	2026-10-05T16:45:04.8880704Z [PASS] test_state_live() (gas: 141716)
run	foundry tests	2026-10-05T16:45:04.8881147Z Logs:
run	foundry tests	2026-10-05T16:45:04.8881481Z   fork block 52214672
run	foundry tests	2026-10-05T16:45:04.8881713Z 
run	foundry tests	2026-10-05T16:45:04.8881983Z [PASS] test_whitelist_revocation_closes_residual() (gas: 116263)
run	foundry tests	2026-10-05T16:45:04.8882535Z Logs:
run	foundry tests	2026-10-05T16:45:04.8882878Z   fork block 52214672
run	foundry tests	2026-10-05T16:45:04.8883119Z 
run	foundry tests	2026-10-05T16:45:04.8883483Z Suite result: ok. 14 passed; 0 failed; 0 skipped; finished in 12.73s (30.48s CPU time)
run	foundry tests	2026-10-05T16:45:04.8923402Z 
run	foundry tests	2026-10-05T16:45:04.8926582Z Ran 1 test suite in 12.73s (12.73s CPU time): 14 tests passed, 0 failed, 0 skipped (14 total tests)
run	upload results	﻿2026-10-05T16:45:04.9031106Z ##[group]Run actions/upload-artifact@v4
run	upload results	2026-10-05T16:45:04.9031533Z with:
run	upload results	2026-10-05T16:45:04.9031865Z   name: result-base-vault-d189
run	upload results	2026-10-05T16:45:04.9032295Z   path: base-vault-d189/ci-out/**
run	upload results	base-vault-d189/**/*.log
run	upload results	
run	upload results	2026-10-05T16:45:04.9032722Z   if-no-files-found: ignore
run	upload results	2026-10-05T16:45:04.9033053Z   retention-days: 7
run	upload results	2026-10-05T16:45:04.9033362Z   compression-level: 6
run	upload results	2026-10-05T16:45:04.9033675Z   overwrite: false
run	upload results	2026-10-05T16:45:04.9033991Z   include-hidden-files: false
run	upload results	2026-10-05T16:45:04.9034313Z env:
run	upload results	2026-10-05T16:45:04.9034686Z   RPC_URL: ***
run	upload results	2026-10-05T16:45:04.9035211Z   BLOCKPI_RPC_URL: ***
run	upload results	2026-10-05T16:45:04.9035717Z   NODEREAL_ETH_RPC_URL: ***
run	upload results	2026-10-05T16:45:04.9036200Z   ETHERSCANV2_API_KEY: ***
run	upload results	2026-10-05T16:45:04.9036624Z   GOLD_RUSH_API_KEY: ***
run	upload results	2026-10-05T16:45:04.9037002Z   ALCHEMY_API_KEY: ***
run	upload results	2026-10-05T16:45:04.9037469Z   ANKR_API_KEY: ***
run	upload results	2026-10-05T16:45:04.9037864Z   DRPC_API_KEY: ***
run	upload results	2026-10-05T16:45:04.9038228Z   INFURA_API_KEY: ***
run	upload results	2026-10-05T16:45:04.9038601Z   DUNE_API_KEY: ***
run	upload results	2026-10-05T16:45:04.9038998Z   ARB_RPC_URL: ***
run	upload results	2026-10-05T16:45:04.9039349Z   BSC_RPC_URL: ***
run	upload results	2026-10-05T16:45:04.9039700Z   BASE_RPC_URL: ***
run	upload results	2026-10-05T16:45:04.9040238Z   OP_RPC_URL: ***
run	upload results	2026-10-05T16:45:04.9040641Z   POLYGON_RPC_URL: ***
run	upload results	2026-10-05T16:45:04.9041021Z   FANTOM_RPC_URL: ***
run	upload results	2026-10-05T16:45:04.9041412Z   CRONOS_RPC_URL: ***
run	upload results	2026-10-05T16:45:04.9041809Z   MOONRIVER_RPC_URL: ***
run	upload results	2026-10-05T16:45:04.9042203Z   GNOSIS_RPC_URL: ***
run	upload results	2026-10-05T16:45:04.9042575Z   SONIC_RPC_URL: ***
run	upload results	2026-10-05T16:45:04.9042887Z   FOUNDRY_FUZZ_RUNS: 256
run	upload results	2026-10-05T16:45:04.9043267Z   FORK_RPC_URL: https://ethereum-rpc.publicnode.com
run	upload results	2026-10-05T16:45:04.9043671Z ##[endgroup]
run	upload results	2026-10-05T16:45:05.0574565Z (node:2266) [DEP0040] DeprecationWarning: The `punycode` module is deprecated. Please use a userland alternative instead.
run	upload results	2026-10-05T16:45:05.0575370Z (Use `node --trace-deprecation ...` to show where the warning was created)
run	upload results	2026-10-05T16:45:05.0762298Z With the provided path, there will be 5 files uploaded
run	upload results	2026-10-05T16:45:05.0767658Z Artifact name is valid!
run	upload results	2026-10-05T16:45:05.0768331Z Root directory input is valid!
run	upload results	2026-10-05T16:45:05.4632264Z Beginning upload of artifact content to blob storage
run	upload results	2026-10-05T16:45:05.4844362Z (node:2266) [DEP0169] DeprecationWarning: `url.parse()` behavior is not standardized and prone to errors that have security implications. Use the WHATWG URL API instead. CVEs are not issued for `url.parse()` vulnerabilities.
run	upload results	2026-10-05T16:45:05.7158151Z Uploaded bytes 1208
run	upload results	2026-10-05T16:45:05.7778841Z Finished uploading artifact content to blob storage!
run	upload results	2026-10-05T16:45:05.7779934Z SHA256 digest of uploaded artifact zip is a77c80da89629a90d98364ce76fb2aada10b61e47f237ba71e183216e7b24e75
run	upload results	2026-10-05T16:45:05.7781835Z Finalizing artifact upload
run	upload results	2026-10-05T16:45:06.0939362Z Artifact result-base-vault-d189.zip successfully finalized. Artifact ID 11359691242
run	upload results	2026-10-05T16:45:06.0940891Z Artifact result-base-vault-d189 has been successfully uploaded! Final size is 1208 bytes. Artifact ID is 11359691242
run	upload results	2026-10-05T16:45:06.0946783Z Artifact download URL: https://github.com/kingmariano/ca-zombie-ci/actions/runs/37343140462/artifacts/11359691242
run	Post Run foundry-rs/foundry-toolchain@v1	﻿2026-10-05T16:45:06.1086067Z Post job cleanup.
run	Post Run foundry-rs/foundry-toolchain@v1	2026-10-05T16:45:06.2357997Z [command]/usr/bin/tar --posix -cf cache.tzst --exclude cache.tzst -P -C /home/runner/work/ca-zombie-ci/ca-zombie-ci --files-from manifest.txt --use-compress-program zstdmt
run	Post Run foundry-rs/foundry-toolchain@v1	2026-10-05T16:45:06.8550933Z Sent 107020 of 107020 (100.0%), 0.3 MBs/sec
run	Post Run foundry-rs/foundry-toolchain@v1	2026-10-05T16:45:07.1181880Z Cache saved with the key: linux-foundry-chain-fork-run-eb0019572b77ed7f148e0c4cbb81a2e3730d386f
run	Post Run actions/checkout@v4	﻿2026-10-05T16:45:07.1294959Z Post job cleanup.
run	Post Run actions/checkout@v4	2026-10-05T16:45:07.2079623Z [command]/usr/bin/git version
run	Post Run actions/checkout@v4	2026-10-05T16:45:07.2110979Z git version 2.55.0
run	Post Run actions/checkout@v4	2026-10-05T16:45:07.2144172Z Temporarily overriding HOME='/home/runner/work/_temp/57be55a9-7dbc-47b0-b057-44712a2f04aa' before making global git config changes
run	Post Run actions/checkout@v4	2026-10-05T16:45:07.2145553Z Adding repository directory to the temporary git global config as a safe directory
run	Post Run actions/checkout@v4	2026-10-05T16:45:07.2151694Z [command]/usr/bin/git config --global --add safe.directory /home/runner/work/ca-zombie-ci/ca-zombie-ci
run	Post Run actions/checkout@v4	2026-10-05T16:45:07.2186051Z [command]/usr/bin/git config --local --name-only --get-regexp core\.sshCommand
run	Post Run actions/checkout@v4	2026-10-05T16:45:07.2221269Z [command]/usr/bin/git submodule foreach --recursive sh -c "git config --local --name-only --get-regexp 'core\.sshCommand' && git config --local --unset-all 'core.sshCommand' || :"
run	Post Run actions/checkout@v4	2026-10-05T16:45:07.2404813Z [command]/usr/bin/git config --local --name-only --get-regexp http\.https\:\/\/github\.com\/\.extraheader
run	Post Run actions/checkout@v4	2026-10-05T16:45:07.2427920Z http.https://github.com/.extraheader
run	Post Run actions/checkout@v4	2026-10-05T16:45:07.2438510Z [command]/usr/bin/git config --local --unset-all http.https://github.com/.extraheader
run	Post Run actions/checkout@v4	2026-10-05T16:45:07.2470542Z [command]/usr/bin/git submodule foreach --recursive sh -c "git config --local --name-only --get-regexp 'http\.https\:\/\/github\.com\/\.extraheader' && git config --local --unset-all 'http.https://github.com/.extraheader' || :"
run	Post Run actions/checkout@v4	2026-10-05T16:45:07.2684422Z [command]/usr/bin/git config --local --name-only --get-regexp ^includeIf\.gitdir:
run	Post Run actions/checkout@v4	2026-10-05T16:45:07.2713409Z [command]/usr/bin/git submodule foreach --recursive git config --local --show-origin --name-only --get-regexp remote.origin.url
run	Complete job	﻿2026-10-05T16:45:07.3047620Z Cleaning up orphan processes
run	Complete job	2026-10-05T16:45:07.3338409Z ##[warning]Node.js 20 is deprecated. The following actions target Node.js 20 but are being forced to run on Node.js 24: actions/checkout@v4, actions/upload-artifact@v4. For more information see: https://github.blog/changelog/2025-09-19-deprecation-of-node-20-on-github-actions-runners/
