fetched scUSDC 0xe45ac34e528907d0a0239ab5db507688070b20bf
fetched scDAI 0x8d9aed9882b4953a0c9fa920168fa1fdfa0ebe75
fetched scSCREAM 0x51dffe014307e87a75da43d8abe6ac127597ddde
fetched scWFTM 0x5aa53f03197e08c4851cad8c92c7922da5857e5d
fetched scTOMB 0x2bf25cd481626283d8db0ceb7d7498b538ba027e
fetched scBOO 0x56e828ab9dc9cb8c91c6d14ef705e61c7d1933a0
fetched scFBTC 0xe196c5f077885ad0b8251adb110b4fb1478d5bd3
fetched scWBTC 0x4565dc3ef685e4775cdf920129111ddf43b9d882
fetched scWETH 0xc772ba6c2c28859b7a0542faa162a56115ddce25
fetched scFETH 0x182ee724db200ab067c43f3d255c265bdf80fc8a
fetched scFUSDT 0x02224765bc8d54c21bb51b0951c80315e1c263f9
fetched scSUSHI 0x7c94562373ed1606130a2ed0a5d89fa8f0ade75c
fetched scBAND 0x4ad6c49fc206c8070915151f31eabe4c70016f55
fetched scYFI 0x0921702135bf5a099bb3dd42df53af19ed782747
fetched scCRV 0x820bda1786afa19da6b92d6ac603574962337326
fetched scFRAX 0x383d965c8d2ac0a9c1f6930ad10943606bca4cb7
fetched scSNX 0x196d71b3e64b80630aff1288716ee4bf649b89a6
fetched scFUSD 0x83fad9bce24b605fe149b433d62c8011070239b8
fetched scLINK 0x2359012ebe36cca231203d78b914284947b58aa3
fetched scFRAX 0x4e6854ea84884330207fb557d1555961d85fc17e
fetched scDOLA 0x5a3b9dcdd462f264ec1bd56d618bf4552c2eaf8a
fetched scMIM 0x90b7c21be43855afd2515675fc307c084427404f
fetched scBIFI 0x0467c22fb5af07ebb14c851c75bff4180674ed64
fetched scTUSD 0x789b5dbd47d7ca3799f8e9fdce01bc5e356fcdf1
fetched scSPELL 0xb19b33fff3a9b21f120b6ac585b8ce21635beb96
fetched scBOO 0xa25f9ffd7855fc350a103d91ab7c906d6bf1977d
fetched scDEI 0x68c102aba11f5e086c999d99620c78f5bc30ecd8
