Borrow: 2000001/123538100 got 0 (chunk 2000000)
Borrow: 4000002/123538100 got 0 (chunk 2000000)
Borrow: 6000003/123538100 got 0 (chunk 2000000)
Borrow: 8000004/123538100 got 0 (chunk 2000000)
Borrow: 10000005/123538100 got 0 (chunk 2000000)
Borrow: 12000006/123538100 got 0 (chunk 2000000)
Borrow: 14000007/123538100 got 0 (chunk 2000000)
Borrow: 16000008/123538100 got 0 (chunk 2000000)
Borrow: 18000009/123538100 got 3317 (chunk 2000000)
Borrow: 20000010/123538100 got 3604 (chunk 2000000)
Borrow: 22000011/123538100 got 3564 (chunk 2000000)
Borrow: 24000012/123538100 got 3777 (chunk 2000000)
Borrow: 26000013/123538100 got 3401 (chunk 2000000)
Borrow: 28000014/123538100 got 3612 (chunk 2000000)
Borrow: 30000015/123538100 got 3532 (chunk 2000000)
Borrow: 32000016/123538100 got 2590 (chunk 2000000)
Borrow: 34000017/123538100 got 1961 (chunk 2000000)
Borrow: 36000018/123538100 got 1553 (chunk 2000000)
Borrow: 38000019/123538100 got 1835 (chunk 2000000)
Borrow: 40000020/123538100 got 210 (chunk 2000000)
Borrow: 42000021/123538100 got 0 (chunk 2000000)
Borrow: 44000022/123538100 got 0 (chunk 2000000)
Borrow: 46000023/123538100 got 0 (chunk 2000000)
Borrow: 48000024/123538100 got 0 (chunk 2000000)
Borrow: 50000025/123538100 got 0 (chunk 2000000)
Borrow: 52000026/123538100 got 0 (chunk 2000000)
Borrow: 54000027/123538100 got 0 (chunk 2000000)
Borrow: 56000028/123538100 got 0 (chunk 2000000)
Borrow: 58000029/123538100 got 0 (chunk 2000000)
Borrow: 60000030/123538100 got 0 (chunk 2000000)
Borrow: 62000031/123538100 got 0 (chunk 2000000)
Borrow: 64000032/123538100 got 0 (chunk 2000000)
Borrow: 66000033/123538100 got 0 (chunk 2000000)
Borrow: 68000034/123538100 got 0 (chunk 2000000)
Borrow: 70000035/123538100 got 0 (chunk 2000000)
Borrow: 72000036/123538100 got 0 (chunk 2000000)
Borrow: 74000037/123538100 got 0 (chunk 2000000)
Borrow: 76000038/123538100 got 0 (chunk 2000000)
Borrow: 78000039/123538100 got 0 (chunk 2000000)
Borrow: 80000040/123538100 got 0 (chunk 2000000)
Borrow: 82000041/123538100 got 0 (chunk 2000000)
Borrow: 84000042/123538100 got 0 (chunk 2000000)
Borrow: 86000043/123538100 got 0 (chunk 2000000)
Borrow: 88000044/123538100 got 0 (chunk 2000000)
Borrow: 90000045/123538100 got 0 (chunk 2000000)
Borrow: 92000046/123538100 got 0 (chunk 2000000)
Borrow: 94000047/123538100 got 0 (chunk 2000000)
Borrow: 96000048/123538100 got 0 (chunk 2000000)
Borrow: 98000049/123538100 got 0 (chunk 2000000)
Borrow: 100000050/123538100 got 0 (chunk 2000000)
Borrow: 102000051/123538100 got 0 (chunk 2000000)
Borrow: 104000052/123538100 got 0 (chunk 2000000)
Borrow: 106000053/123538100 got 0 (chunk 2000000)
Borrow: 108000054/123538100 got 0 (chunk 2000000)
Borrow: 110000055/123538100 got 0 (chunk 2000000)
Borrow: 112000056/123538100 got 0 (chunk 2000000)
Borrow: 114000057/123538100 got 0 (chunk 2000000)
Borrow: 116000058/123538100 got 0 (chunk 2000000)
Borrow: 118000059/123538100 got 0 (chunk 2000000)
Borrow: 120000060/123538100 got 0 (chunk 2000000)
Borrow: 122000061/123538100 got 0 (chunk 2000000)
Borrow: 123538101/123538100 got 0 (chunk 2000000)
RepayBorrow: 2000001/123538100 got 0 (chunk 2000000)
RepayBorrow: 4000002/123538100 got 0 (chunk 2000000)
RepayBorrow: 6000003/123538100 got 0 (chunk 2000000)
RepayBorrow: 8000004/123538100 got 0 (chunk 2000000)
RepayBorrow: 10000005/123538100 got 0 (chunk 2000000)
RepayBorrow: 12000006/123538100 got 0 (chunk 2000000)
RepayBorrow: 14000007/123538100 got 0 (chunk 2000000)
RepayBorrow: 16000008/123538100 got 0 (chunk 2000000)
RepayBorrow: 18000009/123538100 got 589 (chunk 2000000)
RepayBorrow: 20000010/123538100 got 1031 (chunk 2000000)
RepayBorrow: 22000011/123538100 got 975 (chunk 2000000)
RepayBorrow: 24000012/123538100 got 822 (chunk 2000000)
RepayBorrow: 26000013/123538100 got 951 (chunk 2000000)
RepayBorrow: 28000014/123538100 got 826 (chunk 2000000)
RepayBorrow: 30000015/123538100 got 1247 (chunk 2000000)
RepayBorrow: 32000016/123538100 got 771 (chunk 2000000)
RepayBorrow: 34000017/123538100 got 630 (chunk 2000000)
RepayBorrow: 36000018/123538100 got 481 (chunk 2000000)
RepayBorrow: 38000019/123538100 got 759 (chunk 2000000)
RepayBorrow: 40000020/123538100 got 320 (chunk 2000000)
RepayBorrow: 42000021/123538100 got 4 (chunk 2000000)
RepayBorrow: 44000022/123538100 got 0 (chunk 2000000)
RepayBorrow: 46000023/123538100 got 1 (chunk 2000000)
RepayBorrow: 48000024/123538100 got 0 (chunk 2000000)
RepayBorrow: 50000025/123538100 got 2 (chunk 2000000)
RepayBorrow: 52000026/123538100 got 3 (chunk 2000000)
RepayBorrow: 54000027/123538100 got 1 (chunk 2000000)
RepayBorrow: 56000028/123538100 got 0 (chunk 2000000)
RepayBorrow: 58000029/123538100 got 0 (chunk 2000000)
RepayBorrow: 60000030/123538100 got 0 (chunk 2000000)
RepayBorrow: 62000031/123538100 got 0 (chunk 2000000)
RepayBorrow: 64000032/123538100 got 0 (chunk 2000000)
RepayBorrow: 66000033/123538100 got 0 (chunk 2000000)
RepayBorrow: 68000034/123538100 got 1 (chunk 2000000)
RepayBorrow: 70000035/123538100 got 0 (chunk 2000000)
RepayBorrow: 72000036/123538100 got 1 (chunk 2000000)
RepayBorrow: 74000037/123538100 got 0 (chunk 2000000)
RepayBorrow: 76000038/123538100 got 2 (chunk 2000000)
RepayBorrow: 78000039/123538100 got 2 (chunk 2000000)
RepayBorrow: 80000040/123538100 got 2 (chunk 2000000)
RepayBorrow: 82000041/123538100 got 3 (chunk 2000000)
RepayBorrow: 84000042/123538100 got 0 (chunk 2000000)
RepayBorrow: 86000043/123538100 got 0 (chunk 2000000)
RepayBorrow: 88000044/123538100 got 0 (chunk 2000000)
RepayBorrow: 90000045/123538100 got 0 (chunk 2000000)
RepayBorrow: 92000046/123538100 got 0 (chunk 2000000)
RepayBorrow: 94000047/123538100 got 0 (chunk 2000000)
RepayBorrow: 96000048/123538100 got 0 (chunk 2000000)
RepayBorrow: 98000049/123538100 got 0 (chunk 2000000)
RepayBorrow: 100000050/123538100 got 0 (chunk 2000000)
RepayBorrow: 102000051/123538100 got 0 (chunk 2000000)
RepayBorrow: 104000052/123538100 got 0 (chunk 2000000)
RepayBorrow: 106000053/123538100 got 0 (chunk 2000000)
RepayBorrow: 108000054/123538100 got 0 (chunk 2000000)
RepayBorrow: 110000055/123538100 got 0 (chunk 2000000)
RepayBorrow: 112000056/123538100 got 0 (chunk 2000000)
RepayBorrow: 114000057/123538100 got 0 (chunk 2000000)
RepayBorrow: 116000058/123538100 got 0 (chunk 2000000)
RepayBorrow: 118000059/123538100 got 0 (chunk 2000000)
RepayBorrow: 120000060/123538100 got 0 (chunk 2000000)
RepayBorrow: 122000061/123538100 got 0 (chunk 2000000)
RepayBorrow: 123538101/123538100 got 0 (chunk 2000000)
LiquidateBorrow: 2000001/123538100 got 0 (chunk 2000000)
LiquidateBorrow: 4000002/123538100 got 0 (chunk 2000000)
LiquidateBorrow: 6000003/123538100 got 0 (chunk 2000000)
LiquidateBorrow: 8000004/123538100 got 0 (chunk 2000000)
LiquidateBorrow: 10000005/123538100 got 0 (chunk 2000000)
LiquidateBorrow: 12000006/123538100 got 0 (chunk 2000000)
LiquidateBorrow: 14000007/123538100 got 0 (chunk 2000000)
LiquidateBorrow: 16000008/123538100 got 0 (chunk 2000000)
LiquidateBorrow: 18000009/123538100 got 1 (chunk 2000000)
LiquidateBorrow: 20000010/123538100 got 6 (chunk 2000000)
LiquidateBorrow: 22000011/123538100 got 0 (chunk 2000000)
LiquidateBorrow: 24000012/123538100 got 9 (chunk 2000000)
LiquidateBorrow: 26000013/123538100 got 0 (chunk 2000000)
LiquidateBorrow: 28000014/123538100 got 2 (chunk 2000000)
LiquidateBorrow: 30000015/123538100 got 3 (chunk 2000000)
LiquidateBorrow: 32000016/123538100 got 1 (chunk 2000000)
LiquidateBorrow: 34000017/123538100 got 1 (chunk 2000000)
LiquidateBorrow: 36000018/123538100 got 0 (chunk 2000000)
LiquidateBorrow: 38000019/123538100 got 0 (chunk 2000000)
LiquidateBorrow: 40000020/123538100 got 2 (chunk 2000000)
LiquidateBorrow: 42000021/123538100 got 3 (chunk 2000000)
LiquidateBorrow: 44000022/123538100 got 0 (chunk 2000000)
LiquidateBorrow: 46000023/123538100 got 1 (chunk 2000000)
LiquidateBorrow: 48000024/123538100 got 0 (chunk 2000000)
LiquidateBorrow: 50000025/123538100 got 0 (chunk 2000000)
LiquidateBorrow: 52000026/123538100 got 3 (chunk 2000000)
LiquidateBorrow: 54000027/123538100 got 1 (chunk 2000000)
LiquidateBorrow: 56000028/123538100 got 0 (chunk 2000000)
LiquidateBorrow: 58000029/123538100 got 0 (chunk 2000000)
LiquidateBorrow: 60000030/123538100 got 0 (chunk 2000000)
LiquidateBorrow: 62000031/123538100 got 0 (chunk 2000000)
LiquidateBorrow: 64000032/123538100 got 0 (chunk 2000000)
LiquidateBorrow: 66000033/123538100 got 0 (chunk 2000000)
LiquidateBorrow: 68000034/123538100 got 1 (chunk 2000000)
LiquidateBorrow: 70000035/123538100 got 0 (chunk 2000000)
LiquidateBorrow: 72000036/123538100 got 1 (chunk 2000000)
LiquidateBorrow: 74000037/123538100 got 0 (chunk 2000000)
LiquidateBorrow: 76000038/123538100 got 2 (chunk 2000000)
LiquidateBorrow: 78000039/123538100 got 2 (chunk 2000000)
LiquidateBorrow: 80000040/123538100 got 2 (chunk 2000000)
LiquidateBorrow: 82000041/123538100 got 3 (chunk 2000000)
LiquidateBorrow: 84000042/123538100 got 0 (chunk 2000000)
LiquidateBorrow: 86000043/123538100 got 0 (chunk 2000000)
LiquidateBorrow: 88000044/123538100 got 0 (chunk 2000000)
LiquidateBorrow: 90000045/123538100 got 0 (chunk 2000000)
LiquidateBorrow: 92000046/123538100 got 0 (chunk 2000000)
LiquidateBorrow: 94000047/123538100 got 0 (chunk 2000000)
LiquidateBorrow: 96000048/123538100 got 0 (chunk 2000000)
LiquidateBorrow: 98000049/123538100 got 0 (chunk 2000000)
LiquidateBorrow: 100000050/123538100 got 0 (chunk 2000000)
LiquidateBorrow: 102000051/123538100 got 0 (chunk 2000000)
LiquidateBorrow: 104000052/123538100 got 0 (chunk 2000000)
LiquidateBorrow: 106000053/123538100 got 0 (chunk 2000000)
LiquidateBorrow: 108000054/123538100 got 0 (chunk 2000000)
LiquidateBorrow: 110000055/123538100 got 0 (chunk 2000000)
LiquidateBorrow: 112000056/123538100 got 0 (chunk 2000000)
LiquidateBorrow: 114000057/123538100 got 0 (chunk 2000000)
LiquidateBorrow: 116000058/123538100 got 0 (chunk 2000000)
LiquidateBorrow: 118000059/123538100 got 0 (chunk 2000000)
LiquidateBorrow: 120000060/123538100 got 0 (chunk 2000000)
LiquidateBorrow: 122000061/123538100 got 0 (chunk 2000000)
LiquidateBorrow: 123538101/123538100 got 0 (chunk 2000000)
Mint: 2000001/123538100 got 0 (chunk 2000000)
Mint: 4000002/123538100 got 0 (chunk 2000000)
Mint: 6000003/123538100 got 0 (chunk 2000000)
Mint: 8000004/123538100 got 0 (chunk 2000000)
Mint: 10000005/123538100 got 0 (chunk 2000000)
Mint: 12000006/123538100 got 0 (chunk 2000000)
Mint: 14000007/123538100 got 0 (chunk 2000000)
Mint: 16000008/123538100 got 0 (chunk 2000000)
Mint: 18000009/123538100 got 3666 (chunk 2000000)
Mint: 20000010/123538100 got 3830 (chunk 2000000)
Mint: 22000011/123538100 got 3766 (chunk 2000000)
Mint: 24000012/123538100 got 3902 (chunk 2000000)
Mint: 26000013/123538100 got 3471 (chunk 2000000)
Mint: 28000014/123538100 got 3757 (chunk 2000000)
Mint: 30000015/123538100 got 3760 (chunk 2000000)
Mint: 32000016/123538100 got 2837 (chunk 2000000)
Mint: 34000017/123538100 got 2112 (chunk 2000000)
Mint: 36000018/123538100 got 1652 (chunk 2000000)
Mint: 38000019/123538100 got 1895 (chunk 2000000)
Mint: 40000020/123538100 got 228 (chunk 2000000)
Mint: 42000021/123538100 got 0 (chunk 2000000)
Mint: 44000022/123538100 got 4 (chunk 2000000)
Mint: 46000023/123538100 got 0 (chunk 2000000)
Mint: 48000024/123538100 got 1 (chunk 2000000)
Mint: 50000025/123538100 got 0 (chunk 2000000)
Mint: 52000026/123538100 got 1 (chunk 2000000)
Mint: 54000027/123538100 got 0 (chunk 2000000)
Mint: 56000028/123538100 got 0 (chunk 2000000)
Mint: 58000029/123538100 got 0 (chunk 2000000)
Mint: 60000030/123538100 got 0 (chunk 2000000)
Mint: 62000031/123538100 got 0 (chunk 2000000)
Mint: 64000032/123538100 got 0 (chunk 2000000)
Mint: 66000033/123538100 got 0 (chunk 2000000)
Mint: 68000034/123538100 got 0 (chunk 2000000)
Mint: 70000035/123538100 got 0 (chunk 2000000)
Mint: 72000036/123538100 got 0 (chunk 2000000)
Mint: 74000037/123538100 got 0 (chunk 2000000)
Mint: 76000038/123538100 got 0 (chunk 2000000)
Mint: 78000039/123538100 got 0 (chunk 2000000)
Mint: 80000040/123538100 got 0 (chunk 2000000)
Mint: 82000041/123538100 got 0 (chunk 2000000)
Mint: 84000042/123538100 got 0 (chunk 2000000)
Mint: 86000043/123538100 got 0 (chunk 2000000)
Mint: 88000044/123538100 got 0 (chunk 2000000)
Mint: 90000045/123538100 got 0 (chunk 2000000)
Mint: 92000046/123538100 got 0 (chunk 2000000)
Mint: 94000047/123538100 got 0 (chunk 2000000)
Mint: 96000048/123538100 got 0 (chunk 2000000)
Mint: 98000049/123538100 got 0 (chunk 2000000)
Mint: 100000050/123538100 got 0 (chunk 2000000)
Mint: 102000051/123538100 got 0 (chunk 2000000)
Mint: 104000052/123538100 got 0 (chunk 2000000)
Mint: 106000053/123538100 got 0 (chunk 2000000)
Mint: 108000054/123538100 got 0 (chunk 2000000)
Mint: 110000055/123538100 got 0 (chunk 2000000)
Mint: 112000056/123538100 got 0 (chunk 2000000)
Mint: 114000057/123538100 got 0 (chunk 2000000)
Mint: 116000058/123538100 got 0 (chunk 2000000)
Mint: 118000059/123538100 got 0 (chunk 2000000)
Mint: 120000060/123538100 got 0 (chunk 2000000)
Mint: 122000061/123538100 got 0 (chunk 2000000)
Mint: 123538101/123538100 got 0 (chunk 2000000)
Redeem: 2000001/123538100 got 0 (chunk 2000000)
Redeem: 4000002/123538100 got 0 (chunk 2000000)
Redeem: 6000003/123538100 got 0 (chunk 2000000)
Redeem: 8000004/123538100 got 0 (chunk 2000000)
Redeem: 10000005/123538100 got 0 (chunk 2000000)
Redeem: 12000006/123538100 got 0 (chunk 2000000)
Redeem: 14000007/123538100 got 0 (chunk 2000000)
Redeem: 16000008/123538100 got 0 (chunk 2000000)
Redeem: 18000009/123538100 got 642 (chunk 2000000)
Redeem: 20000010/123538100 got 1097 (chunk 2000000)
Redeem: 22000011/123538100 got 1013 (chunk 2000000)
Redeem: 24000012/123538100 got 893 (chunk 2000000)
Redeem: 26000013/123538100 got 974 (chunk 2000000)
Redeem: 28000014/123538100 got 895 (chunk 2000000)
Redeem: 30000015/123538100 got 1387 (chunk 2000000)
Redeem: 32000016/123538100 got 989 (chunk 2000000)
Redeem: 34000017/123538100 got 721 (chunk 2000000)
Redeem: 36000018/123538100 got 539 (chunk 2000000)
Redeem: 38000019/123538100 got 770 (chunk 2000000)
Redeem: 40000020/123538100 got 419 (chunk 2000000)
Redeem: 42000021/123538100 got 32 (chunk 2000000)
Redeem: 44000022/123538100 got 17 (chunk 2000000)
Redeem: 46000023/123538100 got 6 (chunk 2000000)
Redeem: 48000024/123538100 got 5 (chunk 2000000)
Redeem: 50000025/123538100 got 6 (chunk 2000000)
Redeem: 52000026/123538100 got 7 (chunk 2000000)
Redeem: 54000027/123538100 got 6 (chunk 2000000)
Redeem: 56000028/123538100 got 1 (chunk 2000000)
Redeem: 58000029/123538100 got 3 (chunk 2000000)
Redeem: 60000030/123538100 got 1 (chunk 2000000)
Redeem: 62000031/123538100 got 1 (chunk 2000000)
Redeem: 64000032/123538100 got 4 (chunk 2000000)
Redeem: 66000033/123538100 got 0 (chunk 2000000)
Redeem: 68000034/123538100 got 4 (chunk 2000000)
Redeem: 70000035/123538100 got 1 (chunk 2000000)
Redeem: 72000036/123538100 got 0 (chunk 2000000)
Redeem: 74000037/123538100 got 0 (chunk 2000000)
Redeem: 76000038/123538100 got 0 (chunk 2000000)
Redeem: 78000039/123538100 got 0 (chunk 2000000)
Redeem: 80000040/123538100 got 2 (chunk 2000000)
Redeem: 82000041/123538100 got 0 (chunk 2000000)
Redeem: 84000042/123538100 got 0 (chunk 2000000)
Redeem: 86000043/123538100 got 0 (chunk 2000000)
Redeem: 88000044/123538100 got 0 (chunk 2000000)
Redeem: 90000045/123538100 got 0 (chunk 2000000)
Redeem: 92000046/123538100 got 0 (chunk 2000000)
Redeem: 94000047/123538100 got 0 (chunk 2000000)
Redeem: 96000048/123538100 got 1 (chunk 2000000)
Redeem: 98000049/123538100 got 0 (chunk 2000000)
Redeem: 100000050/123538100 got 0 (chunk 2000000)
Redeem: 102000051/123538100 got 0 (chunk 2000000)
Redeem: 104000052/123538100 got 0 (chunk 2000000)
Redeem: 106000053/123538100 got 2 (chunk 2000000)
Redeem: 108000054/123538100 got 0 (chunk 2000000)
Redeem: 110000055/123538100 got 1 (chunk 2000000)
Redeem: 112000056/123538100 got 0 (chunk 2000000)
Redeem: 114000057/123538100 got 0 (chunk 2000000)
Redeem: 116000058/123538100 got 0 (chunk 2000000)
Redeem: 118000059/123538100 got 0 (chunk 2000000)
Redeem: 120000060/123538100 got 0 (chunk 2000000)
Redeem: 122000061/123538100 got 0 (chunk 2000000)
Redeem: 123538101/123538100 got 0 (chunk 2000000)
