== oracle 0x0b24e9420c125242a5ec438bc65e48af1e866ddd: 28 selectors
  05c552d8 None
  112cdab9 None
  17a6948f None
  195556f3 None
  1bec1679 None
  21a78f68 None
  313ce567 None
  3236b4b7 None
  3a74a767 None
  43000510 None
  45a41173 None
  565b6103 None
  565b6111 None
  5e9a523c None
  6174696f None
  65206665 None
  65555bcc None
  66331bba None
  68206469 None
  6f307dc3 None
  7128a5e1 None
  7f3baaf2 None
  99f692ad None
  f851a440 None
  fc57d4df None
  fe10c98d None
  feaf968c None
  ffffffff None
== comptroller_impl 0x37517c5d880c5c282437a3da4d627b4457c10beb: 111 selectors
  0264581b None
  02c3bcbb None
  18160ddd None
  182df0f5 None
  18c882a5 None
  1c3db2e0 None
  1d504dc6 None
  1d7b33d7 None
  1ededc91 None
  21af4569 None
  24008a62 None
  24a3d622 None
  26782247 None
  2d70db78 None
  317b0b77 None
  38b8f4c3 None
  391957d7 None
  3b1d21a2 None
  3bcf7ec1 None
  3c94786f None
  41c728b9 None
  42cbb15c None
  43000510 None
  47bd3718 None
  47ef3b3b None
  4a584432 None
  4ada90af None
  4e79238f None
  4ef4c3e1 None
  4fd42e17 None
  51a485e4 None
  51dff989 None
  52d84d1e None
  546f6b65 None
  55ee1fe1 None
  565b6040 None
  5c778605 None
  5ec88c79 None
  5f5af1aa None
  5fc7e71e None
  5fe3b567 None
  607ef6c1 None
  616e2063 None
  616e2070 None
  616e2073 None
  616e2075 None
  616e6e6f None
  61702067 None
  61702072 None
  61707365 None
  6170736f None
  6174696f None
  636f756e None
  65656473 None
  6810dfa6 None
  68616e67 None
  68656400 None
  6a56947e None
  6b206e75 None
  6b79c38d None
  6d154ea5 None
  6d35bf91 None
  6f6d7020 None
  70a08231 None
  731f0c2b None
  74696f6e None
  747026c9 None
  7dc0d1d0 None
  7e60c7a0 None
  87f76303 None
  8c57804e None
  8e8f294b None
  8ebf6364 None
  8f840ddd None
  929fe9a1 None
  94b2294b None
  95dd9193 None
  9d1b5a0a None
  a76b3fda None
  a7f0e231 None
  a9059cbb None
  a979f0c5 None
  aa5af0fd None
  aa900754 None
  abfceffc None
  ac0b0bb7 None
  b0772d0b None
  b21be7fd None
  bb82aa5e None
  bdcdc258 None
  c1e80334 None
  c2998238 None
  c37f68e2 None
  c488847b None
  ca0af043 None
  cc7ebdc4 None
  d02f7351 None
  da3d454c None
  dce15449 None
  dcfbc0c7 None
  e188211b None
  e4028eee None
  e6653f3d None
  e8755446 None
  e9af0292 None
  eabe7d91 None
  ede4edd0 None
  f851a440 None
  fc57d4df None
  fe9c44ae None
  ffffffff None
== ctoken_impl 0xed4ab736d758ea2b8be84d610395e40972b51493: 104 selectors
  0264581b None
  06fdde03 None
  095ea7b3 None
  0e752702 None
  12004531 None
  153ab505 None
  15f24053 None
  173b9904 None
  17b9b84b None
  17bfdfbc None
  18160ddd None
  182df0f5 None
  1a31d465 None
  1ededc91 None
  2191f92a None
  23b872dd None
  24008a62 None
  2608f818 None
  26782247 None
  2fe3f38f None
  313ce567 None
  352b4a3f None
  368f5153 None
  3af9e669 None
  3b1d21a2 None
  3e941010 None
  41c728b9 None
  43000510 None
  4576b5db None
  47bd3718 None
  47ef3b3b None
  4cd43a12 None
  4ef4c3e1 None
  51dff989 None
  56e67728 None
  57600080 None
  5c60da1b None
  5c778605 None
  5fc7e71e None
  5fe3b567 None
  6002604b None
  60036012 None
  6003601b None
  6003604a None
  60066017 None
  6006601c None
  60076014 None
  60076015 None
  600a6011 None
  600a6016 None
  601a0bf1 None
  60289139 None
  614dc656 None
  616c6375 None
  616c6c20 None
  6520636f None
  65207265 None
  6553746f None
  65696e69 None
  68616e67 None
  6a56947e None
  6b206465 None
  6c540baf None
  6d35bf91 None
  6f307dc3 None
  6f6d6549 None
  6f6d7074 None
  6f756c64 None
  70a08231 None
  73acee98 None
  74656420 None
  852a12e3 None
  8f840ddd None
  95d89b41 None
  95dd9193 None
  99d8c1b4 None
  a0712d68 None
  a6afed95 None
  a9059cbb None
  aa5af0fd None
  ae9d70b0 None
  b2a02ff1 None
  b71d1a0c None
  b8168816 None
  bd6d894d None
  bdcdc258 None
  c37f68e2 None
  c488847b None
  c4a11628 None
  c5ebeaec None
  d02f7351 None
  da3d454c None
  db006a75 None
  dd62ed3e None
  e9c714f2 None
  eabe7d91 None
  f2b3abbd None
  f3fdb15a None
  f5e3c462 None
  f851a440 None
  f8f9da28 None
  fca7820b None
  fe9c44ae None
  ffffffff None
== sclink_delegator 0x2359012ebe36cca231203d78b914284947b58aa3: 54 selectors
  06fdde03 None
  0933c1ed None
  095ea7b3 None
  0e752702 None
  173b9904 None
  17bfdfbc None
  18160ddd None
  182df0f5 None
  23b872dd None
  2608f818 None
  26782247 None
  313ce567 None
  32304465 None
  3af9e669 None
  3b1d21a2 None
  3e941010 None
  43000510 None
  4487152f None
  4576b5db None
  47bd3718 None
  555bcc40 None
  5c60da1b None
  5fe3b567 None
  601a0bf1 None
  6b3a2063 None
  6b434572 None
  6c540baf None
  6f307dc3 None
  70a08231 None
  73acee98 None
  852a12e3 None
  8f840ddd None
  95d89b41 None
  95dd9193 None
  a0712d68 None
  a6afed95 None
  a9059cbb None
  aa5af0fd None
  ae9d70b0 None
  b2a02ff1 None
  b71d1a0c None
  bd6d894d None
  c37f68e2 None
  c5ebeaec None
  db006a75 None
  dd62ed3e None
  e9c714f2 None
  f2b3abbd None
  f3fdb15a None
  f5e3c462 None
  f851a440 None
  f8f9da28 None
  fca7820b None
  fe9c44ae None
