scUSDC 0xe45ac34e528907d0a0239ab5db507688070b20bf cash=565 borrows=7086030792074
scDAI 0x8d9aed9882b4953a0c9fa920168fa1fdfa0ebe75 cash=137549680 borrows=10545356885241770141473141
scSCREAM 0x51dffe014307e87a75da43d8abe6ac127597ddde cash=0 borrows=0
scWFTM 0x5aa53f03197e08c4851cad8c92c7922da5857e5d cash=632320665263 borrows=13348621383324073203568150
scTOMB 0x2bf25cd481626283d8db0ceb7d7498b538ba027e cash=0 borrows=0
scBOO 0x56e828ab9dc9cb8c91c6d14ef705e61c7d1933a0 cash=0 borrows=0
scFBTC 0xe196c5f077885ad0b8251adb110b4fb1478d5bd3 cash=0 borrows=0
scWBTC 0x4565dc3ef685e4775cdf920129111ddf43b9d882 cash=7 borrows=7156461868
scWETH 0xc772ba6c2c28859b7a0542faa162a56115ddce25 cash=18027839212013442 borrows=1411355576623039320449
scFETH 0x182ee724db200ab067c43f3d255c265bdf80fc8a cash=0 borrows=0
scFUSDT 0x02224765bc8d54c21bb51b0951c80315e1c263f9 cash=425496 borrows=1840342813701
scSUSHI 0x7c94562373ed1606130a2ed0a5d89fa8f0ade75c cash=0 borrows=0
scBAND 0x4ad6c49fc206c8070915151f31eabe4c70016f55 cash=0 borrows=0
scYFI 0x0921702135bf5a099bb3dd42df53af19ed782747 cash=2679892945757277 borrows=186897277024182273
scCRV 0x820bda1786afa19da6b92d6ac603574962337326 cash=211254985 borrows=27774567467399578008262
scFRAX 0x383d965c8d2ac0a9c1f6930ad10943606bca4cb7 cash=5000047939447702761 borrows=1
scSNX 0x196d71b3e64b80630aff1288716ee4bf649b89a6 cash=1 borrows=0
scFUSD 0x83fad9bce24b605fe149b433d62c8011070239b8 cash=1206216773046 borrows=127488535631987891036762
scLINK 0x2359012ebe36cca231203d78b914284947b58aa3 cash=84119318054253305294339 borrows=1960966749831646498803
scFRAX 0x4e6854ea84884330207fb557d1555961d85fc17e cash=19300462164170 borrows=1751568739781618630073605
scDOLA 0x5a3b9dcdd462f264ec1bd56d618bf4552c2eaf8a cash=140896463388132530634 borrows=42602593064911168120980
scMIM 0x90b7c21be43855afd2515675fc307c084427404f cash=348330082 borrows=497800583260976343401740
scBIFI 0x0467c22fb5af07ebb14c851c75bff4180674ed64 cash=0 borrows=6377386331253025172
scTUSD 0x789b5dbd47d7ca3799f8e9fdce01bc5e356fcdf1 cash=374514028 borrows=1634598371258249169118158
scSPELL 0xb19b33fff3a9b21f120b6ac585b8ce21635beb96 cash=6325551998334 borrows=68115364254489410714431199
scBOO 0xa25f9ffd7855fc350a103d91ab7c906d6bf1977d cash=26842970813455551060707 borrows=12577326295501052130775
scDEI 0x68c102aba11f5e086c999d99620c78f5bc30ecd8 cash=11004488952799543156742777 borrows=2989123610531032510974
