09:12:06 === enumerate start workers=6 ===
09:12:08 start slot: 453199014
09:12:09 nonce 0: chunks done sum=370903 fails=0
09:12:11 n1_b79: 698 accounts (0.47MB)
09:12:11 n2_b60: 341 accounts (0.23MB)
09:12:11 n1_b42: 674 accounts (0.45MB)
09:12:11 n3_b146: 188 accounts (0.13MB)
09:12:11 nonce 1: chunks done sum=178011 fails=0
09:12:11 nonce 2: chunks done sum=89196 fails=0
09:12:11 nonce 3: chunks done sum=44583 fails=0
09:12:12 nonce 4: single=22490
09:12:13 nonce 5: single=10947
09:12:14 nonce 6: single=5505
09:12:15 nonce 7: single=2670
09:12:16 nonce 8: single=1431
09:12:17 nonce 9: single=729
09:12:18 nonce 10: single=365
09:12:19 nonce 11: single=175
09:12:20 nonce 12: single=81
09:12:21 nonce 13: single=41
09:12:22 nonce 14: single=17
09:12:23 nonce 15: single=10
09:12:24 nonce 16: single=2
09:12:25 nonce 17: single=2
09:12:26 nonce 18: single=3
09:12:27 nonce 19: single=0
09:12:28 nonce 20: single=0
09:12:29 nonce 21: single=0
09:12:29 stop: 3 consecutive empty nonces at n=21
09:12:30 end slot: 453199094
09:12:30 === done in 24s ===
