tokenlist new markets: 234
registry markets total: 402
slot 453205442 epoch 1049
vault accounts to fetch: 796
initialized (flags&3==3): 398; disabled: 0; closed/missing: 0
top mints by vault amount (raw base units):
  6MpQesMjehBwJzgDRDsbUXqjHetf1LGE94H7FDzRVL9Y dec 9 vault 388923545000000000 deposits 388923545000000000 fees 0
  8Au2WcQrgn1oTKfnnaFfb3iMjfdXYp7Y7CrHi8JaNSUZ dec 9 vault 331063793000000000 deposits 331063793000000000 fees 0
  4ZEDNmqoLbzwJVAJZNhRgz31Da8DauDkpSfH9iU2vXA4 dec 9 vault 318745262000000000 deposits 318745262000000000 fees 0
  Gh6jp5U3yfcJwkZ7RoY6Ak2tgd752dSqBSYwHnfK3gft dec 9 vault 306197933000000000 deposits 306197933000000000 fees 0
  3in9a9yHtdjDFRjDyGTTpGUwJpT9zZBcyjQ8J7nqqNtq dec 9 vault 275689657000000000 deposits 275689657000000000 fees 0
  JBK72yMfskz6tkaDCSM6bmaTf6ub7zDZUgBNxTWRAx8p dec 9 vault 271458751000000000 deposits 271458751000000000 fees 0
  2QK9vxydd7WoDwvVFT5JSU8cwE9xmbJSzeqbRESiPGMG dec 9 vault 264983062000000000 deposits 264983062000000000 fees 0
  BzY2yoAPi3tD5xqVqEzrSPu5CSv9Vk7V2fsjJAQLqLv8 dec 9 vault 253295987000000000 deposits 253295987000000000 fees 0
  1SSBwC8hxB4GXzKKU4ENNpST7zgpTmucDe9NoAopWXX dec 9 vault 224406748000000000 deposits 224406748000000000 fees 0
  BjTUmZjNUUAPKHVdTs8yZsCmecW5isSK4AbuFihXoUwa dec 9 vault 181965464000000000 deposits 181965464000000000 fees 0
  D8Fc2HLd9L9V2mJnEUpnys6muJUawKYFnJWcUiaGKnyP dec 9 vault 161976271000000000 deposits 161976271000000000 fees 0
  8GQsW3f7mdwfjqJon2myADcBsSsRjpXmxHYDG8q1pvV6 dec 9 vault 160082592000000000 deposits 160082592000000000 fees 0
  97d6kj4itu6cqCNbxwmxjHxUD4QD1wicEi2jFw2Fm5vi dec 9 vault 152136737500000000 deposits 152136737500000000 fees 0
  4BzxVoBQzwKoqm1dQc78r42Yby3EzAeZmMiYFdCjeu5Z dec 9 vault 138435836000000000 deposits 138435836000000000 fees 0
  EdGAZ8JyFTFbmVedVTbaAEQRb6bxrvi3AW3kz8gABz2E dec 9 vault 128476600000000000 deposits 128476600000000000 fees 0
  Dhg9XnzJWzSQqH2aAnhPTEJHGQAkALDfD98MA499A7pa dec 9 vault 125880986000000000 deposits 125880986000000000 fees 0
  5xq71UHmPSZ5s68DkXL8wrBVsWCh4zXgcn4wTWkqFdxa dec 9 vault 76883862000000000 deposits 76883862000000000 fees 0
  9VH6kTELjTFd1RunKZJsCvtzAVLTTsb44kQzWywixLbX dec 9 vault 74290497000000000 deposits 74290497000000000 fees 0
  3EkHyexJLGCvSxzn5umbtd9N69GoT4p5pfdLTFqCNP9Y dec 9 vault 72549914000000267 deposits 72049914000000000 fees 0
  AMNoi4727tzy7adu4wnx3cN2VQbQdG71DqaPoSm7isJ3 dec 9 vault 64100267000000000 deposits 64100267000000000 fees 0
  72hgmvS5zFxaFJfMizq6Gp4gjBqXjTPyX9GDP38krorQ dec 9 vault 60712122000000000 deposits 60712122000000000 fees 0
  9dwrdifAVWZsyEPxi15D8LcLsdrvTbpabrGw5EVzc7pp dec 9 vault 59050785000000000 deposits 59050785000000000 fees 0
  6TgvYd7eApfcZ7K5Mur7MaUQ2xT7THB4cLHWuMkQdU5Z dec 9 vault 58778281000000000 deposits 58778281000000000 fees 0
  DogscQVvNVj7ndEnhWiCXPVPKKwNy9fJd4ATF7mVi5J dec 9 vault 52072510000000000 deposits 52072510000000000 fees 0
  AMzb4Tc7gDGHrsz1zUQzjtmQS2AXWuejveAKXKSpsoPU dec 9 vault 39474874000000000 deposits 39474874000000000 fees 0
total markets with deposits/fees: 378
