registry markets: 168
slot 453184481 epoch 1049
vault accounts to fetch: 336
initialized (flags&3==3): 168; disabled: 0; closed/missing: 0
top mints by vault amount (raw base units):
  EdAhkbj5nF9sRM7XN7ewuW8C9XEUMs8P7cnoQ57SYE96 dec 9 vault 28435513800000000 deposits 28435513800000000 fees 0
  CiKu4eHsVrc1eueVQeHn7qhXTcVu95gSQmBpX4utjL9z dec 8 vault 420000000000000 deposits 420000000000000 fees 0
  kinXdEcpDQeHPEuQnqmUgtYykqKGVFq6CeVX5iAHJq6 dec 5 vault 279892915310000 deposits 279892900000000 fees 0
  ATLASXmbPQxBUYbxPsV97usA3fPQYEqzQBUHgiFCUsXx dec 8 vault 206235990000000 deposits 206235990000000 fees 0
  3bRTivrVsitbmCTGtqwp7hxXPsybkjn4XLNtPsHqa3zR dec 9 vault 129608000000000 deposits 129608000000000 fees 0
  So11111111111111111111111111111111111111112 dec 9 vault 22493212629033 deposits 22396422957245 fees 59505358249
  JET6zMJWkCN9tpRT2v2jfAmm5VnQFDpUBCyaKojmGtz dec 9 vault 10483000000000 deposits 10483000000000 fees 0
  Saber2gLauYim4Mvftnrasomsv6NvAuncvMEZwcLpD1 dec 6 vault 7431435680555 deposits 7431435670000 fees 0
  EPjFWdd5AufqSSqeM2qN1xzybapC8G4wEGGkZwyTDt1v dec 6 vault 5463455345384 deposits 3008554580382 fees 2251152377255
  poLisWXnNRwC6oBu1vHiuKQzFjGL4XDSu4g9qjz9qVk dec 8 vault 3683400000000 deposits 3683400000000 fees 0
  GsNzxJfFn6zQdJGeYsupJWzUAm57Ba7335mfhWvFiE9Z dec 6 vault 1796513130606 deposits 1796513120000 fees 0
  ArUkYE2XDKzqy77PRRGjo4wREWwqk6RXTfM9NeqzPvjU dec 8 vault 705000000000 deposits 705000000000 fees 0
  Es9vMFrzaCERmJfrF4H2FYD4KCoNkY11McCe8BenwNYB dec 6 vault 621414547956 deposits 300743080974 fees 281782208336
  F6v4wfAdJB8D8p77bMXZgYt8TDKsYxLYxH5AFhUkYx9W dec 6 vault 495353800000 deposits 495353800000 fees 0
  SLRSSpSLUTP7okbCUBYStWCo1vUgyt775faPqz8HUMr dec 6 vault 152951700000 deposits 152951700000 fees 0
  MangoCzJ36AjZyKwVj3VnYU4GTonjfVEnJmvvWaxLac dec 6 vault 117070000000 deposits 117070000000 fees 0
  mSoLzYCxHdYgdzU16g5QSh3i5K3z3KZK7ytfqcJm7So dec 9 vault 105081000000 deposits 105081000000 fees 0
  7vfCXTUXx5WJV5JADk17DUJ4ksgau7utNKj4b963voxs dec 8 vault 82269410327 deposits 82269410000 fees 0
  MERt85fc5boKw3BW1eYdxonEuJNvXbiMbs6hvheau5K dec 6 vault 80354459557 deposits 80354400000 fees 0
  DJafV9qemGp7mLMEn5wrfqaFwxsbLgUsGVS16zKRk9kc dec 6 vault 57907980000 deposits 57907980000 fees 0
  8HGyAAB1yoM1ttS7pXjHMa3dukTFGQggnFFH3hJZgzQh dec 6 vault 57473451000 deposits 57373451000 fees 0
  SRMuApVNdxXokk5GT7XD5cUUgXMBCoAz2LHeuAoKWRt dec 6 vault 42041300000 deposits 42041200000 fees 0
  EqWCKXfs3x47uVosDpTRgFniThL9Y8iCztJaapxbEaVX dec 6 vault 39430000000 deposits 39430000000 fees 0
  873KLxCbz7s9Kc4ZzgYRtNmhfkQrhfyWGZJBmyCbC3ei dec 6 vault 37824000000 deposits 37824000000 fees 0
  4k3Dyjzvzp8eMZWUXbBCjEvwSkkk59S5iCNLY3QrkX6R dec 6 vault 32755424105 deposits 32751900000 fees 0
total markets with deposits/fees: 159
