unique mints: 308
priced mints: 101

TOTAL vault USD (168 registry markets): $14,145,833.59

Top 15 markets by vault USD:
  SOL/USDC                 9wFFyRfZBsuAha4YcuxcXLKwMxJR43S7fPfQLusDBzvT  $4,998,763.23
  ETH/USDC                 8Gmi2HhZmwQPVdCwzS7CM66MGstMXPcTVHA7jF19cLZz  $2,365,019.10
  SBR/USDC                 HXBi8YBwbh4TXF6PjVw81m8Z3Cc4WBofvauj5SBFdgUs  $542,261.20
  SOL/USDT                 HWHvQhFmJB3NUcu1aihKmrKegfVxBEHzwVX6yZCKEsi1  $496,893.35
  RAY/USDC                 2xiv8A5xrJ7RnGdxXB42uFEkYHJjszEhaJyKKt4WaLep  $382,699.28
  RLB/USDC                 DFdcGFcAVWZ3UgVgpbBChFKen3URZdZ8dmju8GTXQgCE  $349,107.44
  IN/USDC                  49vwM54DX3JPXpey2daePZPmimxA4CrkXLZ6E1fGxx2Z  $343,515.24
  BTC/USDC                 A8YFbxQYFVqKZaoYJLLUVcQiWP7G2MeEgW5wsAQgMvFw  $334,509.20
  SUNNY/USDC               Aubv1QBFh4bwB2wbP1DaPW21YyQBLfgjg8L4PHTaPzRc  $278,993.27
  MSOL/USDC                6oGsL2puUgySccKzn9XA9afqF217LfxP5ocq4B3LWsjy  $210,837.32
  DXL/USDC                 DYfigimKWc5VhavR4moPBibx9sMcWYVSjVdWvPztBPTa  $194,335.65
  TULIP/USDC               8GufnKq7YnXKhnB3WNhgy5PzU9uvHbaaRrZWQK6ixPxW  $187,881.61
  SAMO/USDC                FR3SPJmgfRSKKQ2ysUZBu7vJLpzTixXnjzb84bY3Diif  $161,993.16
  PORT/USDC                8x8jf7ikJwgP9UthadtiGFgfFuyyyYPHL3obJAuxFWko  $159,426.56
  STEP/USDC                97qCB4cAVSTthvJu3eNoEx6AY6DLuRDtCoPm5Tdyg77S  $150,330.38

Top 25 mints by USD:
  usdc       EPjFWdd5AufqSSqeM2qN1xzybapC8G4wEGGkZwyTDt1v  amount=8029422228517  usd=$8,029,383.67
  SOL        So11111111111111111111111111111111111111112  amount=22493358084285  usd=$2,718,355.43
  WETH       7vfCXTUXx5WJV5JADk17DUJ4ksgau7utNKj4b963voxs  amount=82269410327  usd=$2,221,200.87
  usdt       Es9vMFrzaCERmJfrF4H2FYD4KCoNkY11McCe8BenwNYB  amount=657583282930  usd=$657,515.43
  RLB        RLBxxFkseAZ4RgJH3Sqn8jXxhmGoz9jWxDNJMh8pL7a  amount=391956770  usd=$315,812.09
  ray        4k3Dyjzvzp8eMZWUXbBCjEvwSkkk59S5iCNLY3QrkX6R  amount=32755424105  usd=$70,020.56
  orca       orcaEKTdK7LKz57vaAYr9QeNsVEPfiu6QeMU1kektZE  amount=21653000000  usd=$39,906.07
  msol       mSoLzYCxHdYgdzU16g5QSh3i5K3z3KZK7ytfqcJm7So  amount=117343000000  usd=$19,895.11
  soUSDT     BQcdHdAQW1hczDbBi9hiegXAR7A98Q9jx3X3iBBBDiq4  amount=14437221677  usd=$14,435.73
  samo       7xKXtg2CW87d97TXJSDpbD5jBkheTqA83TZRuJosgAsU  amount=31635849000010218  usd=$10,743.52
  soETH      2FPyTwcZLUg1MDrwsyoP4D6s1tM7hAkHYRjkNb5w6Pxk  amount=21856000  usd=$6,467.04
  soLINK     CWE8jPTUYhdCTZYWPTe1o5DFqfdjzWKc9WKz6rSjQUdG  amount=445550000  usd=$6,256.53
  WOOF       9nEqaUcb16sQ3Tn1psbkWqyhPdLmfHWjKGymREjsAgTE  amount=257983283000000  usd=$4,742.17
  renBTC     CDJWUqTcYTVAKXAVXoQZFes5JUFc7owSeq7eMQcDSbo5  amount=24790000  usd=$4,217.08
  MNGO       MangoCzJ36AjZyKwVj3VnYU4GTonjfVEnJmvvWaxLac  amount=117070000000  usd=$3,966.97
  KIN        kinXdEcpDQeHPEuQnqmUgtYykqKGVFq6CeVX5iAHJq6  amount=279892915310000  usd=$3,530.48
  CHEEMS     3FoUAsGDbvTD6YZ4wVKJgTB76onJUKz7GPEBNiR5b8wc  amount=429499829030  usd=$3,200.85
  BNB        9gP2kCy3wA1ctvYWQk75guqXuHfrEomqydHLtcTCqiLa  amount=268930000  usd=$2,110.33
  CATO       5p2zjqCd1WJzAVgcEnjhb9zWDU7b9XVhFhx4usiyN7jB  amount=7878191000000000  usd=$2,099.86
  SHDW       SHDWyBxihqiCj6YekG2GUr7wqKLeLAMK1gHZck9pL6y  amount=55419980000000  usd=$1,524.54
  stSOL      7dHbWXmci3dT8UFYWYZweBLXgycu7Y3iL6trKn1Y7ARj  amount=7520000000  usd=$1,001.54
  soAAVE     dK83wTVypEpa1pqiBbHY3MNuUnT3ADUZM4wk9VZXZEc  amount=5180000  usd=$944.35
  soSUSHI    AR1Mtgh7zAtxuxGd2XPovXPVjcSdY3i4rQYisNadjfKy  amount=2632800000  usd=$678.47
  SDOGE      8ymi88q5DtmdNTn2sPRNFkvMkszMHuLJ1e3RVdWjPa3s  amount=336620050  usd=$657.34
  PAXG       C6oFsE8nXRDThzrMEQ5SxaNFGKoyyfWDDVPw37JKvPTe  amount=15290000  usd=$634.00

wrote serum_v3_markets.json / .csv / serum_v3_summary_raw.json
