unique mints: 87
priced mints: 65

TOTAL vault USD (168 registry markets): $11,160,385.92

Top 15 markets by vault USD:
  SOL/USDC                 9wFFyRfZBsuAha4YcuxcXLKwMxJR43S7fPfQLusDBzvT  $5,005,662.63
  ETH/USDC                 8Gmi2HhZmwQPVdCwzS7CM66MGstMXPcTVHA7jF19cLZz  $2,359,565.26
  SBR/USDC                 HXBi8YBwbh4TXF6PjVw81m8Z3Cc4WBofvauj5SBFdgUs  $542,267.69
  SOL/USDT                 HWHvQhFmJB3NUcu1aihKmrKegfVxBEHzwVX6yZCKEsi1  $497,464.49
  RAY/USDC                 2xiv8A5xrJ7RnGdxXB42uFEkYHJjszEhaJyKKt4WaLep  $381,311.30
  BTC/USDC                 A8YFbxQYFVqKZaoYJLLUVcQiWP7G2MeEgW5wsAQgMvFw  $334,513.20
  MSOL/USDC                6oGsL2puUgySccKzn9XA9afqF217LfxP5ocq4B3LWsjy  $210,836.82
  DXL/USDC                 DYfigimKWc5VhavR4moPBibx9sMcWYVSjVdWvPztBPTa  $194,337.97
  BTC/USDT                 C1EuT9VokAKLiW7i2ASnZUvxDoKuKkCpDDeNxAptuNe4  $137,803.01
  USDT/USDC                77quYg4MGneUdjgXCunt9GgM1usmrxKY31twEy3WHwcS  $128,401.38
  SRM/USDC                 ByRys5tuUWDgL73G8JBAEfkdFf8JWBzPBDHsBVQ5vbQA  $127,435.31
  xCOPE/USDC               7MpMwArporUHEGW7quUpkPZp5L5cHPs9eKUfKCdaPHq2  $90,144.60
  ATLAS/USDC               Di66GTLsV64JgCCYGVcY21RZ173BHkjJVgPyezNN7P1K  $87,345.83
  RAY/USDT                 teE55QrL4a4QSfydR9dnHF97jgCfptpuigbb53Lo95g  $82,542.99
  COPE/USDC                6fc7v3PmjZG9Lk2XTot6BywGyYLkBQuzuFKd4FpCsPxk  $78,024.80

Top 25 mints by USD:
  usdc       EPjFWdd5AufqSSqeM2qN1xzybapC8G4wEGGkZwyTDt1v  amount=5463455345384  usd=$5,463,494.50
  SOL        So11111111111111111111111111111111111111112  amount=22493212629033  usd=$2,725,952.59
  WETH       7vfCXTUXx5WJV5JADk17DUJ4ksgau7utNKj4b963voxs  amount=82269410327  usd=$2,215,745.31
  usdt       Es9vMFrzaCERmJfrF4H2FYD4KCoNkY11McCe8BenwNYB  amount=621414547956  usd=$621,361.46
  ray        4k3Dyjzvzp8eMZWUXbBCjEvwSkkk59S5iCNLY3QrkX6R  amount=32755424105  usd=$68,197.11
  msol       mSoLzYCxHdYgdzU16g5QSh3i5K3z3KZK7ytfqcJm7So  amount=105081000000  usd=$17,813.10
  soUSDT     BQcdHdAQW1hczDbBi9hiegXAR7A98Q9jx3X3iBBBDiq4  amount=14437221677  usd=$14,435.99
  soETH      2FPyTwcZLUg1MDrwsyoP4D6s1tM7hAkHYRjkNb5w6Pxk  amount=21856000  usd=$6,265.30
  soLINK     CWE8jPTUYhdCTZYWPTe1o5DFqfdjzWKc9WKz6rSjQUdG  amount=445550000  usd=$6,236.97
  renBTC     CDJWUqTcYTVAKXAVXoQZFes5JUFc7owSeq7eMQcDSbo5  amount=24790000  usd=$4,204.84
  MNGO       MangoCzJ36AjZyKwVj3VnYU4GTonjfVEnJmvvWaxLac  amount=117070000000  usd=$3,965.02
  KIN        kinXdEcpDQeHPEuQnqmUgtYykqKGVFq6CeVX5iAHJq6  amount=279892915310000  usd=$3,439.70
  BNB        9gP2kCy3wA1ctvYWQk75guqXuHfrEomqydHLtcTCqiLa  amount=268930000  usd=$2,110.33
  stSOL      7dHbWXmci3dT8UFYWYZweBLXgycu7Y3iL6trKn1Y7ARj  amount=7520000000  usd=$999.31
  soAAVE     dK83wTVypEpa1pqiBbHY3MNuUnT3ADUZM4wk9VZXZEc  amount=5180000  usd=$947.03
  soSUSHI    AR1Mtgh7zAtxuxGd2XPovXPVjcSdY3i4rQYisNadjfKy  amount=2632800000  usd=$681.16
  SBR        Saber2gLauYim4Mvftnrasomsv6NvAuncvMEZwcLpD1  amount=7431435680555  usd=$596.80
  BTC        9n4nbM75f5Ui33ZbPYXn59EwSgE8CGsHtAeTH5YFeJ9E  amount=8905916  usd=$521.17
  POLIS      poLisWXnNRwC6oBu1vHiuKQzFjGL4XDSu4g9qjz9qVk  amount=3683400000000  usd=$501.68
  DXL        GsNzxJfFn6zQdJGeYsupJWzUAm57Ba7335mfhWvFiE9Z  amount=1796513130606  usd=$442.94
  fida       EchesyfXePKdLtoiZSL8pBe8Myagyy8ZRqsACNCFGnvp  amount=16180300000  usd=$355.04
  ATLAS      ATLASXmbPQxBUYbxPsV97usA3fPQYEqzQBUHgiFCUsXx  amount=206235990000000  usd=$318.14
  srm        SRMuApVNdxXokk5GT7XD5cUUgXMBCoAz2LHeuAoKWRt  amount=42041300000  usd=$270.15
  AVAX       KgV1GvrHQmRBY8sHQQeUKwTm2r2h8t4C8qt12Cw1HVE  amount=2157000000  usd=$238.18
  soALEPH    CsZ5LZkDS7h9TDKjrbL7VAwQZ9nsRu8vJLhRYfmGaN8K  amount=13589400000  usd=$233.84

wrote serum_v3_markets.json / .csv / serum_v3_summary_raw.json
