markets=398 identity_ok=742 identity_bad=54
  BAD {'market': 'SOL/USDC', 'address': '9wFFyRfZBsuAha4YcuxcXLKwMxJR43S7fPfQLusDBzvT', 'side': 'coin', 'diff': 100161330}
  BAD {'market': 'SOL/USDC', 'address': '9wFFyRfZBsuAha4YcuxcXLKwMxJR43S7fPfQLusDBzvT', 'side': 'pc', 'diff': 3419751}
  BAD {'market': 'ETH/USDC', 'address': '8Gmi2HhZmwQPVdCwzS7CM66MGstMXPcTVHA7jF19cLZz', 'side': 'coin', 'diff': 327}
  BAD {'market': 'SBR/USDC', 'address': 'HXBi8YBwbh4TXF6PjVw81m8Z3Cc4WBofvauj5SBFdgUs', 'side': 'coin', 'diff': 10555}
  BAD {'market': 'SOL/USDT', 'address': 'HWHvQhFmJB3NUcu1aihKmrKegfVxBEHzwVX6yZCKEsi1', 'side': 'coin', 'diff': 1700000000}
  BAD {'market': 'RAY/USDC', 'address': '2xiv8A5xrJ7RnGdxXB42uFEkYHJjszEhaJyKKt4WaLep', 'side': 'coin', 'diff': 3524105}
  BAD {'market': 'RLB/USDC', 'address': 'DFdcGFcAVWZ3UgVgpbBChFKen3URZdZ8dmju8GTXQgCE', 'side': 'coin', 'diff': 7770}
  BAD {'market': 'IN/USDC', 'address': '49vwM54DX3JPXpey2daePZPmimxA4CrkXLZ6E1fGxx2Z', 'side': 'coin', 'diff': 13180}
  BAD {'market': 'BTC/USDC', 'address': 'A8YFbxQYFVqKZaoYJLLUVcQiWP7G2MeEgW5wsAQgMvFw', 'side': 'coin', 'diff': 16}
  BAD {'market': 'SUNNY/USDC', 'address': 'Aubv1QBFh4bwB2wbP1DaPW21YyQBLfgjg8L4PHTaPzRc', 'side': 'coin', 'diff': 825}
TOTAL vault USD = $14,145,833.59; deposits+fees USD = $13,869,248.82

DL vs measured top tokens:
  USDC     DL=$9,702,803.71  ours_DF=$7798876.96  EPjFWdd5AufqSSqeM2qN1xzybapC8G4wEGGkZwyTDt1v
  SOL      DL=$3,776,957.29  ours_DF=$2713849.55  So11111111111111111111111111111111111111112
  WETH     DL=$2,215,369.75  ours_DF=$2221200.86  7vfCXTUXx5WJV5JADk17DUJ4ksgau7utNKj4b963voxs
  USDT     DL=$  643,944.93  ours_DF=$616418.12  Es9vMFrzaCERmJfrF4H2FYD4KCoNkY11McCe8BenwNYB
  RLB      DL=$  314,916.46  ours_DF=$315805.83  RLBxxFkseAZ4RgJH3Sqn8jXxhmGoz9jWxDNJMh8pL7a
  RAY      DL=$  244,942.09  ours_DF=$70013.03  4k3Dyjzvzp8eMZWUXbBCjEvwSkkk59S5iCNLY3QrkX6R
  STNK     DL=$   65,118.14  ours_DF=$None  None
  ORCA     DL=$   39,265.08  ours_DF=$39906.07  orcaEKTdK7LKz57vaAYr9QeNsVEPfiu6QeMU1kektZE
  MSOL     DL=$   32,903.61  ours_DF=$19895.11  mSoLzYCxHdYgdzU16g5QSh3i5K3z3KZK7ytfqcJm7So
  SOUSDT   DL=$   15,611.54  ours_DF=$13975.76  BQcdHdAQW1hczDbBi9hiegXAR7A98Q9jx3X3iBBBDiq4
  SAMO     DL=$   10,113.11  ours_DF=$10743.52  7xKXtg2CW87d97TXJSDpbD5jBkheTqA83TZRuJosgAsU
  SOETH    DL=$    7,626.30  ours_DF=$6467.04  2FPyTwcZLUg1MDrwsyoP4D6s1tM7hAkHYRjkNb5w6Pxk
  SOLINK   DL=$    6,250.04  ours_DF=$6256.53  CWE8jPTUYhdCTZYWPTe1o5DFqfdjzWKc9WKz6rSjQUdG
  SOPAXG   DL=$    5,972.80  ours_DF=$None  None
  BNB      DL=$    5,279.63  ours_DF=$2110.1  9gP2kCy3wA1ctvYWQk75guqXuHfrEomqydHLtcTCqiLa
  WOOF     DL=$    4,742.13  ours_DF=$4742.17  9nEqaUcb16sQ3Tn1psbkWqyhPdLmfHWjKGymREjsAgTE
  RENBTC   DL=$    4,216.60  ours_DF=$4217.08  CDJWUqTcYTVAKXAVXoQZFes5JUFc7owSeq7eMQcDSbo5
  MNGO     DL=$    3,850.34  ours_DF=$3966.97  MangoCzJ36AjZyKwVj3VnYU4GTonjfVEnJmvvWaxLac
  KIN      DL=$    3,409.44  ours_DF=$3530.48  kinXdEcpDQeHPEuQnqmUgtYykqKGVFq6CeVX5iAHJq6
  CHEEMS   DL=$    3,200.02  ours_DF=$3200.77  3FoUAsGDbvTD6YZ4wVKJgTB76onJUKz7GPEBNiR5b8wc

RENT (SOL): {
 "market_base_rent_lamports": 1.42936128,
 "market_extra_lamports": 49.432706197,
 "sub_req_q_lamports": 10.396848,
 "sub_event_q_lamports": 1487.373542717,
 "sub_bids_lamports": 181.927778792,
 "sub_asks_lamports": 181.927778795,
 "vault_lamports_including_wrapped_sol": 22494998416423,
 "wrapped_sol_in_vaults_raw": 22493358084285,
 "vault_rent_lamports_true": 1640332138,
 "total_true_rent_lamports": 1864.695641722,
 "total_true_rent_sol": 1864.695641722
}
wrote serum_v3_final.json
