  retry 1/8: HTTP Error 429: Too Many Requests sleep 2s
  retry 2/8: HTTP Error 429: Too Many Requests sleep 4s
  retry 1/8: HTTP Error 429: Too Many Requests sleep 2s
  b=16 count=2802 total_so_far=48496
  b=32 count=3248 total_so_far=95104
  b=48 count=2916 total_so_far=142677
  b=64 count=2864 total_so_far=187262
  b=80 count=2832 total_so_far=232362
  b=96 count=2783 total_so_far=281986
  b=112 count=2818 total_so_far=367363
  retry 1/8: IncompleteRead(394770 bytes read) sleep 2s
  retry 1/8: IncompleteRead(361903 bytes read) sleep 2s
  retry 2/8: IncompleteRead(394793 bytes read) sleep 4s
  retry 1/8: IncompleteRead(394804 bytes read) sleep 2s
  retry 1/8: IncompleteRead(427671 bytes read) sleep 2s
  retry 2/8: IncompleteRead(263221 bytes read) sleep 4s
  b=128 count=2865 total_so_far=421811
  b=144 count=3291 total_so_far=467423
  b=160 count=2784 total_so_far=515546
  retry 1/8: IncompleteRead(361886 bytes read) sleep 2s
  b=176 count=2888 total_so_far=563699
  retry 1/8: IncompleteRead(361873 bytes read) sleep 2s
  b=192 count=2803 total_so_far=610119
  b=208 count=2865 total_so_far=657214
  b=224 count=2915 total_so_far=702935
  b=240 count=2872 total_so_far=749032
OpenOrders flags=5 total: 802133
OpenOrders flags=133 total: 0
zeroed 3228 count: 0
1476B flags hist: {'515': 1, '0': 4}
388B flags=0: 23418
388B flags=1: 0
388B flags=2: 0
388B flags=131: 0
wrote /home/heisenberg/CA/serum/analysis/openorders_counts.json
