144 unique mints to fetch
wrote /home/heisenberg/CA/serum/analysis/openbook_mint_meta.json
wrote /home/heisenberg/CA/serum/analysis/openbook_mint_prices.json (22 priced)
12yUaDTbQ9us.. dec=5 price=None sym=None
1C2EYVrwmoXA.. dec=9 price=None sym=None
2GAgRFH6RjdV.. dec=5 price=None sym=None
2MEmF7emCGzX.. dec=5 price=None sym=None
2eM42xWpfCq3.. dec=6 price=None sym=None
2svGwRaZvR7P.. dec=9 price=None sym=None
2zzC22UBgJGC.. dec=9 price=None sym=None
3U88u3MJ1wNR.. dec=9 price=None sym=None
3VpF4UfwgyuG.. dec=9 price=None sym=None
3ed2TVz7LhtH.. dec=9 price=None sym=None
3f7wfg9yHLtG.. dec=9 price=None sym=None
3fXSotQK7sb6.. dec=8 price=None sym=None
3hjKhFW8LCFa.. dec=9 price=None sym=None
3qA6WmGh9chX.. dec=6 price=None sym=None
3raAiaP26jyE.. dec=6 price=None sym=None
46AQqsx1YE44.. dec=5 price=None sym=None
4HzPa2ZcxQ5X.. dec=9 price=None sym=None
4MRVPdN41888.. dec=9 price=None sym=None
4TUNzcgp2fPD.. dec=7 price=None sym=None
4f7Di8YSkxuL.. dec=6 price=None sym=None
