FALLBACK selection from aggregates+sample20k; zero candidates 19976; prices 116
selection: {"selection": "fallback", "top_raw": [["6BaxwQnuwJ", 1094320495003588717], ["GirsDpiEtE", 1044777662000000000], ["E9kZJweopT", 386999981006809367], ["37RmmpLFoe", 121084026709935622], ["3tiG7AaS7M", 60570039000000000]], "top_usd": [["xLUHbyZwW6", 3775.85], ["7wGBGxvNNU", 3470.15], ["ByHRAM6pcf", 799.99], ["7aKqVcg1Sh", 555.75], ["9fD2u4PbBo", 412.0]], "zero_n": 20}
sample size: 65  (1s)
fetching 325 sub-accounts in 4 calls
fetching 130 vaults (jsonParsed)
  top 6BaxwQnuwJ usd=3.59 rent=2784016167 coin match_dep_fees=True pc match_dep_fees=False
  top GirsDpiEtE usd=0.0 rent=2620342560 coin match_dep_fees=True pc match_dep_fees=True
  top E9kZJweopT usd=3.11 rent=2783986080 coin match_dep_fees=True pc match_dep_fees=False
  top 37RmmpLFoe usd=321.93 rent=2783986080 coin match_dep_fees=True pc match_dep_fees=False
  top 3tiG7AaS7M usd=0.0 rent=292974240 coin match_dep_fees=True pc match_dep_fees=False
  top E1A9wktvJJ usd=0.0 rent=2783986080 coin match_dep_fees=True pc match_dep_fees=False
  top 5N7jU3zRoQ usd=4.83 rent=292974240 coin match_dep_fees=True pc match_dep_fees=False
  top DSdHtkH72Y usd=0.0 rent=292974240 coin match_dep_fees=True pc match_dep_fees=True
  top DRREwPGRNE usd=0.0 rent=292974240 coin match_dep_fees=True pc match_dep_fees=False
  top 3tt4sd3oVK usd=0.0 rent=292974240 coin match_dep_fees=True pc match_dep_fees=True
  top 8rUvvjhtyj usd=997.85 rent=2784006158 coin match_dep_fees=True pc match_dep_fees=False
  top EpRh81thgL usd=0.0 rent=2783986080 coin match_dep_fees=True pc match_dep_fees=True
  top 5cPmrRKUCj usd=0.0 rent=293892643 coin match_dep_fees=True pc match_dep_fees=False
  top 3ux9u7Nxyi usd=630.58 rent=292974240 coin match_dep_fees=True pc match_dep_fees=False
  top BWExsLwZuJ usd=0.0 rent=2783986080 coin match_dep_fees=True pc match_dep_fees=False
  top 6hjPMe8m6d usd=0.0 rent=2783986080 coin match_dep_fees=True pc match_dep_fees=False
  top 92c8HycqPT usd=0.0 rent=2783986080 coin match_dep_fees=True pc match_dep_fees=True
  top 65ZgPRE3mW usd=0.1 rent=292974240 coin match_dep_fees=True pc match_dep_fees=False
  top ApHezsYSWx usd=0.0 rent=2783986080 coin match_dep_fees=True pc match_dep_fees=True
  top HE1nibjUq5 usd=14.06 rent=2783986083 coin match_dep_fees=True pc match_dep_fees=False
  top AX9Sjoftzr usd=0.0 rent=292974240 coin match_dep_fees=True pc match_dep_fees=True
  top Fs8A25cHNC usd=0.0 rent=2783986080 coin match_dep_fees=True pc match_dep_fees=False
  top E5fpRJWxCo usd=0.0 rent=2783996117 coin match_dep_fees=True pc match_dep_fees=False
  top 2mfpokESa8 usd=0.0 rent=293531040 coin match_dep_fees=True pc match_dep_fees=True
  top F2RyeAubDm usd=0.27 rent=2783986080 coin match_dep_fees=True pc match_dep_fees=False
  top CnZ1H6BMgh usd=0.0 rent=2783986080 coin match_dep_fees=True pc match_dep_fees=True
  top 6JKADvNFwE usd=0.0 rent=292974240 coin match_dep_fees=True pc match_dep_fees=True
  top Fh66a9ydde usd=0.0 rent=2783986080 coin match_dep_fees=True pc match_dep_fees=True
  top 7mVpCBNCUD usd=0.0 rent=2783986080 coin match_dep_fees=True pc match_dep_fees=True
  top 2o9eUVyfbA usd=411.07 rent=6181844680 coin match_dep_fees=True pc match_dep_fees=False
  usd_top xLUHbyZwW6 usd=3775.85 rent=2784006157 coin match_dep_fees=True pc match_dep_fees=False
  usd_top 7wGBGxvNNU usd=3470.15 rent=2783986080 coin match_dep_fees=True pc match_dep_fees=False
  usd_top ByHRAM6pcf usd=799.99 rent=2783986080 coin match_dep_fees=True pc match_dep_fees=False
  usd_top 7aKqVcg1Sh usd=555.75 rent=7401389141 coin match_dep_fees=True pc match_dep_fees=False
  usd_top 9fD2u4PbBo usd=412.0 rent=2783986097 coin match_dep_fees=True pc match_dep_fees=False
  usd_top 7UfkeQ4N7w usd=287.31 rent=2782649760 coin match_dep_fees=True pc match_dep_fees=False
  usd_top E5AmUKMFgx usd=249.78 rent=2783986080 coin match_dep_fees=True pc match_dep_fees=False
  usd_top 7oVs3vhJyy usd=191.52 rent=2783986083 coin match_dep_fees=True pc match_dep_fees=False
  usd_top Wjkv6mADbv usd=81.22 rent=2783986080 coin match_dep_fees=True pc match_dep_fees=False
  usd_top v2VwSbCzfU usd=57.83 rent=2782649760 coin match_dep_fees=True pc match_dep_fees=False
  usd_top C3Hv6qZfoB usd=36.38 rent=2783986080 coin match_dep_fees=True pc match_dep_fees=False
  usd_top 2m55Vv6hsY usd=10.0 rent=292974240 coin match_dep_fees=True pc match_dep_fees=False
  usd_top EDLQ91Mj6d usd=9.61 rent=2783986080 coin match_dep_fees=True pc match_dep_fees=True
  usd_top ARGpHsbV4Q usd=7.29 rent=2783986080 coin match_dep_fees=True pc match_dep_fees=False
  usd_top 8XEw35h3u2 usd=6.8 rent=2783986096 coin match_dep_fees=True pc match_dep_fees=True
  zero 8NxziYwgWv usd=0.0 rent=555171360 coin match_dep_fees=True pc match_dep_fees=True
  zero 84XohPxbQ8 usd=0.0 rent=327496240 coin match_dep_fees=True pc match_dep_fees=True
  zero 7ndGVANTK7 usd=0.0 rent=297428640 coin match_dep_fees=True pc match_dep_fees=True
  zero nxnmmGevZK usd=0.0 rent=2783986080 coin match_dep_fees=True pc match_dep_fees=True
  zero 8Eos5s1BND usd=0.0 rent=2783986080 coin match_dep_fees=True pc match_dep_fees=True
  zero 7pKUwgEHDm usd=0.0 rent=327495840 coin match_dep_fees=True pc match_dep_fees=True
  zero m8LNPhnswP usd=0.0 rent=297428640 coin match_dep_fees=True pc match_dep_fees=True
  zero 7u8d6swAT9 usd=0.0 rent=297428640 coin match_dep_fees=True pc match_dep_fees=True
  zero 8NwvYC9AdU usd=0.0 rent=297985440 coin match_dep_fees=True pc match_dep_fees=True
  zero 7nHQKwRc1w usd=0.0 rent=297428640 coin match_dep_fees=True pc match_dep_fees=True
  zero 8A9xe4NxZV usd=0.0 rent=1415650080 coin match_dep_fees=True pc match_dep_fees=True
  zero 8KeXv5Hv9V usd=0.0 rent=297428640 coin match_dep_fees=True pc match_dep_fees=True
  zero 7rfcUhc5uj usd=0.0 rent=2782649760 coin match_dep_fees=True pc match_dep_fees=True
  zero 8Fymqc9rrk usd=0.0 rent=2782649760 coin match_dep_fees=True pc match_dep_fees=True
  zero jepA34Jc3E usd=0.0 rent=2783986080 coin match_dep_fees=True pc match_dep_fees=True
  zero 5R65N9yaAo usd=0.0 rent=295201440 coin match_dep_fees=True pc match_dep_fees=True
  zero 8JLzuBDf8T usd=0.0 rent=297428640 coin match_dep_fees=True pc match_dep_fees=True
  zero 7kn19Z92ww usd=0.0 rent=297985440 coin match_dep_fees=True pc match_dep_fees=True
  zero kmJuokGX5Y usd=0.0 rent=295201440 coin match_dep_fees=True pc match_dep_fees=True
  zero 8PMnbYWinV usd=0.0 rent=2783986080 coin match_dep_fees=True pc match_dep_fees=True
{
 "n": 65,
 "min": 292974240,
 "median": 2783986080,
 "mean": 1931319007.7230768,
 "max": 7401389141,
 "theoretical_full_market_rent": 297430560
}
{
 "top_checked": 45,
 "top_vault_match_dep": 14,
 "top_vault_match_dep_fees": 14,
 "top_vault_match_dep_fees_reb": 14,
 "closed_vaults_in_sample": 0,
 "owner_is_signer_all": true,
 "usd_estimates": {
  "xLUHbyZwW6": 3775.85,
  "7wGBGxvNNU": 3470.15,
  "8rUvvjhtyj": 997.85,
  "ByHRAM6pcf": 799.99,
  "3ux9u7Nxyi": 630.58,
  "7aKqVcg1Sh": 555.75,
  "9fD2u4PbBo": 412.0,
  "2o9eUVyfbA": 411.07,
  "37RmmpLFoe": 321.93,
  "7UfkeQ4N7w": 287.31
 }
}
written /home/heisenberg/CA/serum/analysis/subaccount_sample.json in 22.2s
