skip (exists ok): gt_fwWHYPE_pools_p1.json
skip (exists ok): gt_fwWHYPE_pools_p2.json
skip (exists ok): gt_fwWHYPE_info.json
skip (exists ok): gt_fwUETH_pools_p1.json
skip (exists ok): gt_fwUETH_pools_p2.json
ok: gt_fwUETH_info.json 858 bytes
ok: gt_fwUSDC_pools_p1.json 2778 bytes
ok: gt_fwUSDC_pools_p2.json 11 bytes
ok: gt_fwUSDC_info.json 846 bytes
err gt_fwUSDT0_pools_p1.json HTTP Error 429: Too Many Requests
err gt_fwUSDT0_pools_p1.json HTTP Error 429: Too Many Requests
ok: gt_fwUSDT0_pools_p1.json 4115 bytes
skip (exists ok): gt_fwUSDT0_pools_p2.json
ok: gt_fwUSDT0_info.json 837 bytes
err gt_fwUSDH_pools_p1.json HTTP Error 429: Too Many Requests
ok: gt_fwUSDH_pools_p1.json 2771 bytes
ok: gt_fwUSDH_pools_p2.json 11 bytes
skip (exists ok): gt_fwUSDH_info.json
ok: gt_pool_p1_fwUETH_fwWHYPE.json 1462 bytes
err gt_pool_p2_fwUSDH_fwUSDC.json HTTP Error 429: Too Many Requests
ok: gt_pool_p2_fwUSDH_fwUSDC.json 1461 bytes
skip (exists ok): gt_pool_p3_fwUSDH_fwUSDT0.json
ok: gt_pool_p4_fwUSDT0_fwUSDC.json 1444 bytes
skip (exists ok): gt_pool_p5_fwUSDT0_fwWHYPE.json
ok: gt_search_fwWHYPE.json 2710 bytes
ok: gt_search_fwUETH.json 1371 bytes
skip (exists ok): gt_search_fwUSDC.json
ok: gt_search_fwUSDT0.json 2683 bytes
skip (exists ok): gt_search_fwUSDH.json
ok: gt_search_name_fw.json 11 bytes
err gt_hyperevm_dexes.json HTTP Error 429: Too Many Requests
ok: gt_hyperevm_dexes.json 2534 bytes
DONE
