pinned block 27702107
factory 0x1715a3E4A142d8b698131108995174F37aEBA10D: allPairsLength=65403
[allPairs] 0/65403 (1s)
[allPairs] 32000/65403 (15s)
[allPairs] 64000/65403 (28s)
  got 65403 pair addresses
factory 0x29eA7545DEf87022BAdc76323F373EA1e707C523: allPairsLength=189582
[allPairs] 0/189582 (1s)
[allPairs] 32000/189582 (14s)
[allPairs] 64000/189582 (28s)
[allPairs] 96000/189582 (41s)
[allPairs] 128000/189582 (54s)
[allPairs] 160000/189582 (68s)
  got 189582 pair addresses
pass2 subcalls: 764955
[reserves] 0/764955 (1s)
[reserves] 32000/764955 (19s)
[reserves] 64000/764955 (38s)
[reserves] 96000/764955 (59s)
[reserves] 128000/764955 (77s)
[reserves] 160000/764955 (95s)
[reserves] 192000/764955 (112s)
[reserves] 224000/764955 (128s)
[reserves] 256000/764955 (145s)
[reserves] 288000/764955 (160s)
[reserves] 320000/764955 (175s)
[reserves] 352000/764955 (190s)
[reserves] 384000/764955 (204s)
[reserves] 416000/764955 (218s)
[reserves] 448000/764955 (232s)
[reserves] 480000/764955 (245s)
[reserves] 512000/764955 (259s)
[reserves] 544000/764955 (273s)
[reserves] 576000/764955 (287s)
[reserves] 608000/764955 (301s)
[reserves] 640000/764955 (314s)
[reserves] 672000/764955 (328s)
[reserves] 704000/764955 (342s)
[reserves] 736000/764955 (355s)
resolved pairs: 254985
pass3 subcalls: 764955
[balances] 0/764955 (1s)
[balances] 32000/764955 (23s)
[balances] 64000/764955 (46s)
[balances] 96000/764955 (64s)
[balances] 128000/764955 (82s)
[balances] 160000/764955 (101s)
[balances] 192000/764955 (119s)
[balances] 224000/764955 (137s)
[balances] 256000/764955 (154s)
[balances] 288000/764955 (173s)
[balances] 320000/764955 (191s)
[balances] 352000/764955 (207s)
[balances] 384000/764955 (223s)
[balances] 416000/764955 (240s)
[balances] 448000/764955 (256s)
[balances] 480000/764955 (272s)
[balances] 512000/764955 (288s)
[balances] 544000/764955 (304s)
[balances] 576000/764955 (318s)
[balances] 608000/764955 (335s)
[balances] 640000/764955 (351s)
[balances] 672000/764955 (366s)
[balances] 704000/764955 (381s)
[balances] 736000/764955 (395s)
STATS {"pairs_total": 254985, "pairs_with_excess": 10342, "pairs_skim_able": 10341, "pairs_with_deficit": 32, "feeTo_lp_pairs": 148994}
top excess (raw units):
  0xca5b463c62cb2790370e0b283240a3d9b7d3bcbc v2 ex0= 19418582844525453523205303163215 ex1= 0
  0xd72a832bbbb9bedf0ae8de339e0a31d1a0a71010 v2 ex0= 1787370917817256093190827777 ex1= 0
  0xb6a0d4aab33c9c084038886dd82c3a9bf3f1a201 v2 ex0= 0 ex1= 1205574315832612145737254597
  0xc81415a2c3e62f28ed5df2695c90aaf2d1f3c8fc v2 ex0= 0 ex1= 862786936170254888304014820
  0x326c35364a15eb95dcd9c267d5a98767488f32ef v2 ex0= 766794226313947690588964904 ex1= 0
  0x65fe418b4e817f4272d5ae8fba403386f2c9f63e v2 ex0= 0 ex1= 336013303161849771801136663
  0x8a10801044bf69be1c08dd57bf16d8c27684371e v2 ex0= 0 ex1= 275412303758423938285446998
  0xc5eeb10b43285109cc5db1f16485ffacaab3f2e6 v2 ex0= 0 ex1= 222228482554996445663336101
  0x7995f39374b9f3292d0e7e9c1ace62ca6b9f0477 v2 ex0= 0 ex1= 200072155129511518488855014
  0x1d282b65447c95b6f3b97ad2f7ef4422e0e2a45f v2 ex0= 25724144893544817526423137 ex1= 166080160953113692429616914
  0x333a5d95fdffa25bb742ae6e017760ef9fc80ece v2 ex0= 0 ex1= 158683484742274703484384152
  0xc2a52f97d9e40f39680473820a89f4d6087af14c v2 ex0= 0 ex1= 99308090806156791026841359
  0xd2e61125897e64ad6769571463d6e2614dfe467c v2 ex0= 89542282437957815607462903 ex1= 0
  0x30cde06b63f2d1041dbc660838ffc71bfa41478d v2 ex0= 0 ex1= 68001248008467431280790495
  0xac6892ae9d3330cd6225cfbb2ef3a026df7eddeb v2 ex0= 62015139005209415265655851 ex1= 0
  0xcce6c82c038ab1acec15b80045ee1e0bb18effca v2 ex0= 50233880398039494450478730 ex1= 0
  0x23a5741bc72587d915be4cb41cb6b7b0f617e7f3 v1 ex0= 0 ex1= 43385178026943479487530699
  0xea1fc28f5ff7c02b219e71ad397e5d03edae68b7 v2 ex0= 0 ex1= 42604937733666006421572053
  0x57d5aec16314b0ff1336d84c7fa82b2a50db41ed v2 ex0= 0 ex1= 41556193749180182943824454
  0x8600acf68c00cc00fd060678e3e4d710ddb8295c v2 ex0= 0 ex1= 39390916298918379685942581
top deficit (raw units):
  0xe9c85561ef8dd731c03543e5b64cd46d8e99a692 v2 ex0= 0 ex1= -100000000000000000000000000000
  0x9a55f87cc2583532b4e6f51198cd9f302ce06c1d v2 ex0= -26277313727992615078216947940 ex1= 0
  0xca5fb5cbf2d827ba8255e49877e742f9f94f1f4b v2 ex0= 0 ex1= -8930442989458328314854426314
  0x037d445fa65d2d6be9d3ad090d038c983e506953 v2 ex0= 0 ex1= -2000000001000000000000000000
  0x4291997c4e5ba1337509b0118d931e55c67d31fd v2 ex0= -8173636890729528320019231 ex1= 0
  0xe58cc9f76f817f0f0816ee0a38b43f3f85be8b9c v2 ex0= -5601755576220872979281419 ex1= 0
  0xa1da9495b2ac5c061dec4821dce60ac2f96c7372 v2 ex0= 0 ex1= -592871702621473708648596
  0x1b1d0e627855e92761cacd324925cc78da75b335 v2 ex0= -34894793451522592528772 ex1= 0
  0x7df4163939b76d4d478fcb2b49f093311a6eb8d5 v1 ex0= -9964260369222073550774 ex1= 0
  0xdc887b2cd7f84a8d48764eaa888fe1d3593cc09b v2 ex0= -5505252272200802394558 ex1= 0
