[probe] megaeth          NO RPC
[probe] core             OK block=39232705
[probe] taiko            OK block=12182745
[probe] scroll           OK block=35261908
[probe] bitlayer         OK block=26243700
[probe] monad            OK block=110107271
[probe] sei              OK block=235464869
[probe] metis            OK block=23234475
[probe] plasma           OK block=34067267
[probe] kava             OK block=22850662
[probe] arbitrum         OK block=511221666
[probe] lac              NO RPC
[probe] sonic            OK block=80278135
[probe] jbc              OK block=8622985
[probe] base             OK block=52109565
[probe] worldchain       OK block=35836419
[probe] zircuit          OK block=35536131
[probe] zksync           OK block=72316206
[probe] moonriver        OK block=17381654
[probe] blast            OK block=41099331
[probe] findora          NO RPC
[probe] iotex            OK block=52989562
[probe] etc              NO RPC
[probe] ethereum         OK block=26109981
[probe] moonbeam         OK block=16796699
[probe] bsc              OK block=125435436
[probe] evmos            NO RPC
[probe] ronin            OK block=61769844
[probe] mode             OK block=45420447
[probe] zilliqa          OK block=37230712
[probe] fantom           OK block=123533476
[probe] kcc              OK block=56154268
[probe] linea            OK block=32217219
[probe] avax             OK block=96653635
[probe] shimmer          NO RPC
[probe] flare            OK block=71202530
[probe] rsk              OK block=9292400
[probe] meter            OK block=100768776
[probe] berachain        OK block=26996880
[probe] fuse             OK block=44392189
[probe] hemi             OK block=5428480
[probe] goat             OK block=15805968
[probe] heco             NO RPC
[probe] telos            NO RPC
[probe] elastos          NO RPC
[probe] opbnb            OK block=191566193
[probe] bob              OK block=39073246
[probe] zklink           OK block=8357157
[probe] neon             NO RPC
[probe] bsquared         OK block=38922346
[probe] polygon          OK block=94868893
[probe] harmony          OK block=93624315
[probe] bittorrent       OK block=73582914
[probe] aurora           OK block=218312471
[probe] rei              OK block=41667223
[probe] sty              NO RPC
[probe] unichain         OK block=60260123
[probe] nibiru           OK block=47216318
[probe] qie              OK block=10902240
[probe] optimism         OK block=157704852
[probe] apechain         OK block=50994722
[probe] mantle           OK block=101439085
[probe] oasis            OK block=22379984
[probe] okc              OK block=47553598
[probe] boba             OK block=40001819
[probe] xdc              OK block=107945471
[probe] conflux          OK block=158184720
[probe] wemix            OK block=124774732
[probe] morph            OK block=27732419
[probe] gnosis           OK block=48562783
[probe] kroma            NO RPC
[probe] cronos           OK block=97622201
[probe] soneium          OK block=28936865
[probe] klaytn           OK block=228806916
[probe] astar_zkevm      NO RPC
[probe] manta            OK block=9678452
[probe] robinhood        NO RPC
[probe] wan              OK block=46650006
[probe] polygon_zkevm    OK block=33391890
[probe] merlin           OK block=32123185
[probe] lisk             OK block=38139844
[probe] ink              OK block=57510073
[probe] canto            NO RPC
[scan] 1/83 chains done; megaeth markets=0
[scan] 2/83 chains done; lac markets=0
[scan] 3/83 chains done; zircuit markets=0
[scan] 4/83 chains done; taiko markets=4
[scan] 5/83 chains done; worldchain markets=7
[scan] 6/83 chains done; metis markets=10
[scan] 7/83 chains done; kava markets=9
[scan] 8/83 chains done; monad markets=16
[scan] 9/83 chains done; zilliqa markets=2
[scan] 10/83 chains done; etc markets=0
[scan] 11/83 chains done; plasma markets=8
[scan] 12/83 chains done; jbc markets=10
[scan] 13/83 chains done; scroll markets=20
[scan] 14/83 chains done; iotex markets=14
[scan] 15/83 chains done; evmos markets=0
[scan] 16/83 chains done; ronin markets=3
[scan] 17/83 chains done; findora markets=0
[scan] 18/83 chains done; bitlayer markets=20
[scan] 19/83 chains done; telos markets=0
[scan] 20/83 chains done; shimmer markets=0
[scan] 21/83 chains done; kcc markets=16
[scan] 22/83 chains done; core markets=32
[scan] 23/83 chains done; blast markets=31
[scan] 24/83 chains done; sonic markets=36
[scan] 25/83 chains done; linea markets=13
[scan] 26/83 chains done; base markets=89
[scan] 27/83 chains done; meter markets=7
[scan] 28/83 chains done; zksync markets=42
[scan] 29/83 chains done; qie markets=4
[scan] 30/83 chains done; flare markets=19
[scan] 31/83 chains done; avax markets=45
[scan] 32/83 chains done; berachain markets=11
[scan] 33/83 chains done; rsk markets=16
[scan] 34/83 chains done; opbnb markets=10
[scan] 35/83 chains done; heco markets=0
[scan] 36/83 chains done; moonriver markets=49
[scan] 37/83 chains done; elastos markets=0
[scan] 38/83 chains done; bittorrent markets=5
[scan] 39/83 chains done; neon markets=0
[scan] 40/83 chains done; rei markets=6
[scan] 41/83 chains done; bsquared markets=16
[scan] 42/83 chains done; hemi markets=26
[scan] 43/83 chains done; nibiru markets=4
[scan] 44/83 chains done; oasis markets=3
[scan] 45/83 chains done; arbitrum markets=147
[scan] 46/83 chains done; goat markets=13
[scan] 47/83 chains done; canto markets=0
[scan] 48/83 chains done; fuse markets=8
[scan] 49/83 chains done; mode markets=31
[scan] 50/83 chains done; apechain markets=6
[scan] 51/83 chains done; sty markets=0
[scan] 52/83 chains done; unichain markets=11
[scan] 53/83 chains done; conflux markets=0
[scan] 54/83 chains done; soneium markets=9
[scan] 55/83 chains done; okc markets=16
[scan] 56/83 chains done; mantle markets=8
[scan] 57/83 chains done; gnosis markets=6
[scan] 58/83 chains done; harmony markets=14
[scan] 59/83 chains done; boba markets=3
[scan] 60/83 chains done; moonbeam markets=43
[scan] 61/83 chains done; morph markets=8
[scan] 62/83 chains done; zklink markets=20
[scan] 63/83 chains done; astar_zkevm markets=0
[scan] 64/83 chains done; kroma markets=0
[scan] 65/83 chains done; optimism markets=66
[scan] 66/83 chains done; merlin markets=6
[scan] 67/83 chains done; robinhood markets=0
[scan] 68/83 chains done; aurora markets=32
[scan] 69/83 chains done; cronos markets=33
[scan] 70/83 chains done; xdc markets=9
[scan] 71/83 chains done; ink markets=5
[scan] 72/83 chains done; bob markets=31
[scan] 73/83 chains done; wemix markets=12
[scan] 74/83 chains done; polygon_zkevm markets=8
[scan] 75/83 chains done; lisk markets=5
[scan] 76/83 chains done; wan markets=30
[scan] 77/83 chains done; manta markets=13
[scan] 78/83 chains done; polygon markets=133
[scan] 79/83 chains done; klaytn markets=14
[scan] 80/83 chains done; bsc markets=359
[scan] 81/83 chains done; fantom markets=71
[scan] 82/83 chains done; ethereum markets=327
[scan] 83/83 chains done; sei markets=24
{
 "generated": "2026-10-03T06:38:09Z",
 "targets": 263,
 "protocols": 104,
 "chains_scanned": 68,
 "chains_no_rpc": [
  "astar_zkevm",
  "canto",
  "elastos",
  "etc",
  "evmos",
  "findora",
  "heco",
  "kroma",
  "lac",
  "megaeth",
  "neon",
  "robinhood",
  "shimmer",
  "sty",
  "telos"
 ],
 "chain_blocks": {
  "core": 39232705,
  "taiko": 12182745,
  "scroll": 35261908,
  "bitlayer": 26243700,
  "monad": 110107271,
  "sei": 235464869,
  "metis": 23234475,
  "plasma": 34067267,
  "kava": 22850662,
  "arbitrum": 511221666,
  "sonic": 80278135,
  "jbc": 8622985,
  "base": 52109565,
  "worldchain": 35836419,
  "zircuit": 35536131,
  "zksync": 72316206,
  "moonriver": 17381654,
  "blast": 41099331,
  "iotex": 52989562,
  "ethereum": 26109981,
  "moonbeam": 16796699,
  "bsc": 125435436,
  "ronin": 61769844,
  "mode": 45420447,
  "zilliqa": 37230712,
  "fantom": 123533476,
  "kcc": 56154268,
  "linea": 32217219,
  "avax": 96653635,
  "flare": 71202530,
  "rsk": 9292400,
  "meter": 100768776,
  "berachain": 26996880,
  "fuse": 44392189,
  "hemi": 5428480,
  "goat": 15805968,
  "opbnb": 191566193,
  "bob": 39073246,
  "zklink": 8357157,
  "bsquared": 38922346,
  "polygon": 94868893,
  "harmony": 93624315,
  "bittorrent": 73582914,
  "aurora": 218312471,
  "rei": 41667223,
  "unichain": 60260123,
  "nibiru": 47216318,
  "qie": 10902240,
  "optimism": 157704852,
  "apechain": 50994722,
  "mantle": 101439085,
  "oasis": 22379984,
  "okc": 47553598,
  "boba": 40001819,
  "xdc": 107945471,
  "conflux": 158184720,
  "wemix": 124774732,
  "morph": 27732419,
  "gnosis": 48562783,
  "cronos": 97622201,
  "soneium": 28936865,
  "klaytn": 228806916,
  "manta": 9678452,
  "wan": 46650006,
  "polygon_zkevm": 33391890,
  "merlin": 32123185,
  "lisk": 38139844,
  "ink": 57510073
 },
 "status_counts": {
  "no_rpc": 19,
  "getAllMarkets_failed": 24,
  "ok": 219,
  "chain_budget_exceeded": 1
 },
 "markets_total": 2124,
 "empty_markets": 158,
 "tiny_markets": 235,
 "empty_borrow_attack_markets": 14,
 "direct_drain_markets": 2,
 "exposure": [
  {
   "protocol": "sonne-finance",
   "chain": "optimism",
   "comptroller": "0x60CF091cD3f50420d50fD7f707414d0DF4751C58",
   "status": "ok",
   "borrowableCashUSD": 0.0,
   "flagged": [
    {
     "market": "0xe3b81318b1b6776f0877c3770afddff97b9f5fe5",
     "symbol": "soVELO",
     "hasCode": true,
     "totalSupply": 13,
     "cash": 1444464591724702125506,
     "cashUSD": 50.56,
     "cf": 0.35,
     "listed": true,
     "mintPaused": true,
     "borrowPaused": true,
     "empty": false,
     "tiny": true,
     "directDrain": true,
     "emptyBorrowAttack": false,
     "freePullUSD": 3.888943,
     "callsToDrain99": 59,
     "note": null
    }
   ],
   "mode": "+direct_drain",
   "directDrainUSD": 50.56,
   "potentialUSD": 50.56
  },
  {
   "protocol": "midas-capital",
   "chain": "polygon",
   "comptroller": "0xF1ABd146B4620D2AE67F34EA39532367F73bbbd2",
   "status": "ok",
   "borrowableCashUSD": 5.86,
   "flagged": [
    {
     "market": "0xf7d6f9d01f3e4e51f5abad15f95981a58335d4af",
     "symbol": "fFRAX-3",
     "hasCode": null,
     "totalSupply": 0,
     "cash": 0,
     "cashUSD": null,
     "cf": 0.75,
     "listed": true,
     "mintPaused": true,
     "borrowPaused": true,
     "empty": true,
     "tiny": true,
     "directDrain": false,
     "emptyBorrowAttack": false,
     "freePullUSD": null,
     "callsToDrain99": null,
     "note": null
    },
    {
     "market": "0x34f55352c6e15e3c63beadedc2a919a4985228b7",
     "symbol": "fMIMO-3",
     "hasCode": true,
     "totalSupply": 0,
     "cash": 0,
     "cashUSD": 0.0,
     "cf": 0.25,
     "listed": true,
     "mintPaused": false,
     "borrowPaused": true,
     "empty": true,
     "tiny": true,
     "directDrain": false,
     "emptyBorrowAttack": true,
     "freePullUSD": null,
     "callsToDrain99": null,
     "note": null
    }
   ],
   "mode": "empty_market_borrow",
   "directDrainUSD": 0,
   "potentialUSD": 5.86
  },
  {
   "protocol": "midas-capital",
   "chain": "moonbeam",
   "comptroller": "0x0fAbd597BDecb0EEE1fDFc9B8458Fe1ed0E35028",
   "status": "ok",
   "borrowableCashUSD": 0.38,
   "flagged": [
    {
     "market": "0xd70f81b4017ca0a957182d8bd7a65f164b1fdf1b",
     "symbol": "fmultiUSDC-0",
     "hasCode": null,
     "totalSupply": 0,
     "cash": 0,
     "cashUSD": null,
     "cf": 0.6,
     "listed": true,
     "mintPaused": false,
     "borrowPaused": false,
     "empty": true,
     "tiny": true,
     "directDrain": false,
     "emptyBorrowAttack": false,
     "freePullUSD": null,
     "callsToDrain99": null,
     "note": "oracle_price_unreadable_or_zero"
    },
    {
     "market": "0xa90b7579341369fc223001e91df6e8f56079d183",
     "symbol": "fGLINT-0",
     "hasCode": true,
     "totalSupply": 0,
     "cash": 0,
     "cashUSD": 0.0,
     "cf": 0.5,
     "listed": true,
     "mintPaused": false,
     "borrowPaused": true,
     "empty": true,
     "tiny": true,
     "directDrain": false,
     "emptyBorrowAttack": true,
     "freePullUSD": null,
     "callsToDrain99": null,
     "note": null
    }
   ],
   "mode": "empty_market_borrow",
   "directDrainUSD": 0,
   "potentialUSD": 0.38
  },
  {
   "protocol": "bencu",
   "chain": "metis",
   "comptroller": "0xC5986Df018D1ff8ecA79fd3f266428616617cDF3",
   "status": "ok",
   "borrowableCashUSD": 0.01,
   "flagged": [
    {
     "market": "0x718f2e019f8166d81523d959f720ad4a6e379209",
     "symbol": "bMetis",
     "hasCode": null,
     "totalSupply": 0,
     "cash": 0,
     "cashUSD": null,
     "cf": 0.0,
     "listed": true,
     "mintPaused": true,
     "borrowPaused": false,
     "empty": true,
     "tiny": true,
     "directDrain": false,
     "emptyBorrowAttack": false,
     "freePullUSD": null,
     "callsToDrain99": null,
     "note": null
    }
   ],
   "mode": "near_empty_only",
   "directDrainUSD": 0,
   "potentialUSD": 0
  },
  {
   "protocol": "sumer",
   "chain": "monad",
   "comptroller": "0x2d9b96648C784906253c7FA94817437EF59Cf226",
  
