base 0x74aa0c998F83e6C164C6D2444b1C3cbc233EF2BC DiamondCutFacet verified=True files=87
base 0x61139ecEa179682C494ed9e0b10d7E967440FEe6 AccountFacet verified=True files=40
base 0x0774aC76179eB5bFac5DD76801a495Bc0Db33233 PartyBAccountFacet verified=True files=34
base 0xD6d97b701b07df7f1567a6834D9a6A139a127b4a PauseControlFacet verified=True files=15
base 0x9A71fd5D452c72B07d317477Ce965671d50dE272 SymbolControlFacet verified=True files=14
base 0x30b05c5FDa94c45d4EB2b61854a6cBDAdf62c117 ControlFacet verified=True files=26
base 0x61c1726B5517e3449ffeb6F50273F0F1aB3181f1 ForceActionsFacet verified=True files=50
base 0xc83377cF995907121D7F52c44485cdA151dd0F0b DiamondLoupeFacet verified=True files=5
base 0xA10A8E3dCB69788564362f77b4fa2deB8DF29239 PartyALiquidationFacet verified=True files=44
base 0xd84D3af12A1aE5e86505ecCe61Cbd527B4D9E4bD PartyBLiquidationFacet verified=True files=43
base 0x617f9f1750d0b1eeAF473B99E7D5bA98869f4D33 PartyAFacet verified=True files=45
base 0x775Fa3b63154f7c4a9030C15B132C7a4d127C77b SettlementFacet verified=True files=38
base 0x68D482AE815B262C2fBC7227c438a4Ca9cB91DF4 UNVERIFIED verified=False files=0
base 0x3ef4037849a7C4151D90430c399A67A18290088b PartyBQuoteActionsFacet verified=True files=45
base 0x319B5379c45658EFCD2eBB3EFf43A1dA3497df09 PartyBEmergencyActionsFacet verified=True files=45
base 0x7538bA7dC3e8698Ee10d73C0Bd8AE88a2eA1CF19 ViewFacet verified=True files=39
base 0x50A6f5268Be4BeADdd770951EAc1DBDabbAE235c ViewFacetQuote verified=True files=20
base 0x626f770e7341a69b12455e1966a3f6Db07f0f2B2 ViewFacetSymbol verified=True files=11
base 0xe31eCaBb603C658f28cB9C0c3Eff645aC6648ab5 FundingRateFacet verified=True files=37
base 0x83A854c0661C0E13F581436Cb8921C7c4A17620f BridgeFacet verified=True files=33
base 0x4D9bc750Da579770b5caDdE4fa25398bDAD85540 ExternalTransferFacet verified=True files=35
base 0x34f95010CcDa517e407999C5D2Fc156a4cC3c171 BindingFacet verified=True files=17
base 0xEC4f0532A37EC385ffEBe542C0cD8cD041283Ad5 PledgeFacet verified=True files=21
base 0x84dA2dA28eF37e07A2683Ed5850ab88C220dE020 MigrationFacet verified=True files=29
base 0x356eA4E3A4E7eFbb077ac6AB14bD8D5Dd3713092 ViewFacetAggregate verified=True files=7
base 0x9DE224F678Bfa05366b4ab3fF358789b734b3DD2 ForceCloseStepsFacet verified=True files=51
base 0x77aa4c9aBAfE2f3b58eF4FD16EB4c8121acc3B52 ClearingHouseFacet verified=True files=34
base 0xEE572C02099A0BE4E194C5590604958423599B0B UNVERIFIED verified=False files=0
base 0x37c64DB434cE941C14145D867c1396223E96c4C9 WithdrawFacet verified=True files=26
DONE base 29
