arb 0xF39352ec34A007B2726e2c4610A13F7aEA86684E DiamondCutFacet verified=True files=87
arb 0x4Bf068778f51C1c470D6d228ef4003d36e0e326B AccountFacet verified=True files=40
arb 0x4aD00Ade12949e7E791fb256645Faa95D0B743D0 PartyBAccountFacet verified=True files=34
arb 0x101Dc298A91D463eB5F772f4D78B0A156E9C1627 PauseControlFacet verified=True files=15
arb 0x293DD013FAb4c340c14366234Fb0D2606924fBed SymbolControlFacet verified=True files=14
arb 0xcF53496BB00D13C05E25446a40457e10fA3647c9 ControlFacet verified=True files=26
arb 0xb5C6e47Efa0715E10767A7D8E0a46D3ED6777b39 ForceActionsFacet verified=True files=50
arb 0x812e98F31A4EfFC09dD82e6e87ff7456151a0dFB DiamondLoupeFacet verified=True files=5
arb 0x941655533F19fF686E05ffd842a3E11f94E72983 PartyALiquidationFacet verified=True files=44
arb 0x2a63626CD2162446a403EAA61A45d0810b0FD649 PartyBLiquidationFacet verified=True files=43
arb 0x08124f008F38f41e69e9664abaF51953AdCF7Ab4 PartyAFacet verified=True files=45
arb 0x3A81e001Fc4fc73146EB36D4c327CC6176F94137 SettlementFacet verified=True files=38
arb 0x42b5612870671795Eff958eB761A9BEf1684664D UNVERIFIED verified=False files=0
arb 0x1a58B46A7857AC0F3f2421FCEB8c1bcACaa905B0 PartyBQuoteActionsFacet verified=True files=45
arb 0xfa91dB12200F784b6e6382F99f7187Ce8ecd4035 PartyBEmergencyActionsFacet verified=True files=45
arb 0x80707FDF1B3A5e0DD5Da295E428736bB1f728486 ViewFacet verified=True files=39
arb 0x87f0c18972e9B2a08290407516A88B92472cb9AA ViewFacetQuote verified=True files=20
arb 0x7404AcB6eB0097bd0111c37bd18AB4828A04BAD9 ViewFacetSymbol verified=True files=11
arb 0xDe09455699e82f3997c7f41986Ee81638F5116a0 FundingRateFacet verified=True files=37
arb 0x4fac9812cB2B95d8cF616f7cB471cEee97265734 BridgeFacet verified=True files=33
arb 0x74415ec35d1279f56beEed99bD46292D9a471935 ExternalTransferFacet verified=True files=35
arb 0xbf40BECa9Fb74FB67dF4a5C9C99eBAD35e616fFd BindingFacet verified=True files=17
arb 0xa8383d0C180f4FeA7590571848A58b717e57c4F9 PledgeFacet verified=True files=21
arb 0x50c53C109572B77577d76aFf11601c3Ee47242A2 MigrationFacet verified=True files=29
arb 0x7ee1c2788107A27E7795137892d6C6cf06144897 ViewFacetAggregate verified=True files=7
arb 0xa805FE5baA301D4e72C789694F3967452c77D6fD ForceCloseStepsFacet verified=True files=51
arb 0xf62a670cda28FfAE65eE2a42D6cf6CF05EC5E775 ClearingHouseFacet verified=True files=34
arb 0x932f55Ad809feD0Ff417fDFEe7121480bD15f5C7 UNVERIFIED verified=False files=0
arb 0x43B61088E7f1de1b83edCb55B377752f1DFDe346 WithdrawFacet verified=True files=26
DONE arb 29
