mantle 0x464873026877c9D947E2778a1B4cB4A3CbC688F0 DiamondCutFacet verified=True files=5
mantle 0x695284f22929BDcC0644b4F1E5507101420adBeA AccountFacet verified=True files=40
mantle 0xDbc5EbFb4E7cF72C15A4E35780d789b04eA52978 PartyBAccountFacet verified=True files=34
mantle 0x99641E06d38F327166b3a48f86Ca2cbB3B4fB7EB PauseControlFacet verified=True files=15
mantle 0x1d821059D7EF2B12244866BB29d840B75DE27cFF SymbolControlFacet verified=True files=14
mantle 0x6aA554A167864027A02051D3F5C553244439B7Fd ControlFacet verified=True files=26
mantle 0xb4627e881A476fa6036C14B6b9Fd26FdAC3F286D ForceActionsFacet verified=True files=50
mantle 0x07A274cb35c67b941E5d1D254b30E50518347DC3 DiamondLoupeFacet verified=True files=5
mantle 0x626E834b1297b7481E42a0DF2b05ff6F812Bc7E4 PartyALiquidationFacet verified=True files=44
mantle 0x1E909012D7e4B07f310449964F02801DFd70117f PartyBLiquidationFacet verified=True files=43
mantle 0xa8b175204Db46Fb3cF5db4530724e28DF00b7CF3 PartyAFacet verified=True files=45
mantle 0xFC324022f2880087bd4a6D8f13e796Ea2AAF3750 SettlementFacet verified=True files=38
mantle 0xb970936fAA0d919DA11A9d0020875F3450b4b7FE UNVERIFIED verified=False files=0
mantle 0xc749da7b75F06f1f2b2fcAE0dE7a5A3bbc501F3E PartyBQuoteActionsFacet verified=True files=45
mantle 0x152ca4A0F9246387B184a60065DdA488e4Bd2E7b PartyBEmergencyActionsFacet verified=True files=45
mantle 0x9eF1866E5B275D2f7c4e9780d7b6f719927329CB ViewFacet verified=True files=39
mantle 0xcb2c1b28b13f074A57bC8E628Bd0d9F054C2C5C9 ViewFacetQuote verified=True files=20
mantle 0x53Ec53afbD56dD6538a4dAcdD3c47B718E699556 ViewFacetSymbol verified=True files=11
mantle 0xCB3F2E1f218A94dff5a9fEb3209d09CC9748Eb82 FundingRateFacet verified=True files=37
mantle 0x68e321BBdc62d69346fAa093Be837912198635a1 BridgeFacet verified=True files=33
mantle 0x8E08e2A9Eb40Bd47AEEe5b8B35F2F2ca314fE7C6 ExternalTransferFacet verified=True files=35
mantle 0xfE03689496ff33fF2a2c45E0C1A1817E4466c055 BindingFacet verified=True files=17
mantle 0x91312F334a5988aEa2ddA3B9fc26Fc24Ec3A11AF PledgeFacet verified=True files=21
mantle 0x5D8057A2ae47895A7Ab39A06cBD2F24438298355 MigrationFacet verified=True files=29
mantle 0x9bc1396224Cc602D6B0C92a64C4607cBd261984F ViewFacetAggregate verified=True files=7
mantle 0x63b844A36eB1060C4a11191EE3e94Bd717f652ac ForceCloseStepsFacet verified=True files=51
mantle 0x45CC5665d3E4eC960D0cb74535a478dbDE1F5159 ClearingHouseFacet verified=True files=34
mantle 0x65f1D2482B54F9c1b87391CEfc489665D01Ef96e UNVERIFIED verified=False files=0
mantle 0xeF30891f4869d96D306397E88Ee3974eDC124073 WithdrawFacet verified=True files=26
DONE mantle 29
