[evidence] chihuahua_latest_block.json: json
[evidence] staking_pool.json: json
[evidence] supply_uhuahua.json: json
[evidence] community_pool.json: json
[evidence] distribution_balances.json: json
[evidence] validators_bonded.json: json
[evidence] distribution_params.json: json
[evidence] liquidity_pools.json: json
[evidence] proposals_recent.json: json
[evidence] prop_103_votes.json: json
[evidence] vote_txs.json: json
[evidence] node_info.json: json
[evidence] gov_params_abci.json: ok height 25614415
[evidence] osmosis_all_pools.json: json
[evidence] osmosis_huahua_denom_trace.json: json
[evidence] osmosis_channel_113_client.json: json
[evidence] liquidity_reserves.json: ok 6
[evidence] prices_defillama.json: json
[evidence] prices_coingecko_huahua.json: json
[evidence] done -> ci-out/raw
